MemTotal:        5980404 kB
MemFree:         1179684 kB
MemAvailable:    2849324 kB
Buffers:            5904 kB
Cached:          1694520 kB
SwapCached:            0 kB
Active:          1316568 kB
Inactive:        1467016 kB
Active(anon):    1089768 kB
Inactive(anon):    19444 kB
Active(file):     226800 kB
Inactive(file):  1447572 kB
Unevictable:        5636 kB
Mlocked:            5636 kB
SwapTotal:       3670008 kB
SwapFree:        3670008 kB
Dirty:               252 kB
Writeback:             0 kB
AnonPages:       1088204 kB
Mapped:           776248 kB
Shmem:             21452 kB
KReclaimable:     557700 kB
Slab:             222320 kB
SReclaimable:      69828 kB
SUnreclaim:       152492 kB
KernelStack:       43264 kB
PageTables:        56000 kB
NFS_Unstable:          0 kB
Bounce:                0 kB
WritebackTmp:          0 kB
CommitLimit:     6660208 kB
Committed_AS:   61480424 kB
VmallocTotal:   263061440 kB
VmallocUsed:       83652 kB
VmallocChunk:          0 kB
Percpu:             7552 kB
CmaTotal:         315392 kB
CmaFree:             384 kB
MemTotal:        5980404 kB
MemFree:         1177464 kB
MemAvailable:    2847096 kB
Buffers:            5904 kB
Cached:          1694552 kB
SwapCached:            0 kB
Active:          1318964 kB
Inactive:        1467052 kB
Active(anon):    1092168 kB
Inactive(anon):    19484 kB
Active(file):     226796 kB
Inactive(file):  1447568 kB
Unevictable:        5636 kB
Mlocked:            5636 kB
SwapTotal:       3670008 kB
SwapFree:        3670008 kB
Dirty:               388 kB
Writeback:             0 kB
AnonPages:       1090996 kB
Mapped:           776156 kB
Shmem:             21492 kB
KReclaimable:     557700 kB
Slab:             222320 kB
SReclaimable:      69828 kB
SUnreclaim:       152492 kB
KernelStack:       43424 kB
PageTables:        55924 kB
NFS_Unstable:          0 kB
Bounce:                0 kB
WritebackTmp:          0 kB
CommitLimit:     6660208 kB
Committed_AS:   61476552 kB
VmallocTotal:   263061440 kB
VmallocUsed:       83828 kB
VmallocChunk:          0 kB
Percpu:             7552 kB
CmaTotal:         315392 kB
CmaFree:               0 kB
MemTotal:        5980404 kB
MemFree:         1177416 kB
MemAvailable:    2847072 kB
Buffers:            5908 kB
Cached:          1694572 kB
SwapCached:            0 kB
Active:          1319280 kB
Inactive:        1467068 kB
Active(anon):    1092476 kB
Inactive(anon):    19484 kB
Active(file):     226804 kB
Inactive(file):  1447584 kB
Unevictable:        5636 kB
Mlocked:            5636 kB
SwapTotal:       3670008 kB
SwapFree:        3670008 kB
Dirty:               580 kB
Writeback:             0 kB
AnonPages:       1091140 kB
Mapped:           776348 kB
Shmem:             21492 kB
KReclaimable:     557700 kB
Slab:             222320 kB
SReclaimable:      69828 kB
SUnreclaim:       152492 kB
KernelStack:       43424 kB
PageTables:        55908 kB
NFS_Unstable:          0 kB
Bounce:                0 kB
WritebackTmp:          0 kB
CommitLimit:     6660208 kB
Committed_AS:   61476104 kB
VmallocTotal:   263061440 kB
VmallocUsed:       83732 kB
VmallocChunk:          0 kB
Percpu:             7552 kB
CmaTotal:         315392 kB
CmaFree:               0 kB
MemTotal:        5980404 kB
MemFree:         1177292 kB
MemAvailable:    2846964 kB
Buffers:            5908 kB
Cached:          1694588 kB
SwapCached:            0 kB
Active:          1319628 kB
Inactive:        1467080 kB
Active(anon):    1092820 kB
Inactive(anon):    19484 kB
Active(file):     226808 kB
Inactive(file):  1447596 kB
Unevictable:        5636 kB
Mlocked:            5636 kB
SwapTotal:       3670008 kB
SwapFree:        3670008 kB
Dirty:               212 kB
Writeback:             0 kB
AnonPages:       1091780 kB
Mapped:           776344 kB
Shmem:             21492 kB
KReclaimable:     557700 kB
Slab:             222364 kB
SReclaimable:      69828 kB
SUnreclaim:       152536 kB
KernelStack:       43440 kB
PageTables:        56032 kB
NFS_Unstable:          0 kB
Bounce:                0 kB
WritebackTmp:          0 kB
CommitLimit:     6660208 kB
Committed_AS:   61475764 kB
VmallocTotal:   263061440 kB
VmallocUsed:       83732 kB
VmallocChunk:          0 kB
Percpu:             7552 kB
CmaTotal:         315392 kB
CmaFree:               0 kB
MemTotal:        5980404 kB
MemFree:         1176040 kB
MemAvailable:    2845696 kB
Buffers:            5908 kB
Cached:          1694592 kB
SwapCached:            0 kB
Active:          1319804 kB
Inactive:        1467088 kB
Active(anon):    1093000 kB
Inactive(anon):    19504 kB
Active(file):     226804 kB
Inactive(file):  1447584 kB
Unevictable:        5636 kB
Mlocked:            5636 kB
SwapTotal:       3670008 kB
SwapFree:        3670008 kB
Dirty:               280 kB
Writeback:             0 kB
AnonPages:       1092300 kB
Mapped:           776200 kB
Shmem:             21512 kB
KReclaimable:     557700 kB
Slab:             222356 kB
SReclaimable:      69828 kB
SUnreclaim:       152528 kB
KernelStack:       43408 kB
PageTables:        55924 kB
NFS_Unstable:          0 kB
Bounce:                0 kB
WritebackTmp:          0 kB
CommitLimit:     6660208 kB
Committed_AS:   61476900 kB
VmallocTotal:   263061440 kB
VmallocUsed:       83780 kB
VmallocChunk:          0 kB
Percpu:             7552 kB
CmaTotal:         315392 kB
CmaFree:               0 kB
MemTotal:        5980404 kB
MemFree:         1175580 kB
MemAvailable:    2845244 kB
Buffers:            5908 kB
Cached:          1694608 kB
SwapCached:            0 kB
Active:          1320376 kB
Inactive:        1467100 kB
Active(anon):    1093568 kB
Inactive(anon):    19512 kB
Active(file):     226808 kB
Inactive(file):  1447588 kB
Unevictable:        5636 kB
Mlocked:            5636 kB
SwapTotal:       3670008 kB
SwapFree:        3670008 kB
Dirty:               392 kB
Writeback:             0 kB
AnonPages:       1092792 kB
Mapped:           776372 kB
Shmem:             21520 kB
KReclaimable:     557700 kB
Slab:             222364 kB
SReclaimable:      69828 kB
SUnreclaim:       152536 kB
KernelStack:       43344 kB
PageTables:        55900 kB
NFS_Unstable:          0 kB
Bounce:                0 kB
WritebackTmp:          0 kB
CommitLimit:     6660208 kB
Committed_AS:   61474848 kB
VmallocTotal:   263061440 kB
VmallocUsed:       83700 kB
VmallocChunk:          0 kB
Percpu:             7552 kB
CmaTotal:         315392 kB
CmaFree:               0 kB
MemTotal:        5980404 kB
MemFree:         1175576 kB
MemAvailable:    2845240 kB
Buffers:            5908 kB
Cached:          1694612 kB
SwapCached:            0 kB
Active:          1321240 kB
Inactive:        1467108 kB
Active(anon):    1094436 kB
Inactive(anon):    19516 kB
Active(file):     226804 kB
Inactive(file):  1447592 kB
Unevictable:        5636 kB
Mlocked:            5636 kB
SwapTotal:       3670008 kB
SwapFree:        3670008 kB
Dirty:               412 kB
Writeback:             0 kB
AnonPages:       1093320 kB
Mapped:           776376 kB
Shmem:             21524 kB
KReclaimable:     557700 kB
Slab:             222364 kB
SReclaimable:      69828 kB
SUnreclaim:       152536 kB
KernelStack:       43392 kB
PageTables:        55924 kB
NFS_Unstable:          0 kB
Bounce:                0 kB
WritebackTmp:          0 kB
CommitLimit:     6660208 kB
Committed_AS:   61476504 kB
VmallocTotal:   263061440 kB
VmallocUsed:       83716 kB
VmallocChunk:          0 kB
Percpu:             7552 kB
CmaTotal:         315392 kB
CmaFree:               0 kB
MemTotal:        5980404 kB
MemFree:         1174576 kB
MemAvailable:    2844252 kB
Buffers:            5908 kB
Cached:          1694628 kB
SwapCached:            0 kB
Active:          1321292 kB
Inactive:        1467124 kB
Active(anon):    1094488 kB
Inactive(anon):    19520 kB
Active(file):     226804 kB
Inactive(file):  1447604 kB
Unevictable:        5636 kB
Mlocked:            5636 kB
SwapTotal:       3670008 kB
SwapFree:        3670008 kB
Dirty:               320 kB
Writeback:             0 kB
AnonPages:       1093996 kB
Mapped:           776212 kB
Shmem:             21528 kB
KReclaimable:     557700 kB
Slab:             222368 kB
SReclaimable:      69828 kB
SUnreclaim:       152540 kB
KernelStack:       43312 kB
PageTables:        55944 kB
NFS_Unstable:          0 kB
Bounce:                0 kB
WritebackTmp:          0 kB
CommitLimit:     6660208 kB
Committed_AS:   61475688 kB
VmallocTotal:   263061440 kB
VmallocUsed:       83684 kB
VmallocChunk:          0 kB
Percpu:             7552 kB
CmaTotal:         315392 kB
CmaFree:               0 kB
MemTotal:        5980404 kB
MemFree:         1174152 kB
MemAvailable:    2843836 kB
Buffers:            5912 kB
Cached:          1694632 kB
SwapCached:            0 kB
Active:          1322552 kB
Inactive:        1467132 kB
Active(anon):    1095748 kB
Inactive(anon):    19520 kB
Active(file):     226804 kB
Inactive(file):  1447612 kB
Unevictable:        5636 kB
Mlocked:            5636 kB
SwapTotal:       3670008 kB
SwapFree:        3670008 kB
Dirty:               480 kB
Writeback:             0 kB
AnonPages:       1094580 kB
Mapped:           776188 kB
Shmem:             21528 kB
KReclaimable:     557700 kB
Slab:             222376 kB
SReclaimable:      69828 kB
SUnreclaim:       152548 kB
KernelStack:       43308 kB
PageTables:        55912 kB
NFS_Unstable:          0 kB
Bounce:                0 kB
WritebackTmp:          0 kB
CommitLimit:     6660208 kB
Committed_AS:   61476480 kB
VmallocTotal:   263061440 kB
VmallocUsed:       83668 kB
VmallocChunk:          0 kB
Percpu:             7552 kB
CmaTotal:         315392 kB
CmaFree:              12 kB
MemTotal:        5980404 kB
MemFree:         1173752 kB
MemAvailable:    2843444 kB
Buffers:            5912 kB
Cached:          1694644 kB
SwapCached:            0 kB
Active:          1322540 kB
Inactive:        1467140 kB
Active(anon):    1095732 kB
Inactive(anon):    19524 kB
Active(file):     226808 kB
Inactive(file):  1447616 kB
Unevictable:        5636 kB
Mlocked:            5636 kB
SwapTotal:       3670008 kB
SwapFree:        3670008 kB
Dirty:               896 kB
Writeback:             0 kB
AnonPages:       1094700 kB
Mapped:           776320 kB
Shmem:             21532 kB
KReclaimable:     557700 kB
Slab:             222368 kB
SReclaimable:      69828 kB
SUnreclaim:       152540 kB
KernelStack:       43356 kB
PageTables:        55996 kB
NFS_Unstable:          0 kB
Bounce:                0 kB
WritebackTmp:          0 kB
CommitLimit:     6660208 kB
Committed_AS:   61472468 kB
VmallocTotal:   263061440 kB
VmallocUsed:       83700 kB
VmallocChunk:          0 kB
Percpu:             7552 kB
CmaTotal:         315392 kB
CmaFree:              40 kB
MemTotal:        5980404 kB
MemFree:         1172920 kB
MemAvailable:    2842612 kB
Buffers:            5912 kB
Cached:          1694644 kB
SwapCached:            0 kB
Active:          1324248 kB
Inactive:        1467136 kB
Active(anon):    1097436 kB
Inactive(anon):    19524 kB
Active(file):     226812 kB
Inactive(file):  1447612 kB
Unevictable:        5636 kB
Mlocked:            5636 kB
SwapTotal:       3670008 kB
SwapFree:        3670008 kB
Dirty:               276 kB
Writeback:             0 kB
AnonPages:       1096276 kB
Mapped:           776228 kB
Shmem:             21532 kB
KReclaimable:     557700 kB
Slab:             222328 kB
SReclaimable:      69828 kB
SUnreclaim:       152500 kB
KernelStack:       43280 kB
PageTables:        55916 kB
NFS_Unstable:          0 kB
Bounce:                0 kB
WritebackTmp:          0 kB
CommitLimit:     6660208 kB
Committed_AS:   61474372 kB
VmallocTotal:   263061440 kB
VmallocUsed:       83684 kB
VmallocChunk:          0 kB
Percpu:             7552 kB
CmaTotal:         315392 kB
CmaFree:               0 kB
MemTotal:        5980404 kB
MemFree:         1171392 kB
MemAvailable:    2841084 kB
Buffers:            5912 kB
Cached:          1694652 kB
SwapCached:            0 kB
Active:          1324148 kB
Inactive:        1467144 kB
Active(anon):    1097336 kB
Inactive(anon):    19532 kB
Active(file):     226812 kB
Inactive(file):  1447612 kB
Unevictable:        5636 kB
Mlocked:            5636 kB
SwapTotal:       3670008 kB
SwapFree:        3670008 kB
Dirty:               796 kB
Writeback:             0 kB
AnonPages:       1096508 kB
Mapped:           776164 kB
Shmem:             21540 kB
KReclaimable:     557700 kB
Slab:             222328 kB
SReclaimable:      69828 kB
SUnreclaim:       152500 kB
KernelStack:       43328 kB
PageTables:        55892 kB
NFS_Unstable:          0 kB
Bounce:                0 kB
WritebackTmp:          0 kB
CommitLimit:     6660208 kB
Committed_AS:   61473868 kB
VmallocTotal:   263061440 kB
VmallocUsed:       83716 kB
VmallocChunk:          0 kB
Percpu:             7552 kB
CmaTotal:         315392 kB
CmaFree:               0 kB
MemTotal:        5980404 kB
MemFree:         1170204 kB
MemAvailable:    2839904 kB
Buffers:            5912 kB
Cached:          1694660 kB
SwapCached:            0 kB
Active:          1325740 kB
Inactive:        1467152 kB
Active(anon):    1098928 kB
Inactive(anon):    19532 kB
Active(file):     226812 kB
Inactive(file):  1447620 kB
Unevictable:        5636 kB
Mlocked:            5636 kB
SwapTotal:       3670008 kB
SwapFree:        3670008 kB
Dirty:               280 kB
Writeback:             0 kB
AnonPages:       1098176 kB
Mapped:           776392 kB
Shmem:             21540 kB
KReclaimable:     557700 kB
Slab:             222348 kB
SReclaimable:      69828 kB
SUnreclaim:       152520 kB
KernelStack:       43328 kB
PageTables:        56028 kB
NFS_Unstable:          0 kB
Bounce:                0 kB
WritebackTmp:          0 kB
CommitLimit:     6660208 kB
Committed_AS:   61473368 kB
VmallocTotal:   263061440 kB
VmallocUsed:       83684 kB
VmallocChunk:          0 kB
Percpu:             7552 kB
CmaTotal:         315392 kB
CmaFree:               0 kB
MemTotal:        5980404 kB
MemFree:         1170624 kB
MemAvailable:    2840324 kB
Buffers:            5912 kB
Cached:          1694660 kB
SwapCached:            0 kB
Active:          1326860 kB
Inactive:        1467152 kB
Active(anon):    1100048 kB
Inactive(anon):    19532 kB
Active(file):     226812 kB
Inactive(file):  1447620 kB
Unevictable:        5636 kB
Mlocked:            5636 kB
SwapTotal:       3670008 kB
SwapFree:        3670008 kB
Dirty:               348 kB
Writeback:             0 kB
AnonPages:       1098704 kB
Mapped:           776392 kB
Shmem:             21540 kB
KReclaimable:     557700 kB
Slab:             222348 kB
SReclaimable:      69828 kB
SUnreclaim:       152520 kB
KernelStack:       43264 kB
PageTables:        55912 kB
NFS_Unstable:          0 kB
Bounce:                0 kB
WritebackTmp:          0 kB
CommitLimit:     6660208 kB
Committed_AS:   61480968 kB
VmallocTotal:   263061440 kB
VmallocUsed:       83652 kB
VmallocChunk:          0 kB
Percpu:             7552 kB
CmaTotal:         315392 kB
CmaFree:               0 kB
MemTotal:        5980404 kB
MemFree:         1180112 kB
MemAvailable:    2849812 kB
Buffers:            5912 kB
Cached:          1694676 kB
SwapCached:            0 kB
Active:          1316152 kB
Inactive:        1467168 kB
Active(anon):    1089340 kB
Inactive(anon):    19548 kB
Active(file):     226812 kB
Inactive(file):  1447620 kB
Unevictable:        5636 kB
Mlocked:            5636 kB
SwapTotal:       3670008 kB
SwapFree:        3670008 kB
Dirty:               372 kB
Writeback:             0 kB
AnonPages:       1088268 kB
Mapped:           776368 kB
Shmem:             21556 kB
KReclaimable:     557700 kB
Slab:             222348 kB
SReclaimable:      69828 kB
SUnreclaim:       152520 kB
KernelStack:       43296 kB
PageTables:        55980 kB
NFS_Unstable:          0 kB
Bounce:                0 kB
WritebackTmp:          0 kB
CommitLimit:     6660208 kB
Committed_AS:   61480720 kB
VmallocTotal:   263061440 kB
VmallocUsed:       83668 kB
VmallocChunk:          0 kB
Percpu:             7552 kB
CmaTotal:         315392 kB
CmaFree:              96 kB
MemTotal:        5980404 kB
MemFree:         1180816 kB
MemAvailable:    2850524 kB
Buffers:            5916 kB
Cached:          1694680 kB
SwapCached:            0 kB
Active:          1316596 kB
Inactive:        1467176 kB
Active(anon):    1089784 kB
Inactive(anon):    19548 kB
Active(file):     226812 kB
Inactive(file):  1447628 kB
Unevictable:        5636 kB
Mlocked:            5636 kB
SwapTotal:       3670008 kB
SwapFree:        3670008 kB
Dirty:               388 kB
Writeback:             0 kB
AnonPages:       1088820 kB
Mapped:           776408 kB
Shmem:             21556 kB
KReclaimable:     557700 kB
Slab:             222348 kB
SReclaimable:      69828 kB
SUnreclaim:       152520 kB
KernelStack:       43344 kB
PageTables:        55904 kB
NFS_Unstable:          0 kB
Bounce:                0 kB
WritebackTmp:          0 kB
CommitLimit:     6660208 kB
Committed_AS:   61479640 kB
VmallocTotal:   263061440 kB
VmallocUsed:       83684 kB
VmallocChunk:          0 kB
Percpu:             7552 kB
CmaTotal:         315392 kB
CmaFree:              12 kB
MemTotal:        5980404 kB
MemFree:         1178696 kB
MemAvailable:    2848416 kB
Buffers:            5916 kB
Cached:          1694692 kB
SwapCached:            0 kB
Active:          1317376 kB
Inactive:        1467184 kB
Active(anon):    1090560 kB
Inactive(anon):    19548 kB
Active(file):     226816 kB
Inactive(file):  1447636 kB
Unevictable:        5636 kB
Mlocked:            5636 kB
SwapTotal:       3670008 kB
SwapFree:        3670008 kB
Dirty:               232 kB
Writeback:             0 kB
AnonPages:       1089484 kB
Mapped:           776408 kB
Shmem:             21556 kB
KReclaimable:     557700 kB
Slab:             222340 kB
SReclaimable:      69828 kB
SUnreclaim:       152512 kB
KernelStack:       43312 kB
PageTables:        56004 kB
NFS_Unstable:          0 kB
Bounce:                0 kB
WritebackTmp:          0 kB
CommitLimit:     6660208 kB
Committed_AS:   61474908 kB
VmallocTotal:   263061440 kB
VmallocUsed:       83668 kB
VmallocChunk:          0 kB
Percpu:             7552 kB
CmaTotal:         315392 kB
CmaFree:               0 kB
MemTotal:        5980404 kB
MemFree:         1178452 kB
MemAvailable:    2848172 kB
Buffers:            5916 kB
Cached:          1694692 kB
SwapCached:            0 kB
Active:          1317636 kB
Inactive:        1467184 kB
Active(anon):    1090820 kB
Inactive(anon):    19548 kB
Active(file):     226816 kB
Inactive(file):  1447636 kB
Unevictable:        5636 kB
Mlocked:            5636 kB
SwapTotal:       3670008 kB
SwapFree:        3670008 kB
Dirty:               240 kB
Writeback:            36 kB
AnonPages:       1089876 kB
Mapped:           776408 kB
Shmem:             21556 kB
KReclaimable:     557700 kB
Slab:             222324 kB
SReclaimable:      69828 kB
SUnreclaim:       152496 kB
KernelStack:       43264 kB
PageTables:        55928 kB
NFS_Unstable:          0 kB
Bounce:                0 kB
WritebackTmp:          0 kB
CommitLimit:     6660208 kB
Committed_AS:   61474012 kB
VmallocTotal:   263061440 kB
VmallocUsed:       83668 kB
VmallocChunk:          0 kB
Percpu:             7552 kB
CmaTotal:         315392 kB
CmaFree:               8 kB
MemTotal:        5980404 kB
MemFree:         1178616 kB
MemAvailable:    2848336 kB
Buffers:            5916 kB
Cached:          1694692 kB
SwapCached:            0 kB
Active:          1317960 kB
Inactive:        1467184 kB
Active(anon):    1091144 kB
Inactive(anon):    19548 kB
Active(file):     226816 kB
Inactive(file):  1447636 kB
Unevictable:        5636 kB
Mlocked:            5636 kB
SwapTotal:       3670008 kB
SwapFree:        3670008 kB
Dirty:               292 kB
Writeback:             0 kB
AnonPages:       1090184 kB
Mapped:           776480 kB
Shmem:             21556 kB
KReclaimable:     557700 kB
Slab:             222324 kB
SReclaimable:      69828 kB
SUnreclaim:       152496 kB
KernelStack:       43328 kB
PageTables:        55920 kB
NFS_Unstable:          0 kB
Bounce:                0 kB
WritebackTmp:          0 kB
CommitLimit:     6660208 kB
Committed_AS:   61473040 kB
VmallocTotal:   263061440 kB
VmallocUsed:       83636 kB
VmallocChunk:          0 kB
Percpu:             7552 kB
CmaTotal:         315392 kB
CmaFree:               0 kB
MemTotal:        5980404 kB
MemFree:         1177236 kB
MemAvailable:    2846956 kB
Buffers:            5916 kB
Cached:          1694692 kB
SwapCached:            0 kB
Active:          1319236 kB
Inactive:        1467184 kB
Active(anon):    1092420 kB
Inactive(anon):    19548 kB
Active(file):     226816 kB
Inactive(file):  1447636 kB
Unevictable:        5636 kB
Mlocked:            5636 kB
SwapTotal:       3670008 kB
SwapFree:        3670008 kB
Dirty:               324 kB
Writeback:             0 kB
AnonPages:       1091216 kB
Mapped:           776408 kB
Shmem:             21556 kB
KReclaimable:     557700 kB
Slab:             222332 kB
SReclaimable:      69828 kB
SUnreclaim:       152504 kB
KernelStack:       43296 kB
PageTables:        56036 kB
NFS_Unstable:          0 kB
Bounce:                0 kB
WritebackTmp:          0 kB
CommitLimit:     6660208 kB
Committed_AS:   61475876 kB
VmallocTotal:   263061440 kB
VmallocUsed:       83636 kB
VmallocChunk:          0 kB
Percpu:             7552 kB
CmaTotal:         315392 kB
CmaFree:               0 kB
MemTotal:        5980404 kB
MemFree:         1175720 kB
MemAvailable:    2845448 kB
Buffers:            5916 kB
Cached:          1694700 kB
SwapCached:            0 kB
Active:          1320036 kB
Inactive:        1467192 kB
Active(anon):    1093220 kB
Inactive(anon):    19548 kB
Active(file):     226816 kB
Inactive(file):  1447644 kB
Unevictable:        5636 kB
Mlocked:            5636 kB
SwapTotal:       3670008 kB
SwapFree:        3670008 kB
Dirty:               348 kB
Writeback:             0 kB
AnonPages:       1092196 kB
Mapped:           776368 kB
Shmem:             21556 kB
KReclaimable:     557700 kB
Slab:             222332 kB
SReclaimable:      69828 kB
SUnreclaim:       152504 kB
KernelStack:       43296 kB
PageTables:        56008 kB
NFS_Unstable:          0 kB
Bounce:                0 kB
WritebackTmp:          0 kB
CommitLimit:     6660208 kB
Committed_AS:   61476696 kB
VmallocTotal:   263061440 kB
VmallocUsed:       83620 kB
VmallocChunk:          0 kB
Percpu:             7552 kB
CmaTotal:         315392 kB
CmaFree:               0 kB
MemTotal:        5980404 kB
MemFree:         1176004 kB
MemAvailable:    2845732 kB
Buffers:            5916 kB
Cached:          1694704 kB
SwapCached:            0 kB
Active:          1320196 kB
Inactive:        1467196 kB
Active(anon):    1093380 kB
Inactive(anon):    19552 kB
Active(file):     226816 kB
Inactive(file):  1447644 kB
Unevictable:        5636 kB
Mlocked:            5636 kB
SwapTotal:       3670008 kB
SwapFree:        3670008 kB
Dirty:               352 kB
Writeback:             0 kB
AnonPages:       1092060 kB
Mapped:           776188 kB
Shmem:             21560 kB
KReclaimable:     557700 kB
Slab:             222332 kB
SReclaimable:      69828 kB
SUnreclaim:       152504 kB
KernelStack:       43296 kB
PageTables:        55932 kB
NFS_Unstable:          0 kB
Bounce:                0 kB
WritebackTmp:          0 kB
CommitLimit:     6660208 kB
Committed_AS:   61477156 kB
VmallocTotal:   263061440 kB
VmallocUsed:       83636 kB
VmallocChunk:          0 kB
Percpu:             7552 kB
CmaTotal:         315392 kB
CmaFree:               0 kB
MemTotal:        5980404 kB
MemFree:         1177408 kB
MemAvailable:    2847140 kB
Buffers:            5920 kB
Cached:          1694704 kB
SwapCached:            0 kB
Active:          1319944 kB
Inactive:        1467196 kB
Active(anon):    1093124 kB
Inactive(anon):    19552 kB
Active(file):     226820 kB
Inactive(file):  1447644 kB
Unevictable:        5636 kB
Mlocked:            5636 kB
SwapTotal:       3670008 kB
SwapFree:        3670008 kB
Dirty:               396 kB
Writeback:             0 kB
AnonPages:       1092304 kB
Mapped:           776184 kB
Shmem:             21560 kB
KReclaimable:     557700 kB
Slab:             222324 kB
SReclaimable:      69828 kB
SUnreclaim:       152496 kB
KernelStack:       43312 kB
PageTables:        56016 kB
NFS_Unstable:          0 kB
Bounce:                0 kB
WritebackTmp:          0 kB
CommitLimit:     6660208 kB
Committed_AS:   61475924 kB
VmallocTotal:   263061440 kB
VmallocUsed:       83668 kB
VmallocChunk:          0 kB
Percpu:             7552 kB
CmaTotal:         315392 kB
CmaFree:               0 kB
MemTotal:        5980404 kB
MemFree:         1175912 kB
MemAvailable:    2845656 kB
Buffers:            5920 kB
Cached:          1694716 kB
SwapCached:            0 kB
Active:          1320716 kB
Inactive:        1467208 kB
Active(anon):    1093896 kB
Inactive(anon):    19552 kB
Active(file):     226820 kB
Inactive(file):  1447656 kB
Unevictable:        5636 kB
Mlocked:            5636 kB
SwapTotal:       3670008 kB
SwapFree:        3670008 kB
Dirty:               456 kB
Writeback:             0 kB
AnonPages:       1092736 kB
Mapped:           776412 kB
Shmem:             21560 kB
KReclaimable:     557700 kB
Slab:             222316 kB
SReclaimable:      69828 kB
SUnreclaim:       152488 kB
KernelStack:       43280 kB
PageTables:        55908 kB
NFS_Unstable:          0 kB
Bounce:                0 kB
WritebackTmp:          0 kB
CommitLimit:     6660208 kB
Committed_AS:   61480472 kB
VmallocTotal:   263061440 kB
VmallocUsed:       83668 kB
VmallocChunk:          0 kB
Percpu:             7552 kB
CmaTotal:         315392 kB
CmaFree:               0 kB
MemTotal:        5980404 kB
MemFree:         1174732 kB
MemAvailable:    2844476 kB
Buffers:            5920 kB
Cached:          1694716 kB
SwapCached:            0 kB
Active:          1321912 kB
Inactive:        1467208 kB
Active(anon):    1095092 kB
Inactive(anon):    19552 kB
Active(file):     226820 kB
Inactive(file):  1447656 kB
Unevictable:        5636 kB
Mlocked:            5636 kB
SwapTotal:       3670008 kB
SwapFree:        3670008 kB
Dirty:               276 kB
Writeback:             0 kB
AnonPages:       1094272 kB
Mapped:           776240 kB
Shmem:             21560 kB
KReclaimable:     557700 kB
Slab:             222344 kB
SReclaimable:      69828 kB
SUnreclaim:       152516 kB
KernelStack:       43312 kB
PageTables:        55928 kB
NFS_Unstable:          0 kB
Bounce:                0 kB
WritebackTmp:          0 kB
CommitLimit:     6660208 kB
Committed_AS:   61479940 kB
VmallocTotal:   263061440 kB
VmallocUsed:       83684 kB
VmallocChunk:          0 kB
Percpu:             7552 kB
CmaTotal:         315392 kB
CmaFree:               0 kB
MemTotal:        5980404 kB
MemFree:         1174064 kB
MemAvailable:    2843808 kB
Buffers:            5920 kB
Cached:          1694716 kB
SwapCached:            0 kB
Active:          1322540 kB
Inactive:        1467208 kB
Active(anon):    1095720 kB
Inactive(anon):    19552 kB
Active(file):     226820 kB
Inactive(file):  1447656 kB
Unevictable:        5636 kB
Mlocked:            5636 kB
SwapTotal:       3670008 kB
SwapFree:        3670008 kB
Dirty:               344 kB
Writeback:             0 kB
AnonPages:       1095120 kB
Mapped:           776412 kB
Shmem:             21560 kB
KReclaimable:     557700 kB
Slab:             222360 kB
SReclaimable:      69828 kB
SUnreclaim:       152532 kB
KernelStack:       43296 kB
PageTables:        56040 kB
NFS_Unstable:          0 kB
Bounce:                0 kB
WritebackTmp:          0 kB
CommitLimit:     6660208 kB
Committed_AS:   61470412 kB
VmallocTotal:   263061440 kB
VmallocUsed:       83636 kB
VmallocChunk:          0 kB
Percpu:             7552 kB
CmaTotal:         315392 kB
CmaFree:               0 kB
MemTotal:        5980404 kB
MemFree:         1172380 kB
MemAvailable:    2842120 kB
Buffers:            5920 kB
Cached:          1694712 kB
SwapCached:            0 kB
Active:          1323904 kB
Inactive:        1467208 kB
Active(anon):    1097088 kB
Inactive(anon):    19552 kB
Active(file):     226816 kB
Inactive(file):  1447656 kB
Unevictable:        5636 kB
Mlocked:            5636 kB
SwapTotal:       3670008 kB
SwapFree:        3670008 kB
Dirty:               388 kB
Writeback:             0 kB
AnonPages:       1096028 kB
Mapped:           776456 kB
Shmem:             21560 kB
KReclaimable:     557700 kB
Slab:             222360 kB
SReclaimable:      69828 kB
SUnreclaim:       152532 kB
KernelStack:       43264 kB
PageTables:        55908 kB
NFS_Unstable:          0 kB
Bounce:                0 kB
WritebackTmp:          0 kB
CommitLimit:     6660208 kB
Committed_AS:   61470488 kB
VmallocTotal:   263061440 kB
VmallocUsed:       83604 kB
VmallocChunk:          0 kB
Percpu:             7552 kB
CmaTotal:         315392 kB
CmaFree:               0 kB
MemTotal:        5980404 kB
MemFree:         1171336 kB
MemAvailable:    2841084 kB
Buffers:            5920 kB
Cached:          1694720 kB
SwapCached:            0 kB
Active:          1324752 kB
Inactive:        1467216 kB
Active(anon):    1097936 kB
Inactive(anon):    19552 kB
Active(file):     226816 kB
Inactive(file):  1447664 kB
Unevictable:        5636 kB
Mlocked:            5636 kB
SwapTotal:       3670008 kB
SwapFree:        3670008 kB
Dirty:               528 kB
Writeback:             0 kB
AnonPages:       1096732 kB
Mapped:           776456 kB
Shmem:             21560 kB
KReclaimable:     557700 kB
Slab:             222336 kB
SReclaimable:      69828 kB
SUnreclaim:       152508 kB
KernelStack:       43200 kB
PageTables:        55908 kB
NFS_Unstable:          0 kB
Bounce:                0 kB
WritebackTmp:          0 kB
CommitLimit:     6660208 kB
Committed_AS:   61470032 kB
VmallocTotal:   263061440 kB
VmallocUsed:       83572 kB
VmallocChunk:          0 kB
Percpu:             7552 kB
CmaTotal:         315392 kB
CmaFree:               0 kB
MemTotal:        5980404 kB
MemFree:         1172392 kB
MemAvailable:    2842140 kB
Buffers:            5920 kB
Cached:          1694720 kB
SwapCached:            0 kB
Active:          1325484 kB
Inactive:        1467216 kB
Active(anon):    1098668 kB
Inactive(anon):    19552 kB
Active(file):     226816 kB
Inactive(file):  1447664 kB
Unevictable:        5636 kB
Mlocked:            5636 kB
SwapTotal:       3670008 kB
SwapFree:        3670008 kB
Dirty:               240 kB
Writeback:             0 kB
AnonPages:       1097484 kB
Mapped:           776456 kB
Shmem:             21560 kB
KReclaimable:     557700 kB
Slab:             222332 kB
SReclaimable:      69828 kB
SUnreclaim:       152504 kB
KernelStack:       43232 kB
PageTables:        55968 kB
NFS_Unstable:          0 kB
Bounce:                0 kB
WritebackTmp:          0 kB
CommitLimit:     6660208 kB
Committed_AS:   61479036 kB
VmallocTotal:   263061440 kB
VmallocUsed:       83572 kB
VmallocChunk:          0 kB
Percpu:             7552 kB
CmaTotal:         315392 kB
CmaFree:               0 kB
MemTotal:        5980404 kB
MemFree:         1172704 kB
MemAvailable:    2842476 kB
Buffers:            5928 kB
Cached:          1694736 kB
SwapCached:            0 kB
Active:          1324172 kB
Inactive:        1467232 kB
Active(anon):    1097348 kB
Inactive(anon):    19552 kB
Active(file):     226824 kB
Inactive(file):  1447680 kB
Unevictable:        5636 kB
Mlocked:            5636 kB
SwapTotal:       3670008 kB
SwapFree:        3670008 kB
Dirty:               364 kB
Writeback:             0 kB
AnonPages:       1096276 kB
Mapped:           776460 kB
Shmem:             21560 kB
KReclaimable:     557700 kB
Slab:             222332 kB
SReclaimable:      69828 kB
SUnreclaim:       152504 kB
KernelStack:       43248 kB
PageTables:        56004 kB
NFS_Unstable:          0 kB
Bounce:                0 kB
WritebackTmp:          0 kB
CommitLimit:     6660208 kB
Committed_AS:   61478356 kB
VmallocTotal:   263061440 kB
VmallocUsed:       83604 kB
VmallocChunk:          0 kB
Percpu:             7552 kB
CmaTotal:         315392 kB
CmaFree:               0 kB
MemTotal:        5980404 kB
MemFree:         1172464 kB
MemAvailable:    2842236 kB
Buffers:            5928 kB
Cached:          1694736 kB
SwapCached:            0 kB
Active:          1323100 kB
Inactive:        1467232 kB
Active(anon):    1096276 kB
Inactive(anon):    19552 kB
Active(file):     226824 kB
Inactive(file):  1447680 kB
Unevictable:        5636 kB
Mlocked:            5636 kB
SwapTotal:       3670008 kB
SwapFree:        3670008 kB
Dirty:               416 kB
Writeback:             0 kB
AnonPages:       1095352 kB
Mapped:           776364 kB
Shmem:             21560 kB
KReclaimable:     557700 kB
Slab:             222332 kB
SReclaimable:      69828 kB
SUnreclaim:       152504 kB
KernelStack:       43200 kB
PageTables:        55924 kB
NFS_Unstable:          0 kB
Bounce:                0 kB
WritebackTmp:          0 kB
CommitLimit:     6660208 kB
Committed_AS:   61475468 kB
VmallocTotal:   263061440 kB
VmallocUsed:       83572 kB
VmallocChunk:          0 kB
Percpu:             7552 kB
CmaTotal:         315392 kB
CmaFree:               0 kB
MemTotal:        5980404 kB
MemFree:         1173008 kB
MemAvailable:    2842780 kB
Buffers:            5928 kB
Cached:          1694736 kB
SwapCached:            0 kB
Active:          1323404 kB
Inactive:        1467232 kB
Active(anon):    1096580 kB
Inactive(anon):    19552 kB
Active(file):     226824 kB
Inactive(file):  1447680 kB
Unevictable:        5636 kB
Mlocked:            5636 kB
SwapTotal:       3670008 kB
SwapFree:        3670008 kB
Dirty:               504 kB
Writeback:             0 kB
AnonPages:       1096040 kB
Mapped:           776456 kB
Shmem:             21560 kB
KReclaimable:     557700 kB
Slab:             222332 kB
SReclaimable:      69828 kB
SUnreclaim:       152504 kB
KernelStack:       43200 kB
PageTables:        56172 kB
NFS_Unstable:          0 kB
Bounce:                0 kB
WritebackTmp:          0 kB
CommitLimit:     6660208 kB
Committed_AS:   61471020 kB
VmallocTotal:   263061440 kB
VmallocUsed:       83524 kB
VmallocChunk:          0 kB
Percpu:             7552 kB
CmaTotal:         315392 kB
CmaFree:               0 kB
MemTotal:        5980404 kB
MemFree:         1172132 kB
MemAvailable:    2841904 kB
Buffers:            5928 kB
Cached:          1694740 kB
SwapCached:            0 kB
Active:          1324620 kB
Inactive:        1467236 kB
Active(anon):    1097796 kB
Inactive(anon):    19556 kB
Active(file):     226824 kB
Inactive(file):  1447680 kB
Unevictable:        5636 kB
Mlocked:            5636 kB
SwapTotal:       3670008 kB
SwapFree:        3670008 kB
Dirty:               320 kB
Writeback:             0 kB
AnonPages:       1096792 kB
Mapped:           776460 kB
Shmem:             21564 kB
KReclaimable:     557700 kB
Slab:             222364 kB
SReclaimable:      69828 kB
SUnreclaim:       152536 kB
KernelStack:       43152 kB
PageTables:        55896 kB
NFS_Unstable:          0 kB
Bounce:                0 kB
WritebackTmp:          0 kB
CommitLimit:     6660208 kB
Committed_AS:   61476812 kB
VmallocTotal:   263061440 kB
VmallocUsed:       83492 kB
VmallocChunk:          0 kB
Percpu:             7552 kB
CmaTotal:         315392 kB
CmaFree:               0 kB
MemTotal:        5980404 kB
MemFree:         1170096 kB
MemAvailable:    2839868 kB
Buffers:            5928 kB
Cached:          1694748 kB
SwapCached:            0 kB
Active:          1326728 kB
Inactive:        1467244 kB
Active(anon):    1099904 kB
Inactive(anon):    19564 kB
Active(file):     226824 kB
Inactive(file):  1447680 kB
Unevictable:        5636 kB
Mlocked:            5636 kB
SwapTotal:       3670008 kB
SwapFree:        3670008 kB
Dirty:               356 kB
Writeback:             0 kB
AnonPages:       1098556 kB
Mapped:           776272 kB
Shmem:             21572 kB
KReclaimable:     557700 kB
Slab:             222364 kB
SReclaimable:      69828 kB
SUnreclaim:       152536 kB
KernelStack:       43260 kB
PageTables:        55948 kB
NFS_Unstable:          0 kB
Bounce:                0 kB
WritebackTmp:          0 kB
CommitLimit:     6660208 kB
Committed_AS:   61472256 kB
VmallocTotal:   263061440 kB
VmallocUsed:       83572 kB
VmallocChunk:          0 kB
Percpu:             7552 kB
CmaTotal:         315392 kB
CmaFree:               0 kB
MemTotal:        5980404 kB
MemFree:         1168940 kB
MemAvailable:    2838720 kB
Buffers:            5928 kB
Cached:          1694756 kB
SwapCached:            0 kB
Active:          1326880 kB
Inactive:        1467248 kB
Active(anon):    1100052 kB
Inactive(anon):    19564 kB
Active(file):     226828 kB
Inactive(file):  1447684 kB
Unevictable:        5636 kB
Mlocked:            5636 kB
SwapTotal:       3670008 kB
SwapFree:        3670008 kB
Dirty:               300 kB
Writeback:             0 kB
AnonPages:       1099072 kB
Mapped:           776268 kB
Shmem:             21572 kB
KReclaimable:     557700 kB
Slab:             222356 kB
SReclaimable:      69828 kB
SUnreclaim:       152528 kB
KernelStack:       43216 kB
PageTables:        55872 kB
NFS_Unstable:          0 kB
Bounce:                0 kB
WritebackTmp:          0 kB
CommitLimit:     6660208 kB
Committed_AS:   61474868 kB
VmallocTotal:   263061440 kB
VmallocUsed:       83588 kB
VmallocChunk:          0 kB
Percpu:             7552 kB
CmaTotal:         315392 kB
CmaFree:               0 kB
MemTotal:        5980404 kB
MemFree:         1168200 kB
MemAvailable:    2837984 kB
Buffers:            5928 kB
Cached:          1694756 kB
SwapCached:            0 kB
Active:          1328008 kB
Inactive:        1467252 kB
Active(anon):    1101184 kB
Inactive(anon):    19564 kB
Active(file):     226824 kB
Inactive(file):  1447688 kB
Unevictable:        5636 kB
Mlocked:            5636 kB
SwapTotal:       3670008 kB
SwapFree:        3670008 kB
Dirty:               328 kB
Writeback:             0 kB
AnonPages:       1100120 kB
Mapped:           776596 kB
Shmem:             21572 kB
KReclaimable:     557704 kB
Slab:             222376 kB
SReclaimable:      69832 kB
SUnreclaim:       152544 kB
KernelStack:       43264 kB
PageTables:        56028 kB
NFS_Unstable:          0 kB
Bounce:                0 kB
WritebackTmp:          0 kB
CommitLimit:     6660208 kB
Committed_AS:   61473212 kB
VmallocTotal:   263061440 kB
VmallocUsed:       83604 kB
VmallocChunk:          0 kB
Percpu:             7552 kB
CmaTotal:         315392 kB
CmaFree:               0 kB
MemTotal:        5980404 kB
MemFree:         1166084 kB
MemAvailable:    2835868 kB
Buffers:            5928 kB
Cached:          1694756 kB
SwapCached:            0 kB
Active:          1329672 kB
Inactive:        1467252 kB
Active(anon):    1102848 kB
Inactive(anon):    19564 kB
Active(file):     226824 kB
Inactive(file):  1447688 kB
Unevictable:        5636 kB
Mlocked:            5636 kB
SwapTotal:       3670008 kB
SwapFree:        3670008 kB
Dirty:               388 kB
Writeback:             0 kB
AnonPages:       1101832 kB
Mapped:           776540 kB
Shmem:             21572 kB
KReclaimable:     557704 kB
Slab:             222388 kB
SReclaimable:      69832 kB
SUnreclaim:       152556 kB
KernelStack:       43264 kB
PageTables:        55936 kB
NFS_Unstable:          0 kB
Bounce:                0 kB
WritebackTmp:          0 kB
CommitLimit:     6660208 kB
Committed_AS:   61474440 kB
VmallocTotal:   263061440 kB
VmallocUsed:       83620 kB
VmallocChunk:          0 kB
Percpu:             7552 kB
CmaTotal:         315392 kB
CmaFree:               0 kB
MemTotal:        5980404 kB
MemFree:         1165652 kB
MemAvailable:    2835452 kB
Buffers:            5932 kB
Cached:          1694772 kB
SwapCached:            0 kB
Active:          1330784 kB
Inactive:        1467268 kB
Active(anon):    1103956 kB
Inactive(anon):    19568 kB
Active(file):     226828 kB
Inactive(file):  1447700 kB
Unevictable:        5636 kB
Mlocked:            5636 kB
SwapTotal:       3670008 kB
SwapFree:        3670008 kB
Dirty:               932 kB
Writeback:             0 kB
AnonPages:       1102884 kB
Mapped:           776600 kB
Shmem:             21576 kB
KReclaimable:     557704 kB
Slab:             222388 kB
SReclaimable:      69832 kB
SUnreclaim:       152556 kB
KernelStack:       43248 kB
PageTables:        56028 kB
NFS_Unstable:          0 kB
Bounce:                0 kB
WritebackTmp:          0 kB
CommitLimit:     6660208 kB
Committed_AS:   61473324 kB
VmallocTotal:   263061440 kB
VmallocUsed:       83636 kB
VmallocChunk:          0 kB
Percpu:             7552 kB
CmaTotal:         315392 kB
CmaFree:               0 kB
MemTotal:        5980404 kB
MemFree:         1164452 kB
MemAvailable:    2834256 kB
Buffers:            5932 kB
Cached:          1694776 kB
SwapCached:            0 kB
Active:          1331292 kB
Inactive:        1467272 kB
Active(anon):    1104464 kB
Inactive(anon):    19568 kB
Active(file):     226828 kB
Inactive(file):  1447704 kB
Unevictable:        5636 kB
Mlocked:            5636 kB
SwapTotal:       3670008 kB
SwapFree:        3670008 kB
Dirty:               292 kB
Writeback:             0 kB
AnonPages:       1103768 kB
Mapped:           776600 kB
Shmem:             21576 kB
KReclaimable:     557704 kB
Slab:             222332 kB
SReclaimable:      69832 kB
SUnreclaim:       152500 kB
KernelStack:       43216 kB
PageTables:        55896 kB
NFS_Unstable:          0 kB
Bounce:                0 kB
WritebackTmp:          0 kB
CommitLimit:     6660208 kB
Committed_AS:   61473692 kB
VmallocTotal:   263061440 kB
VmallocUsed:       83588 kB
VmallocChunk:          0 kB
Percpu:             7552 kB
CmaTotal:         315392 kB
CmaFree:               0 kB
MemTotal:        5980404 kB
MemFree:         1163904 kB
MemAvailable:    2833708 kB
Buffers:            5932 kB
Cached:          1694776 kB
SwapCached:            0 kB
Active:          1331908 kB
Inactive:        1467272 kB
Active(anon):    1105080 kB
Inactive(anon):    19568 kB
Active(file):     226828 kB
Inactive(file):  1447704 kB
Unevictable:        5636 kB
Mlocked:            5636 kB
SwapTotal:       3670008 kB
SwapFree:        3670008 kB
Dirty:               300 kB
Writeback:             0 kB
AnonPages:       1104064 kB
Mapped:           776600 kB
Shmem:             21576 kB
KReclaimable:     557704 kB
Slab:             222340 kB
SReclaimable:      69832 kB
SUnreclaim:       152508 kB
KernelStack:       43232 kB
PageTables:        55896 kB
NFS_Unstable:          0 kB
Bounce:                0 kB
WritebackTmp:          0 kB
CommitLimit:     6660208 kB
Committed_AS:   61474108 kB
VmallocTotal:   263061440 kB
VmallocUsed:       83620 kB
VmallocChunk:          0 kB
Percpu:             7552 kB
CmaTotal:         315392 kB
CmaFree:               0 kB
MemTotal:        5980404 kB
MemFree:         1163888 kB
MemAvailable:    2833692 kB
Buffers:            5932 kB
Cached:          1694776 kB
SwapCached:            0 kB
Active:          1332792 kB
Inactive:        1467272 kB
Active(anon):    1105964 kB
Inactive(anon):    19568 kB
Active(file):     226828 kB
Inactive(file):  1447704 kB
Unevictable:        5636 kB
Mlocked:            5636 kB
SwapTotal:       3670008 kB
SwapFree:        3670008 kB
Dirty:               324 kB
Writeback:             0 kB
AnonPages:       1104900 kB
Mapped:           776600 kB
Shmem:             21576 kB
KReclaimable:     557704 kB
Slab:             222332 kB
SReclaimable:      69832 kB
SUnreclaim:       152500 kB
KernelStack:       43232 kB
PageTables:        55900 kB
NFS_Unstable:          0 kB
Bounce:                0 kB
WritebackTmp:          0 kB
CommitLimit:     6660208 kB
Committed_AS:   61473660 kB
VmallocTotal:   263061440 kB
VmallocUsed:       83620 kB
VmallocChunk:          0 kB
Percpu:             7552 kB
CmaTotal:         315392 kB
CmaFree:               0 kB
MemTotal:        5980404 kB
MemFree:         1163532 kB
MemAvailable:    2833336 kB
Buffers:            5932 kB
Cached:          1694776 kB
SwapCached:            0 kB
Active:          1332736 kB
Inactive:        1467272 kB
Active(anon):    1105908 kB
Inactive(anon):    19568 kB
Active(file):     226828 kB
Inactive(file):  1447704 kB
Unevictable:        5636 kB
Mlocked:            5636 kB
SwapTotal:       3670008 kB
SwapFree:        3670008 kB
Dirty:               336 kB
Writeback:             0 kB
AnonPages:       1104848 kB
Mapped:           776600 kB
Shmem:             21576 kB
KReclaimable:     557704 kB
Slab:             222332 kB
SReclaimable:      69832 kB
SUnreclaim:       152500 kB
KernelStack:       43216 kB
PageTables:        55892 kB
NFS_Unstable:          0 kB
Bounce:                0 kB
WritebackTmp:          0 kB
CommitLimit:     6660208 kB
Committed_AS:   61475688 kB
VmallocTotal:   263061440 kB
VmallocUsed:       83604 kB
VmallocChunk:          0 kB
Percpu:             7552 kB
CmaTotal:         315392 kB
CmaFree:               0 kB
MemTotal:        5980404 kB
MemFree:         1162368 kB
MemAvailable:    2832184 kB
Buffers:            5932 kB
Cached:          1694792 kB
SwapCached:            0 kB
Active:          1333872 kB
Inactive:        1467288 kB
Active(anon):    1107044 kB
Inactive(anon):    19572 kB
Active(file):     226828 kB
Inactive(file):  1447716 kB
Unevictable:        5636 kB
Mlocked:            5636 kB
SwapTotal:       3670008 kB
SwapFree:        3670008 kB
Dirty:               472 kB
Writeback:             0 kB
AnonPages:       1106124 kB
Mapped:           776604 kB
Shmem:             21580 kB
KReclaimable:     557704 kB
Slab:             222324 kB
SReclaimable:      69832 kB
SUnreclaim:       152492 kB
KernelStack:       43216 kB
PageTables:        55900 kB
NFS_Unstable:          0 kB
Bounce:                0 kB
WritebackTmp:          0 kB
CommitLimit:     6660208 kB
Committed_AS:   61478564 kB
VmallocTotal:   263061440 kB
VmallocUsed:       83636 kB
VmallocChunk:          0 kB
Percpu:             7552 kB
CmaTotal:         315392 kB
CmaFree:               0 kB
MemTotal:        5980404 kB
MemFree:         1162060 kB
MemAvailable:    2831876 kB
Buffers:            5932 kB
Cached:          1694792 kB
SwapCached:            0 kB
Active:          1334372 kB
Inactive:        1467292 kB
Active(anon):    1107548 kB
Inactive(anon):    19572 kB
Active(file):     226824 kB
Inactive(file):  1447720 kB
Unevictable:        5636 kB
Mlocked:            5636 kB
SwapTotal:       3670008 kB
SwapFree:        3670008 kB
Dirty:               200 kB
Writeback:             0 kB
AnonPages:       1106188 kB
Mapped:           776496 kB
Shmem:             21580 kB
KReclaimable:     557704 kB
Slab:             222340 kB
SReclaimable:      69832 kB
SUnreclaim:       152508 kB
KernelStack:       43260 kB
PageTables:        56004 kB
NFS_Unstable:          0 kB
Bounce:                0 kB
WritebackTmp:          0 kB
CommitLimit:     6660208 kB
Committed_AS:   61480252 kB
VmallocTotal:   263061440 kB
VmallocUsed:       83636 kB
VmallocChunk:          0 kB
Percpu:             7552 kB
CmaTotal:         315392 kB
CmaFree:               0 kB
MemTotal:        5980404 kB
MemFree:         1169924 kB
MemAvailable:    2839756 kB
Buffers:            5936 kB
Cached:          1694804 kB
SwapCached:            0 kB
Active:          1326336 kB
Inactive:        1467304 kB
Active(anon):    1099508 kB
Inactive(anon):    19572 kB
Active(file):     226828 kB
Inactive(file):  1447732 kB
Unevictable:        5636 kB
Mlocked:            5636 kB
SwapTotal:       3670008 kB
SwapFree:        3670008 kB
Dirty:               444 kB
Writeback:             0 kB
AnonPages:       1098296 kB
Mapped:           776604 kB
Shmem:             21580 kB
KReclaimable:     557704 kB
Slab:             222340 kB
SReclaimable:      69832 kB
SUnreclaim:       152508 kB
KernelStack:       43216 kB
PageTables:        55896 kB
NFS_Unstable:          0 kB
Bounce:                0 kB
WritebackTmp:          0 kB
CommitLimit:     6660208 kB
Committed_AS:   61476908 kB
VmallocTotal:   263061440 kB
VmallocUsed:       83652 kB
VmallocChunk:          0 kB
Percpu:             7552 kB
CmaTotal:         315392 kB
CmaFree:               0 kB
MemTotal:        5980404 kB
MemFree:         1170284 kB
MemAvailable:    2840116 kB
Buffers:            5936 kB
Cached:          1694808 kB
SwapCached:            0 kB
Active:          1325052 kB
Inactive:        1467308 kB
Active(anon):    1098224 kB
Inactive(anon):    19576 kB
Active(file):     226828 kB
Inactive(file):  1447732 kB
Unevictable:        5636 kB
Mlocked:            5636 kB
SwapTotal:       3670008 kB
SwapFree:        3670008 kB
Dirty:               268 kB
Writeback:             0 kB
AnonPages:       1097284 kB
Mapped:           776608 kB
Shmem:             21584 kB
KReclaimable:     557704 kB
Slab:             222372 kB
SReclaimable:      69832 kB
SUnreclaim:       152540 kB
KernelStack:       43216 kB
PageTables:        55896 kB
NFS_Unstable:          0 kB
Bounce:                0 kB
WritebackTmp:          0 kB
CommitLimit:     6660208 kB
Committed_AS:   61476380 kB
VmallocTotal:   263061440 kB
VmallocUsed:       83652 kB
VmallocChunk:          0 kB
Percpu:             7552 kB
CmaTotal:         315392 kB
CmaFree:               0 kB
MemTotal:        5980404 kB
MemFree:         1169908 kB
MemAvailable:    2839740 kB
Buffers:            5936 kB
Cached:          1694808 kB
SwapCached:            0 kB
Active:          1325892 kB
Inactive:        1467308 kB
Active(anon):    1099064 kB
Inactive(anon):    19576 kB
Active(file):     226828 kB
Inactive(file):  1447732 kB
Unevictable:        5636 kB
Mlocked:            5636 kB
SwapTotal:       3670008 kB
SwapFree:        3670008 kB
Dirty:               420 kB
Writeback:             0 kB
AnonPages:       1097988 kB
Mapped:           776608 kB
Shmem:             21584 kB
KReclaimable:     557704 kB
Slab:             222364 kB
SReclaimable:      69832 kB
SUnreclaim:       152532 kB
KernelStack:       43232 kB
PageTables:        55896 kB
NFS_Unstable:          0 kB
Bounce:                0 kB
WritebackTmp:          0 kB
CommitLimit:     6660208 kB
Committed_AS:   61476412 kB
VmallocTotal:   263061440 kB
VmallocUsed:       83652 kB
VmallocChunk:          0 kB
Percpu:             7552 kB
CmaTotal:         315392 kB
CmaFree:               0 kB
MemTotal:        5980404 kB
MemFree:         1174212 kB
MemAvailable:    2844056 kB
Buffers:            5936 kB
Cached:          1694820 kB
SwapCached:            0 kB
Active:          1321700 kB
Inactive:        1467320 kB
Active(anon):    1094872 kB
Inactive(anon):    19576 kB
Active(file):     226828 kB
Inactive(file):  1447744 kB
Unevictable:        5636 kB
Mlocked:            5636 kB
SwapTotal:       3670008 kB
SwapFree:        3670008 kB
Dirty:               372 kB
Writeback:             0 kB
AnonPages:       1093860 kB
Mapped:           776608 kB
Shmem:             21584 kB
KReclaimable:     557704 kB
Slab:             222368 kB
SReclaimable:      69832 kB
SUnreclaim:       152536 kB
KernelStack:       43216 kB
PageTables:        55688 kB
NFS_Unstable:          0 kB
Bounce:                0 kB
WritebackTmp:          0 kB
CommitLimit:     6660208 kB
Committed_AS:   61473168 kB
VmallocTotal:   263061440 kB
VmallocUsed:       83636 kB
VmallocChunk:          0 kB
Percpu:             7552 kB
CmaTotal:         315392 kB
CmaFree:               0 kB
MemTotal:        5980404 kB
MemFree:         1173896 kB
MemAvailable:    2843740 kB
Buffers:            5936 kB
Cached:          1694824 kB
SwapCached:            0 kB
Active:          1322756 kB
Inactive:        1467324 kB
Active(anon):    1095928 kB
Inactive(anon):    19580 kB
Active(file):     226828 kB
Inactive(file):  1447744 kB
Unevictable:        5636 kB
Mlocked:            5636 kB
SwapTotal:       3670008 kB
SwapFree:        3670008 kB
Dirty:               504 kB
Writeback:             0 kB
AnonPages:       1094476 kB
Mapped:           776612 kB
Shmem:             21588 kB
KReclaimable:     557704 kB
Slab:             222360 kB
SReclaimable:      69832 kB
SUnreclaim:       152528 kB
KernelStack:       43264 kB
PageTables:        55904 kB
NFS_Unstable:          0 kB
Bounce:                0 kB
WritebackTmp:          0 kB
CommitLimit:     6660208 kB
Committed_AS:   61476304 kB
VmallocTotal:   263061440 kB
VmallocUsed:       83636 kB
VmallocChunk:          0 kB
Percpu:             7552 kB
CmaTotal:         315392 kB
CmaFree:               4 kB
MemTotal:        5980404 kB
MemFree:         1173508 kB
MemAvailable:    2843352 kB
Buffers:            5936 kB
Cached:          1694824 kB
SwapCached:            0 kB
Active:          1323084 kB
Inactive:        1467324 kB
Active(anon):    1096256 kB
Inactive(anon):    19580 kB
Active(file):     226828 kB
Inactive(file):  1447744 kB
Unevictable:        5636 kB
Mlocked:            5636 kB
SwapTotal:       3670008 kB
SwapFree:        3670008 kB
Dirty:               228 kB
Writeback:             0 kB
AnonPages:       1095076 kB
Mapped:           776612 kB
Shmem:             21588 kB
KReclaimable:     557704 kB
Slab:             222372 kB
SReclaimable:      69832 kB
SUnreclaim:       152540 kB
KernelStack:       43280 kB
PageTables:        56036 kB
NFS_Unstable:          0 kB
Bounce:                0 kB
WritebackTmp:          0 kB
CommitLimit:     6660208 kB
Committed_AS:   61474900 kB
VmallocTotal:   263061440 kB
VmallocUsed:       83620 kB
VmallocChunk:          0 kB
Percpu:             7552 kB
CmaTotal:         315392 kB
CmaFree:               0 kB
MemTotal:        5980404 kB
MemFree:         1171136 kB
MemAvailable:    2840996 kB
Buffers:            5940 kB
Cached:          1694840 kB
SwapCached:            0 kB
Active:          1324040 kB
Inactive:        1467340 kB
Active(anon):    1097208 kB
Inactive(anon):    19584 kB
Active(file):     226832 kB
Inactive(file):  1447756 kB
Unevictable:        5636 kB
Mlocked:            5636 kB
SwapTotal:       3670008 kB
SwapFree:        3670008 kB
Dirty:               236 kB
Writeback:             0 kB
AnonPages:       1096296 kB
Mapped:           776428 kB
Shmem:             21592 kB
KReclaimable:     557704 kB
Slab:             222372 kB
SReclaimable:      69832 kB
SUnreclaim:       152540 kB
KernelStack:       43264 kB
PageTables:        55912 kB
NFS_Unstable:          0 kB
Bounce:                0 kB
WritebackTmp:          0 kB
CommitLimit:     6660208 kB
Committed_AS:   61477996 kB
VmallocTotal:   263061440 kB
VmallocUsed:       83668 kB
VmallocChunk:          0 kB
Percpu:             7552 kB
CmaTotal:         315392 kB
CmaFree:               0 kB
MemTotal:        5980404 kB
MemFree:         1170728 kB
MemAvailable:    2840588 kB
Buffers:            5940 kB
Cached:          1694852 kB
SwapCached:            0 kB
Active:          1324772 kB
Inactive:        1467352 kB
Active(anon):    1097940 kB
Inactive(anon):    19596 kB
Active(file):     226832 kB
Inactive(file):  1447756 kB
Unevictable:        5636 kB
Mlocked:            5636 kB
SwapTotal:       3670008 kB
SwapFree:        3670008 kB
Dirty:               228 kB
Writeback:             0 kB
AnonPages:       1096812 kB
Mapped:           776628 kB
Shmem:             21604 kB
KReclaimable:     557704 kB
Slab:             222348 kB
SReclaimable:      69832 kB
SUnreclaim:       152516 kB
KernelStack:       43248 kB
PageTables:        55904 kB
NFS_Unstable:          0 kB
Bounce:                0 kB
WritebackTmp:          0 kB
CommitLimit:     6660208 kB
Committed_AS:   61474064 kB
VmallocTotal:   263061440 kB
VmallocUsed:       83620 kB
VmallocChunk:          0 kB
Percpu:             7552 kB
CmaTotal:         315392 kB
CmaFree:               0 kB
MemTotal:        5980404 kB
MemFree:         1171180 kB
MemAvailable:    2841040 kB
Buffers:            5940 kB
Cached:          1694852 kB
SwapCached:            0 kB
Active:          1325924 kB
Inactive:        1467352 kB
Active(anon):    1099092 kB
Inactive(anon):    19596 kB
Active(file):     226832 kB
Inactive(file):  1447756 kB
Unevictable:        5636 kB
Mlocked:            5636 kB
SwapTotal:       3670008 kB
SwapFree:        3670008 kB
Dirty:               240 kB
Writeback:             8 kB
AnonPages:       1097428 kB
Mapped:           776732 kB
Shmem:             21604 kB
KReclaimable:     557704 kB
Slab:             222304 kB
SReclaimable:      69832 kB
SUnreclaim:       152472 kB
KernelStack:       43264 kB
PageTables:        55792 kB
NFS_Unstable:          0 kB
Bounce:                0 kB
WritebackTmp:          0 kB
CommitLimit:     6660208 kB
Committed_AS:   61473420 kB
VmallocTotal:   263061440 kB
VmallocUsed:       83636 kB
VmallocChunk:          0 kB
Percpu:             7552 kB
CmaTotal:         315392 kB
CmaFree:              24 kB
MemTotal:        5980404 kB
MemFree:         1169540 kB
MemAvailable:    2839408 kB
Buffers:            5940 kB
Cached:          1694860 kB
SwapCached:            0 kB
Active:          1326280 kB
Inactive:        1467360 kB
Active(anon):    1099448 kB
Inactive(anon):    19596 kB
Active(file):     226832 kB
Inactive(file):  1447764 kB
Unevictable:        5636 kB
Mlocked:            5636 kB
SwapTotal:       3670008 kB
SwapFree:        3670008 kB
Dirty:               416 kB
Writeback:             0 kB
AnonPages:       1098476 kB
Mapped:           776716 kB
Shmem:             21604 kB
KReclaimable:     557704 kB
Slab:             222296 kB
SReclaimable:      69832 kB
SUnreclaim:       152464 kB
KernelStack:       43280 kB
PageTables:        55936 kB
NFS_Unstable:          0 kB
Bounce:                0 kB
WritebackTmp:          0 kB
CommitLimit:     6660208 kB
Committed_AS:   61475892 kB
VmallocTotal:   263061440 kB
VmallocUsed:       83620 kB
VmallocChunk:          0 kB
Percpu:             7552 kB
CmaTotal:         315392 kB
CmaFree:               0 kB
MemTotal:        5980404 kB
MemFree:         1168808 kB
MemAvailable:    2838712 kB
Buffers:            5944 kB
Cached:          1694892 kB
SwapCached:            0 kB
Active:          1327904 kB
Inactive:        1467384 kB
Active(anon):    1101060 kB
Inactive(anon):    19596 kB
Active(file):     226844 kB
Inactive(file):  1447788 kB
Unevictable:        5636 kB
Mlocked:            5636 kB
SwapTotal:       3670008 kB
SwapFree:        3670008 kB
Dirty:               664 kB
Writeback:            36 kB
AnonPages:       1099540 kB
Mapped:           776580 kB
Shmem:             21604 kB
KReclaimable:     557704 kB
Slab:             222304 kB
SReclaimable:      69832 kB
SUnreclaim:       152472 kB
KernelStack:       43280 kB
PageTables:        55924 kB
NFS_Unstable:          0 kB
Bounce:                0 kB
WritebackTmp:          0 kB
CommitLimit:     6660208 kB
Committed_AS:   61472164 kB
VmallocTotal:   263061440 kB
VmallocUsed:       83620 kB
VmallocChunk:          0 kB
Percpu:             7552 kB
CmaTotal:         315392 kB
CmaFree:               0 kB
MemTotal:        5980404 kB
MemFree:         1166960 kB
MemAvailable:    2836844 kB
Buffers:            5944 kB
Cached:          1694872 kB
SwapCached:            0 kB
Active:          1329136 kB
Inactive:        1467372 kB
Active(anon):    1102300 kB
Inactive(anon):    19596 kB
Active(file):     226836 kB
Inactive(file):  1447776 kB
Unevictable:        5636 kB
Mlocked:            5636 kB
SwapTotal:       3670008 kB
SwapFree:        3670008 kB
Dirty:               888 kB
Writeback:             0 kB
AnonPages:       1101004 kB
Mapped:           776528 kB
Shmem:             21604 kB
KReclaimable:     557704 kB
Slab:             222304 kB
SReclaimable:      69832 kB
SUnreclaim:       152472 kB
KernelStack:       43168 kB
PageTables:        55780 kB
NFS_Unstable:          0 kB
Bounce:                0 kB
WritebackTmp:          0 kB
CommitLimit:     6660208 kB
Committed_AS:   61472948 kB
VmallocTotal:   263061440 kB
VmallocUsed:       83572 kB
VmallocChunk:          0 kB
Percpu:             7552 kB
CmaTotal:         315392 kB
CmaFree:               0 kB
MemTotal:        5980404 kB
MemFree:         1167032 kB
MemAvailable:    2836940 kB
Buffers:            5944 kB
Cached:          1694896 kB
SwapCached:            0 kB
Active:          1329720 kB
Inactive:        1467392 kB
Active(anon):    1102880 kB
Inactive(anon):    19596 kB
Active(file):     226840 kB
Inactive(file):  1447796 kB
Unevictable:        5636 kB
Mlocked:            5636 kB
SwapTotal:       3670008 kB
SwapFree:        3670008 kB
Dirty:               948 kB
Writeback:             0 kB
AnonPages:       1101892 kB
Mapped:           776448 kB
Shmem:             21604 kB
KReclaimable:     557704 kB
Slab:             222304 kB
SReclaimable:      69832 kB
SUnreclaim:       152472 kB
KernelStack:       43200 kB
PageTables:        56032 kB
NFS_Unstable:          0 kB
Bounce:                0 kB
WritebackTmp:          0 kB
CommitLimit:     6660208 kB
Committed_AS:   61476420 kB
VmallocTotal:   263061440 kB
VmallocUsed:       83588 kB
VmallocChunk:          0 kB
Percpu:             7552 kB
CmaTotal:         315392 kB
CmaFree:               0 kB
MemTotal:        5980404 kB
MemFree:         1165388 kB
MemAvailable:    2835300 kB
Buffers:            5948 kB
Cached:          1694904 kB
SwapCached:            0 kB
Active:          1331644 kB
Inactive:        1467404 kB
Active(anon):    1104804 kB
Inactive(anon):    19604 kB
Active(file):     226840 kB
Inactive(file):  1447800 kB
Unevictable:        5636 kB
Mlocked:            5636 kB
SwapTotal:       3670008 kB
SwapFree:        3670008 kB
Dirty:               720 kB
Writeback:             0 kB
AnonPages:       1103928 kB
Mapped:           776632 kB
Shmem:             21612 kB
KReclaimable:     557704 kB
Slab:             222412 kB
SReclaimable:      69832 kB
SUnreclaim:       152580 kB
KernelStack:       43152 kB
PageTables:        55936 kB
NFS_Unstable:          0 kB
Bounce:                0 kB
WritebackTmp:          0 kB
CommitLimit:     6660208 kB
Committed_AS:   61476716 kB
VmallocTotal:   263061440 kB
VmallocUsed:       83508 kB
VmallocChunk:          0 kB
Percpu:             7552 kB
CmaTotal:         315392 kB
CmaFree:               0 kB
MemTotal:        5980404 kB
MemFree:         1165132 kB
MemAvailable:    2835044 kB
Buffers:            5948 kB
Cached:          1694920 kB
SwapCached:            0 kB
Active:          1332376 kB
Inactive:        1467420 kB
Active(anon):    1105536 kB
Inactive(anon):    19620 kB
Active(file):     226840 kB
Inactive(file):  1447800 kB
Unevictable:        5636 kB
Mlocked:            5636 kB
SwapTotal:       3670008 kB
SwapFree:        3670008 kB
Dirty:               204 kB
Writeback:             0 kB
AnonPages:       1104340 kB
Mapped:           776472 kB
Shmem:             21628 kB
KReclaimable:     557704 kB
Slab:             222464 kB
SReclaimable:      69832 kB
SUnreclaim:       152632 kB
KernelStack:       43104 kB
PageTables:        55628 kB
NFS_Unstable:          0 kB
Bounce:                0 kB
WritebackTmp:          0 kB
CommitLimit:     6660208 kB
Committed_AS:   61476732 kB
VmallocTotal:   263061440 kB
VmallocUsed:       83540 kB
VmallocChunk:          0 kB
Percpu:             7552 kB
CmaTotal:         315392 kB
CmaFree:               0 kB
MemTotal:        5980404 kB
MemFree:         1166964 kB
MemAvailable:    2836876 kB
Buffers:            5948 kB
Cached:          1694920 kB
SwapCached:            0 kB
Active:          1329416 kB
Inactive:        1467416 kB
Active(anon):    1102572 kB
Inactive(anon):    19620 kB
Active(file):     226844 kB
Inactive(file):  1447796 kB
Unevictable:        5636 kB
Mlocked:            5636 kB
SwapTotal:       3670008 kB
SwapFree:        3670008 kB
Dirty:               408 kB
Writeback:             0 kB
AnonPages:       1101536 kB
Mapped:           776776 kB
Shmem:             21628 kB
KReclaimable:     557704 kB
Slab:             222456 kB
SReclaimable:      69832 kB
SUnreclaim:       152624 kB
KernelStack:       43152 kB
PageTables:        55928 kB
NFS_Unstable:          0 kB
Bounce:                0 kB
WritebackTmp:          0 kB
CommitLimit:     6660208 kB
Committed_AS:   61479108 kB
VmallocTotal:   263061440 kB
VmallocUsed:       83492 kB
VmallocChunk:          0 kB
Percpu:             7552 kB
CmaTotal:         315392 kB
CmaFree:               0 kB
MemTotal:        5980404 kB
MemFree:         1168468 kB
MemAvailable:    2838384 kB
Buffers:            5948 kB
Cached:          1694928 kB
SwapCached:            0 kB
Active:          1329096 kB
Inactive:        1467420 kB
Active(anon):    1102252 kB
Inactive(anon):    19620 kB
Active(file):     226844 kB
Inactive(file):  1447800 kB
Unevictable:        5636 kB
Mlocked:            5636 kB
SwapTotal:       3670008 kB
SwapFree:        3670008 kB
Dirty:               256 kB
Writeback:             0 kB
AnonPages:       1101128 kB
Mapped:           776832 kB
Shmem:             21628 kB
KReclaimable:     557704 kB
Slab:             222436 kB
SReclaimable:      69832 kB
SUnreclaim:       152604 kB
KernelStack:       43136 kB
PageTables:        55896 kB
NFS_Unstable:          0 kB
Bounce:                0 kB
WritebackTmp:          0 kB
CommitLimit:     6660208 kB
Committed_AS:   61472844 kB
VmallocTotal:   263061440 kB
VmallocUsed:       83524 kB
VmallocChunk:          0 kB
Percpu:             7552 kB
CmaTotal:         315392 kB
CmaFree:               0 kB
MemTotal:        5980404 kB
MemFree:         1167156 kB
MemAvailable:    2837092 kB
Buffers:            5948 kB
Cached:          1694944 kB
SwapCached:            0 kB
Active:          1329100 kB
Inactive:        1467436 kB
Active(anon):    1102252 kB
Inactive(anon):    19620 kB
Active(file):     226848 kB
Inactive(file):  1447816 kB
Unevictable:        5636 kB
Mlocked:            5636 kB
SwapTotal:       3670008 kB
SwapFree:        3670008 kB
Dirty:               268 kB
Writeback:             0 kB
AnonPages:       1101280 kB
Mapped:           776992 kB
Shmem:             21628 kB
KReclaimable:     557704 kB
Slab:             222436 kB
SReclaimable:      69832 kB
SUnreclaim:       152604 kB
KernelStack:       43072 kB
PageTables:        56052 kB
NFS_Unstable:          0 kB
Bounce:                0 kB
WritebackTmp:          0 kB
CommitLimit:     6660208 kB
Committed_AS:   61479096 kB
VmallocTotal:   263061440 kB
VmallocUsed:       83492 kB
VmallocChunk:          0 kB
Percpu:             7552 kB
CmaTotal:         315392 kB
CmaFree:              16 kB
MemTotal:        5980404 kB
MemFree:         1166200 kB
MemAvailable:    2836124 kB
Buffers:            5948 kB
Cached:          1694936 kB
SwapCached:            0 kB
Active:          1330028 kB
Inactive:        1467432 kB
Active(anon):    1103184 kB
Inactive(anon):    19624 kB
Active(file):     226844 kB
Inactive(file):  1447808 kB
Unevictable:        5636 kB
Mlocked:            5636 kB
SwapTotal:       3670008 kB
SwapFree:        3670008 kB
Dirty:               276 kB
Writeback:             0 kB
AnonPages:       1102020 kB
Mapped:           776904 kB
Shmem:             21632 kB
KReclaimable:     557704 kB
Slab:             222436 kB
SReclaimable:      69832 kB
SUnreclaim:       152604 kB
KernelStack:       43088 kB
PageTables:        55948 kB
NFS_Unstable:          0 kB
Bounce:                0 kB
WritebackTmp:          0 kB
CommitLimit:     6660208 kB
Committed_AS:   61478568 kB
VmallocTotal:   263061440 kB
VmallocUsed:       83460 kB
VmallocChunk:          0 kB
Percpu:             7552 kB
CmaTotal:         315392 kB
CmaFree:               0 kB
MemTotal:        5980404 kB
MemFree:         1167384 kB
MemAvailable:    2837308 kB
Buffers:            5948 kB
Cached:          1694936 kB
SwapCached:            0 kB
Active:          1329312 kB
Inactive:        1467432 kB
Active(anon):    1102468 kB
Inactive(anon):    19624 kB
Active(file):     226844 kB
Inactive(file):  1447808 kB
Unevictable:        5636 kB
Mlocked:            5636 kB
SwapTotal:       3670008 kB
SwapFree:        3670008 kB
Dirty:               252 kB
Writeback:             0 kB
AnonPages:       1100976 kB
Mapped:           776836 kB
Shmem:             21632 kB
KReclaimable:     557704 kB
Slab:             222404 kB
SReclaimable:      69832 kB
SUnreclaim:       152572 kB
KernelStack:       43056 kB
PageTables:        55804 kB
NFS_Unstable:          0 kB
Bounce:                0 kB
WritebackTmp:          0 kB
CommitLimit:     6660208 kB
Committed_AS:   61475680 kB
VmallocTotal:   263061440 kB
VmallocUsed:       83476 kB
VmallocChunk:          0 kB
Percpu:             7552 kB
CmaTotal:         315392 kB
CmaFree:              40 kB
MemTotal:        5980404 kB
MemFree:         1167332 kB
MemAvailable:    2837272 kB
Buffers:            5952 kB
Cached:          1694948 kB
SwapCached:            0 kB
Active:          1329612 kB
Inactive:        1467444 kB
Active(anon):    1102764 kB
Inactive(anon):    19624 kB
Active(file):     226848 kB
Inactive(file):  1447820 kB
Unevictable:        5636 kB
Mlocked:            5636 kB
SwapTotal:       3670008 kB
SwapFree:        3670008 kB
Dirty:               348 kB
Writeback:             0 kB
AnonPages:       1101660 kB
Mapped:           776676 kB
Shmem:             21632 kB
KReclaimable:     557704 kB
Slab:             222412 kB
SReclaimable:      69832 kB
SUnreclaim:       152580 kB
KernelStack:       43136 kB
PageTables:        55948 kB
NFS_Unstable:          0 kB
Bounce:                0 kB
WritebackTmp:          0 kB
CommitLimit:     6660208 kB
Committed_AS:   61473828 kB
VmallocTotal:   263061440 kB
VmallocUsed:       83460 kB
VmallocChunk:          0 kB
Percpu:             7552 kB
CmaTotal:         315392 kB
CmaFree:               0 kB
MemTotal:        5980404 kB
MemFree:         1166468 kB
MemAvailable:    2836396 kB
Buffers:            5952 kB
Cached:          1694936 kB
SwapCached:            0 kB
Active:          1330204 kB
Inactive:        1467436 kB
Active(anon):    1103360 kB
Inactive(anon):    19624 kB
Active(file):     226844 kB
Inactive(file):  1447812 kB
Unevictable:        5636 kB
Mlocked:            5636 kB
SwapTotal:       3670008 kB
SwapFree:        3670008 kB
Dirty:               440 kB
Writeback:             0 kB
AnonPages:       1102344 kB
Mapped:           776836 kB
Shmem:             21632 kB
KReclaimable:     557704 kB
Slab:             222412 kB
SReclaimable:      69832 kB
SUnreclaim:       152580 kB
KernelStack:       43152 kB
PageTables:        56032 kB
NFS_Unstable:          0 kB
Bounce:                0 kB
WritebackTmp:          0 kB
CommitLimit:     6660208 kB
Committed_AS:   61475596 kB
VmallocTotal:   263061440 kB
VmallocUsed:       83460 kB
VmallocChunk:          0 kB
Percpu:             7552 kB
CmaTotal:         315392 kB
CmaFree:               0 kB
MemTotal:        5980404 kB
MemFree:         1165164 kB
MemAvailable:    2835104 kB
Buffers:            5952 kB
Cached:          1694948 kB
SwapCached:            0 kB
Active:          1332068 kB
Inactive:        1467444 kB
Active(anon):    1105220 kB
Inactive(anon):    19624 kB
Active(file):     226848 kB
Inactive(file):  1447820 kB
Unevictable:        5636 kB
Mlocked:            5636 kB
SwapTotal:       3670008 kB
SwapFree:        3670008 kB
Dirty:               292 kB
Writeback:             0 kB
AnonPages:       1104308 kB
Mapped:           776608 kB
Shmem:             21632 kB
KReclaimable:     557704 kB
Slab:             222384 kB
SReclaimable:      69832 kB
SUnreclaim:       152552 kB
KernelStack:       43072 kB
PageTables:        56112 kB
NFS_Unstable:          0 kB
Bounce:                0 kB
WritebackTmp:          0 kB
CommitLimit:     6660208 kB
Committed_AS:   61475616 kB
VmallocTotal:   263061440 kB
VmallocUsed:       83492 kB
VmallocChunk:          0 kB
Percpu:             7552 kB
CmaTotal:         315392 kB
CmaFree:               0 kB
MemTotal:        5980404 kB
MemFree:         1172576 kB
MemAvailable:    2842512 kB
Buffers:            5952 kB
Cached:          1694944 kB
SwapCached:            0 kB
Active:          1323296 kB
Inactive:        1467444 kB
Active(anon):    1096452 kB
Inactive(anon):    19624 kB
Active(file):     226844 kB
Inactive(file):  1447820 kB
Unevictable:        5636 kB
Mlocked:            5636 kB
SwapTotal:       3670008 kB
SwapFree:        3670008 kB
Dirty:               308 kB
Writeback:             0 kB
AnonPages:       1095232 kB
Mapped:           776836 kB
Shmem:             21632 kB
KReclaimable:     557704 kB
Slab:             222328 kB
SReclaimable:      69832 kB
SUnreclaim:       152496 kB
KernelStack:       43104 kB
PageTables:        56100 kB
NFS_Unstable:          0 kB
Bounce:                0 kB
WritebackTmp:          0 kB
CommitLimit:     6660208 kB
Committed_AS:   61476500 kB
VmallocTotal:   263061440 kB
VmallocUsed:       83476 kB
VmallocChunk:          0 kB
Percpu:             7552 kB
CmaTotal:         315392 kB
CmaFree:             108 kB
MemTotal:        5980404 kB
MemFree:         1172660 kB
MemAvailable:    2842608 kB
Buffers:            5952 kB
Cached:          1694956 kB
SwapCached:            0 kB
Active:          1323944 kB
Inactive:        1467452 kB
Active(anon):    1097096 kB
Inactive(anon):    19624 kB
Active(file):     226848 kB
Inactive(file):  1447828 kB
Unevictable:        5636 kB
Mlocked:            5636 kB
SwapTotal:       3670008 kB
SwapFree:        3670008 kB
Dirty:               292 kB
Writeback:             0 kB
AnonPages:       1096168 kB
Mapped:           776836 kB
Shmem:             21632 kB
KReclaimable:     557704 kB
Slab:             222376 kB
SReclaimable:      69832 kB
SUnreclaim:       152544 kB
KernelStack:       43136 kB
PageTables:        55956 kB
NFS_Unstable:          0 kB
Bounce:                0 kB
WritebackTmp:          0 kB
CommitLimit:     6660208 kB
Committed_AS:   61476468 kB
VmallocTotal:   263061440 kB
VmallocUsed:       83460 kB
VmallocChunk:          0 kB
Percpu:             7552 kB
CmaTotal:         315392 kB
CmaFree:               0 kB
MemTotal:        5980404 kB
MemFree:         1171972 kB
MemAvailable:    2841944 kB
Buffers:            5960 kB
Cached:          1694972 kB
SwapCached:            0 kB
Active:          1325160 kB
Inactive:        1467468 kB
Active(anon):    1098304 kB
Inactive(anon):    19624 kB
Active(file):     226856 kB
Inactive(file):  1447844 kB
Unevictable:        5636 kB
Mlocked:            5636 kB
SwapTotal:       3670008 kB
SwapFree:        3670008 kB
Dirty:               500 kB
Writeback:             0 kB
AnonPages:       1097436 kB
Mapped:           776836 kB
Shmem:             21632 kB
KReclaimable:     557704 kB
Slab:             222376 kB
SReclaimable:      69832 kB
SUnreclaim:       152544 kB
KernelStack:       43104 kB
PageTables:        55900 kB
NFS_Unstable:          0 kB
Bounce:                0 kB
WritebackTmp:          0 kB
CommitLimit:     6660208 kB
Committed_AS:   61479716 kB
VmallocTotal:   263061440 kB
VmallocUsed:       83508 kB
VmallocChunk:          0 kB
Percpu:             7552 kB
CmaTotal:         315392 kB
CmaFree:               0 kB
MemTotal:        5980404 kB
MemFree:         1176224 kB
MemAvailable:    2846196 kB
Buffers:            5960 kB
Cached:          1694972 kB
SwapCached:            0 kB
Active:          1320504 kB
Inactive:        1467468 kB
Active(anon):    1093648 kB
Inactive(anon):    19624 kB
Active(file):     226856 kB
Inactive(file):  1447844 kB
Unevictable:        5636 kB
Mlocked:            5636 kB
SwapTotal:       3670008 kB
SwapFree:        3670008 kB
Dirty:               272 kB
Writeback:             0 kB
AnonPages:       1092640 kB
Mapped:           776860 kB
Shmem:             21632 kB
KReclaimable:     557704 kB
Slab:             222344 kB
SReclaimable:      69832 kB
SUnreclaim:       152512 kB
KernelStack:       43136 kB
PageTables:        56136 kB
NFS_Unstable:          0 kB
Bounce:                0 kB
WritebackTmp:          0 kB
CommitLimit:     6660208 kB
Committed_AS:   61473232 kB
VmallocTotal:   263061440 kB
VmallocUsed:       83444 kB
VmallocChunk:          0 kB
Percpu:             7552 kB
CmaTotal:         315392 kB
CmaFree:             164 kB
MemTotal:        5980404 kB
MemFree:         1174220 kB
MemAvailable:    2844192 kB
Buffers:            5960 kB
Cached:          1694972 kB
SwapCached:            0 kB
Active:          1321660 kB
Inactive:        1467468 kB
Active(anon):    1094804 kB
Inactive(anon):    19624 kB
Active(file):     226856 kB
Inactive(file):  1447844 kB
Unevictable:        5636 kB
Mlocked:            5636 kB
SwapTotal:       3670008 kB
SwapFree:        3670008 kB
Dirty:               464 kB
Writeback:             0 kB
AnonPages:       1094100 kB
Mapped:           776876 kB
Shmem:             21632 kB
KReclaimable:     557704 kB
Slab:             222348 kB
SReclaimable:      69832 kB
SUnreclaim:       152516 kB
KernelStack:       43136 kB
PageTables:        56032 kB
NFS_Unstable:          0 kB
Bounce:                0 kB
WritebackTmp:          0 kB
CommitLimit:     6660208 kB
Committed_AS:   61473868 kB
VmallocTotal:   263061440 kB
VmallocUsed:       83444 kB
VmallocChunk:          0 kB
Percpu:             7552 kB
CmaTotal:         315392 kB
CmaFree:               0 kB
MemTotal:        5980404 kB
MemFree:         1173740 kB
MemAvailable:    2843728 kB
Buffers:            5960 kB
Cached:          1694988 kB
SwapCached:            0 kB
Active:          1322208 kB
Inactive:        1467484 kB
Active(anon):    1095352 kB
Inactive(anon):    19628 kB
Active(file):     226856 kB
Inactive(file):  1447856 kB
Unevictable:        5636 kB
Mlocked:            5636 kB
SwapTotal:       3670008 kB
SwapFree:        3670008 kB
Dirty:               236 kB
Writeback:             0 kB
AnonPages:       1094432 kB
Mapped:           776700 kB
Shmem:             21636 kB
KReclaimable:     557708 kB
Slab:             222364 kB
SReclaimable:      69836 kB
SUnreclaim:       152528 kB
KernelStack:       43088 kB
PageTables:        55920 kB
NFS_Unstable:          0 kB
Bounce:                0 kB
WritebackTmp:          0 kB
CommitLimit:     6660208 kB
Committed_AS:   61474800 kB
VmallocTotal:   263061440 kB
VmallocUsed:       83444 kB
VmallocChunk:          0 kB
Percpu:             7552 kB
CmaTotal:         315392 kB
CmaFree:               0 kB
MemTotal:        5980404 kB
MemFree:         1172232 kB
MemAvailable:    2842220 kB
Buffers:            5960 kB
Cached:          1694992 kB
SwapCached:            0 kB
Active:          1322832 kB
Inactive:        1467488 kB
Active(anon):    1095976 kB
Inactive(anon):    19632 kB
Active(file):     226856 kB
Inactive(file):  1447856 kB
Unevictable:        5636 kB
Mlocked:            5636 kB
SwapTotal:       3670008 kB
SwapFree:        3670008 kB
Dirty:               360 kB
Writeback:             0 kB
AnonPages:       1095480 kB
Mapped:           776884 kB
Shmem:             21640 kB
KReclaimable:     557708 kB
Slab:             222364 kB
SReclaimable:      69836 kB
SUnreclaim:       152528 kB
KernelStack:       43120 kB
PageTables:        55944 kB
NFS_Unstable:          0 kB
Bounce:                0 kB
WritebackTmp:          0 kB
CommitLimit:     6660208 kB
Committed_AS:   61474452 kB
VmallocTotal:   263061440 kB
VmallocUsed:       83476 kB
VmallocChunk:          0 kB
Percpu:             7552 kB
CmaTotal:         315392 kB
CmaFree:               0 kB
MemTotal:        5980404 kB
MemFree:         1173020 kB
MemAvailable:    2843016 kB
Buffers:            5964 kB
Cached:          1694996 kB
SwapCached:            0 kB
Active:          1323048 kB
Inactive:        1467492 kB
Active(anon):    1096188 kB
Inactive(anon):    19632 kB
Active(file):     226860 kB
Inactive(file):  1447860 kB
Unevictable:        5636 kB
Mlocked:            5636 kB
SwapTotal:       3670008 kB
SwapFree:        3670008 kB
Dirty:               336 kB
Writeback:             0 kB
AnonPages:       1095164 kB
Mapped:           776884 kB
Shmem:             21640 kB
KReclaimable:     557708 kB
Slab:             222332 kB
SReclaimable:      69836 kB
SUnreclaim:       152496 kB
KernelStack:       43120 kB
PageTables:        55968 kB
NFS_Unstable:          0 kB
Bounce:                0 kB
WritebackTmp:          0 kB
CommitLimit:     6660208 kB
Committed_AS:   61479400 kB
VmallocTotal:   263061440 kB
VmallocUsed:       83460 kB
VmallocChunk:          0 kB
Percpu:             7552 kB
CmaTotal:         315392 kB
CmaFree:               0 kB
MemTotal:        5980404 kB
MemFree:         1171804 kB
MemAvailable:    2841808 kB
Buffers:            5964 kB
Cached:          1695004 kB
SwapCached:            0 kB
Active:          1324176 kB
Inactive:        1467500 kB
Active(anon):    1097316 kB
Inactive(anon):    19632 kB
Active(file):     226860 kB
Inactive(file):  1447868 kB
Unevictable:        5636 kB
Mlocked:            5636 kB
SwapTotal:       3670008 kB
SwapFree:        3670008 kB
Dirty:               536 kB
Writeback:             0 kB
AnonPages:       1096304 kB
Mapped:           776884 kB
Shmem:             21640 kB
KReclaimable:     557708 kB
Slab:             222340 kB
SReclaimable:      69836 kB
SUnreclaim:       152504 kB
KernelStack:       43104 kB
PageTables:        55912 kB
NFS_Unstable:          0 kB
Bounce:                0 kB
WritebackTmp:          0 kB
CommitLimit:     6660208 kB
Committed_AS:   61478676 kB
VmallocTotal:   263061440 kB
VmallocUsed:       83508 kB
VmallocChunk:          0 kB
Percpu:             7552 kB
CmaTotal:         315392 kB
CmaFree:               0 kB
MemTotal:        5980404 kB
MemFree:         1170512 kB
MemAvailable:    2840516 kB
Buffers:            5964 kB
Cached:          1695004 kB
SwapCached:            0 kB
Active:          1324508 kB
Inactive:        1467500 kB
Active(anon):    1097648 kB
Inactive(anon):    19632 kB
Active(file):     226860 kB
Inactive(file):  1447868 kB
Unevictable:        5636 kB
Mlocked:            5636 kB
SwapTotal:       3670008 kB
SwapFree:        3670008 kB
Dirty:               208 kB
Writeback:             0 kB
AnonPages:       1096728 kB
Mapped:           776884 kB
Shmem:             21640 kB
KReclaimable:     557708 kB
Slab:             222348 kB
SReclaimable:      69836 kB
SUnreclaim:       152512 kB
KernelStack:       43072 kB
PageTables:        55772 kB
NFS_Unstable:          0 kB
Bounce:                0 kB
WritebackTmp:          0 kB
CommitLimit:     6660208 kB
Committed_AS:   61478752 kB
VmallocTotal:   263061440 kB
VmallocUsed:       83492 kB
VmallocChunk:          0 kB
Percpu:             7552 kB
CmaTotal:         315392 kB
CmaFree:               0 kB
MemTotal:        5980404 kB
MemFree:         1170544 kB
MemAvailable:    2840548 kB
Buffers:            5964 kB
Cached:          1695008 kB
SwapCached:            0 kB
Active:          1325808 kB
Inactive:        1467504 kB
Active(anon):    1098948 kB
Inactive(anon):    19636 kB
Active(file):     226860 kB
Inactive(file):  1447868 kB
Unevictable:        5636 kB
Mlocked:            5636 kB
SwapTotal:       3670008 kB
SwapFree:        3670008 kB
Dirty:               240 kB
Writeback:             0 kB
AnonPages:       1097940 kB
Mapped:           776888 kB
Shmem:             21644 kB
KReclaimable:     557708 kB
Slab:             222344 kB
SReclaimable:      69836 kB
SUnreclaim:       152508 kB
KernelStack:       43200 kB
PageTables:        55900 kB
NFS_Unstable:          0 kB
Bounce:                0 kB
WritebackTmp:          0 kB
CommitLimit:     6660208 kB
Committed_AS:   61478712 kB
VmallocTotal:   263061440 kB
VmallocUsed:       83508 kB
VmallocChunk:          0 kB
Percpu:             7552 kB
CmaTotal:         315392 kB
CmaFree:               0 kB
MemTotal:        5980404 kB
MemFree:         1169156 kB
MemAvailable:    2839160 kB
Buffers:            5964 kB
Cached:          1695008 kB
SwapCached:            0 kB
Active:          1326872 kB
Inactive:        1467504 kB
Active(anon):    1100012 kB
Inactive(anon):    19636 kB
Active(file):     226860 kB
Inactive(file):  1447868 kB
Unevictable:        5636 kB
Mlocked:            5636 kB
SwapTotal:       3670008 kB
SwapFree:        3670008 kB
Dirty:               280 kB
Writeback:             0 kB
AnonPages:       1099044 kB
Mapped:           776700 kB
Shmem:             21644 kB
KReclaimable:     557708 kB
Slab:             222352 kB
SReclaimable:      69836 kB
SUnreclaim:       152516 kB
KernelStack:       43184 kB
PageTables:        55828 kB
NFS_Unstable:          0 kB
Bounce:                0 kB
WritebackTmp:          0 kB
CommitLimit:     6660208 kB
Committed_AS:   61481040 kB
VmallocTotal:   263061440 kB
VmallocUsed:       83556 kB
VmallocChunk:          0 kB
Percpu:             7552 kB
CmaTotal:         315392 kB
CmaFree:               0 kB
MemTotal:        5980404 kB
MemFree:         1169360 kB
MemAvailable:    2839372 kB
Buffers:            5964 kB
Cached:          1695020 kB
SwapCached:            0 kB
Active:          1326496 kB
Inactive:        1467516 kB
Active(anon):    1099636 kB
Inactive(anon):    19640 kB
Active(file):     226860 kB
Inactive(file):  1447876 kB
Unevictable:        5636 kB
Mlocked:            5636 kB
SwapTotal:       3670008 kB
SwapFree:        3670008 kB
Dirty:               296 kB
Writeback:             0 kB
AnonPages:       1098824 kB
Mapped:           776724 kB
Shmem:             21648 kB
KReclaimable:     557708 kB
Slab:             222352 kB
SReclaimable:      69836 kB
SUnreclaim:       152516 kB
KernelStack:       43232 kB
PageTables:        55908 kB
NFS_Unstable:          0 kB
Bounce:                0 kB
WritebackTmp:          0 kB
CommitLimit:     6660208 kB
Committed_AS:   61474700 kB
VmallocTotal:   263061440 kB
VmallocUsed:       83620 kB
VmallocChunk:          0 kB
Percpu:             7552 kB
CmaTotal:         315392 kB
CmaFree:               0 kB
MemTotal:        5980404 kB
MemFree:         1169064 kB
MemAvailable:    2839080 kB
Buffers:            5964 kB
Cached:          1695024 kB
SwapCached:            0 kB
Active:          1327648 kB
Inactive:        1467520 kB
Active(anon):    1100788 kB
Inactive(anon):    19640 kB
Active(file):     226860 kB
Inactive(file):  1447880 kB
Unevictable:        5636 kB
Mlocked:            5636 kB
SwapTotal:       3670008 kB
SwapFree:        3670008 kB
Dirty:               408 kB
Writeback:             0 kB
AnonPages:       1100016 kB
Mapped:           776892 kB
Shmem:             21648 kB
KReclaimable:     557708 kB
Slab:             222384 kB
SReclaimable:      69836 kB
SUnreclaim:       152548 kB
KernelStack:       43232 kB
PageTables:        56044 kB
NFS_Unstable:          0 kB
Bounce:                0 kB
WritebackTmp:          0 kB
CommitLimit:     6660208 kB
Committed_AS:   61474436 kB
VmallocTotal:   263061440 kB
VmallocUsed:       83572 kB
VmallocChunk:          0 kB
Percpu:             7552 kB
CmaTotal:         315392 kB
CmaFree:               0 kB
MemTotal:        5980404 kB
MemFree:         1167460 kB
MemAvailable:    2837492 kB
Buffers:            5968 kB
Cached:          1695036 kB
SwapCached:            0 kB
Active:          1328656 kB
Inactive:        1467532 kB
Active(anon):    1101792 kB
Inactive(anon):    19640 kB
Active(file):     226864 kB
Inactive(file):  1447892 kB
Unevictable:        5636 kB
Mlocked:            5636 kB
SwapTotal:       3670008 kB
SwapFree:        3670008 kB
Dirty:               784 kB
Writeback:             0 kB
AnonPages:       1100660 kB
Mapped:           776980 kB
Shmem:             21648 kB
KReclaimable:     557708 kB
Slab:             222408 kB
SReclaimable:      69836 kB
SUnreclaim:       152572 kB
KernelStack:       43188 kB
PageTables:        55892 kB
NFS_Unstable:          0 kB
Bounce:                0 kB
WritebackTmp:          0 kB
CommitLimit:     6660208 kB
Committed_AS:   61473628 kB
VmallocTotal:   263061440 kB
VmallocUsed:       83540 kB
VmallocChunk:          0 kB
Percpu:             7552 kB
CmaTotal:         315392 kB
CmaFree:               0 kB
MemTotal:        5980404 kB
MemFree:         1167780 kB
MemAvailable:    2837816 kB
Buffers:            5968 kB
Cached:          1695048 kB
SwapCached:            0 kB
Active:          1328452 kB
Inactive:        1467544 kB
Active(anon):    1101588 kB
Inactive(anon):    19648 kB
Active(file):     226864 kB
Inactive(file):  1447896 kB
Unevictable:        5636 kB
Mlocked:            5636 kB
SwapTotal:       3670008 kB
SwapFree:        3670008 kB
Dirty:               832 kB
Writeback:             0 kB
AnonPages:       1100976 kB
Mapped:           776900 kB
Shmem:             21656 kB
KReclaimable:     557708 kB
Slab:             222404 kB
SReclaimable:      69836 kB
SUnreclaim:       152568 kB
KernelStack:       43168 kB
PageTables:        55912 kB
NFS_Unstable:          0 kB
Bounce:                0 kB
WritebackTmp:          0 kB
CommitLimit:     6660208 kB
Committed_AS:   61478384 kB
VmallocTotal:   263061440 kB
VmallocUsed:       83540 kB
VmallocChunk:          0 kB
Percpu:             7552 kB
CmaTotal:         315392 kB
CmaFree:               0 kB
MemTotal:        5980404 kB
MemFree:         1166484 kB
MemAvailable:    2836520 kB
Buffers:            5968 kB
Cached:          1695048 kB
SwapCached:            0 kB
Active:          1329684 kB
Inactive:        1467544 kB
Active(anon):    1102820 kB
Inactive(anon):    19648 kB
Active(file):     226864 kB
Inactive(file):  1447896 kB
Unevictable:        5636 kB
Mlocked:            5636 kB
SwapTotal:       3670008 kB
SwapFree:        3670008 kB
Dirty:               876 kB
Writeback:             0 kB
AnonPages:       1101960 kB
Mapped:           776844 kB
Shmem:             21656 kB
KReclaimable:     557708 kB
Slab:             222412 kB
SReclaimable:      69836 kB
SUnreclaim:       152576 kB
KernelStack:       43168 kB
PageTables:        55952 kB
NFS_Unstable:          0 kB
Bounce:                0 kB
WritebackTmp:          0 kB
CommitLimit:     6660208 kB
Committed_AS:   61480804 kB
VmallocTotal:   263061440 kB
VmallocUsed:       83572 kB
VmallocChunk:          0 kB
Percpu:             7552 kB
CmaTotal:         315392 kB
CmaFree:               0 kB
MemTotal:        5980404 kB
MemFree:         1164812 kB
MemAvailable:    2834860 kB
Buffers:            5968 kB
Cached:          1695060 kB
SwapCached:            0 kB
Active:          1330620 kB
Inactive:        1467556 kB
Active(anon):    1103756 kB
Inactive(anon):    19648 kB
Active(file):     226864 kB
Inactive(file):  1447908 kB
Unevictable:        5636 kB
Mlocked:            5636 kB
SwapTotal:       3670008 kB
SwapFree:        3670008 kB
Dirty:               920 kB
Writeback:             0 kB
AnonPages:       1103064 kB
Mapped:           776712 kB
Shmem:             21656 kB
KReclaimable:     557708 kB
Slab:             222412 kB
SReclaimable:      69836 kB
SUnreclaim:       152576 kB
KernelStack:       43168 kB
PageTables:        55976 kB
NFS_Unstable:          0 kB
Bounce:                0 kB
WritebackTmp:          0 kB
CommitLimit:     6660208 kB
Committed_AS:   61481240 kB
VmallocTotal:   263061440 kB
VmallocUsed:       83540 kB
VmallocChunk:          0 kB
Percpu:             7552 kB
CmaTotal:         315392 kB
CmaFree:               0 kB
MemTotal:        5980404 kB
MemFree:         1163248 kB
MemAvailable:    2833296 kB
Buffers:            5968 kB
Cached:          1695060 kB
SwapCached:            0 kB
Active:          1331308 kB
Inactive:        1467556 kB
Active(anon):    1104444 kB
Inactive(anon):    19648 kB
Active(file):     226864 kB
Inactive(file):  1447908 kB
Unevictable:        5636 kB
Mlocked:            5636 kB
SwapTotal:       3670008 kB
SwapFree:        3670008 kB
Dirty:               920 kB
Writeback:             0 kB
AnonPages:       1103556 kB
Mapped:           776964 kB
Shmem:             21656 kB
KReclaimable:     557708 kB
Slab:             222420 kB
SReclaimable:      69836 kB
SUnreclaim:       152584 kB
KernelStack:       43200 kB
PageTables:        56120 kB
NFS_Unstable:          0 kB
Bounce:                0 kB
WritebackTmp:          0 kB
CommitLimit:     6660208 kB
Committed_AS:   61480844 kB
VmallocTotal:   263061440 kB
VmallocUsed:       83572 kB
VmallocChunk:          0 kB
Percpu:             7552 kB
CmaTotal:         315392 kB
CmaFree:               0 kB
MemTotal:        5980404 kB
MemFree:         1162704 kB
MemAvailable:    2832768 kB
Buffers:            5972 kB
Cached:          1695076 kB
SwapCached:            0 kB
Active:          1332344 kB
Inactive:        1467572 kB
Active(anon):    1105476 kB
Inactive(anon):    19652 kB
Active(file):     226868 kB
Inactive(file):  1447920 kB
Unevictable:        5636 kB
Mlocked:            5636 kB
SwapTotal:       3670008 kB
SwapFree:        3670008 kB
Dirty:               264 kB
Writeback:             0 kB
AnonPages:       1104636 kB
Mapped:           776920 kB
Shmem:             21660 kB
KReclaimable:     557708 kB
Slab:             222400 kB
SReclaimable:      69836 kB
SUnreclaim:       152564 kB
KernelStack:       43168 kB
PageTables:        55824 kB
NFS_Unstable:          0 kB
Bounce:                0 kB
WritebackTmp:          0 kB
CommitLimit:     6660208 kB
Committed_AS:   61478052 kB
VmallocTotal:   263061440 kB
VmallocUsed:       83556 kB
VmallocChunk:          0 kB
Percpu:             7552 kB
CmaTotal:         315392 kB
CmaFree:               0 kB
MemTotal:        5980404 kB
MemFree:         1161920 kB
MemAvailable:    2831984 kB
Buffers:            5972 kB
Cached:          1695080 kB
SwapCached:            0 kB
Active:          1333136 kB
Inactive:        1467576 kB
Active(anon):    1106268 kB
Inactive(anon):    19656 kB
Active(file):     226868 kB
Inactive(file):  1447920 kB
Unevictable:        5636 kB
Mlocked:            5636 kB
SwapTotal:       3670008 kB
SwapFree:        3670008 kB
Dirty:               272 kB
Writeback:             0 kB
AnonPages:       1105324 kB
Mapped:           776740 kB
Shmem:             21664 kB
KReclaimable:     557708 kB
Slab:             222396 kB
SReclaimable:      69836 kB
SUnreclaim:       152560 kB
KernelStack:       43184 kB
PageTables:        56052 kB
NFS_Unstable:          0 kB
Bounce:                0 kB
WritebackTmp:          0 kB
CommitLimit:     6660208 kB
Committed_AS:   61475860 kB
VmallocTotal:   263061440 kB
VmallocUsed:       83572 kB
VmallocChunk:          0 kB
Percpu:             7552 kB
CmaTotal:         315392 kB
CmaFree:               0 kB
MemTotal:        5980404 kB
MemFree:         1160944 kB
MemAvailable:    2831020 kB
Buffers:            5972 kB
Cached:          1695092 kB
SwapCached:            0 kB
Active:          1333568 kB
Inactive:        1467588 kB
Active(anon):    1106700 kB
Inactive(anon):    19656 kB
Active(file):     226868 kB
Inactive(file):  1447932 kB
Unevictable:        5636 kB
Mlocked:            5636 kB
SwapTotal:       3670008 kB
SwapFree:        3670008 kB
Dirty:               292 kB
Writeback:             0 kB
AnonPages:       1106036 kB
Mapped:           776908 kB
Shmem:             21664 kB
KReclaimable:     557708 kB
Slab:             222404 kB
SReclaimable:      69836 kB
SUnreclaim:       152568 kB
KernelStack:       43216 kB
PageTables:        56056 kB
NFS_Unstable:          0 kB
Bounce:                0 kB
WritebackTmp:          0 kB
CommitLimit:     6660208 kB
Committed_AS:   61476712 kB
VmallocTotal:   263061440 kB
VmallocUsed:       83540 kB
VmallocChunk:          0 kB
Percpu:             7552 kB
CmaTotal:         315392 kB
CmaFree:               0 kB
MemTotal:        5980404 kB
MemFree:         1162052 kB
MemAvailable:    2832132 kB
Buffers:            5972 kB
Cached:          1695096 kB
SwapCached:            0 kB
Active:          1334860 kB
Inactive:        1467592 kB
Active(anon):    1107992 kB
Inactive(anon):    19660 kB
Active(file):     226868 kB
Inactive(file):  1447932 kB
Unevictable:        5636 kB
Mlocked:            5636 kB
SwapTotal:       3670008 kB
SwapFree:        3670008 kB
Dirty:               368 kB
Writeback:             0 kB
AnonPages:       1106980 kB
Mapped:           776684 kB
Shmem:             21668 kB
KReclaimable:     557712 kB
Slab:             222408 kB
SReclaimable:      69840 kB
SUnreclaim:       152568 kB
KernelStack:       43184 kB
PageTables:        56040 kB
NFS_Unstable:          0 kB
Bounce:                0 kB
WritebackTmp:          0 kB
CommitLimit:     6660208 kB
Committed_AS:   61477964 kB
VmallocTotal:   263061440 kB
VmallocUsed:       83540 kB
VmallocChunk:          0 kB
Percpu:             7552 kB
CmaTotal:         315392 kB
CmaFree:               0 kB
MemTotal:        5980404 kB
MemFree:         1172020 kB
MemAvailable:    2842124 kB
Buffers:            5980 kB
Cached:          1695112 kB
SwapCached:            0 kB
Active:          1323176 kB
Inactive:        1467608 kB
Active(anon):    1096300 kB
Inactive(anon):    19660 kB
Active(file):     226876 kB
Inactive(file):  1447948 kB
Unevictable:        5636 kB
Mlocked:            5636 kB
SwapTotal:       3670008 kB
SwapFree:        3670008 kB
Dirty:               328 kB
Writeback:             0 kB
AnonPages:       1095508 kB
Mapped:           776912 kB
Shmem:             21668 kB
KReclaimable:     557712 kB
Slab:             222396 kB
SReclaimable:      69840 kB
SUnreclaim:       152556 kB
KernelStack:       43168 kB
PageTables:        55912 kB
NFS_Unstable:          0 kB
Bounce:                0 kB
WritebackTmp:          0 kB
CommitLimit:     6660208 kB
Committed_AS:   61479156 kB
VmallocTotal:   263061440 kB
VmallocUsed:       83524 kB
VmallocChunk:          0 kB
Percpu:             7552 kB
CmaTotal:         315392 kB
CmaFree:               0 kB
MemTotal:        5980404 kB
MemFree:         1170984 kB
MemAvailable:    2841088 kB
Buffers:            5980 kB
Cached:          1695112 kB
SwapCached:            0 kB
Active:          1324384 kB
Inactive:        1467612 kB
Active(anon):    1097512 kB
Inactive(anon):    19660 kB
Active(file):     226872 kB
Inactive(file):  1447952 kB
Unevictable:        5636 kB
Mlocked:            5636 kB
SwapTotal:       3670008 kB
SwapFree:        3670008 kB
Dirty:               436 kB
Writeback:             0 kB
AnonPages:       1096652 kB
Mapped:           776912 kB
Shmem:             21668 kB
KReclaimable:     557712 kB
Slab:             222400 kB
SReclaimable:      69840 kB
SUnreclaim:       152560 kB
KernelStack:       43200 kB
PageTables:        55916 kB
NFS_Unstable:          0 kB
Bounce:                0 kB
WritebackTmp:          0 kB
CommitLimit:     6660208 kB
Committed_AS:   61475280 kB
VmallocTotal:   263061440 kB
VmallocUsed:       83556 kB
VmallocChunk:          0 kB
Percpu:             7552 kB
CmaTotal:         315392 kB
CmaFree:               0 kB
MemTotal:        5980404 kB
MemFree:         1171424 kB
MemAvailable:    2841528 kB
Buffers:            5980 kB
Cached:          1695112 kB
SwapCached:            0 kB
Active:          1325504 kB
Inactive:        1467608 kB
Active(anon):    1098628 kB
Inactive(anon):    19660 kB
Active(file):     226876 kB
Inactive(file):  1447948 kB
Unevictable:        5636 kB
Mlocked:            5636 kB
SwapTotal:       3670008 kB
SwapFree:        3670008 kB
Dirty:               572 kB
Writeback:             0 kB
AnonPages:       1097672 kB
Mapped:           776956 kB
Shmem:             21668 kB
KReclaimable:     557712 kB
Slab:             222392 kB
SReclaimable:      69840 kB
SUnreclaim:       152552 kB
KernelStack:       43168 kB
PageTables:        55912 kB
NFS_Unstable:          0 kB
Bounce:                0 kB
WritebackTmp:          0 kB
CommitLimit:     6660208 kB
Committed_AS:   61469128 kB
VmallocTotal:   263061440 kB
VmallocUsed:       83476 kB
VmallocChunk:          0 kB
Percpu:             7552 kB
CmaTotal:         315392 kB
CmaFree:               0 kB
MemTotal:        5980404 kB
MemFree:         1171940 kB
MemAvailable:    2842052 kB
Buffers:            5980 kB
Cached:          1695120 kB
SwapCached:            0 kB
Active:          1323388 kB
Inactive:        1467616 kB
Active(anon):    1096512 kB
Inactive(anon):    19660 kB
Active(file):     226876 kB
Inactive(file):  1447956 kB
Unevictable:        5636 kB
Mlocked:            5636 kB
SwapTotal:       3670008 kB
SwapFree:        3670008 kB
Dirty:               452 kB
Writeback:             0 kB
AnonPages:       1095568 kB
Mapped:           776956 kB
Shmem:             21668 kB
KReclaimable:     557712 kB
Slab:             222428 kB
SReclaimable:      69840 kB
SUnreclaim:       152588 kB
KernelStack:       43152 kB
PageTables:        55916 kB
NFS_Unstable:          0 kB
Bounce:                0 kB
WritebackTmp:          0 kB
CommitLimit:     6660208 kB
Committed_AS:   61474240 kB
VmallocTotal:   263061440 kB
VmallocUsed:       83524 kB
