MemTotal:       12113144 kB
MemFree:         4386440 kB
MemAvailable:    8160632 kB
Buffers:            4656 kB
Cached:          4025024 kB
SwapCached:            0 kB
Active:          1431132 kB
Inactive:        3751112 kB
Active(anon):    1159268 kB
Inactive(anon):    19748 kB
Active(file):     271864 kB
Inactive(file):  3731364 kB
Unevictable:        5424 kB
Mlocked:            5424 kB
SwapTotal:       3145724 kB
SwapFree:        3145724 kB
Dirty:               240 kB
Writeback:            28 kB
AnonPages:       1158176 kB
Mapped:           825220 kB
Shmem:             22064 kB
KReclaimable:     639668 kB
Slab:             209688 kB
SReclaimable:      71256 kB
SUnreclaim:       138432 kB
KernelStack:       44608 kB
PageTables:        60428 kB
NFS_Unstable:          0 kB
Bounce:                0 kB
WritebackTmp:          0 kB
CommitLimit:     9202296 kB
Committed_AS:   65880896 kB
VmallocTotal:   263061440 kB
VmallocUsed:      101528 kB
VmallocChunk:          0 kB
Percpu:             7584 kB
CmaTotal:         294912 kB
CmaFree:               0 kB
MemTotal:       12113144 kB
MemFree:         4384880 kB
MemAvailable:    8159204 kB
Buffers:            4656 kB
Cached:          4025184 kB
SwapCached:            0 kB
Active:          1432640 kB
Inactive:        3751200 kB
Active(anon):    1160704 kB
Inactive(anon):    19768 kB
Active(file):     271936 kB
Inactive(file):  3731432 kB
Unevictable:        5424 kB
Mlocked:            5424 kB
SwapTotal:       3145724 kB
SwapFree:        3145724 kB
Dirty:               284 kB
Writeback:             0 kB
AnonPages:       1159596 kB
Mapped:           825388 kB
Shmem:             22084 kB
KReclaimable:     639660 kB
Slab:             209680 kB
SReclaimable:      71248 kB
SUnreclaim:       138432 kB
KernelStack:       44656 kB
PageTables:        60488 kB
NFS_Unstable:          0 kB
Bounce:                0 kB
WritebackTmp:          0 kB
CommitLimit:     9202296 kB
Committed_AS:   65875420 kB
VmallocTotal:   263061440 kB
VmallocUsed:      101528 kB
VmallocChunk:          0 kB
Percpu:             7584 kB
CmaTotal:         294912 kB
CmaFree:               0 kB
MemTotal:       12113144 kB
MemFree:         4380788 kB
MemAvailable:    8155104 kB
Buffers:            4656 kB
Cached:          4025228 kB
SwapCached:            0 kB
Active:          1434240 kB
Inactive:        3751240 kB
Active(anon):    1162300 kB
Inactive(anon):    19804 kB
Active(file):     271940 kB
Inactive(file):  3731436 kB
Unevictable:        5424 kB
Mlocked:            5424 kB
SwapTotal:       3145724 kB
SwapFree:        3145724 kB
Dirty:               304 kB
Writeback:             0 kB
AnonPages:       1161356 kB
Mapped:           825424 kB
Shmem:             22120 kB
KReclaimable:     639644 kB
Slab:             209668 kB
SReclaimable:      71232 kB
SUnreclaim:       138436 kB
KernelStack:       44624 kB
PageTables:        60128 kB
NFS_Unstable:          0 kB
Bounce:                0 kB
WritebackTmp:          0 kB
CommitLimit:     9202296 kB
Committed_AS:   65875080 kB
VmallocTotal:   263061440 kB
VmallocUsed:      101544 kB
VmallocChunk:          0 kB
Percpu:             7584 kB
CmaTotal:         294912 kB
CmaFree:               0 kB
MemTotal:       12113144 kB
MemFree:         4397496 kB
MemAvailable:    8171828 kB
Buffers:            4660 kB
Cached:          4025256 kB
SwapCached:            0 kB
Active:          1418020 kB
Inactive:        3751228 kB
Active(anon):    1146036 kB
Inactive(anon):    19820 kB
Active(file):     271984 kB
Inactive(file):  3731408 kB
Unevictable:        5424 kB
Mlocked:            5424 kB
SwapTotal:       3145724 kB
SwapFree:        3145724 kB
Dirty:               256 kB
Writeback:             0 kB
AnonPages:       1144924 kB
Mapped:           825440 kB
Shmem:             22136 kB
KReclaimable:     639644 kB
Slab:             209672 kB
SReclaimable:      71232 kB
SUnreclaim:       138440 kB
KernelStack:       44608 kB
PageTables:        60528 kB
NFS_Unstable:          0 kB
Bounce:                0 kB
WritebackTmp:          0 kB
CommitLimit:     9202296 kB
Committed_AS:   65887128 kB
VmallocTotal:   263061440 kB
VmallocUsed:      101496 kB
VmallocChunk:          0 kB
Percpu:             7584 kB
CmaTotal:         294912 kB
CmaFree:               0 kB
MemTotal:       12113144 kB
MemFree:         4395400 kB
MemAvailable:    8169752 kB
Buffers:            4664 kB
Cached:          4025272 kB
SwapCached:            0 kB
Active:          1420396 kB
Inactive:        3751244 kB
Active(anon):    1148408 kB
Inactive(anon):    19820 kB
Active(file):     271988 kB
Inactive(file):  3731424 kB
Unevictable:        5424 kB
Mlocked:            5424 kB
SwapTotal:       3145724 kB
SwapFree:        3145724 kB
Dirty:               244 kB
Writeback:             0 kB
AnonPages:       1147264 kB
Mapped:           825440 kB
Shmem:             22136 kB
KReclaimable:     639644 kB
Slab:             209684 kB
SReclaimable:      71232 kB
SUnreclaim:       138452 kB
KernelStack:       44560 kB
PageTables:        60512 kB
NFS_Unstable:          0 kB
Bounce:                0 kB
WritebackTmp:          0 kB
CommitLimit:     9202296 kB
Committed_AS:   65881976 kB
VmallocTotal:   263061440 kB
VmallocUsed:      101464 kB
VmallocChunk:          0 kB
Percpu:             7584 kB
CmaTotal:         294912 kB
CmaFree:               0 kB
MemTotal:       12113144 kB
MemFree:         4382788 kB
MemAvailable:    8157120 kB
Buffers:            4664 kB
Cached:          4025280 kB
SwapCached:            0 kB
Active:          1433328 kB
Inactive:        3751252 kB
Active(anon):    1161340 kB
Inactive(anon):    19824 kB
Active(file):     271988 kB
Inactive(file):  3731428 kB
Unevictable:        5424 kB
Mlocked:            5424 kB
SwapTotal:       3145724 kB
SwapFree:        3145724 kB
Dirty:               260 kB
Writeback:             0 kB
AnonPages:       1160300 kB
Mapped:           825444 kB
Shmem:             22140 kB
KReclaimable:     639620 kB
Slab:             209668 kB
SReclaimable:      71208 kB
SUnreclaim:       138460 kB
KernelStack:       44544 kB
PageTables:        60508 kB
NFS_Unstable:          0 kB
Bounce:                0 kB
WritebackTmp:          0 kB
CommitLimit:     9202296 kB
Committed_AS:   65882720 kB
VmallocTotal:   263061440 kB
VmallocUsed:      101416 kB
VmallocChunk:          0 kB
Percpu:             7584 kB
CmaTotal:         294912 kB
CmaFree:               0 kB
MemTotal:       12113144 kB
MemFree:         4381920 kB
MemAvailable:    8156280 kB
Buffers:            4668 kB
Cached:          4025316 kB
SwapCached:            0 kB
Active:          1435468 kB
Inactive:        3751280 kB
Active(anon):    1163468 kB
Inactive(anon):    19836 kB
Active(file):     272000 kB
Inactive(file):  3731444 kB
Unevictable:        5424 kB
Mlocked:            5424 kB
SwapTotal:       3145724 kB
SwapFree:        3145724 kB
Dirty:               268 kB
Writeback:             0 kB
AnonPages:       1162244 kB
Mapped:           825456 kB
Shmem:             22152 kB
KReclaimable:     639620 kB
Slab:             209672 kB
SReclaimable:      71208 kB
SUnreclaim:       138464 kB
KernelStack:       44560 kB
PageTables:        60632 kB
NFS_Unstable:          0 kB
Bounce:                0 kB
WritebackTmp:          0 kB
CommitLimit:     9202296 kB
Committed_AS:   65881644 kB
VmallocTotal:   263061440 kB
VmallocUsed:      101416 kB
VmallocChunk:          0 kB
Percpu:             7584 kB
CmaTotal:         294912 kB
CmaFree:               0 kB
MemTotal:       12113144 kB
MemFree:         4378476 kB
MemAvailable:    8152840 kB
Buffers:            4668 kB
Cached:          4025352 kB
SwapCached:            0 kB
Active:          1438712 kB
Inactive:        3751308 kB
Active(anon):    1166704 kB
Inactive(anon):    19868 kB
Active(file):     272008 kB
Inactive(file):  3731440 kB
Unevictable:        5424 kB
Mlocked:            5424 kB
SwapTotal:       3145724 kB
SwapFree:        3145724 kB
Dirty:               268 kB
Writeback:             0 kB
AnonPages:       1165244 kB
Mapped:           825496 kB
Shmem:             22184 kB
KReclaimable:     639620 kB
Slab:             209680 kB
SReclaimable:      71208 kB
SUnreclaim:       138472 kB
KernelStack:       44560 kB
PageTables:        60600 kB
NFS_Unstable:          0 kB
Bounce:                0 kB
WritebackTmp:          0 kB
CommitLimit:     9202296 kB
Committed_AS:   65893272 kB
VmallocTotal:   263061440 kB
VmallocUsed:      101496 kB
VmallocChunk:          0 kB
Percpu:             7584 kB
CmaTotal:         294912 kB
CmaFree:               0 kB
MemTotal:       12113144 kB
MemFree:         4375412 kB
MemAvailable:    8149784 kB
Buffers:            4668 kB
Cached:          4025364 kB
SwapCached:            0 kB
Active:          1440176 kB
Inactive:        3751316 kB
Active(anon):    1168164 kB
Inactive(anon):    19872 kB
Active(file):     272012 kB
Inactive(file):  3731444 kB
Unevictable:        5424 kB
Mlocked:            5424 kB
SwapTotal:       3145724 kB
SwapFree:        3145724 kB
Dirty:               244 kB
Writeback:             0 kB
AnonPages:       1167100 kB
Mapped:           825500 kB
Shmem:             22188 kB
KReclaimable:     639620 kB
Slab:             209672 kB
SReclaimable:      71208 kB
SUnreclaim:       138464 kB
KernelStack:       44480 kB
PageTables:        60628 kB
NFS_Unstable:          0 kB
Bounce:                0 kB
WritebackTmp:          0 kB
CommitLimit:     9202296 kB
Committed_AS:   65881912 kB
VmallocTotal:   263061440 kB
VmallocUsed:      101416 kB
VmallocChunk:          0 kB
Percpu:             7584 kB
CmaTotal:         294912 kB
CmaFree:               0 kB
MemTotal:       12113144 kB
MemFree:         4379240 kB
MemAvailable:    8153612 kB
Buffers:            4672 kB
Cached:          4025380 kB
SwapCached:            0 kB
Active:          1435004 kB
Inactive:        3751324 kB
Active(anon):    1162980 kB
Inactive(anon):    19880 kB
Active(file):     272024 kB
Inactive(file):  3731444 kB
Unevictable:        5424 kB
Mlocked:            5424 kB
SwapTotal:       3145724 kB
SwapFree:        3145724 kB
Dirty:               280 kB
Writeback:             0 kB
AnonPages:       1161720 kB
Mapped:           825508 kB
Shmem:             22196 kB
KReclaimable:     639608 kB
Slab:             209680 kB
SReclaimable:      71196 kB
SUnreclaim:       138484 kB
KernelStack:       44352 kB
PageTables:        60516 kB
NFS_Unstable:          0 kB
Bounce:                0 kB
WritebackTmp:          0 kB
CommitLimit:     9202296 kB
Committed_AS:   65885220 kB
VmallocTotal:   263061440 kB
VmallocUsed:      101336 kB
VmallocChunk:          0 kB
Percpu:             7584 kB
CmaTotal:         294912 kB
CmaFree:               0 kB
MemTotal:       12113144 kB
MemFree:         4377216 kB
MemAvailable:    8151600 kB
Buffers:            4672 kB
Cached:          4025404 kB
SwapCached:            0 kB
Active:          1437636 kB
Inactive:        3751348 kB
Active(anon):    1165612 kB
Inactive(anon):    19896 kB
Active(file):     272024 kB
Inactive(file):  3731452 kB
Unevictable:        5424 kB
Mlocked:            5424 kB
SwapTotal:       3145724 kB
SwapFree:        3145724 kB
Dirty:               284 kB
Writeback:             0 kB
AnonPages:       1164584 kB
Mapped:           825524 kB
Shmem:             22212 kB
KReclaimable:     639612 kB
Slab:             209672 kB
SReclaimable:      71200 kB
SUnreclaim:       138472 kB
KernelStack:       44352 kB
PageTables:        60512 kB
NFS_Unstable:          0 kB
Bounce:                0 kB
WritebackTmp:          0 kB
CommitLimit:     9202296 kB
Committed_AS:   65895988 kB
VmallocTotal:   263061440 kB
VmallocUsed:      101304 kB
VmallocChunk:          0 kB
Percpu:             7584 kB
CmaTotal:         294912 kB
CmaFree:               0 kB
MemTotal:       12113144 kB
MemFree:         4384352 kB
MemAvailable:    8158752 kB
Buffers:            4676 kB
Cached:          4025420 kB
SwapCached:            0 kB
Active:          1430744 kB
Inactive:        3751356 kB
Active(anon):    1158708 kB
Inactive(anon):    19900 kB
Active(file):     272036 kB
Inactive(file):  3731456 kB
Unevictable:        5424 kB
Mlocked:            5424 kB
SwapTotal:       3145724 kB
SwapFree:        3145724 kB
Dirty:               272 kB
Writeback:             0 kB
AnonPages:       1157480 kB
Mapped:           825268 kB
Shmem:             22216 kB
KReclaimable:     639612 kB
Slab:             209648 kB
SReclaimable:      71200 kB
SUnreclaim:       138448 kB
KernelStack:       44224 kB
PageTables:        60520 kB
NFS_Unstable:          0 kB
Bounce:                0 kB
WritebackTmp:          0 kB
CommitLimit:     9202296 kB
Committed_AS:   65890604 kB
VmallocTotal:   263061440 kB
VmallocUsed:      101160 kB
VmallocChunk:          0 kB
Percpu:             7584 kB
CmaTotal:         294912 kB
CmaFree:               0 kB
MemTotal:       12113144 kB
MemFree:         4383192 kB
MemAvailable:    8157600 kB
Buffers:            4680 kB
Cached:          4025440 kB
SwapCached:            0 kB
Active:          1433864 kB
Inactive:        3751400 kB
Active(anon):    1161848 kB
Inactive(anon):    19916 kB
Active(file):     272016 kB
Inactive(file):  3731484 kB
Unevictable:        5424 kB
Mlocked:            5424 kB
SwapTotal:       3145724 kB
SwapFree:        3145724 kB
Dirty:              3892 kB
Writeback:             0 kB
AnonPages:       1160592 kB
Mapped:           825284 kB
Shmem:             22232 kB
KReclaimable:     639612 kB
Slab:             209672 kB
SReclaimable:      71200 kB
SUnreclaim:       138472 kB
KernelStack:       44112 kB
PageTables:        60524 kB
NFS_Unstable:          0 kB
Bounce:                0 kB
WritebackTmp:          0 kB
CommitLimit:     9202296 kB
Committed_AS:   65895732 kB
VmallocTotal:   263061440 kB
VmallocUsed:      101080 kB
VmallocChunk:          0 kB
Percpu:             7584 kB
CmaTotal:         294912 kB
CmaFree:               0 kB
MemTotal:       12113144 kB
MemFree:         4370488 kB
MemAvailable:    8145220 kB
Buffers:            4684 kB
Cached:          4025764 kB
SwapCached:            0 kB
Active:          1446092 kB
Inactive:        3751716 kB
Active(anon):    1174064 kB
Inactive(anon):    19920 kB
Active(file):     272028 kB
Inactive(file):  3731796 kB
Unevictable:        5424 kB
Mlocked:            5424 kB
SwapTotal:       3145724 kB
SwapFree:        3145724 kB
Dirty:               324 kB
Writeback:             0 kB
AnonPages:       1172936 kB
Mapped:           825548 kB
Shmem:             22236 kB
KReclaimable:     639612 kB
Slab:             209688 kB
SReclaimable:      71200 kB
SUnreclaim:       138488 kB
KernelStack:       44112 kB
PageTables:        60524 kB
NFS_Unstable:          0 kB
Bounce:                0 kB
WritebackTmp:          0 kB
CommitLimit:     9202296 kB
Committed_AS:   65898036 kB
VmallocTotal:   263061440 kB
VmallocUsed:      101032 kB
VmallocChunk:          0 kB
Percpu:             7584 kB
CmaTotal:         294912 kB
CmaFree:               0 kB
MemTotal:       12113144 kB
MemFree:         4377400 kB
MemAvailable:    8152136 kB
Buffers:            4684 kB
Cached:          4025128 kB
SwapCached:            0 kB
Active:          1438748 kB
Inactive:        3751076 kB
Active(anon):    1166720 kB
Inactive(anon):    19276 kB
Active(file):     272028 kB
Inactive(file):  3731800 kB
Unevictable:        5424 kB
Mlocked:            5424 kB
SwapTotal:       3145724 kB
SwapFree:        3145724 kB
Dirty:               336 kB
Writeback:             0 kB
AnonPages:       1165444 kB
Mapped:           825036 kB
Shmem:             21596 kB
KReclaimable:     639612 kB
Slab:             209700 kB
SReclaimable:      71200 kB
SUnreclaim:       138500 kB
KernelStack:       44096 kB
PageTables:        60532 kB
NFS_Unstable:          0 kB
Bounce:                0 kB
WritebackTmp:          0 kB
CommitLimit:     9202296 kB
Committed_AS:   65882308 kB
VmallocTotal:   263061440 kB
VmallocUsed:      101032 kB
VmallocChunk:          0 kB
Percpu:             7584 kB
CmaTotal:         294912 kB
CmaFree:             140 kB
MemTotal:       12113144 kB
MemFree:         4377156 kB
MemAvailable:    8151904 kB
Buffers:            4688 kB
Cached:          4025136 kB
SwapCached:            0 kB
Active:          1440076 kB
Inactive:        3751088 kB
Active(anon):    1168044 kB
Inactive(anon):    19280 kB
Active(file):     272032 kB
Inactive(file):  3731808 kB
Unevictable:        5424 kB
Mlocked:            5424 kB
SwapTotal:       3145724 kB
SwapFree:        3145724 kB
Dirty:               300 kB
Writeback:             0 kB
AnonPages:       1166888 kB
Mapped:           825032 kB
Shmem:             21596 kB
KReclaimable:     639612 kB
Slab:             209704 kB
SReclaimable:      71200 kB
SUnreclaim:       138504 kB
KernelStack:       44096 kB
PageTables:        60532 kB
NFS_Unstable:          0 kB
Bounce:                0 kB
WritebackTmp:          0 kB
CommitLimit:     9202296 kB
Committed_AS:   65874888 kB
VmallocTotal:   263061440 kB
VmallocUsed:      100984 kB
VmallocChunk:          0 kB
Percpu:             7584 kB
CmaTotal:         294912 kB
CmaFree:               0 kB
MemTotal:       12113144 kB
MemFree:         4384476 kB
MemAvailable:    8159236 kB
Buffers:            4688 kB
Cached:          4025184 kB
SwapCached:            0 kB
Active:          1432304 kB
Inactive:        3751136 kB
Active(anon):    1160272 kB
Inactive(anon):    19320 kB
Active(file):     272032 kB
Inactive(file):  3731816 kB
Unevictable:        5424 kB
Mlocked:            5424 kB
SwapTotal:       3145724 kB
SwapFree:        3145724 kB
Dirty:               264 kB
Writeback:             0 kB
AnonPages:       1159200 kB
Mapped:           824812 kB
Shmem:             21636 kB
KReclaimable:     639616 kB
Slab:             209708 kB
SReclaimable:      71204 kB
SUnreclaim:       138504 kB
KernelStack:       44096 kB
PageTables:        60524 kB
NFS_Unstable:          0 kB
Bounce:                0 kB
WritebackTmp:          0 kB
CommitLimit:     9202296 kB
Committed_AS:   65869252 kB
VmallocTotal:   263061440 kB
VmallocUsed:      101000 kB
VmallocChunk:          0 kB
Percpu:             7584 kB
CmaTotal:         294912 kB
CmaFree:               0 kB
MemTotal:       12113144 kB
MemFree:         4374768 kB
MemAvailable:    8149548 kB
Buffers:            4696 kB
Cached:          4025196 kB
SwapCached:            0 kB
Active:          1441984 kB
Inactive:        3751148 kB
Active(anon):    1169944 kB
Inactive(anon):    19320 kB
Active(file):     272040 kB
Inactive(file):  3731828 kB
Unevictable:        5424 kB
Mlocked:            5424 kB
SwapTotal:       3145724 kB
SwapFree:        3145724 kB
Dirty:               316 kB
Writeback:             0 kB
AnonPages:       1168804 kB
Mapped:           825084 kB
Shmem:             21636 kB
KReclaimable:     639616 kB
Slab:             209712 kB
SReclaimable:      71204 kB
SUnreclaim:       138508 kB
KernelStack:       44032 kB
PageTables:        60652 kB
NFS_Unstable:          0 kB
Bounce:                0 kB
WritebackTmp:          0 kB
CommitLimit:     9202296 kB
Committed_AS:   65874636 kB
VmallocTotal:   263061440 kB
VmallocUsed:      100936 kB
VmallocChunk:          0 kB
Percpu:             7584 kB
CmaTotal:         294912 kB
CmaFree:               0 kB
MemTotal:       12113144 kB
MemFree:         4381092 kB
MemAvailable:    8155896 kB
Buffers:            4700 kB
Cached:          4025244 kB
SwapCached:            0 kB
Active:          1434988 kB
Inactive:        3751192 kB
Active(anon):    1162940 kB
Inactive(anon):    19348 kB
Active(file):     272048 kB
Inactive(file):  3731844 kB
Unevictable:        5424 kB
Mlocked:            5424 kB
SwapTotal:       3145724 kB
SwapFree:        3145724 kB
Dirty:               308 kB
Writeback:             0 kB
AnonPages:       1161624 kB
Mapped:           825112 kB
Shmem:             21664 kB
KReclaimable:     639616 kB
Slab:             209712 kB
SReclaimable:      71204 kB
SUnreclaim:       138508 kB
KernelStack:       44016 kB
PageTables:        60660 kB
NFS_Unstable:          0 kB
Bounce:                0 kB
WritebackTmp:          0 kB
CommitLimit:     9202296 kB
Committed_AS:   65880392 kB
VmallocTotal:   263061440 kB
VmallocUsed:      100936 kB
VmallocChunk:          0 kB
Percpu:             7584 kB
CmaTotal:         294912 kB
CmaFree:               0 kB
MemTotal:       12113144 kB
MemFree:         4380064 kB
MemAvailable:    8154868 kB
Buffers:            4700 kB
Cached:          4025244 kB
SwapCached:            0 kB
Active:          1435520 kB
Inactive:        3751192 kB
Active(anon):    1163472 kB
Inactive(anon):    19348 kB
Active(file):     272048 kB
Inactive(file):  3731844 kB
Unevictable:        5424 kB
Mlocked:            5424 kB
SwapTotal:       3145724 kB
SwapFree:        3145724 kB
Dirty:               272 kB
Writeback:             0 kB
AnonPages:       1162496 kB
Mapped:           824852 kB
Shmem:             21664 kB
KReclaimable:     639616 kB
Slab:             209732 kB
SReclaimable:      71204 kB
SUnreclaim:       138528 kB
KernelStack:       44000 kB
PageTables:        60540 kB
NFS_Unstable:          0 kB
Bounce:                0 kB
WritebackTmp:          0 kB
CommitLimit:     9202296 kB
Committed_AS:   65880056 kB
VmallocTotal:   263061440 kB
VmallocUsed:      100936 kB
VmallocChunk:          0 kB
Percpu:             7584 kB
CmaTotal:         294912 kB
CmaFree:               0 kB
MemTotal:       12113144 kB
MemFree:         4386084 kB
MemAvailable:    8160904 kB
Buffers:            4700 kB
Cached:          4025292 kB
SwapCached:            0 kB
Active:          1429380 kB
Inactive:        3751240 kB
Active(anon):    1157332 kB
Inactive(anon):    19384 kB
Active(file):     272048 kB
Inactive(file):  3731856 kB
Unevictable:        5424 kB
Mlocked:            5424 kB
SwapTotal:       3145724 kB
SwapFree:        3145724 kB
Dirty:               264 kB
Writeback:             0 kB
AnonPages:       1156444 kB
Mapped:           824888 kB
Shmem:             21700 kB
KReclaimable:     639620 kB
Slab:             209692 kB
SReclaimable:      71208 kB
SUnreclaim:       138484 kB
KernelStack:       44000 kB
PageTables:        60540 kB
NFS_Unstable:          0 kB
Bounce:                0 kB
WritebackTmp:          0 kB
CommitLimit:     9202296 kB
Committed_AS:   65877064 kB
VmallocTotal:   263061440 kB
VmallocUsed:      100936 kB
VmallocChunk:          0 kB
Percpu:             7584 kB
CmaTotal:         294912 kB
CmaFree:               0 kB
MemTotal:       12113144 kB
MemFree:         4374000 kB
MemAvailable:    8148832 kB
Buffers:            4704 kB
Cached:          4025328 kB
SwapCached:            0 kB
Active:          1443332 kB
Inactive:        3751272 kB
Active(anon):    1171276 kB
Inactive(anon):    19412 kB
Active(file):     272056 kB
Inactive(file):  3731860 kB
Unevictable:        5424 kB
Mlocked:            5424 kB
SwapTotal:       3145724 kB
SwapFree:        3145724 kB
Dirty:               248 kB
Writeback:             0 kB
AnonPages:       1170056 kB
Mapped:           824924 kB
Shmem:             21728 kB
KReclaimable:     639620 kB
Slab:             209708 kB
SReclaimable:      71208 kB
SUnreclaim:       138500 kB
KernelStack:       44032 kB
PageTables:        60544 kB
NFS_Unstable:          0 kB
Bounce:                0 kB
WritebackTmp:          0 kB
CommitLimit:     9202296 kB
Committed_AS:   65888392 kB
VmallocTotal:   263061440 kB
VmallocUsed:      100968 kB
VmallocChunk:          0 kB
Percpu:             7584 kB
CmaTotal:         294912 kB
CmaFree:               0 kB
MemTotal:       12113144 kB
MemFree:         4379400 kB
MemAvailable:    8154272 kB
Buffers:            4712 kB
Cached:          4025364 kB
SwapCached:            0 kB
Active:          1436660 kB
Inactive:        3751296 kB
Active(anon):    1164584 kB
Inactive(anon):    19420 kB
Active(file):     272076 kB
Inactive(file):  3731876 kB
Unevictable:        5424 kB
Mlocked:            5424 kB
SwapTotal:       3145724 kB
SwapFree:        3145724 kB
Dirty:               268 kB
Writeback:             0 kB
AnonPages:       1163308 kB
Mapped:           825188 kB
Shmem:             21736 kB
KReclaimable:     639624 kB
Slab:             209708 kB
SReclaimable:      71212 kB
SUnreclaim:       138496 kB
KernelStack:       44032 kB
PageTables:        60548 kB
NFS_Unstable:          0 kB
Bounce:                0 kB
WritebackTmp:          0 kB
CommitLimit:     9202296 kB
Committed_AS:   65891500 kB
VmallocTotal:   263061440 kB
VmallocUsed:      100952 kB
VmallocChunk:          0 kB
Percpu:             7584 kB
CmaTotal:         294912 kB
CmaFree:               0 kB
MemTotal:       12113144 kB
MemFree:         4376092 kB
MemAvailable:    8150972 kB
Buffers:            4712 kB
Cached:          4025384 kB
SwapCached:            0 kB
Active:          1438328 kB
Inactive:        3751316 kB
Active(anon):    1166252 kB
Inactive(anon):    19432 kB
Active(file):     272076 kB
Inactive(file):  3731884 kB
Unevictable:        5424 kB
Mlocked:            5424 kB
SwapTotal:       3145724 kB
SwapFree:        3145724 kB
Dirty:               308 kB
Writeback:             0 kB
AnonPages:       1165132 kB
Mapped:           825200 kB
Shmem:             21748 kB
KReclaimable:     639624 kB
Slab:             209716 kB
SReclaimable:      71212 kB
SUnreclaim:       138504 kB
KernelStack:       44032 kB
PageTables:        60552 kB
NFS_Unstable:          0 kB
Bounce:                0 kB
WritebackTmp:          0 kB
CommitLimit:     9202296 kB
Committed_AS:   65888712 kB
VmallocTotal:   263061440 kB
VmallocUsed:      100952 kB
VmallocChunk:          0 kB
Percpu:             7584 kB
CmaTotal:         294912 kB
CmaFree:               0 kB
MemTotal:       12113144 kB
MemFree:         4362956 kB
MemAvailable:    8137848 kB
Buffers:            4716 kB
Cached:          4025404 kB
SwapCached:            0 kB
Active:          1451688 kB
Inactive:        3751332 kB
Active(anon):    1179604 kB
Inactive(anon):    19444 kB
Active(file):     272084 kB
Inactive(file):  3731888 kB
Unevictable:        5424 kB
Mlocked:            5424 kB
SwapTotal:       3145724 kB
SwapFree:        3145724 kB
Dirty:               328 kB
Writeback:             0 kB
AnonPages:       1178464 kB
Mapped:           824952 kB
Shmem:             21760 kB
KReclaimable:     639624 kB
Slab:             209720 kB
SReclaimable:      71212 kB
SUnreclaim:       138508 kB
KernelStack:       43968 kB
PageTables:        60556 kB
NFS_Unstable:          0 kB
Bounce:                0 kB
WritebackTmp:          0 kB
CommitLimit:     9202296 kB
Committed_AS:   65896812 kB
VmallocTotal:   263061440 kB
VmallocUsed:      100888 kB
VmallocChunk:          0 kB
Percpu:             7584 kB
CmaTotal:         294912 kB
CmaFree:               0 kB
MemTotal:       12113144 kB
MemFree:         4360240 kB
MemAvailable:    8135140 kB
Buffers:            4716 kB
Cached:          4025420 kB
SwapCached:            0 kB
Active:          1453796 kB
Inactive:        3751308 kB
Active(anon):    1181672 kB
Inactive(anon):    19452 kB
Active(file):     272124 kB
Inactive(file):  3731856 kB
Unevictable:        5424 kB
Mlocked:            5424 kB
SwapTotal:       3145724 kB
SwapFree:        3145724 kB
Dirty:               320 kB
Writeback:             0 kB
AnonPages:       1180636 kB
Mapped:           824960 kB
Shmem:             21768 kB
KReclaimable:     639624 kB
Slab:             209724 kB
SReclaimable:      71212 kB
SUnreclaim:       138512 kB
KernelStack:       43968 kB
PageTables:        60556 kB
NFS_Unstable:          0 kB
Bounce:                0 kB
WritebackTmp:          0 kB
CommitLimit:     9202296 kB
Committed_AS:   65896640 kB
VmallocTotal:   263061440 kB
VmallocUsed:      100904 kB
VmallocChunk:          0 kB
Percpu:             7584 kB
CmaTotal:         294912 kB
CmaFree:               0 kB
MemTotal:       12113144 kB
MemFree:         4360760 kB
MemAvailable:    8135680 kB
Buffers:            4724 kB
Cached:          4025436 kB
SwapCached:            0 kB
Active:          1453384 kB
Inactive:        3751324 kB
Active(anon):    1181252 kB
Inactive(anon):    19456 kB
Active(file):     272132 kB
Inactive(file):  3731868 kB
Unevictable:        5424 kB
Mlocked:            5424 kB
SwapTotal:       3145724 kB
SwapFree:        3145724 kB
Dirty:               252 kB
Writeback:             0 kB
AnonPages:       1180184 kB
Mapped:           824964 kB
Shmem:             21772 kB
KReclaimable:     639624 kB
Slab:             209716 kB
SReclaimable:      71212 kB
SUnreclaim:       138504 kB
KernelStack:       43936 kB
PageTables:        60676 kB
NFS_Unstable:          0 kB
Bounce:                0 kB
WritebackTmp:          0 kB
CommitLimit:     9202296 kB
Committed_AS:   65892944 kB
VmallocTotal:   263061440 kB
VmallocUsed:      100856 kB
VmallocChunk:          0 kB
Percpu:             7584 kB
CmaTotal:         294912 kB
CmaFree:               0 kB
MemTotal:       12113144 kB
MemFree:         4368788 kB
MemAvailable:    8143708 kB
Buffers:            4724 kB
Cached:          4025444 kB
SwapCached:            0 kB
Active:          1446424 kB
Inactive:        3751324 kB
Active(anon):    1174284 kB
Inactive(anon):    19460 kB
Active(file):     272140 kB
Inactive(file):  3731864 kB
Unevictable:        5424 kB
Mlocked:            5424 kB
SwapTotal:       3145724 kB
SwapFree:        3145724 kB
Dirty:               260 kB
Writeback:             0 kB
AnonPages:       1173136 kB
Mapped:           825228 kB
Shmem:             21776 kB
KReclaimable:     639620 kB
Slab:             209748 kB
SReclaimable:      71208 kB
SUnreclaim:       138540 kB
KernelStack:       43904 kB
PageTables:        60556 kB
NFS_Unstable:          0 kB
Bounce:                0 kB
WritebackTmp:          0 kB
CommitLimit:     9202296 kB
Committed_AS:   65898772 kB
VmallocTotal:   263061440 kB
VmallocUsed:      100840 kB
VmallocChunk:          0 kB
Percpu:             7584 kB
CmaTotal:         294912 kB
CmaFree:               0 kB
MemTotal:       12113144 kB
MemFree:         4358232 kB
MemAvailable:    8133168 kB
Buffers:            4728 kB
Cached:          4025292 kB
SwapCached:            0 kB
Active:          1454904 kB
Inactive:        3751064 kB
Active(anon):    1182756 kB
Inactive(anon):    19196 kB
Active(file):     272148 kB
Inactive(file):  3731868 kB
Unevictable:        5424 kB
Mlocked:            5424 kB
SwapTotal:       3145724 kB
SwapFree:        3145724 kB
Dirty:               276 kB
Writeback:             0 kB
AnonPages:       1181084 kB
Mapped:           824960 kB
Shmem:             21616 kB
KReclaimable:     639624 kB
Slab:             209756 kB
SReclaimable:      71212 kB
SUnreclaim:       138544 kB
KernelStack:       43904 kB
PageTables:        60548 kB
NFS_Unstable:          0 kB
Bounce:                0 kB
WritebackTmp:          0 kB
CommitLimit:     9202296 kB
Committed_AS:   65897352 kB
VmallocTotal:   263061440 kB
VmallocUsed:      100824 kB
VmallocChunk:          0 kB
Percpu:             7584 kB
CmaTotal:         294912 kB
CmaFree:               0 kB
MemTotal:       12113144 kB
MemFree:         4370876 kB
MemAvailable:    8145812 kB
Buffers:            4728 kB
Cached:          4025456 kB
SwapCached:            0 kB
Active:          1442368 kB
Inactive:        3751332 kB
Active(anon):    1170220 kB
Inactive(anon):    19464 kB
Active(file):     272148 kB
Inactive(file):  3731868 kB
Unevictable:        5424 kB
Mlocked:            5424 kB
SwapTotal:       3145724 kB
SwapFree:        3145724 kB
Dirty:               264 kB
Writeback:             0 kB
AnonPages:       1169144 kB
Mapped:           825232 kB
Shmem:             21780 kB
KReclaimable:     639624 kB
Slab:             209752 kB
SReclaimable:      71212 kB
SUnreclaim:       138540 kB
KernelStack:       43840 kB
PageTables:        60680 kB
NFS_Unstable:          0 kB
Bounce:                0 kB
WritebackTmp:          0 kB
CommitLimit:     9202296 kB
Committed_AS:   65897480 kB
VmallocTotal:   263061440 kB
VmallocUsed:      100776 kB
VmallocChunk:          0 kB
Percpu:             7584 kB
CmaTotal:         294912 kB
CmaFree:               0 kB
MemTotal:       12113144 kB
MemFree:         4370084 kB
MemAvailable:    8145048 kB
Buffers:            4736 kB
Cached:          4025484 kB
SwapCached:            0 kB
Active:          1447472 kB
Inactive:        3751360 kB
Active(anon):    1175316 kB
Inactive(anon):    19472 kB
Active(file):     272156 kB
Inactive(file):  3731888 kB
Unevictable:        5424 kB
Mlocked:            5424 kB
SwapTotal:       3145724 kB
SwapFree:        3145724 kB
Dirty:               264 kB
Writeback:             0 kB
AnonPages:       1174132 kB
Mapped:           825048 kB
Shmem:             21788 kB
KReclaimable:     639624 kB
Slab:             209748 kB
SReclaimable:      71212 kB
SUnreclaim:       138536 kB
KernelStack:       43728 kB
PageTables:        60632 kB
NFS_Unstable:          0 kB
Bounce:                0 kB
WritebackTmp:          0 kB
CommitLimit:     9202296 kB
Committed_AS:   65892456 kB
VmallocTotal:   263061440 kB
VmallocUsed:      100616 kB
VmallocChunk:          0 kB
Percpu:             7584 kB
CmaTotal:         294912 kB
CmaFree:               0 kB
MemTotal:       12113144 kB
MemFree:         4367912 kB
MemAvailable:    8142888 kB
Buffers:            4736 kB
Cached:          4025504 kB
SwapCached:            0 kB
Active:          1449212 kB
Inactive:        3751380 kB
Active(anon):    1177056 kB
Inactive(anon):    19480 kB
Active(file):     272156 kB
Inactive(file):  3731900 kB
Unevictable:        5424 kB
Mlocked:            5424 kB
SwapTotal:       3145724 kB
SwapFree:        3145724 kB
Dirty:               296 kB
Writeback:             0 kB
AnonPages:       1175992 kB
Mapped:           825248 kB
Shmem:             21796 kB
KReclaimable:     639624 kB
Slab:             209748 kB
SReclaimable:      71212 kB
SUnreclaim:       138536 kB
KernelStack:       43760 kB
PageTables:        60696 kB
NFS_Unstable:          0 kB
Bounce:                0 kB
WritebackTmp:          0 kB
CommitLimit:     9202296 kB
Committed_AS:   65877748 kB
VmallocTotal:   263061440 kB
VmallocUsed:      100632 kB
VmallocChunk:          0 kB
Percpu:             7584 kB
CmaTotal:         294912 kB
CmaFree:               0 kB
