MemTotal:        7922408 kB
MemFree:         1030280 kB
MemAvailable:    3598312 kB
Buffers:           53820 kB
Cached:          2393888 kB
SwapCached:            0 kB
Active:           439716 kB
Inactive:        3661896 kB
Active(anon):       8408 kB
Inactive(anon):  1682104 kB
Active(file):     431308 kB
Inactive(file):  1979792 kB
Unevictable:        6160 kB
Mlocked:            5720 kB
SwapTotal:       4718584 kB
SwapFree:        4718584 kB
Dirty:               220 kB
Writeback:             0 kB
AnonPages:       1660092 kB
Mapped:          1040920 kB
Shmem:             31932 kB
KReclaimable:     547204 kB
Slab:             318780 kB
SReclaimable:      92052 kB
SUnreclaim:       226728 kB
KernelStack:       47904 kB
ShadowCallStack:   12008 kB
PageTables:        68312 kB
NFS_Unstable:          0 kB
Bounce:                0 kB
WritebackTmp:          0 kB
CommitLimit:     8679788 kB
Committed_AS:   72239956 kB
VmallocTotal:   263061440 kB
VmallocUsed:      129148 kB
VmallocChunk:          0 kB
Percpu:             6288 kB
CmaTotal:         405504 kB
CmaFree:            2740 kB
MemTotal:        7922408 kB
MemFree:         1029384 kB
MemAvailable:    3597048 kB
Buffers:           53828 kB
Cached:          2393888 kB
SwapCached:            0 kB
Active:           439716 kB
Inactive:        3663240 kB
Active(anon):       8404 kB
Inactive(anon):  1683448 kB
Active(file):     431312 kB
Inactive(file):  1979792 kB
Unevictable:        6160 kB
Mlocked:            5720 kB
SwapTotal:       4718584 kB
SwapFree:        4718584 kB
Dirty:                 0 kB
Writeback:             0 kB
AnonPages:       1661356 kB
Mapped:          1040724 kB
Shmem:             31936 kB
KReclaimable:     546832 kB
Slab:             318832 kB
SReclaimable:      92056 kB
SUnreclaim:       226776 kB
KernelStack:       47984 kB
ShadowCallStack:   11992 kB
PageTables:        68176 kB
NFS_Unstable:          0 kB
Bounce:                0 kB
WritebackTmp:          0 kB
CommitLimit:     8679788 kB
Committed_AS:   72239956 kB
VmallocTotal:   263061440 kB
VmallocUsed:      129160 kB
VmallocChunk:          0 kB
Percpu:             6288 kB
CmaTotal:         405504 kB
CmaFree:             444 kB
MemTotal:        7922408 kB
MemFree:         1028444 kB
MemAvailable:    3596112 kB
Buffers:           53828 kB
Cached:          2393892 kB
SwapCached:            0 kB
Active:           439720 kB
Inactive:        3663796 kB
Active(anon):       8404 kB
Inactive(anon):  1684004 kB
Active(file):     431316 kB
Inactive(file):  1979792 kB
Unevictable:        6160 kB
Mlocked:            5720 kB
SwapTotal:       4718584 kB
SwapFree:        4718584 kB
Dirty:                92 kB
Writeback:             0 kB
AnonPages:       1661868 kB
Mapped:          1040868 kB
Shmem:             31936 kB
KReclaimable:     546832 kB
Slab:             318792 kB
SReclaimable:      92056 kB
SUnreclaim:       226736 kB
KernelStack:       47936 kB
ShadowCallStack:   12004 kB
PageTables:        68264 kB
NFS_Unstable:          0 kB
Bounce:                0 kB
WritebackTmp:          0 kB
CommitLimit:     8679788 kB
Committed_AS:   72239956 kB
VmallocTotal:   263061440 kB
VmallocUsed:      129156 kB
VmallocChunk:          0 kB
Percpu:             6288 kB
CmaTotal:         405504 kB
CmaFree:              60 kB
MemTotal:        7922408 kB
MemFree:         1028760 kB
MemAvailable:    3596428 kB
Buffers:           53828 kB
Cached:          2393892 kB
SwapCached:            0 kB
Active:           439724 kB
Inactive:        3663696 kB
Active(anon):       8408 kB
Inactive(anon):  1683904 kB
Active(file):     431316 kB
Inactive(file):  1979792 kB
Unevictable:        6160 kB
Mlocked:            5720 kB
SwapTotal:       4718584 kB
SwapFree:        4718584 kB
Dirty:               148 kB
Writeback:             0 kB
AnonPages:       1661672 kB
Mapped:          1040916 kB
Shmem:             31936 kB
KReclaimable:     546832 kB
Slab:             318792 kB
SReclaimable:      92056 kB
SUnreclaim:       226736 kB
KernelStack:       47904 kB
ShadowCallStack:   11996 kB
PageTables:        68100 kB
NFS_Unstable:          0 kB
Bounce:                0 kB
WritebackTmp:          0 kB
CommitLimit:     8679788 kB
Committed_AS:   72239960 kB
VmallocTotal:   263061440 kB
VmallocUsed:      129156 kB
VmallocChunk:          0 kB
Percpu:             6288 kB
CmaTotal:         405504 kB
CmaFree:              16 kB
MemTotal:        7922408 kB
MemFree:         1028300 kB
MemAvailable:    3595980 kB
Buffers:           53836 kB
Cached:          2393892 kB
SwapCached:            0 kB
Active:           439728 kB
Inactive:        3663568 kB
Active(anon):       8404 kB
Inactive(anon):  1683776 kB
Active(file):     431324 kB
Inactive(file):  1979792 kB
Unevictable:        6160 kB
Mlocked:            5720 kB
SwapTotal:       4718584 kB
SwapFree:        4718584 kB
Dirty:               232 kB
Writeback:             0 kB
AnonPages:       1661820 kB
Mapped:          1040960 kB
Shmem:             31936 kB
KReclaimable:     546836 kB
Slab:             318788 kB
SReclaimable:      92060 kB
SUnreclaim:       226728 kB
KernelStack:       47952 kB
ShadowCallStack:   12000 kB
PageTables:        68136 kB
NFS_Unstable:          0 kB
Bounce:                0 kB
WritebackTmp:          0 kB
CommitLimit:     8679788 kB
Committed_AS:   72239956 kB
VmallocTotal:   263061440 kB
VmallocUsed:      129144 kB
VmallocChunk:          0 kB
Percpu:             6288 kB
CmaTotal:         405504 kB
CmaFree:              92 kB
MemTotal:        7922408 kB
MemFree:         1028752 kB
MemAvailable:    3596476 kB
Buffers:           53836 kB
Cached:          2393896 kB
SwapCached:            0 kB
Active:           439732 kB
Inactive:        3663892 kB
Active(anon):       8408 kB
Inactive(anon):  1684096 kB
Active(file):     431324 kB
Inactive(file):  1979796 kB
Unevictable:        6160 kB
Mlocked:            5720 kB
SwapTotal:       4718584 kB
SwapFree:        4718584 kB
Dirty:               404 kB
Writeback:             0 kB
AnonPages:       1662092 kB
Mapped:          1041180 kB
Shmem:             31936 kB
KReclaimable:     546876 kB
Slab:             318792 kB
SReclaimable:      92064 kB
SUnreclaim:       226728 kB
KernelStack:       47920 kB
ShadowCallStack:   12000 kB
PageTables:        68088 kB
NFS_Unstable:          0 kB
Bounce:                0 kB
WritebackTmp:          0 kB
CommitLimit:     8679788 kB
Committed_AS:   72240008 kB
VmallocTotal:   263061440 kB
VmallocUsed:      129200 kB
VmallocChunk:          0 kB
Percpu:             6288 kB
CmaTotal:         405504 kB
CmaFree:               4 kB
MemTotal:        7922408 kB
MemFree:         1028256 kB
MemAvailable:    3595980 kB
Buffers:           53836 kB
Cached:          2393912 kB
SwapCached:            0 kB
Active:           439736 kB
Inactive:        3665212 kB
Active(anon):       8412 kB
Inactive(anon):  1685416 kB
Active(file):     431324 kB
Inactive(file):  1979796 kB
Unevictable:        6160 kB
Mlocked:            5720 kB
SwapTotal:       4718584 kB
SwapFree:        4718584 kB
Dirty:                64 kB
Writeback:             4 kB
AnonPages:       1663388 kB
Mapped:          1041144 kB
Shmem:             31952 kB
KReclaimable:     546876 kB
Slab:             318792 kB
SReclaimable:      92064 kB
SUnreclaim:       226728 kB
KernelStack:       47952 kB
ShadowCallStack:   12000 kB
PageTables:        68144 kB
NFS_Unstable:          0 kB
Bounce:                0 kB
WritebackTmp:          0 kB
CommitLimit:     8679788 kB
Committed_AS:   72240028 kB
VmallocTotal:   263061440 kB
VmallocUsed:      129204 kB
VmallocChunk:          0 kB
Percpu:             6288 kB
CmaTotal:         405504 kB
CmaFree:             120 kB
MemTotal:        7922408 kB
MemFree:         1026484 kB
MemAvailable:    3594224 kB
Buffers:           53848 kB
Cached:          2393916 kB
SwapCached:            0 kB
Active:           439736 kB
Inactive:        3666564 kB
Active(anon):       8400 kB
Inactive(anon):  1686768 kB
Active(file):     431336 kB
Inactive(file):  1979796 kB
Unevictable:        6160 kB
Mlocked:            5720 kB
SwapTotal:       4718584 kB
SwapFree:        4718584 kB
Dirty:                84 kB
Writeback:             0 kB
AnonPages:       1664784 kB
Mapped:          1041132 kB
Shmem:             31956 kB
KReclaimable:     546880 kB
Slab:             318796 kB
SReclaimable:      92068 kB
SUnreclaim:       226728 kB
KernelStack:       47952 kB
ShadowCallStack:   12016 kB
PageTables:        68132 kB
NFS_Unstable:          0 kB
Bounce:                0 kB
WritebackTmp:          0 kB
CommitLimit:     8679788 kB
Committed_AS:   72239984 kB
VmallocTotal:   263061440 kB
VmallocUsed:      129184 kB
VmallocChunk:          0 kB
Percpu:             6288 kB
CmaTotal:         405504 kB
CmaFree:               0 kB
MemTotal:        7922408 kB
MemFree:         1029128 kB
MemAvailable:    3596868 kB
Buffers:           53848 kB
Cached:          2393920 kB
SwapCached:            0 kB
Active:           439744 kB
Inactive:        3663180 kB
Active(anon):       8408 kB
Inactive(anon):  1683384 kB
Active(file):     431336 kB
Inactive(file):  1979796 kB
Unevictable:        6160 kB
Mlocked:            5720 kB
SwapTotal:       4718584 kB
SwapFree:        4718584 kB
Dirty:               148 kB
Writeback:             0 kB
AnonPages:       1661300 kB
Mapped:          1041108 kB
Shmem:             31960 kB
KReclaimable:     546880 kB
Slab:             318796 kB
SReclaimable:      92068 kB
SUnreclaim:       226728 kB
KernelStack:       47936 kB
ShadowCallStack:   12004 kB
PageTables:        68096 kB
NFS_Unstable:          0 kB
Bounce:                0 kB
WritebackTmp:          0 kB
CommitLimit:     8679788 kB
Committed_AS:   72239980 kB
VmallocTotal:   263061440 kB
VmallocUsed:      129164 kB
VmallocChunk:          0 kB
Percpu:             6288 kB
CmaTotal:         405504 kB
CmaFree:             788 kB
MemTotal:        7922408 kB
MemFree:         1026776 kB
MemAvailable:    3594524 kB
Buffers:           53856 kB
Cached:          2393920 kB
SwapCached:            0 kB
Active:           439752 kB
Inactive:        3664392 kB
Active(anon):       8408 kB
Inactive(anon):  1684596 kB
Active(file):     431344 kB
Inactive(file):  1979796 kB
Unevictable:        6160 kB
Mlocked:            5720 kB
SwapTotal:       4718584 kB
SwapFree:        4718584 kB
Dirty:               180 kB
Writeback:             0 kB
AnonPages:       1662520 kB
Mapped:          1041028 kB
Shmem:             31960 kB
KReclaimable:     546880 kB
Slab:             318800 kB
SReclaimable:      92068 kB
SUnreclaim:       226732 kB
KernelStack:       47936 kB
ShadowCallStack:   12008 kB
PageTables:        68136 kB
NFS_Unstable:          0 kB
Bounce:                0 kB
WritebackTmp:          0 kB
CommitLimit:     8679788 kB
Committed_AS:   72239984 kB
VmallocTotal:   263061440 kB
VmallocUsed:      129176 kB
VmallocChunk:          0 kB
Percpu:             6288 kB
CmaTotal:         405504 kB
CmaFree:               0 kB
MemTotal:        7922408 kB
MemFree:         1026204 kB
MemAvailable:    3593988 kB
Buffers:           53856 kB
Cached:          2393944 kB
SwapCached:            0 kB
Active:           439752 kB
Inactive:        3667556 kB
Active(anon):       8408 kB
Inactive(anon):  1687760 kB
Active(file):     431344 kB
Inactive(file):  1979796 kB
Unevictable:        6160 kB
Mlocked:            5720 kB
SwapTotal:       4718584 kB
SwapFree:        4718584 kB
Dirty:               332 kB
Writeback:             0 kB
AnonPages:       1665648 kB
Mapped:          1041456 kB
Shmem:             31984 kB
KReclaimable:     546916 kB
Slab:             318800 kB
SReclaimable:      92068 kB
SUnreclaim:       226732 kB
KernelStack:       47904 kB
ShadowCallStack:   12000 kB
PageTables:        68172 kB
NFS_Unstable:          0 kB
Bounce:                0 kB
WritebackTmp:          0 kB
CommitLimit:     8679788 kB
Committed_AS:   72240004 kB
VmallocTotal:   263061440 kB
VmallocUsed:      129128 kB
VmallocChunk:          0 kB
Percpu:             6288 kB
CmaTotal:         405504 kB
CmaFree:               0 kB
MemTotal:        7922408 kB
MemFree:         1044456 kB
MemAvailable:    3612592 kB
Buffers:           53856 kB
Cached:          2393780 kB
SwapCached:            0 kB
Active:           439756 kB
Inactive:        3649288 kB
Active(anon):       8408 kB
Inactive(anon):  1669496 kB
Active(file):     431348 kB
Inactive(file):  1979792 kB
Unevictable:        6160 kB
Mlocked:            5720 kB
SwapTotal:       4718584 kB
SwapFree:        4718584 kB
Dirty:               340 kB
Writeback:             0 kB
AnonPages:       1647600 kB
Mapped:          1041300 kB
Shmem:             31820 kB
KReclaimable:     547268 kB
Slab:             318804 kB
SReclaimable:      92068 kB
SUnreclaim:       226736 kB
KernelStack:       47808 kB
ShadowCallStack:   11976 kB
PageTables:        68264 kB
NFS_Unstable:          0 kB
Bounce:                0 kB
WritebackTmp:          0 kB
CommitLimit:     8679788 kB
Committed_AS:   72227080 kB
VmallocTotal:   263061440 kB
VmallocUsed:      129024 kB
VmallocChunk:          0 kB
Percpu:             6288 kB
CmaTotal:         405504 kB
CmaFree:            7252 kB
MemTotal:        7922408 kB
MemFree:         1048320 kB
MemAvailable:    3616456 kB
Buffers:           53864 kB
Cached:          2393772 kB
SwapCached:            0 kB
Active:           439756 kB
Inactive:        3644620 kB
Active(anon):       8408 kB
Inactive(anon):  1664828 kB
Active(file):     431348 kB
Inactive(file):  1979792 kB
Unevictable:        6160 kB
Mlocked:            5720 kB
SwapTotal:       4718584 kB
SwapFree:        4718584 kB
Dirty:               344 kB
Writeback:             0 kB
AnonPages:       1642904 kB
Mapped:          1041040 kB
Shmem:             31820 kB
KReclaimable:     547268 kB
Slab:             318808 kB
SReclaimable:      92068 kB
SUnreclaim:       226740 kB
KernelStack:       47840 kB
ShadowCallStack:   11972 kB
PageTables:        68144 kB
NFS_Unstable:          0 kB
Bounce:                0 kB
WritebackTmp:          0 kB
CommitLimit:     8679788 kB
Committed_AS:   72227132 kB
VmallocTotal:   263061440 kB
VmallocUsed:      129024 kB
VmallocChunk:          0 kB
Percpu:             6288 kB
CmaTotal:         405504 kB
CmaFree:            8784 kB
MemTotal:        7922408 kB
MemFree:         1046756 kB
MemAvailable:    3614900 kB
Buffers:           53864 kB
Cached:          2393780 kB
SwapCached:            0 kB
Active:           439764 kB
Inactive:        3645284 kB
Active(anon):       8408 kB
Inactive(anon):  1665492 kB
Active(file):     431356 kB
Inactive(file):  1979792 kB
Unevictable:        6160 kB
Mlocked:            5720 kB
SwapTotal:       4718584 kB
SwapFree:        4718584 kB
Dirty:               356 kB
Writeback:             0 kB
AnonPages:       1643732 kB
Mapped:          1041308 kB
Shmem:             31820 kB
KReclaimable:     547268 kB
Slab:             318808 kB
SReclaimable:      92068 kB
SUnreclaim:       226740 kB
KernelStack:       47808 kB
ShadowCallStack:   11996 kB
PageTables:        68168 kB
NFS_Unstable:          0 kB
Bounce:                0 kB
WritebackTmp:          0 kB
CommitLimit:     8679788 kB
Committed_AS:   72227132 kB
VmallocTotal:   263061440 kB
VmallocUsed:      129020 kB
VmallocChunk:          0 kB
Percpu:             6288 kB
CmaTotal:         405504 kB
CmaFree:            8980 kB
MemTotal:        7922408 kB
MemFree:         1045844 kB
MemAvailable:    3613988 kB
Buffers:           53864 kB
Cached:          2393784 kB
SwapCached:            0 kB
Active:           439764 kB
Inactive:        3645604 kB
Active(anon):       8408 kB
Inactive(anon):  1665812 kB
Active(file):     431356 kB
Inactive(file):  1979792 kB
Unevictable:        6160 kB
Mlocked:            5720 kB
SwapTotal:       4718584 kB
SwapFree:        4718584 kB
Dirty:               360 kB
Writeback:             0 kB
AnonPages:       1644000 kB
Mapped:          1041252 kB
Shmem:             31824 kB
KReclaimable:     547268 kB
Slab:             318816 kB
SReclaimable:      92068 kB
SUnreclaim:       226748 kB
KernelStack:       47808 kB
ShadowCallStack:   11976 kB
PageTables:        68040 kB
NFS_Unstable:          0 kB
Bounce:                0 kB
WritebackTmp:          0 kB
CommitLimit:     8679788 kB
Committed_AS:   72227140 kB
VmallocTotal:   263061440 kB
VmallocUsed:      129040 kB
VmallocChunk:          0 kB
Percpu:             6288 kB
CmaTotal:         405504 kB
CmaFree:            9620 kB
MemTotal:        7922408 kB
MemFree:         1044792 kB
MemAvailable:    3612940 kB
Buffers:           53864 kB
Cached:          2393792 kB
SwapCached:            0 kB
Active:           439760 kB
Inactive:        3646360 kB
Active(anon):       8404 kB
Inactive(anon):  1666568 kB
Active(file):     431356 kB
Inactive(file):  1979792 kB
Unevictable:        6160 kB
Mlocked:            5720 kB
SwapTotal:       4718584 kB
SwapFree:        4718584 kB
Dirty:               372 kB
Writeback:             0 kB
AnonPages:       1644744 kB
Mapped:          1041168 kB
Shmem:             31832 kB
KReclaimable:     547272 kB
Slab:             318828 kB
SReclaimable:      92072 kB
SUnreclaim:       226756 kB
KernelStack:       47824 kB
ShadowCallStack:   11980 kB
PageTables:        68112 kB
NFS_Unstable:          0 kB
Bounce:                0 kB
WritebackTmp:          0 kB
CommitLimit:     8679788 kB
Committed_AS:   72227144 kB
VmallocTotal:   263061440 kB
VmallocUsed:      129012 kB
VmallocChunk:          0 kB
Percpu:             6288 kB
CmaTotal:         405504 kB
CmaFree:            9968 kB
MemTotal:        7922408 kB
MemFree:         1042000 kB
MemAvailable:    3610196 kB
Buffers:           53872 kB
Cached:          2393808 kB
SwapCached:            0 kB
Active:           439772 kB
Inactive:        3649888 kB
Active(anon):       8408 kB
Inactive(anon):  1670096 kB
Active(file):     431364 kB
Inactive(file):  1979792 kB
Unevictable:        6160 kB
Mlocked:            5720 kB
SwapTotal:       4718584 kB
SwapFree:        4718584 kB
Dirty:                 0 kB
Writeback:             0 kB
AnonPages:       1648168 kB
Mapped:          1041504 kB
Shmem:             31848 kB
KReclaimable:     547312 kB
Slab:             318836 kB
SReclaimable:      92076 kB
SUnreclaim:       226760 kB
KernelStack:       47792 kB
ShadowCallStack:   11972 kB
PageTables:        68256 kB
NFS_Unstable:          0 kB
Bounce:                0 kB
WritebackTmp:          0 kB
CommitLimit:     8679788 kB
Committed_AS:   72227164 kB
VmallocTotal:   263061440 kB
VmallocUsed:      129044 kB
VmallocChunk:          0 kB
Percpu:             6288 kB
CmaTotal:         405504 kB
CmaFree:            7192 kB
MemTotal:        7922408 kB
MemFree:         1040864 kB
MemAvailable:    3609060 kB
Buffers:           53872 kB
Cached:          2393812 kB
SwapCached:            0 kB
Active:           439772 kB
Inactive:        3650484 kB
Active(anon):       8408 kB
Inactive(anon):  1670692 kB
Active(file):     431364 kB
Inactive(file):  1979792 kB
Unevictable:        6160 kB
Mlocked:            5720 kB
SwapTotal:       4718584 kB
SwapFree:        4718584 kB
Dirty:                44 kB
Writeback:             0 kB
AnonPages:       1648820 kB
Mapped:          1041416 kB
Shmem:             31852 kB
KReclaimable:     547312 kB
Slab:             318840 kB
SReclaimable:      92076 kB
SUnreclaim:       226764 kB
KernelStack:       47808 kB
ShadowCallStack:   11976 kB
PageTables:        68164 kB
NFS_Unstable:          0 kB
Bounce:                0 kB
WritebackTmp:          0 kB
CommitLimit:     8679788 kB
Committed_AS:   72227164 kB
VmallocTotal:   263061440 kB
VmallocUsed:      129044 kB
VmallocChunk:          0 kB
Percpu:             6288 kB
CmaTotal:         405504 kB
CmaFree:            5940 kB
MemTotal:        7922408 kB
MemFree:         1043192 kB
MemAvailable:    3611388 kB
Buffers:           53872 kB
Cached:          2393812 kB
SwapCached:            0 kB
Active:           439776 kB
Inactive:        3647360 kB
Active(anon):       8408 kB
Inactive(anon):  1667572 kB
Active(file):     431368 kB
Inactive(file):  1979788 kB
Unevictable:        6160 kB
Mlocked:            5720 kB
SwapTotal:       4718584 kB
SwapFree:        4718584 kB
Dirty:                80 kB
Writeback:             0 kB
AnonPages:       1645740 kB
Mapped:          1041420 kB
Shmem:             31852 kB
KReclaimable:     547312 kB
Slab:             318844 kB
SReclaimable:      92076 kB
SUnreclaim:       226768 kB
KernelStack:       47808 kB
ShadowCallStack:   11984 kB
PageTables:        68064 kB
NFS_Unstable:          0 kB
Bounce:                0 kB
WritebackTmp:          0 kB
CommitLimit:     8679788 kB
Committed_AS:   72227168 kB
VmallocTotal:   263061440 kB
VmallocUsed:      129044 kB
VmallocChunk:          0 kB
Percpu:             6288 kB
CmaTotal:         405504 kB
CmaFree:            4972 kB
MemTotal:        7922408 kB
MemFree:         1042504 kB
MemAvailable:    3610708 kB
Buffers:           53880 kB
Cached:          2393812 kB
SwapCached:            0 kB
Active:           439784 kB
Inactive:        3648376 kB
Active(anon):       8408 kB
Inactive(anon):  1668588 kB
Active(file):     431376 kB
Inactive(file):  1979788 kB
Unevictable:        6160 kB
Mlocked:            5720 kB
SwapTotal:       4718584 kB
SwapFree:        4718584 kB
Dirty:               156 kB
Writeback:             0 kB
AnonPages:       1646656 kB
Mapped:          1041420 kB
Shmem:             31852 kB
KReclaimable:     547312 kB
Slab:             318848 kB
SReclaimable:      92076 kB
SUnreclaim:       226772 kB
KernelStack:       47792 kB
ShadowCallStack:   11972 kB
PageTables:        68068 kB
NFS_Unstable:          0 kB
Bounce:                0 kB
WritebackTmp:          0 kB
CommitLimit:     8679788 kB
Committed_AS:   72227168 kB
VmallocTotal:   263061440 kB
VmallocUsed:      129060 kB
VmallocChunk:          0 kB
Percpu:             6288 kB
CmaTotal:         405504 kB
CmaFree:            5708 kB
MemTotal:        7922408 kB
MemFree:         1041736 kB
MemAvailable:    3610404 kB
Buffers:           53880 kB
Cached:          2393812 kB
SwapCached:            0 kB
Active:           439788 kB
Inactive:        3651544 kB
Active(anon):       8412 kB
Inactive(anon):  1671756 kB
Active(file):     431376 kB
Inactive(file):  1979788 kB
Unevictable:        6160 kB
Mlocked:            5720 kB
SwapTotal:       4718584 kB
SwapFree:        4718584 kB
Dirty:               136 kB
Writeback:             0 kB
AnonPages:       1649852 kB
Mapped:          1040788 kB
Shmem:             31852 kB
KReclaimable:     547776 kB
Slab:             318856 kB
SReclaimable:      92076 kB
SUnreclaim:       226780 kB
KernelStack:       47840 kB
ShadowCallStack:   11968 kB
PageTables:        68356 kB
NFS_Unstable:          0 kB
Bounce:                0 kB
WritebackTmp:          0 kB
CommitLimit:     8679788 kB
Committed_AS:   72227172 kB
VmallocTotal:   263061440 kB
VmallocUsed:      129036 kB
VmallocChunk:          0 kB
Percpu:             6288 kB
CmaTotal:         405504 kB
CmaFree:            4732 kB
MemTotal:        7922408 kB
MemFree:         1039480 kB
MemAvailable:    3608160 kB
Buffers:           53888 kB
Cached:          2393820 kB
SwapCached:            0 kB
Active:           439792 kB
Inactive:        3653352 kB
Active(anon):       8408 kB
Inactive(anon):  1673564 kB
Active(file):     431384 kB
Inactive(file):  1979788 kB
Unevictable:        6160 kB
Mlocked:            5720 kB
SwapTotal:       4718584 kB
SwapFree:        4718584 kB
Dirty:               248 kB
Writeback:             0 kB
AnonPages:       1651612 kB
Mapped:          1040652 kB
Shmem:             31860 kB
KReclaimable:     547780 kB
Slab:             318868 kB
SReclaimable:      92080 kB
SUnreclaim:       226788 kB
KernelStack:       47824 kB
ShadowCallStack:   11980 kB
PageTables:        68184 kB
NFS_Unstable:          0 kB
Bounce:                0 kB
WritebackTmp:          0 kB
CommitLimit:     8679788 kB
Committed_AS:   72227172 kB
VmallocTotal:   263061440 kB
VmallocUsed:      129028 kB
VmallocChunk:          0 kB
Percpu:             6288 kB
CmaTotal:         405504 kB
CmaFree:            3940 kB
MemTotal:        7922408 kB
MemFree:         1039228 kB
MemAvailable:    3607936 kB
Buffers:           53912 kB
Cached:          2393820 kB
SwapCached:            0 kB
Active:           439816 kB
Inactive:        3655108 kB
Active(anon):       8408 kB
Inactive(anon):  1675320 kB
Active(file):     431408 kB
Inactive(file):  1979788 kB
Unevictable:        6160 kB
Mlocked:            5720 kB
SwapTotal:       4718584 kB
SwapFree:        4718584 kB
Dirty:               368 kB
Writeback:             0 kB
AnonPages:       1653436 kB
Mapped:          1040728 kB
Shmem:             31860 kB
KReclaimable:     547784 kB
Slab:             318884 kB
SReclaimable:      92084 kB
SUnreclaim:       226800 kB
KernelStack:       47808 kB
ShadowCallStack:   11972 kB
PageTables:        68148 kB
NFS_Unstable:          0 kB
Bounce:                0 kB
WritebackTmp:          0 kB
CommitLimit:     8679788 kB
Committed_AS:   72227172 kB
VmallocTotal:   263061440 kB
VmallocUsed:      129024 kB
VmallocChunk:          0 kB
Percpu:             6288 kB
CmaTotal:         405504 kB
CmaFree:            2092 kB
MemTotal:        7922408 kB
MemFree:         1035668 kB
MemAvailable:    3604384 kB
Buffers:           53920 kB
Cached:          2393820 kB
SwapCached:            0 kB
Active:           439824 kB
Inactive:        3656744 kB
Active(anon):       8408 kB
Inactive(anon):  1676956 kB
Active(file):     431416 kB
Inactive(file):  1979788 kB
Unevictable:        6160 kB
Mlocked:            5720 kB
SwapTotal:       4718584 kB
SwapFree:        4718584 kB
Dirty:               384 kB
Writeback:             0 kB
AnonPages:       1655012 kB
Mapped:          1040692 kB
Shmem:             31860 kB
KReclaimable:     547784 kB
Slab:             318892 kB
SReclaimable:      92084 kB
SUnreclaim:       226808 kB
KernelStack:       47808 kB
ShadowCallStack:   11976 kB
PageTables:        68160 kB
NFS_Unstable:          0 kB
Bounce:                0 kB
WritebackTmp:          0 kB
CommitLimit:     8679788 kB
Committed_AS:   72227172 kB
VmallocTotal:   263061440 kB
VmallocUsed:      129028 kB
VmallocChunk:          0 kB
Percpu:             6288 kB
CmaTotal:         405504 kB
CmaFree:               4 kB
MemTotal:        7922408 kB
MemFree:         1034556 kB
MemAvailable:    3603288 kB
Buffers:           53920 kB
Cached:          2393820 kB
SwapCached:            0 kB
Active:           439828 kB
Inactive:        3658316 kB
Active(anon):       8412 kB
Inactive(anon):  1678528 kB
Active(file):     431416 kB
Inactive(file):  1979788 kB
Unevictable:        6160 kB
Mlocked:            5720 kB
SwapTotal:       4718584 kB
SwapFree:        4718584 kB
Dirty:               544 kB
Writeback:             0 kB
AnonPages:       1656528 kB
Mapped:          1040760 kB
Shmem:             31860 kB
KReclaimable:     547800 kB
Slab:             318908 kB
SReclaimable:      92100 kB
SUnreclaim:       226808 kB
KernelStack:       47840 kB
ShadowCallStack:   11976 kB
PageTables:        68304 kB
NFS_Unstable:          0 kB
Bounce:                0 kB
WritebackTmp:          0 kB
CommitLimit:     8679788 kB
Committed_AS:   72227172 kB
VmallocTotal:   263061440 kB
VmallocUsed:      129044 kB
VmallocChunk:          0 kB
Percpu:             6288 kB
CmaTotal:         405504 kB
CmaFree:              60 kB
MemTotal:        7922408 kB
MemFree:         1032400 kB
MemAvailable:    3601132 kB
Buffers:           53920 kB
Cached:          2393820 kB
SwapCached:            0 kB
Active:           439824 kB
Inactive:        3659716 kB
Active(anon):       8408 kB
Inactive(anon):  1679928 kB
Active(file):     431416 kB
Inactive(file):  1979788 kB
Unevictable:        6160 kB
Mlocked:            5720 kB
SwapTotal:       4718584 kB
SwapFree:        4718584 kB
Dirty:               560 kB
Writeback:             0 kB
AnonPages:       1657972 kB
Mapped:          1040968 kB
Shmem:             31860 kB
KReclaimable:     547800 kB
Slab:             318916 kB
SReclaimable:      92100 kB
SUnreclaim:       226816 kB
KernelStack:       47776 kB
ShadowCallStack:   11984 kB
PageTables:        68132 kB
NFS_Unstable:          0 kB
Bounce:                0 kB
WritebackTmp:          0 kB
CommitLimit:     8679788 kB
Committed_AS:   72227172 kB
VmallocTotal:   263061440 kB
VmallocUsed:      128988 kB
VmallocChunk:          0 kB
Percpu:             6288 kB
CmaTotal:         405504 kB
CmaFree:               0 kB
MemTotal:        7922408 kB
MemFree:         1031972 kB
MemAvailable:    3600712 kB
Buffers:           53928 kB
Cached:          2393824 kB
SwapCached:            0 kB
Active:           439832 kB
Inactive:        3660868 kB
Active(anon):       8408 kB
Inactive(anon):  1681080 kB
Active(file):     431424 kB
Inactive(file):  1979788 kB
Unevictable:        6160 kB
Mlocked:            5720 kB
SwapTotal:       4718584 kB
SwapFree:        4718584 kB
Dirty:                20 kB
Writeback:             0 kB
AnonPages:       1659216 kB
Mapped:          1041016 kB
Shmem:             31864 kB
KReclaimable:     547800 kB
Slab:             318920 kB
SReclaimable:      92100 kB
SUnreclaim:       226820 kB
KernelStack:       47824 kB
ShadowCallStack:   11960 kB
PageTables:        68084 kB
NFS_Unstable:          0 kB
Bounce:                0 kB
WritebackTmp:          0 kB
CommitLimit:     8679788 kB
Committed_AS:   72227176 kB
VmallocTotal:   263061440 kB
VmallocUsed:      128968 kB
VmallocChunk:          0 kB
Percpu:             6288 kB
CmaTotal:         405504 kB
CmaFree:             100 kB
MemTotal:        7922408 kB
MemFree:         1032964 kB
MemAvailable:    3601704 kB
Buffers:           53928 kB
Cached:          2393828 kB
SwapCached:            0 kB
Active:           439828 kB
Inactive:        3657364 kB
Active(anon):       8404 kB
Inactive(anon):  1677576 kB
Active(file):     431424 kB
Inactive(file):  1979788 kB
Unevictable:        6160 kB
Mlocked:            5720 kB
SwapTotal:       4718584 kB
SwapFree:        4718584 kB
Dirty:                64 kB
Writeback:             0 kB
AnonPages:       1655976 kB
Mapped:          1040972 kB
Shmem:             31868 kB
KReclaimable:     547800 kB
Slab:             318992 kB
SReclaimable:      92100 kB
SUnreclaim:       226892 kB
KernelStack:       47776 kB
ShadowCallStack:   11980 kB
PageTables:        68028 kB
NFS_Unstable:          0 kB
Bounce:                0 kB
WritebackTmp:          0 kB
CommitLimit:     8679788 kB
Committed_AS:   72227180 kB
VmallocTotal:   263061440 kB
VmallocUsed:      129004 kB
VmallocChunk:          0 kB
Percpu:             6288 kB
CmaTotal:         405504 kB
CmaFree:             284 kB
MemTotal:        7922408 kB
MemFree:         1031660 kB
MemAvailable:    3600404 kB
Buffers:           53928 kB
Cached:          2393836 kB
SwapCached:            0 kB
Active:           439828 kB
Inactive:        3662844 kB
Active(anon):       8404 kB
Inactive(anon):  1683052 kB
Active(file):     431424 kB
Inactive(file):  1979792 kB
Unevictable:        6160 kB
Mlocked:            5720 kB
SwapTotal:       4718584 kB
SwapFree:        4718584 kB
Dirty:               112 kB
Writeback:             0 kB
AnonPages:       1661092 kB
Mapped:          1041024 kB
Shmem:             31872 kB
KReclaimable:     547800 kB
Slab:             318936 kB
SReclaimable:      92100 kB
SUnreclaim:       226836 kB
KernelStack:       47792 kB
ShadowCallStack:   11968 kB
PageTables:        68060 kB
NFS_Unstable:          0 kB
Bounce:                0 kB
WritebackTmp:          0 kB
CommitLimit:     8679788 kB
Committed_AS:   72227188 kB
VmallocTotal:   263061440 kB
VmallocUsed:      129024 kB
VmallocChunk:          0 kB
Percpu:             6288 kB
CmaTotal:         405504 kB
CmaFree:               0 kB
MemTotal:        7922408 kB
MemFree:         1024636 kB
MemAvailable:    3594136 kB
Buffers:           53936 kB
Cached:          2393840 kB
SwapCached:            0 kB
Active:           439840 kB
Inactive:        3668364 kB
Active(anon):       8408 kB
Inactive(anon):  1688568 kB
Active(file):     431432 kB
Inactive(file):  1979796 kB
Unevictable:        6160 kB
Mlocked:            5720 kB
SwapTotal:       4718584 kB
SwapFree:        4718584 kB
Dirty:               316 kB
Writeback:             0 kB
AnonPages:       1666620 kB
Mapped:          1040604 kB
Shmem:             31872 kB
KReclaimable:     548544 kB
Slab:             318948 kB
SReclaimable:      92100 kB
SUnreclaim:       226848 kB
KernelStack:       47792 kB
ShadowCallStack:   11972 kB
PageTables:        68164 kB
NFS_Unstable:          0 kB
Bounce:                0 kB
WritebackTmp:          0 kB
CommitLimit:     8679788 kB
Committed_AS:   72227184 kB
VmallocTotal:   263061440 kB
VmallocUsed:      129008 kB
VmallocChunk:          0 kB
Percpu:             6288 kB
CmaTotal:         405504 kB
CmaFree:               0 kB
MemTotal:        7922408 kB
MemFree:         1023240 kB
MemAvailable:    3592740 kB
Buffers:           53936 kB
Cached:          2393840 kB
SwapCached:            0 kB
Active:           439840 kB
Inactive:        3668988 kB
Active(anon):       8408 kB
Inactive(anon):  1689192 kB
Active(file):     431432 kB
Inactive(file):  1979796 kB
Unevictable:        6160 kB
Mlocked:            5720 kB
SwapTotal:       4718584 kB
SwapFree:        4718584 kB
Dirty:                44 kB
Writeback:             0 kB
AnonPages:       1667300 kB
Mapped:          1040632 kB
Shmem:             31872 kB
KReclaimable:     548544 kB
Slab:             318952 kB
SReclaimable:      92100 kB
SUnreclaim:       226852 kB
KernelStack:       47776 kB
ShadowCallStack:   11976 kB
PageTables:        68100 kB
NFS_Unstable:          0 kB
Bounce:                0 kB
WritebackTmp:          0 kB
CommitLimit:     8679788 kB
Committed_AS:   72227184 kB
VmallocTotal:   263061440 kB
VmallocUsed:      129008 kB
VmallocChunk:          0 kB
Percpu:             6288 kB
CmaTotal:         405504 kB
CmaFree:               0 kB
MemTotal:        7922408 kB
MemFree:         1023156 kB
MemAvailable:    3592660 kB
Buffers:           53936 kB
Cached:          2393856 kB
SwapCached:            0 kB
Active:           439836 kB
Inactive:        3666264 kB
Active(anon):       8404 kB
Inactive(anon):  1686468 kB
Active(file):     431432 kB
Inactive(file):  1979796 kB
Unevictable:        6160 kB
Mlocked:            5720 kB
SwapTotal:       4718584 kB
SwapFree:        4718584 kB
Dirty:               136 kB
Writeback:             0 kB
AnonPages:       1664528 kB
Mapped:          1040784 kB
Shmem:             31888 kB
KReclaimable:     548548 kB
Slab:             318964 kB
SReclaimable:      92104 kB
SUnreclaim:       226860 kB
KernelStack:       47840 kB
ShadowCallStack:   11984 kB
PageTables:        68256 kB
NFS_Unstable:          0 kB
Bounce:                0 kB
WritebackTmp:          0 kB
CommitLimit:     8679788 kB
Committed_AS:   72227288 kB
VmallocTotal:   263061440 kB
VmallocUsed:      129076 kB
VmallocChunk:          0 kB
Percpu:             6288 kB
CmaTotal:         405504 kB
CmaFree:               0 kB
MemTotal:        7922408 kB
MemFree:         1024260 kB
MemAvailable:    3593556 kB
Buffers:           53948 kB
Cached:          2393860 kB
SwapCached:            0 kB
Active:           439852 kB
Inactive:        3666808 kB
Active(anon):       8408 kB
Inactive(anon):  1687012 kB
Active(file):     431444 kB
Inactive(file):  1979796 kB
Unevictable:        6160 kB
Mlocked:            5720 kB
SwapTotal:       4718584 kB
SwapFree:        4718584 kB
Dirty:               320 kB
Writeback:             0 kB
AnonPages:       1665092 kB
Mapped:          1040304 kB
Shmem:             31892 kB
KReclaimable:     548328 kB
Slab:             318972 kB
SReclaimable:      92108 kB
SUnreclaim:       226864 kB
KernelStack:       47856 kB
ShadowCallStack:   11988 kB
PageTables:        68172 kB
NFS_Unstable:          0 kB
Bounce:                0 kB
WritebackTmp:          0 kB
CommitLimit:     8679788 kB
Committed_AS:   72227400 kB
VmallocTotal:   263061440 kB
VmallocUsed:      129096 kB
VmallocChunk:          0 kB
Percpu:             6288 kB
CmaTotal:         405504 kB
CmaFree:             828 kB
MemTotal:        7922408 kB
MemFree:         1024256 kB
MemAvailable:    3593044 kB
Buffers:           53956 kB
Cached:          2393860 kB
SwapCached:            0 kB
Active:           439864 kB
Inactive:        3666284 kB
Active(anon):       8408 kB
Inactive(anon):  1686492 kB
Active(file):     431456 kB
Inactive(file):  1979792 kB
Unevictable:        6160 kB
Mlocked:            5720 kB
SwapTotal:       4718584 kB
SwapFree:        4718584 kB
Dirty:               448 kB
Writeback:             0 kB
AnonPages:       1664424 kB
Mapped:          1041116 kB
Shmem:             31892 kB
KReclaimable:     547812 kB
Slab:             319008 kB
SReclaimable:      92108 kB
SUnreclaim:       226900 kB
KernelStack:       47872 kB
ShadowCallStack:   11984 kB
PageTables:        68056 kB
NFS_Unstable:          0 kB
Bounce:                0 kB
WritebackTmp:          0 kB
CommitLimit:     8679788 kB
Committed_AS:   72227356 kB
VmallocTotal:   263061440 kB
VmallocUsed:      129084 kB
VmallocChunk:          0 kB
Percpu:             6288 kB
CmaTotal:         405504 kB
CmaFree:              80 kB
MemTotal:        7922408 kB
MemFree:         1019996 kB
MemAvailable:    3570016 kB
Buffers:           53976 kB
Cached:          2394612 kB
SwapCached:            0 kB
Active:           439904 kB
Inactive:        3673320 kB
Active(anon):       8408 kB
Inactive(anon):  1693196 kB
Active(file):     431496 kB
Inactive(file):  1980124 kB
Unevictable:        6160 kB
Mlocked:            5720 kB
SwapTotal:       4718584 kB
SwapFree:        4718584 kB
Dirty:               628 kB
Writeback:             0 kB
AnonPages:       1671032 kB
Mapped:          1040872 kB
Shmem:             32120 kB
KReclaimable:     528672 kB
Slab:             319040 kB
SReclaimable:      92124 kB
SUnreclaim:       226916 kB
KernelStack:       48192 kB
ShadowCallStack:   12024 kB
PageTables:        68160 kB
NFS_Unstable:          0 kB
Bounce:                0 kB
WritebackTmp:          0 kB
CommitLimit:     8679788 kB
Committed_AS:   72253424 kB
VmallocTotal:   263061440 kB
VmallocUsed:      129428 kB
VmallocChunk:          0 kB
Percpu:             6288 kB
CmaTotal:         405504 kB
CmaFree:              24 kB
MemTotal:        7922408 kB
MemFree:         1016716 kB
MemAvailable:    3551420 kB
Buffers:           53976 kB
Cached:          2394564 kB
SwapCached:            0 kB
Active:           439904 kB
Inactive:        3674988 kB
Active(anon):       8404 kB
Inactive(anon):  1694708 kB
Active(file):     431500 kB
Inactive(file):  1980280 kB
Unevictable:        6160 kB
Mlocked:            5720 kB
SwapTotal:       4718584 kB
SwapFree:        4718584 kB
Dirty:               884 kB
Writeback:             0 kB
AnonPages:       1672596 kB
Mapped:          1042440 kB
Shmem:             32084 kB
KReclaimable:     513196 kB
Slab:             319084 kB
SReclaimable:      92136 kB
SUnreclaim:       226948 kB
KernelStack:       48336 kB
ShadowCallStack:   12080 kB
PageTables:        68264 kB
NFS_Unstable:          0 kB
Bounce:                0 kB
WritebackTmp:          0 kB
CommitLimit:     8679788 kB
Committed_AS:   72253992 kB
VmallocTotal:   263061440 kB
VmallocUsed:      129644 kB
VmallocChunk:          0 kB
Percpu:             6288 kB
CmaTotal:         405504 kB
CmaFree:               4 kB
MemTotal:        7922408 kB
MemFree:         1010452 kB
MemAvailable:    3543976 kB
Buffers:           53992 kB
Cached:          2394628 kB
SwapCached:            0 kB
Active:           439924 kB
Inactive:        3679872 kB
Active(anon):       8408 kB
Inactive(anon):  1699568 kB
Active(file):     431516 kB
Inactive(file):  1980304 kB
Unevictable:        6160 kB
Mlocked:            5720 kB
SwapTotal:       4718584 kB
SwapFree:        4718584 kB
Dirty:               944 kB
Writeback:            16 kB
AnonPages:       1677332 kB
Mapped:          1043000 kB
Shmem:             32124 kB
KReclaimable:     511976 kB
Slab:             319112 kB
SReclaimable:      92144 kB
SUnreclaim:       226968 kB
KernelStack:       48464 kB
ShadowCallStack:   12168 kB
PageTables:        68356 kB
NFS_Unstable:          0 kB
Bounce:                0 kB
WritebackTmp:          0 kB
CommitLimit:     8679788 kB
Committed_AS:   72254396 kB
VmallocTotal:   263061440 kB
VmallocUsed:      129864 kB
VmallocChunk:          0 kB
Percpu:             6288 kB
CmaTotal:         405504 kB
CmaFree:               0 kB
MemTotal:        7922408 kB
MemFree:         1019140 kB
MemAvailable:    3551880 kB
Buffers:           54000 kB
Cached:          2394704 kB
SwapCached:            0 kB
Active:           439932 kB
Inactive:        3670868 kB
Active(anon):       8408 kB
Inactive(anon):  1690520 kB
Active(file):     431524 kB
Inactive(file):  1980348 kB
Unevictable:        6160 kB
Mlocked:            5720 kB
SwapTotal:       4718584 kB
SwapFree:        4718584 kB
Dirty:                32 kB
Writeback:             0 kB
AnonPages:       1668324 kB
Mapped:          1043368 kB
Shmem:             32156 kB
KReclaimable:     511140 kB
Slab:             319124 kB
SReclaimable:      92148 kB
SUnreclaim:       226976 kB
KernelStack:       48496 kB
ShadowCallStack:   12148 kB
PageTables:        68304 kB
NFS_Unstable:          0 kB
Bounce:                0 kB
WritebackTmp:          0 kB
CommitLimit:     8679788 kB
Committed_AS:   72266768 kB
VmallocTotal:   263061440 kB
VmallocUsed:      129900 kB
VmallocChunk:          0 kB
Percpu:             6288 kB
CmaTotal:         405504 kB
CmaFree:            2664 kB
MemTotal:        7922408 kB
MemFree:         1016272 kB
MemAvailable:    3548744 kB
Buffers:           54000 kB
Cached:          2394704 kB
SwapCached:            0 kB
Active:           439924 kB
Inactive:        3671544 kB
Active(anon):       8400 kB
Inactive(anon):  1691196 kB
Active(file):     431524 kB
Inactive(file):  1980348 kB
Unevictable:        6160 kB
Mlocked:            5720 kB
SwapTotal:       4718584 kB
SwapFree:        4718584 kB
Dirty:                60 kB
Writeback:             0 kB
AnonPages:       1669256 kB
Mapped:          1043276 kB
Shmem:             32156 kB
KReclaimable:     510872 kB
Slab:             319128 kB
SReclaimable:      92148 kB
SUnreclaim:       226980 kB
KernelStack:       48464 kB
ShadowCallStack:   12144 kB
PageTables:        68264 kB
NFS_Unstable:          0 kB
Bounce:                0 kB
WritebackTmp:          0 kB
CommitLimit:     8679788 kB
Committed_AS:   72266768 kB
VmallocTotal:   263061440 kB
VmallocUsed:      129872 kB
VmallocChunk:          0 kB
Percpu:             6288 kB
CmaTotal:         405504 kB
CmaFree:             120 kB
MemTotal:        7922408 kB
MemFree:          987840 kB
MemAvailable:    3528828 kB
Buffers:           54064 kB
Cached:          2410936 kB
SwapCached:            0 kB
Active:           441220 kB
Inactive:        3700640 kB
Active(anon):       8424 kB
Inactive(anon):  1705328 kB
Active(file):     432796 kB
Inactive(file):  1995312 kB
Unevictable:        6160 kB
Mlocked:            5720 kB
SwapTotal:       4718584 kB
SwapFree:        4718584 kB
Dirty:               552 kB
Writeback:             0 kB
AnonPages:       1683020 kB
Mapped:          1048812 kB
Shmem:             32168 kB
KReclaimable:     503152 kB
Slab:             319512 kB
SReclaimable:      92460 kB
SUnreclaim:       227052 kB
KernelStack:       48480 kB
ShadowCallStack:   12144 kB
PageTables:        68596 kB
NFS_Unstable:          0 kB
Bounce:                0 kB
WritebackTmp:          0 kB
CommitLimit:     8679788 kB
Committed_AS:   72331084 kB
VmallocTotal:   263061440 kB
VmallocUsed:      129836 kB
VmallocChunk:          0 kB
Percpu:             6288 kB
CmaTotal:         405504 kB
CmaFree:               0 kB
MemTotal:        7922408 kB
MemFree:          952804 kB
MemAvailable:    3466576 kB
Buffers:           54380 kB
Cached:          2516472 kB
SwapCached:            0 kB
Active:           456040 kB
Inactive:        3591132 kB
Active(anon):       8440 kB
Inactive(anon):  1504248 kB
Active(file):     447600 kB
Inactive(file):  2086884 kB
Unevictable:        6160 kB
Mlocked:            5720 kB
SwapTotal:       4718584 kB
SwapFree:        4718584 kB
Dirty:              1080 kB
Writeback:             0 kB
AnonPages:       1482516 kB
Mapped:          1094080 kB
Shmem:             31692 kB
KReclaimable:     369560 kB
Slab:             321324 kB
SReclaimable:      93324 kB
SUnreclaim:       228000 kB
KernelStack:       49456 kB
ShadowCallStack:   12388 kB
PageTables:        69336 kB
NFS_Unstable:          0 kB
Bounce:                0 kB
WritebackTmp:          0 kB
CommitLimit:     8679788 kB
Committed_AS:   73026012 kB
VmallocTotal:   263061440 kB
VmallocUsed:      131088 kB
VmallocChunk:          0 kB
Percpu:             6288 kB
CmaTotal:         405504 kB
CmaFree:            1384 kB
MemTotal:        7922408 kB
MemFree:          960020 kB
MemAvailable:    3702048 kB
Buffers:           54396 kB
Cached:          2516580 kB
SwapCached:            0 kB
Active:           456068 kB
Inactive:        3584396 kB
Active(anon):       8440 kB
Inactive(anon):  1497424 kB
Active(file):     447628 kB
Inactive(file):  2086972 kB
Unevictable:        6160 kB
Mlocked:            5720 kB
SwapTotal:       4718584 kB
SwapFree:        4718584 kB
Dirty:              1144 kB
Writeback:             0 kB
AnonPages:       1475676 kB
Mapped:          1110660 kB
Shmem:             31700 kB
KReclaimable:     597700 kB
Slab:             320884 kB
SReclaimable:      93216 kB
SUnreclaim:       227668 kB
KernelStack:       49632 kB
ShadowCallStack:   12432 kB
PageTables:        69144 kB
NFS_Unstable:          0 kB
Bounce:                0 kB
WritebackTmp:          0 kB
CommitLimit:     8679788 kB
Committed_AS:   73026012 kB
VmallocTotal:   263061440 kB
VmallocUsed:      131256 kB
VmallocChunk:          0 kB
Percpu:             6288 kB
CmaTotal:         405504 kB
CmaFree:            1420 kB
MemTotal:        7922408 kB
MemFree:          970112 kB
MemAvailable:    3712508 kB
Buffers:           54536 kB
Cached:          2516796 kB
SwapCached:            0 kB
Active:           456464 kB
Inactive:        3572760 kB
Active(anon):       8656 kB
Inactive(anon):  1485632 kB
Active(file):     447808 kB
Inactive(file):  2087128 kB
Unevictable:        6160 kB
Mlocked:            5720 kB
SwapTotal:       4718584 kB
SwapFree:        4718584 kB
Dirty:                72 kB
Writeback:             0 kB
AnonPages:       1464060 kB
Mapped:          1110748 kB
Shmem:             31720 kB
KReclaimable:     597732 kB
Slab:             320828 kB
SReclaimable:      93268 kB
SUnreclaim:       227560 kB
KernelStack:       49536 kB
ShadowCallStack:   12408 kB
PageTables:        69192 kB
NFS_Unstable:          0 kB
Bounce:                0 kB
WritebackTmp:          0 kB
CommitLimit:     8679788 kB
Committed_AS:   73027104 kB
VmallocTotal:   263061440 kB
VmallocUsed:      131200 kB
VmallocChunk:          0 kB
Percpu:             6288 kB
CmaTotal:         405504 kB
CmaFree:            5696 kB
MemTotal:        7922408 kB
MemFree:          974300 kB
MemAvailable:    3718588 kB
Buffers:           54540 kB
Cached:          2516764 kB
SwapCached:            0 kB
Active:           456472 kB
Inactive:        3569952 kB
Active(anon):       8656 kB
Inactive(anon):  1482828 kB
Active(file):     447816 kB
Inactive(file):  2087124 kB
Unevictable:        6160 kB
Mlocked:            5720 kB
SwapTotal:       4718584 kB
SwapFree:        4718584 kB
Dirty:                80 kB
Writeback:             0 kB
AnonPages:       1461456 kB
Mapped:          1110892 kB
Shmem:             31688 kB
KReclaimable:     599620 kB
Slab:             320816 kB
SReclaimable:      93268 kB
SUnreclaim:       227548 kB
KernelStack:       49552 kB
ShadowCallStack:   12412 kB
PageTables:        69164 kB
NFS_Unstable:          0 kB
Bounce:                0 kB
WritebackTmp:          0 kB
CommitLimit:     8679788 kB
Committed_AS:   73028360 kB
VmallocTotal:   263061440 kB
VmallocUsed:      131204 kB
VmallocChunk:          0 kB
Percpu:             6288 kB
CmaTotal:         405504 kB
CmaFree:            6488 kB
MemTotal:        7922408 kB
MemFree:          973356 kB
MemAvailable:    3718092 kB
Buffers:           54552 kB
Cached:          2516756 kB
SwapCached:            0 kB
Active:           456476 kB
Inactive:        3570728 kB
Active(anon):       8656 kB
Inactive(anon):  1483604 kB
Active(file):     447820 kB
Inactive(file):  2087124 kB
Unevictable:        6160 kB
Mlocked:            5720 kB
SwapTotal:       4718584 kB
SwapFree:        4718584 kB
Dirty:               304 kB
Writeback:             0 kB
AnonPages:       1462116 kB
Mapped:          1110064 kB
Shmem:             31688 kB
KReclaimable:     600064 kB
Slab:             320808 kB
SReclaimable:      93268 kB
SUnreclaim:       227540 kB
KernelStack:       49568 kB
ShadowCallStack:   12408 kB
PageTables:        69008 kB
NFS_Unstable:          0 kB
Bounce:                0 kB
WritebackTmp:          0 kB
CommitLimit:     8679788 kB
Committed_AS:   73027976 kB
VmallocTotal:   263061440 kB
VmallocUsed:      131184 kB
VmallocChunk:          0 kB
Percpu:             6288 kB
CmaTotal:         405504 kB
CmaFree:            7612 kB
MemTotal:        7922408 kB
MemFree:          971520 kB
MemAvailable:    3716360 kB
Buffers:           54632 kB
Cached:          2516780 kB
SwapCached:            0 kB
Active:           456560 kB
Inactive:        3571916 kB
Active(anon):       8656 kB
Inactive(anon):  1484776 kB
Active(file):     447904 kB
Inactive(file):  2087140 kB
Unevictable:        6160 kB
Mlocked:            5720 kB
SwapTotal:       4718584 kB
SwapFree:        4718584 kB
Dirty:               516 kB
Writeback:             0 kB
AnonPages:       1463232 kB
Mapped:          1110184 kB
Shmem:             31692 kB
KReclaimable:     600068 kB
Slab:             320780 kB
SReclaimable:      93280 kB
SUnreclaim:       227500 kB
KernelStack:       49536 kB
ShadowCallStack:   12396 kB
PageTables:        69116 kB
NFS_Unstable:          0 kB
Bounce:                0 kB
WritebackTmp:          0 kB
CommitLimit:     8679788 kB
Committed_AS:   73027764 kB
VmallocTotal:   263061440 kB
VmallocUsed:      131128 kB
VmallocChunk:          0 kB
Percpu:             6288 kB
CmaTotal:         405504 kB
CmaFree:            7640 kB
MemTotal:        7922408 kB
MemFree:          971544 kB
MemAvailable:    3716392 kB
Buffers:           54640 kB
Cached:          2516776 kB
SwapCached:            0 kB
Active:           456572 kB
Inactive:        3572392 kB
Active(anon):       8660 kB
Inactive(anon):  1485252 kB
Active(file):     447912 kB
Inactive(file):  2087140 kB
Unevictable:        6160 kB
Mlocked:            5720 kB
SwapTotal:       4718584 kB
SwapFree:        4718584 kB
Dirty:                88 kB
Writeback:             0 kB
AnonPages:       1463756 kB
Mapped:          1110092 kB
Shmem:             31688 kB
KReclaimable:     600068 kB
Slab:             320788 kB
SReclaimable:      93280 kB
SUnreclaim:       227508 kB
KernelStack:       49488 kB
ShadowCallStack:   12388 kB
PageTables:        69112 kB
NFS_Unstable:          0 kB
Bounce:                0 kB
WritebackTmp:          0 kB
CommitLimit:     8679788 kB
Committed_AS:   73020960 kB
VmallocTotal:   263061440 kB
VmallocUsed:      131120 kB
VmallocChunk:          0 kB
Percpu:             6288 kB
CmaTotal:         405504 kB
CmaFree:            7928 kB
MemTotal:        7922408 kB
MemFree:          974652 kB
MemAvailable:    3719500 kB
Buffers:           54640 kB
Cached:          2516776 kB
SwapCached:            0 kB
Active:           456588 kB
Inactive:        3570852 kB
Active(anon):       8664 kB
Inactive(anon):  1483724 kB
Active(file):     447924 kB
Inactive(file):  2087128 kB
Unevictable:        6160 kB
Mlocked:            5720 kB
SwapTotal:       4718584 kB
SwapFree:        4718584 kB
Dirty:               116 kB
Writeback:             0 kB
AnonPages:       1462308 kB
Mapped:          1110076 kB
Shmem:             31688 kB
KReclaimable:     600068 kB
Slab:             320788 kB
SReclaimable:      93280 kB
SUnreclaim:       227508 kB
KernelStack:       49488 kB
ShadowCallStack:   12384 kB
PageTables:        69132 kB
NFS_Unstable:          0 kB
Bounce:                0 kB
WritebackTmp:          0 kB
CommitLimit:     8679788 kB
Committed_AS:   73021064 kB
VmallocTotal:   263061440 kB
VmallocUsed:      131116 kB
VmallocChunk:          0 kB
Percpu:             6288 kB
CmaTotal:         405504 kB
CmaFree:            9464 kB
MemTotal:        7922408 kB
MemFree:          975432 kB
MemAvailable:    3720164 kB
Buffers:           54648 kB
Cached:          2516780 kB
SwapCached:            0 kB
Active:           456596 kB
Inactive:        3571228 kB
Active(anon):       8656 kB
Inactive(anon):  1484108 kB
Active(file):     447940 kB
Inactive(file):  2087120 kB
Unevictable:        6160 kB
Mlocked:            5720 kB
SwapTotal:       4718584 kB
SwapFree:        4718584 kB
Dirty:               412 kB
Writeback:             0 kB
AnonPages:       1462400 kB
Mapped:          1110268 kB
Shmem:             31692 kB
KReclaimable:     599944 kB
Slab:             320828 kB
SReclaimable:      93288 kB
SUnreclaim:       227540 kB
KernelStack:       49472 kB
ShadowCallStack:   12392 kB
PageTables:        69304 kB
NFS_Unstable:          0 kB
Bounce:                0 kB
WritebackTmp:          0 kB
CommitLimit:     8679788 kB
Committed_AS:   73021692 kB
VmallocTotal:   263061440 kB
VmallocUsed:      131108 kB
VmallocChunk:          0 kB
Percpu:             6288 kB
CmaTotal:         405504 kB
CmaFree:           10220 kB
MemTotal:        7922408 kB
MemFree:          971120 kB
MemAvailable:    3715020 kB
Buffers:           54648 kB
Cached:          2516784 kB
SwapCached:            0 kB
Active:           456604 kB
Inactive:        3574916 kB
Active(anon):       8664 kB
Inactive(anon):  1487796 kB
Active(file):     447940 kB
Inactive(file):  2087120 kB
Unevictable:        6160 kB
Mlocked:            5720 kB
SwapTotal:       4718584 kB
SwapFree:        4718584 kB
Dirty:               784 kB
Writeback:             0 kB
AnonPages:       1466288 kB
Mapped:          1109820 kB
Shmem:             31696 kB
KReclaimable:     599112 kB
Slab:             320840 kB
SReclaimable:      93296 kB
SUnreclaim:       227544 kB
KernelStack:       49472 kB
ShadowCallStack:   12392 kB
PageTables:        69172 kB
NFS_Unstable:          0 kB
Bounce:                0 kB
WritebackTmp:          0 kB
CommitLimit:     8679788 kB
Committed_AS:   73021352 kB
VmallocTotal:   263061440 kB
VmallocUsed:      131104 kB
VmallocChunk:          0 kB
Percpu:             6288 kB
CmaTotal:         405504 kB
CmaFree:           10220 kB
MemTotal:        7922408 kB
MemFree:          970572 kB
MemAvailable:    3714472 kB
Buffers:           54648 kB
Cached:          2516784 kB
SwapCached:            0 kB
Active:           456592 kB
Inactive:        3574960 kB
Active(anon):       8652 kB
Inactive(anon):  1487840 kB
Active(file):     447940 kB
Inactive(file):  2087120 kB
Unevictable:        6160 kB
Mlocked:            5720 kB
SwapTotal:       4718584 kB
SwapFree:        4718584 kB
Dirty:               804 kB
Writeback:             0 kB
AnonPages:       1466324 kB
Mapped:          1109716 kB
Shmem:             31696 kB
KReclaimable:     599112 kB
Slab:             320768 kB
SReclaimable:      93296 kB
SUnreclaim:       227472 kB
KernelStack:       49456 kB
ShadowCallStack:   12392 kB
PageTables:        69176 kB
NFS_Unstable:          0 kB
Bounce:                0 kB
WritebackTmp:          0 kB
CommitLimit:     8679788 kB
Committed_AS:   73020364 kB
VmallocTotal:   263061440 kB
VmallocUsed:      131088 kB
VmallocChunk:          0 kB
Percpu:             6288 kB
CmaTotal:         405504 kB
CmaFree:           10344 kB
MemTotal:        7922408 kB
MemFree:          971004 kB
MemAvailable:    3714908 kB
Buffers:           54656 kB
Cached:          2516792 kB
SwapCached:            0 kB
Active:           456612 kB
Inactive:        3574632 kB
Active(anon):       8664 kB
Inactive(anon):  1487504 kB
Active(file):     447948 kB
Inactive(file):  2087128 kB
Unevictable:        6160 kB
Mlocked:            5720 kB
SwapTotal:       4718584 kB
SwapFree:        4718584 kB
Dirty:               808 kB
Writeback:             0 kB
AnonPages:       1465972 kB
Mapped:          1109940 kB
Shmem:             31696 kB
KReclaimable:     599100 kB
Slab:             320772 kB
SReclaimable:      93300 kB
SUnreclaim:       227472 kB
KernelStack:       49472 kB
ShadowCallStack:   12380 kB
PageTables:        69308 kB
NFS_Unstable:          0 kB
Bounce:                0 kB
WritebackTmp:          0 kB
CommitLimit:     8679788 kB
Committed_AS:   73020624 kB
VmallocTotal:   263061440 kB
VmallocUsed:      131100 kB
VmallocChunk:          0 kB
Percpu:             6288 kB
CmaTotal:         405504 kB
CmaFree:           10860 kB
MemTotal:        7922408 kB
MemFree:          965836 kB
MemAvailable:    3709972 kB
Buffers:           54656 kB
Cached:          2518588 kB
SwapCached:            0 kB
Active:           456612 kB
Inactive:        3579376 kB
Active(anon):       8664 kB
Inactive(anon):  1490452 kB
Active(file):     447948 kB
Inactive(file):  2088924 kB
Unevictable:        6160 kB
Mlocked:            5720 kB
SwapTotal:       4718584 kB
SwapFree:        4718584 kB
Dirty:               832 kB
Writeback:             0 kB
AnonPages:       1469008 kB
Mapped:          1110608 kB
Shmem:             31696 kB
KReclaimable:     597536 kB
Slab:             320772 kB
SReclaimable:      93300 kB
SUnreclaim:       227472 kB
KernelStack:       49488 kB
ShadowCallStack:   12388 kB
PageTables:        69304 kB
NFS_Unstable:          0 kB
Bounce:                0 kB
WritebackTmp:          0 kB
CommitLimit:     8679788 kB
Committed_AS:   73023728 kB
VmallocTotal:   263061440 kB
VmallocUsed:      131104 kB
VmallocChunk:          0 kB
Percpu:             6288 kB
CmaTotal:         405504 kB
CmaFree:           10988 kB
MemTotal:        7922408 kB
MemFree:          965428 kB
MemAvailable:    3709564 kB
Buffers:           54664 kB
Cached:          2518580 kB
SwapCached:            0 kB
Active:           456612 kB
Inactive:        3580400 kB
Active(anon):       8664 kB
Inactive(anon):  1491476 kB
Active(file):     447948 kB
Inactive(file):  2088924 kB
Unevictable:        6160 kB
Mlocked:            5720 kB
SwapTotal:       4718584 kB
SwapFree:        4718584 kB
Dirty:                 0 kB
Writeback:             0 kB
AnonPages:       1469956 kB
Mapped:          1110668 kB
Shmem:             31696 kB
KReclaimable:     597536 kB
Slab:             320812 kB
SReclaimable:      93300 kB
SUnreclaim:       227512 kB
KernelStack:       49472 kB
ShadowCallStack:   12376 kB
PageTables:        69264 kB
NFS_Unstable:          0 kB
Bounce:                0 kB
WritebackTmp:          0 kB
CommitLimit:     8679788 kB
Committed_AS:   73023696 kB
VmallocTotal:   263061440 kB
VmallocUsed:      131100 kB
VmallocChunk:          0 kB
Percpu:             6288 kB
CmaTotal:         405504 kB
CmaFree:           11116 kB
MemTotal:        7922408 kB
MemFree:          966184 kB
MemAvailable:    3710184 kB
Buffers:           54672 kB
Cached:          2517924 kB
SwapCached:            0 kB
Active:           456660 kB
Inactive:        3580028 kB
Active(anon):       8664 kB
Inactive(anon):  1491124 kB
Active(file):     447996 kB
Inactive(file):  2088904 kB
Unevictable:        6160 kB
Mlocked:            5720 kB
SwapTotal:       4718584 kB
SwapFree:        4718584 kB
Dirty:                 0 kB
Writeback:            24 kB
AnonPages:       1470380 kB
Mapped:          1109912 kB
Shmem:             31020 kB
KReclaimable:     597372 kB
Slab:             320816 kB
SReclaimable:      93300 kB
SUnreclaim:       227516 kB
KernelStack:       49552 kB
ShadowCallStack:   12444 kB
PageTables:        69068 kB
NFS_Unstable:          0 kB
Bounce:                0 kB
WritebackTmp:          0 kB
CommitLimit:     8679788 kB
Committed_AS:   73023360 kB
VmallocTotal:   263061440 kB
VmallocUsed:      131160 kB
VmallocChunk:          0 kB
Percpu:             6288 kB
CmaTotal:         405504 kB
CmaFree:           12180 kB
MemTotal:        7922408 kB
MemFree:          966532 kB
MemAvailable:    3710616 kB
Buffers:           54688 kB
Cached:          2517940 kB
SwapCached:            0 kB
Active:           456672 kB
Inactive:        3580636 kB
Active(anon):       8652 kB
Inactive(anon):  1491732 kB
Active(file):     448020 kB
Inactive(file):  2088904 kB
Unevictable:        6160 kB
Mlocked:            5720 kB
SwapTotal:       4718584 kB
SwapFree:        4718584 kB
Dirty:               220 kB
Writeback:             0 kB
AnonPages:       1470852 kB
Mapped:          1110216 kB
Shmem:             31028 kB
KReclaimable:     597432 kB
Slab:             320824 kB
SReclaimable:      93300 kB
SUnreclaim:       227524 kB
KernelStack:       49536 kB
ShadowCallStack:   12408 kB
PageTables:        69204 kB
NFS_Unstable:          0 kB
Bounce:                0 kB
WritebackTmp:          0 kB
CommitLimit:     8679788 kB
Committed_AS:   73017612 kB
VmallocTotal:   263061440 kB
VmallocUsed:      131188 kB
VmallocChunk:          0 kB
Percpu:             6288 kB
CmaTotal:         405504 kB
CmaFree:           12468 kB
MemTotal:        7922408 kB
MemFree:          964940 kB
MemAvailable:    3709040 kB
Buffers:           54688 kB
Cached:          2517940 kB
SwapCached:            0 kB
Active:           456684 kB
Inactive:        3581448 kB
Active(anon):       8664 kB
Inactive(anon):  1492544 kB
Active(file):     448020 kB
Inactive(file):  2088904 kB
Unevictable:        6160 kB
Mlocked:            5720 kB
SwapTotal:       4718584 kB
SwapFree:        4718584 kB
Dirty:               236 kB
Writeback:             0 kB
AnonPages:       1471956 kB
Mapped:          1110116 kB
Shmem:             31028 kB
KReclaimable:     597448 kB
Slab:             320824 kB
SReclaimable:      93300 kB
SUnreclaim:       227524 kB
KernelStack:       49520 kB
ShadowCallStack:   12392 kB
PageTables:        69180 kB
NFS_Unstable:          0 kB
Bounce:                0 kB
WritebackTmp:          0 kB
CommitLimit:     8679788 kB
Committed_AS:   73017088 kB
VmallocTotal:   263061440 kB
VmallocUsed:      131200 kB
VmallocChunk:          0 kB
Percpu:             6288 kB
CmaTotal:         405504 kB
CmaFree:           12596 kB
MemTotal:        7922408 kB
MemFree:          963444 kB
MemAvailable:    3707544 kB
Buffers:           54688 kB
Cached:          2517940 kB
SwapCached:            0 kB
Active:           456680 kB
Inactive:        3582524 kB
Active(anon):       8660 kB
Inactive(anon):  1493620 kB
Active(file):     448020 kB
Inactive(file):  2088904 kB
Unevictable:        6160 kB
Mlocked:            5720 kB
SwapTotal:       4718584 kB
SwapFree:        4718584 kB
Dirty:               264 kB
Writeback:             0 kB
AnonPages:       1472772 kB
Mapped:          1110252 kB
Shmem:             31028 kB
KReclaimable:     597448 kB
Slab:             320828 kB
SReclaimable:      93300 kB
SUnreclaim:       227528 kB
KernelStack:       49584 kB
ShadowCallStack:   12412 kB
PageTables:        69408 kB
NFS_Unstable:          0 kB
Bounce:                0 kB
WritebackTmp:          0 kB
CommitLimit:     8679788 kB
Committed_AS:   73017672 kB
VmallocTotal:   263061440 kB
VmallocUsed:      131184 kB
VmallocChunk:          0 kB
Percpu:             6288 kB
CmaTotal:         405504 kB
CmaFree:           12596 kB
MemTotal:        7922408 kB
MemFree:          965276 kB
MemAvailable:    3709384 kB
Buffers:           54696 kB
Cached:          2517944 kB
SwapCached:            0 kB
Active:           456696 kB
Inactive:        3580500 kB
Active(anon):       8668 kB
Inactive(anon):  1491596 kB
Active(file):     448028 kB
Inactive(file):  2088904 kB
Unevictable:        6160 kB
Mlocked:            5720 kB
SwapTotal:       4718584 kB
SwapFree:        4718584 kB
Dirty:               276 kB
Writeback:             0 kB
AnonPages:       1470788 kB
Mapped:          1110256 kB
Shmem:             31032 kB
KReclaimable:     597448 kB
Slab:             320828 kB
SReclaimable:      93300 kB
SUnreclaim:       227528 kB
KernelStack:       49520 kB
ShadowCallStack:   12408 kB
PageTables:        69264 kB
NFS_Unstable:          0 kB
Bounce:                0 kB
WritebackTmp:          0 kB
CommitLimit:     8679788 kB
Committed_AS:   73017500 kB
VmallocTotal:   263061440 kB
VmallocUsed:      131204 kB
VmallocChunk:          0 kB
Percpu:             6288 kB
CmaTotal:         405504 kB
CmaFree:           12780 kB
MemTotal:        7922408 kB
MemFree:          979732 kB
MemAvailable:    3723780 kB
Buffers:           54704 kB
Cached:          2517820 kB
SwapCached:            0 kB
Active:           456696 kB
Inactive:        3565776 kB
Active(anon):       8660 kB
Inactive(anon):  1476872 kB
Active(file):     448036 kB
Inactive(file):  2088904 kB
Unevictable:        6160 kB
Mlocked:            5720 kB
SwapTotal:       4718584 kB
SwapFree:        4718584 kB
Dirty:               188 kB
Writeback:             0 kB
AnonPages:       1455836 kB
Mapped:          1110468 kB
Shmem:             30908 kB
KReclaimable:     597380 kB
Slab:             320828 kB
SReclaimable:      93300 kB
SUnreclaim:       227528 kB
KernelStack:       49520 kB
ShadowCallStack:   12416 kB
PageTables:        69032 kB
NFS_Unstable:          0 kB
Bounce:                0 kB
WritebackTmp:          0 kB
CommitLimit:     8679788 kB
Committed_AS:   73017744 kB
VmallocTotal:   263061440 kB
VmallocUsed:      131208 kB
VmallocChunk:          0 kB
Percpu:             6288 kB
CmaTotal:         405504 kB
CmaFree:           15252 kB
MemTotal:        7922408 kB
MemFree:          979004 kB
MemAvailable:    3723052 kB
Buffers:           54704 kB
Cached:          2517820 kB
SwapCached:            0 kB
Active:           456700 kB
Inactive:        3565824 kB
Active(anon):       8664 kB
Inactive(anon):  1476920 kB
Active(file):     448036 kB
Inactive(file):  2088904 kB
Unevictable:        6160 kB
Mlocked:            5720 kB
SwapTotal:       4718584 kB
SwapFree:        4718584 kB
Dirty:               208 kB
Writeback:             0 kB
AnonPages:       1456276 kB
Mapped:          1110476 kB
Shmem:             30908 kB
KReclaimable:     597380 kB
Slab:             320828 kB
SReclaimable:      93300 kB
SUnreclaim:       227528 kB
KernelStack:       49552 kB
ShadowCallStack:   12420 kB
PageTables:        69040 kB
NFS_Unstable:          0 kB
Bounce:                0 kB
WritebackTmp:          0 kB
CommitLimit:     8679788 kB
Committed_AS:   73017736 kB
VmallocTotal:   263061440 kB
VmallocUsed:      131220 kB
VmallocChunk:          0 kB
Percpu:             6288 kB
CmaTotal:         405504 kB
CmaFree:           15252 kB
MemTotal:        7922408 kB
MemFree:          977512 kB
MemAvailable:    3721576 kB
Buffers:           54720 kB
Cached:          2517824 kB
SwapCached:            0 kB
Active:           456716 kB
Inactive:        3567744 kB
Active(anon):       8660 kB
Inactive(anon):  1478844 kB
Active(file):     448056 kB
Inactive(file):  2088900 kB
Unevictable:        6160 kB
Mlocked:            5720 kB
SwapTotal:       4718584 kB
SwapFree:        4718584 kB
Dirty:               264 kB
Writeback:             0 kB
AnonPages:       1457988 kB
Mapped:          1110484 kB
Shmem:             30912 kB
KReclaimable:     597380 kB
Slab:             320828 kB
SReclaimable:      93300 kB
SUnreclaim:       227528 kB
KernelStack:       49552 kB
ShadowCallStack:   12408 kB
PageTables:        69180 kB
NFS_Unstable:          0 kB
Bounce:                0 kB
WritebackTmp:          0 kB
CommitLimit:     8679788 kB
Committed_AS:   73018100 kB
VmallocTotal:   263061440 kB
VmallocUsed:      131220 kB
VmallocChunk:          0 kB
Percpu:             6288 kB
CmaTotal:         405504 kB
CmaFree:           15252 kB
MemTotal:        7922408 kB
MemFree:          978296 kB
MemAvailable:    3722360 kB
Buffers:           54720 kB
Cached:          2517828 kB
SwapCached:            0 kB
Active:           456716 kB
Inactive:        3567664 kB
Active(anon):       8660 kB
Inactive(anon):  1478764 kB
Active(file):     448056 kB
Inactive(file):  2088900 kB
Unevictable:        6160 kB
Mlocked:            5720 kB
SwapTotal:       4718584 kB
SwapFree:        4718584 kB
Dirty:               284 kB
Writeback:             0 kB
AnonPages:       1458152 kB
Mapped:          1110492 kB
Shmem:             30916 kB
KReclaimable:     597380 kB
Slab:             320828 kB
SReclaimable:      93300 kB
SUnreclaim:       227528 kB
KernelStack:       49504 kB
ShadowCallStack:   12376 kB
PageTables:        69292 kB
NFS_Unstable:          0 kB
Bounce:                0 kB
WritebackTmp:          0 kB
CommitLimit:     8679788 kB
Committed_AS:   73017788 kB
VmallocTotal:   263061440 kB
VmallocUsed:      131180 kB
VmallocChunk:          0 kB
Percpu:             6288 kB
CmaTotal:         405504 kB
CmaFree:           15252 kB
MemTotal:        7922408 kB
MemFree:          977920 kB
MemAvailable:    3721992 kB
Buffers:           54720 kB
Cached:          2517832 kB
SwapCached:            0 kB
Active:           456712 kB
Inactive:        3568252 kB
Active(anon):       8656 kB
Inactive(anon):  1479348 kB
Active(file):     448056 kB
Inactive(file):  2088904 kB
Unevictable:        6160 kB
Mlocked:            5720 kB
SwapTotal:       4718584 kB
SwapFree:        4718584 kB
Dirty:               336 kB
Writeback:             0 kB
AnonPages:       1458504 kB
Mapped:          1110492 kB
Shmem:             30916 kB
KReclaimable:     597384 kB
Slab:             320832 kB
SReclaimable:      93304 kB
SUnreclaim:       227528 kB
KernelStack:       49568 kB
ShadowCallStack:   12400 kB
PageTables:        69296 kB
NFS_Unstable:          0 kB
Bounce:                0 kB
WritebackTmp:          0 kB
CommitLimit:     8679788 kB
Committed_AS:   73017660 kB
VmallocTotal:   263061440 kB
VmallocUsed:      131184 kB
VmallocChunk:          0 kB
Percpu:             6288 kB
CmaTotal:         405504 kB
CmaFree:           15380 kB
MemTotal:        7922408 kB
MemFree:          976208 kB
MemAvailable:    3719520 kB
Buffers:           54728 kB
Cached:          2517836 kB
SwapCached:            0 kB
Active:           456712 kB
Inactive:        3570552 kB
Active(anon):       8648 kB
Inactive(anon):  1481648 kB
Active(file):     448064 kB
Inactive(file):  2088904 kB
Unevictable:        6160 kB
Mlocked:            5720 kB
SwapTotal:       4718584 kB
SwapFree:        4718584 kB
Dirty:               436 kB
Writeback:             0 kB
AnonPages:       1460740 kB
Mapped:          1110652 kB
Shmem:             30920 kB
KReclaimable:     596616 kB
Slab:             320832 kB
SReclaimable:      93304 kB
SUnreclaim:       227528 kB
KernelStack:       49616 kB
ShadowCallStack:   12416 kB
PageTables:        69200 kB
NFS_Unstable:          0 kB
Bounce:                0 kB
WritebackTmp:          0 kB
CommitLimit:     8679788 kB
Committed_AS:   73018200 kB
VmallocTotal:   263061440 kB
VmallocUsed:      131224 kB
VmallocChunk:          0 kB
Percpu:             6288 kB
CmaTotal:         405504 kB
CmaFree:           15380 kB
MemTotal:        7922408 kB
MemFree:          972820 kB
MemAvailable:    3715740 kB
Buffers:           54728 kB
Cached:          2517836 kB
SwapCached:            0 kB
Active:           456704 kB
Inactive:        3573048 kB
Active(anon):       8640 kB
Inactive(anon):  1484144 kB
Active(file):     448064 kB
Inactive(file):  2088904 kB
Unevictable:        6160 kB
Mlocked:            5720 kB
SwapTotal:       4718584 kB
SwapFree:        4718584 kB
Dirty:               464 kB
Writeback:             0 kB
AnonPages:       1463380 kB
Mapped:          1110728 kB
Shmem:             30920 kB
KReclaimable:     596224 kB
Slab:             320832 kB
SReclaimable:      93304 kB
SUnreclaim:       227528 kB
KernelStack:       49424 kB
ShadowCallStack:   12384 kB
PageTables:        69184 kB
NFS_Unstable:          0 kB
Bounce:                0 kB
WritebackTmp:          0 kB
CommitLimit:     8679788 kB
Committed_AS:   73020996 kB
VmallocTotal:   263061440 kB
VmallocUsed:      131080 kB
VmallocChunk:          0 kB
Percpu:             6288 kB
CmaTotal:         405504 kB
CmaFree:           15460 kB
MemTotal:        7922408 kB
MemFree:          751744 kB
MemAvailable:    3774552 kB
Buffers:           54856 kB
Cached:          2518712 kB
SwapCached:            0 kB
Active:           456808 kB
Inactive:        3798624 kB
Active(anon):       8620 kB
Inactive(anon):  1709852 kB
Active(file):     448188 kB
Inactive(file):  2088772 kB
Unevictable:        6160 kB
Mlocked:            5720 kB
SwapTotal:       4718584 kB
SwapFree:        4718584 kB
Dirty:               660 kB
Writeback:             0 kB
AnonPages:       1688052 kB
Mapped:          1146124 kB
Shmem:             31760 kB
KReclaimable:     876120 kB
Slab:             320604 kB
SReclaimable:      93332 kB
SUnreclaim:       227272 kB
KernelStack:       49088 kB
ShadowCallStack:   12256 kB
PageTables:        68816 kB
NFS_Unstable:          0 kB
Bounce:                0 kB
WritebackTmp:          0 kB
CommitLimit:     8679788 kB
Committed_AS:   73023260 kB
VmallocTotal:   263061440 kB
VmallocUsed:      130620 kB
VmallocChunk:          0 kB
Percpu:             6288 kB
CmaTotal:         405504 kB
CmaFree:           10624 kB
MemTotal:        7922408 kB
MemFree:          747740 kB
MemAvailable:    3642392 kB
Buffers:           54920 kB
Cached:          2520096 kB
SwapCached:            0 kB
Active:           622756 kB
Inactive:        3633244 kB
Active(anon):       8648 kB
Inactive(anon):  1708460 kB
Active(file):     614108 kB
Inactive(file):  1924784 kB
Unevictable:        6160 kB
Mlocked:            5720 kB
SwapTotal:       4718584 kB
SwapFree:        4718584 kB
Dirty:              2480 kB
Writeback:             0 kB
AnonPages:       1687200 kB
Mapped:          1041688 kB
Shmem:             31448 kB
KReclaimable:     746032 kB
Slab:             320616 kB
SReclaimable:      93336 kB
SUnreclaim:       227280 kB
KernelStack:       49168 kB
ShadowCallStack:   12316 kB
PageTables:        68468 kB
NFS_Unstable:          0 kB
Bounce:                0 kB
WritebackTmp:          0 kB
CommitLimit:     8679788 kB
Committed_AS:   72253072 kB
VmallocTotal:   263061440 kB
VmallocUsed:      130668 kB
VmallocChunk:          0 kB
Percpu:             6288 kB
CmaTotal:         405504 kB
CmaFree:              60 kB
MemTotal:        7922408 kB
MemFree:          755012 kB
MemAvailable:    3649264 kB
Buffers:           54920 kB
Cached:          2520376 kB
SwapCached:            0 kB
Active:           622964 kB
Inactive:        3624904 kB
Active(anon):       8736 kB
Inactive(anon):  1700232 kB
Active(file):     614228 kB
Inactive(file):  1924672 kB
Unevictable:        6160 kB
Mlocked:            5720 kB
SwapTotal:       4718584 kB
SwapFree:        4718584 kB
Dirty:              2344 kB
Writeback:             0 kB
AnonPages:       1678828 kB
Mapped:          1045764 kB
Shmem:             31720 kB
KReclaimable:     745624 kB
Slab:             320620 kB
SReclaimable:      93336 kB
SUnreclaim:       227284 kB
KernelStack:       49248 kB
ShadowCallStack:   12324 kB
PageTables:        68520 kB
NFS_Unstable:          0 kB
Bounce:                0 kB
WritebackTmp:          0 kB
CommitLimit:     8679788 kB
Committed_AS:   72256424 kB
VmallocTotal:   263061440 kB
VmallocUsed:      130804 kB
VmallocChunk:          0 kB
Percpu:             6288 kB
CmaTotal:         405504 kB
CmaFree:            7864 kB
MemTotal:        7922408 kB
MemFree:          752876 kB
MemAvailable:    3608784 kB
Buffers:           54960 kB
Cached:          2518772 kB
SwapCached:            0 kB
Active:           622960 kB
Inactive:        3624932 kB
Active(anon):       8692 kB
Inactive(anon):  1700236 kB
Active(file):     614268 kB
Inactive(file):  1924696 kB
Unevictable:        6160 kB
Mlocked:            5720 kB
SwapTotal:       4718584 kB
SwapFree:        4718584 kB
Dirty:              2596 kB
Writeback:             0 kB
AnonPages:       1680364 kB
Mapped:          1049876 kB
Shmem:             30092 kB
KReclaimable:     707216 kB
Slab:             320668 kB
SReclaimable:      93344 kB
SUnreclaim:       227324 kB
KernelStack:       49312 kB
ShadowCallStack:   12352 kB
PageTables:        68464 kB
NFS_Unstable:          0 kB
Bounce:                0 kB
WritebackTmp:          0 kB
CommitLimit:     8679788 kB
Committed_AS:   72229892 kB
VmallocTotal:   263061440 kB
VmallocUsed:      130856 kB
VmallocChunk:          0 kB
Percpu:             6288 kB
CmaTotal:         405504 kB
CmaFree:            8180 kB
MemTotal:        7922408 kB
MemFree:          749912 kB
MemAvailable:    3609248 kB
Buffers:           55012 kB
Cached:          2518868 kB
SwapCached:            0 kB
Active:           622996 kB
Inactive:        3626996 kB
Active(anon):       8684 kB
Inactive(anon):  1702304 kB
Active(file):     614312 kB
Inactive(file):  1924692 kB
Unevictable:        6160 kB
Mlocked:            5720 kB
SwapTotal:       4718584 kB
SwapFree:        4718584 kB
Dirty:              2700 kB
Writeback:             0 kB
AnonPages:       1682400 kB
Mapped:          1048120 kB
Shmem:             30188 kB
KReclaimable:     710604 kB
Slab:             320664 kB
SReclaimable:      93344 kB
SUnreclaim:       227320 kB
KernelStack:       49376 kB
ShadowCallStack:   12372 kB
PageTables:        68352 kB
NFS_Unstable:          0 kB
Bounce:                0 kB
WritebackTmp:          0 kB
CommitLimit:     8679788 kB
Committed_AS:   72230148 kB
VmallocTotal:   263061440 kB
VmallocUsed:      130952 kB
VmallocChunk:          0 kB
Percpu:             6288 kB
CmaTotal:         405504 kB
CmaFree:            9204 kB
MemTotal:        7922408 kB
MemFree:          737568 kB
MemAvailable:    3599552 kB
Buffers:           55048 kB
Cached:          2521480 kB
SwapCached:            0 kB
Active:           623108 kB
Inactive:        3640172 kB
Active(anon):       8680 kB
Inactive(anon):  1712992 kB
Active(file):     614428 kB
Inactive(file):  1927180 kB
Unevictable:        6160 kB
Mlocked:            5720 kB
SwapTotal:       4718584 kB
SwapFree:        4718584 kB
Dirty:              3020 kB
Writeback:             0 kB
AnonPages:       1692912 kB
Mapped:          1051592 kB
Shmem:             30244 kB
KReclaimable:     710648 kB
Slab:             320648 kB
SReclaimable:      93416 kB
SUnreclaim:       227232 kB
KernelStack:       49456 kB
ShadowCallStack:   12388 kB
PageTables:        68488 kB
NFS_Unstable:          0 kB
Bounce:                0 kB
WritebackTmp:          0 kB
CommitLimit:     8679788 kB
Committed_AS:   72230864 kB
VmallocTotal:   263061440 kB
VmallocUsed:      131028 kB
VmallocChunk:          0 kB
Percpu:             6288 kB
CmaTotal:         405504 kB
CmaFree:            1440 kB
MemTotal:        7922408 kB
MemFree:          735420 kB
MemAvailable:    3598076 kB
Buffers:           55056 kB
Cached:          2521592 kB
SwapCached:            0 kB
Active:           623148 kB
Inactive:        3642608 kB
Active(anon):       8676 kB
Inactive(anon):  1715408 kB
Active(file):     614472 kB
Inactive(file):  1927200 kB
Unevictable:        6160 kB
Mlocked:            5720 kB
SwapTotal:       4718584 kB
SwapFree:        4718584 kB
Dirty:              3052 kB
Writeback:             0 kB
AnonPages:       1695316 kB
Mapped:          1051716 kB
Shmem:             30300 kB
KReclaimable:     711256 kB
Slab:             320656 kB
SReclaimable:      93420 kB
SUnreclaim:       227236 kB
KernelStack:       49408 kB
ShadowCallStack:   12372 kB
PageTables:        68496 kB
NFS_Unstable:          0 kB
Bounce:                0 kB
WritebackTmp:          0 kB
CommitLimit:     8679788 kB
Committed_AS:   72230768 kB
VmallocTotal:   263061440 kB
VmallocUsed:      131044 kB
VmallocChunk:          0 kB
Percpu:             6288 kB
CmaTotal:         405504 kB
CmaFree:               0 kB
MemTotal:        7922408 kB
MemFree:          632848 kB
MemAvailable:    3147284 kB
Buffers:           55228 kB
Cached:          2550932 kB
SwapCached:            0 kB
Active:           623496 kB
Inactive:        3738428 kB
Active(anon):       8728 kB
Inactive(anon):  1783508 kB
Active(file):     614768 kB
Inactive(file):  1954920 kB
Unevictable:        6160 kB
Mlocked:            5720 kB
SwapTotal:       4718584 kB
SwapFree:        4718584 kB
Dirty:              3664 kB
Writeback:             0 kB
AnonPages:       1761992 kB
Mapped:          1092904 kB
Shmem:             31796 kB
KReclaimable:     335020 kB
Slab:             322300 kB
SReclaimable:      93676 kB
SUnreclaim:       228624 kB
KernelStack:       51152 kB
ShadowCallStack:   12812 kB
PageTables:        70580 kB
NFS_Unstable:          0 kB
Bounce:                0 kB
WritebackTmp:          0 kB
CommitLimit:     8679788 kB
Committed_AS:   74374988 kB
VmallocTotal:   263061440 kB
VmallocUsed:      133164 kB
VmallocChunk:          0 kB
Percpu:             6288 kB
CmaTotal:         405504 kB
CmaFree:               0 kB
MemTotal:        7922408 kB
MemFree:          929896 kB
MemAvailable:    3650908 kB
Buffers:           55276 kB
Cached:          2552852 kB
SwapCached:            0 kB
Active:           637608 kB
Inactive:        3416568 kB
Active(anon):       8648 kB
Inactive(anon):  1474456 kB
Active(file):     628960 kB
Inactive(file):  1942112 kB
Unevictable:        6160 kB
Mlocked:            5720 kB
SwapTotal:       4718584 kB
SwapFree:        4718584 kB
Dirty:              2672 kB
Writeback:             0 kB
AnonPages:       1452212 kB
Mapped:          1080088 kB
Shmem:             32380 kB
KReclaimable:     540212 kB
Slab:             321528 kB
SReclaimable:      93712 kB
SUnreclaim:       227816 kB
KernelStack:       50624 kB
ShadowCallStack:   12676 kB
PageTables:        69524 kB
NFS_Unstable:          0 kB
Bounce:                0 kB
WritebackTmp:          0 kB
CommitLimit:     8679788 kB
Committed_AS:   72326408 kB
VmallocTotal:   263061440 kB
VmallocUsed:      132544 kB
VmallocChunk:          0 kB
Percpu:             6288 kB
CmaTotal:         405504 kB
CmaFree:           25920 kB
MemTotal:        7922408 kB
MemFree:          927840 kB
MemAvailable:    3648880 kB
Buffers:           55276 kB
Cached:          2552884 kB
SwapCached:            0 kB
Active:           637740 kB
Inactive:        3419520 kB
Active(anon):       8772 kB
Inactive(anon):  1477408 kB
Active(file):     628968 kB
Inactive(file):  1942112 kB
Unevictable:        6160 kB
Mlocked:            5720 kB
SwapTotal:       4718584 kB
SwapFree:        4718584 kB
Dirty:              2972 kB
Writeback:             0 kB
AnonPages:       1455296 kB
Mapped:          1080372 kB
Shmem:             32404 kB
KReclaimable:     540232 kB
Slab:             321516 kB
SReclaimable:      93720 kB
SUnreclaim:       227796 kB
KernelStack:       50672 kB
ShadowCallStack:   12692 kB
PageTables:        69408 kB
NFS_Unstable:          0 kB
Bounce:                0 kB
WritebackTmp:          0 kB
CommitLimit:     8679788 kB
Committed_AS:   72326700 kB
VmallocTotal:   263061440 kB
VmallocUsed:      132604 kB
VmallocChunk:          0 kB
Percpu:             6288 kB
CmaTotal:         405504 kB
CmaFree:           26788 kB
MemTotal:        7922408 kB
MemFree:          927864 kB
MemAvailable:    3648940 kB
Buffers:           55300 kB
Cached:          2552928 kB
SwapCached:            0 kB
Active:           637768 kB
Inactive:        3419612 kB
Active(anon):       8776 kB
Inactive(anon):  1477488 kB
Active(file):     628992 kB
Inactive(file):  1942124 kB
Unevictable:        6160 kB
Mlocked:            5720 kB
SwapTotal:       4718584 kB
SwapFree:        4718584 kB
Dirty:              3024 kB
Writeback:             0 kB
AnonPages:       1455360 kB
Mapped:          1093880 kB
Shmem:             32436 kB
KReclaimable:     540232 kB
Slab:             321528 kB
SReclaimable:      93720 kB
SUnreclaim:       227808 kB
KernelStack:       50592 kB
ShadowCallStack:   12672 kB
PageTables:        69588 kB
NFS_Unstable:          0 kB
Bounce:                0 kB
WritebackTmp:          0 kB
CommitLimit:     8679788 kB
Committed_AS:   72319280 kB
VmallocTotal:   263061440 kB
VmallocUsed:      132516 kB
VmallocChunk:          0 kB
Percpu:             6288 kB
CmaTotal:         405504 kB
CmaFree:           27736 kB
MemTotal:        7922408 kB
MemFree:          928016 kB
MemAvailable:    3649120 kB
Buffers:           55324 kB
Cached:          2552940 kB
SwapCached:            0 kB
Active:           637792 kB
Inactive:        3418316 kB
Active(anon):       8776 kB
Inactive(anon):  1476192 kB
Active(file):     629016 kB
Inactive(file):  1942124 kB
Unevictable:        6160 kB
Mlocked:            5720 kB
SwapTotal:       4718584 kB
SwapFree:        4718584 kB
Dirty:              3056 kB
Writeback:             0 kB
AnonPages:       1454056 kB
Mapped:          1093892 kB
Shmem:             32448 kB
KReclaimable:     540236 kB
Slab:             321540 kB
SReclaimable:      93724 kB
SUnreclaim:       227816 kB
KernelStack:       50608 kB
ShadowCallStack:   12676 kB
PageTables:        69596 kB
NFS_Unstable:          0 kB
Bounce:                0 kB
WritebackTmp:          0 kB
CommitLimit:     8679788 kB
Committed_AS:   72319348 kB
VmallocTotal:   263061440 kB
VmallocUsed:      132540 kB
VmallocChunk:          0 kB
Percpu:             6288 kB
CmaTotal:         405504 kB
CmaFree:           27736 kB
MemTotal:        7922408 kB
MemFree:          933616 kB
MemAvailable:    3656136 kB
Buffers:           55348 kB
Cached:          2552936 kB
SwapCached:            0 kB
Active:           637812 kB
Inactive:        3414960 kB
Active(anon):       8772 kB
Inactive(anon):  1472832 kB
Active(file):     629040 kB
Inactive(file):  1942128 kB
Unevictable:        6160 kB
Mlocked:            5720 kB
SwapTotal:       4718584 kB
SwapFree:        4718584 kB
Dirty:              3100 kB
Writeback:             0 kB
AnonPages:       1450572 kB
Mapped:          1093808 kB
Shmem:             32440 kB
KReclaimable:     541624 kB
Slab:             321560 kB
SReclaimable:      93712 kB
SUnreclaim:       227848 kB
KernelStack:       50624 kB
ShadowCallStack:   12676 kB
PageTables:        69440 kB
NFS_Unstable:          0 kB
Bounce:                0 kB
WritebackTmp:          0 kB
CommitLimit:     8679788 kB
Committed_AS:   72319328 kB
VmallocTotal:   263061440 kB
VmallocUsed:      132540 kB
VmallocChunk:          0 kB
Percpu:             6288 kB
CmaTotal:         405504 kB
CmaFree:           30272 kB
MemTotal:        7922408 kB
MemFree:          937160 kB
MemAvailable:    3657000 kB
Buffers:           55408 kB
Cached:          2550220 kB
SwapCached:            0 kB
Active:           637824 kB
Inactive:        3412352 kB
Active(anon):       8776 kB
Inactive(anon):  1472912 kB
Active(file):     629048 kB
Inactive(file):  1939440 kB
Unevictable:        6160 kB
Mlocked:            5720 kB
SwapTotal:       4718584 kB
SwapFree:        4718584 kB
Dirty:              3148 kB
Writeback:            32 kB
AnonPages:       1450892 kB
Mapped:          1093872 kB
Shmem:             32464 kB
KReclaimable:     541624 kB
Slab:             321552 kB
SReclaimable:      93712 kB
SUnreclaim:       227840 kB
KernelStack:       50624 kB
ShadowCallStack:   12676 kB
PageTables:        69716 kB
NFS_Unstable:          0 kB
Bounce:                0 kB
WritebackTmp:          0 kB
CommitLimit:     8679788 kB
Committed_AS:   72319352 kB
VmallocTotal:   263061440 kB
VmallocUsed:      132540 kB
VmallocChunk:          0 kB
Percpu:             6288 kB
CmaTotal:         405504 kB
CmaFree:           31504 kB
MemTotal:        7922408 kB
MemFree:          937468 kB
MemAvailable:    3657344 kB
Buffers:           55408 kB
Cached:          2550256 kB
SwapCached:            0 kB
Active:           637872 kB
Inactive:        3411964 kB
Active(anon):       8776 kB
Inactive(anon):  1472536 kB
Active(file):     629096 kB
Inactive(file):  1939428 kB
Unevictable:        6160 kB
Mlocked:            5720 kB
SwapTotal:       4718584 kB
SwapFree:        4718584 kB
Dirty:              3188 kB
Writeback:             0 kB
AnonPages:       1450344 kB
Mapped:          1093864 kB
Shmem:             32464 kB
KReclaimable:     541624 kB
Slab:             321552 kB
SReclaimable:      93712 kB
SUnreclaim:       227840 kB
KernelStack:       50640 kB
ShadowCallStack:   12680 kB
PageTables:        69460 kB
NFS_Unstable:          0 kB
Bounce:                0 kB
WritebackTmp:          0 kB
CommitLimit:     8679788 kB
Committed_AS:   72319352 kB
VmallocTotal:   263061440 kB
VmallocUsed:      132528 kB
VmallocChunk:          0 kB
Percpu:             6288 kB
CmaTotal:         405504 kB
CmaFree:           31628 kB
MemTotal:        7922408 kB
MemFree:          934948 kB
MemAvailable:    3654912 kB
Buffers:           55424 kB
Cached:          2550324 kB
SwapCached:            0 kB
Active:           637892 kB
Inactive:        3413864 kB
Active(anon):       8776 kB
Inactive(anon):  1474440 kB
Active(file):     629116 kB
Inactive(file):  1939424 kB
Unevictable:        6160 kB
Mlocked:            5720 kB
SwapTotal:       4718584 kB
SwapFree:        4718584 kB
Dirty:              1448 kB
Writeback:             0 kB
AnonPages:       1452272 kB
Mapped:          1093776 kB
Shmem:             32532 kB
KReclaimable:     541696 kB
Slab:             321592 kB
SReclaimable:      93712 kB
SUnreclaim:       227880 kB
KernelStack:       50640 kB
ShadowCallStack:   12680 kB
PageTables:        69580 kB
NFS_Unstable:          0 kB
Bounce:                0 kB
WritebackTmp:          0 kB
CommitLimit:     8679788 kB
Committed_AS:   72319472 kB
VmallocTotal:   263061440 kB
VmallocUsed:      132560 kB
VmallocChunk:          0 kB
Percpu:             6288 kB
CmaTotal:         405504 kB
CmaFree:           31632 kB
MemTotal:        7922408 kB
MemFree:          939528 kB
MemAvailable:    3659524 kB
Buffers:           55436 kB
Cached:          2550324 kB
SwapCached:            0 kB
Active:           637912 kB
Inactive:        3409392 kB
Active(anon):       8784 kB
Inactive(anon):  1469968 kB
Active(file):     629128 kB
Inactive(file):  1939424 kB
Unevictable:        6160 kB
Mlocked:            5720 kB
SwapTotal:       4718584 kB
SwapFree:        4718584 kB
Dirty:              1528 kB
Writeback:             0 kB
AnonPages:       1447648 kB
Mapped:          1093924 kB
Shmem:             32532 kB
KReclaimable:     541716 kB
Slab:             321592 kB
SReclaimable:      93712 kB
SUnreclaim:       227880 kB
KernelStack:       50736 kB
ShadowCallStack:   12696 kB
PageTables:        69660 kB
NFS_Unstable:          0 kB
Bounce:                0 kB
WritebackTmp:          0 kB
CommitLimit:     8679788 kB
Committed_AS:   72319628 kB
VmallocTotal:   263061440 kB
VmallocUsed:      132640 kB
VmallocChunk:          0 kB
Percpu:             6288 kB
CmaTotal:         405504 kB
CmaFree:           31632 kB
MemTotal:        7922408 kB
MemFree:          939008 kB
MemAvailable:    3659004 kB
Buffers:           55436 kB
Cached:          2550324 kB
SwapCached:            0 kB
Active:           637904 kB
Inactive:        3409960 kB
Active(anon):       8776 kB
Inactive(anon):  1470536 kB
Active(file):     629128 kB
Inactive(file):  1939424 kB
Unevictable:        6160 kB
Mlocked:            5720 kB
SwapTotal:       4718584 kB
SwapFree:        4718584 kB
Dirty:              1540 kB
Writeback:             0 kB
AnonPages:       1448332 kB
Mapped:          1093924 kB
Shmem:             32532 kB
KReclaimable:     541716 kB
Slab:             321592 kB
SReclaimable:      93712 kB
SUnreclaim:       227880 kB
KernelStack:       50672 kB
ShadowCallStack:   12688 kB
PageTables:        69632 kB
NFS_Unstable:          0 kB
Bounce:                0 kB
WritebackTmp:          0 kB
CommitLimit:     8679788 kB
Committed_AS:   72319576 kB
VmallocTotal:   263061440 kB
VmallocUsed:      132600 kB
VmallocChunk:          0 kB
Percpu:             6288 kB
CmaTotal:         405504 kB
CmaFree:           31632 kB
MemTotal:        7922408 kB
MemFree:          940060 kB
MemAvailable:    3660060 kB
Buffers:           55436 kB
Cached:          2550328 kB
SwapCached:            0 kB
Active:           637908 kB
Inactive:        3409588 kB
Active(anon):       8780 kB
Inactive(anon):  1470164 kB
Active(file):     629128 kB
Inactive(file):  1939424 kB
Unevictable:        6160 kB
Mlocked:            5720 kB
SwapTotal:       4718584 kB
SwapFree:        4718584 kB
Dirty:              1112 kB
Writeback:             0 kB
AnonPages:       1448080 kB
Mapped:          1093928 kB
Shmem:             32536 kB
KReclaimable:     541720 kB
Slab:             321600 kB
SReclaimable:      93716 kB
SUnreclaim:       227884 kB
KernelStack:       50640 kB
ShadowCallStack:   12680 kB
PageTables:        69376 kB
NFS_Unstable:          0 kB
Bounce:                0 kB
WritebackTmp:          0 kB
CommitLimit:     8679788 kB
Committed_AS:   72319532 kB
VmallocTotal:   263061440 kB
VmallocUsed:      132548 kB
VmallocChunk:          0 kB
Percpu:             6288 kB
CmaTotal:         405504 kB
CmaFree:           31760 kB
MemTotal:        7922408 kB
MemFree:          939148 kB
MemAvailable:    3659172 kB
Buffers:           55460 kB
Cached:          2550328 kB
SwapCached:            0 kB
Active:           637940 kB
Inactive:        3410592 kB
Active(anon):       8784 kB
Inactive(anon):  1471172 kB
Active(file):     629156 kB
Inactive(file):  1939420 kB
Unevictable:        6160 kB
Mlocked:            5720 kB
SwapTotal:       4718584 kB
SwapFree:        4718584 kB
Dirty:              1140 kB
Writeback:             0 kB
AnonPages:       1448960 kB
Mapped:          1093912 kB
Shmem:             32536 kB
KReclaimable:     541720 kB
Slab:             321600 kB
SReclaimable:      93716 kB
SUnreclaim:       227884 kB
KernelStack:       50656 kB
ShadowCallStack:   12676 kB
PageTables:        69668 kB
NFS_Unstable:          0 kB
Bounce:                0 kB
WritebackTmp:          0 kB
CommitLimit:     8679788 kB
Committed_AS:   72319528 kB
VmallocTotal:   263061440 kB
VmallocUsed:      132592 kB
VmallocChunk:          0 kB
Percpu:             6288 kB
CmaTotal:         405504 kB
CmaFree:           31760 kB
MemTotal:        7922408 kB
MemFree:          937120 kB
MemAvailable:    3657164 kB
Buffers:           55460 kB
Cached:          2550328 kB
SwapCached:            0 kB
Active:           637936 kB
Inactive:        3411588 kB
Active(anon):       8780 kB
Inactive(anon):  1472168 kB
Active(file):     629156 kB
Inactive(file):  1939420 kB
Unevictable:        6160 kB
Mlocked:            5720 kB
SwapTotal:       4718584 kB
SwapFree:        4718584 kB
Dirty:              1156 kB
Writeback:             0 kB
AnonPages:       1449972 kB
Mapped:          1093912 kB
Shmem:             32536 kB
KReclaimable:     541740 kB
Slab:             321600 kB
SReclaimable:      93716 kB
SUnreclaim:       227884 kB
KernelStack:       50656 kB
ShadowCallStack:   12688 kB
PageTables:        69488 kB
NFS_Unstable:          0 kB
Bounce:                0 kB
WritebackTmp:          0 kB
CommitLimit:     8679788 kB
Committed_AS:   72319528 kB
VmallocTotal:   263061440 kB
VmallocUsed:      132568 kB
VmallocChunk:          0 kB
Percpu:             6288 kB
CmaTotal:         405504 kB
CmaFree:           31940 kB
MemTotal:        7922408 kB
MemFree:          936564 kB
MemAvailable:    3656612 kB
Buffers:           55460 kB
Cached:          2550332 kB
SwapCached:            0 kB
Active:           637928 kB
Inactive:        3412164 kB
Active(anon):       8772 kB
Inactive(anon):  1472740 kB
Active(file):     629156 kB
Inactive(file):  1939424 kB
Unevictable:        6160 kB
Mlocked:            5720 kB
SwapTotal:       4718584 kB
SwapFree:        4718584 kB
Dirty:              1168 kB
Writeback:             0 kB
AnonPages:       1450676 kB
Mapped:          1093872 kB
Shmem:             32536 kB
KReclaimable:     541740 kB
Slab:             321600 kB
SReclaimable:      93716 kB
SUnreclaim:       227884 kB
KernelStack:       50624 kB
ShadowCallStack:   12684 kB
PageTables:        69588 kB
NFS_Unstable:          0 kB
Bounce:                0 kB
WritebackTmp:          0 kB
CommitLimit:     8679788 kB
Committed_AS:   72319528 kB
VmallocTotal:   263061440 kB
VmallocUsed:      132584 kB
VmallocChunk:          0 kB
Percpu:             6288 kB
CmaTotal:         405504 kB
CmaFree:           31940 kB
MemTotal:        7922408 kB
MemFree:          935420 kB
MemAvailable:    3655480 kB
Buffers:           55468 kB
Cached:          2550272 kB
SwapCached:            0 kB
Active:           637944 kB
Inactive:        3412036 kB
Active(anon):       8780 kB
Inactive(anon):  1472608 kB
Active(file):     629164 kB
Inactive(file):  1939428 kB
Unevictable:        6160 kB
Mlocked:            5720 kB
SwapTotal:       4718584 kB
SwapFree:        4718584 kB
Dirty:              1188 kB
Writeback:             0 kB
AnonPages:       1450468 kB
Mapped:          1093912 kB
Shmem:             32472 kB
KReclaimable:     541740 kB
Slab:             321600 kB
SReclaimable:      93716 kB
SUnreclaim:       227884 kB
KernelStack:       50624 kB
ShadowCallStack:   12680 kB
PageTables:        69372 kB
NFS_Unstable:          0 kB
Bounce:                0 kB
WritebackTmp:          0 kB
CommitLimit:     8679788 kB
Committed_AS:   72319464 kB
VmallocTotal:   263061440 kB
VmallocUsed:      132568 kB
VmallocChunk:          0 kB
Percpu:             6288 kB
CmaTotal:         405504 kB
CmaFree:           31940 kB
MemTotal:        7922408 kB
MemFree:          935440 kB
MemAvailable:    3655692 kB
Buffers:           55532 kB
Cached:          2550400 kB
SwapCached:            0 kB
Active:           638000 kB
Inactive:        3412208 kB
Active(anon):       8772 kB
Inactive(anon):  1472652 kB
Active(file):     629228 kB
Inactive(file):  1939556 kB
Unevictable:        6160 kB
Mlocked:            5720 kB
SwapTotal:       4718584 kB
SwapFree:        4718584 kB
Dirty:                44 kB
Writeback:             0 kB
AnonPages:       1450408 kB
Mapped:          1093864 kB
Shmem:             32472 kB
KReclaimable:     541740 kB
Slab:             321608 kB
SReclaimable:      93716 kB
SUnreclaim:       227892 kB
KernelStack:       50672 kB
ShadowCallStack:   12688 kB
PageTables:        69692 kB
NFS_Unstable:          0 kB
Bounce:                0 kB
WritebackTmp:          0 kB
CommitLimit:     8679788 kB
Committed_AS:   72319464 kB
VmallocTotal:   263061440 kB
VmallocUsed:      132576 kB
VmallocChunk:          0 kB
Percpu:             6288 kB
CmaTotal:         405504 kB
CmaFree:           31940 kB
MemTotal:        7922408 kB
MemFree:          935752 kB
MemAvailable:    3656032 kB
Buffers:           55556 kB
Cached:          2550400 kB
SwapCached:            0 kB
Active:           638028 kB
Inactive:        3412416 kB
Active(anon):       8776 kB
Inactive(anon):  1472860 kB
Active(file):     629252 kB
Inactive(file):  1939556 kB
Unevictable:        6160 kB
Mlocked:            5720 kB
SwapTotal:       4718584 kB
SwapFree:        4718584 kB
Dirty:               200 kB
Writeback:             0 kB
AnonPages:       1450856 kB
Mapped:          1093932 kB
Shmem:             32472 kB
KReclaimable:     541744 kB
Slab:             321612 kB
SReclaimable:      93720 kB
SUnreclaim:       227892 kB
KernelStack:       50704 kB
ShadowCallStack:   12692 kB
PageTables:        69636 kB
NFS_Unstable:          0 kB
Bounce:                0 kB
WritebackTmp:          0 kB
CommitLimit:     8679788 kB
Committed_AS:   72319468 kB
VmallocTotal:   263061440 kB
VmallocUsed:      132584 kB
VmallocChunk:          0 kB
Percpu:             6288 kB
CmaTotal:         405504 kB
CmaFree:           31940 kB
MemTotal:        7922408 kB
MemFree:          934492 kB
MemAvailable:    3654808 kB
Buffers:           55572 kB
Cached:          2550408 kB
SwapCached:            0 kB
Active:           638048 kB
Inactive:        3414400 kB
Active(anon):       8780 kB
Inactive(anon):  1474844 kB
Active(file):     629268 kB
Inactive(file):  1939556 kB
Unevictable:        6160 kB
Mlocked:            5720 kB
SwapTotal:       4718584 kB
SwapFree:        4718584 kB
Dirty:               212 kB
Writeback:             0 kB
AnonPages:       1452652 kB
