MemTotal:       12113132 kB
MemFree:         6316544 kB
MemAvailable:    7801780 kB
Buffers:            5600 kB
Cached:          1825868 kB
SwapCached:            0 kB
Active:          1558720 kB
Inactive:        1579640 kB
Active(anon):    1313308 kB
Inactive(anon):    25456 kB
Active(file):     245412 kB
Inactive(file):  1554184 kB
Unevictable:        5532 kB
Mlocked:            5532 kB
SwapTotal:       3145724 kB
SwapFree:        3145724 kB
Dirty:                80 kB
Writeback:             0 kB
AnonPages:       1312372 kB
Mapped:           859868 kB
Shmem:             27392 kB
KReclaimable:     554344 kB
Slab:             222488 kB
SReclaimable:      76196 kB
SUnreclaim:       146292 kB
KernelStack:       47632 kB
PageTables:        64400 kB
NFS_Unstable:          0 kB
Bounce:                0 kB
WritebackTmp:          0 kB
CommitLimit:     9202288 kB
Committed_AS:   68454604 kB
VmallocTotal:   263061440 kB
VmallocUsed:      104752 kB
VmallocChunk:          0 kB
Percpu:             7648 kB
CmaTotal:         294912 kB
CmaFree:               0 kB
MemTotal:       12113132 kB
MemFree:         6317348 kB
MemAvailable:    7802652 kB
Buffers:            5600 kB
Cached:          1825936 kB
SwapCached:            0 kB
Active:          1559836 kB
Inactive:        1579676 kB
Active(anon):    1314392 kB
Inactive(anon):    25456 kB
Active(file):     245444 kB
Inactive(file):  1554220 kB
Unevictable:        5532 kB
Mlocked:            5532 kB
SwapTotal:       3145724 kB
SwapFree:        3145724 kB
Dirty:               160 kB
Writeback:             0 kB
AnonPages:       1313344 kB
Mapped:           859864 kB
Shmem:             27392 kB
KReclaimable:     554344 kB
Slab:             222480 kB
SReclaimable:      76196 kB
SUnreclaim:       146284 kB
KernelStack:       47616 kB
PageTables:        64288 kB
NFS_Unstable:          0 kB
Bounce:                0 kB
WritebackTmp:          0 kB
CommitLimit:     9202288 kB
Committed_AS:   68456852 kB
VmallocTotal:   263061440 kB
VmallocUsed:      104752 kB
VmallocChunk:          0 kB
Percpu:             7648 kB
CmaTotal:         294912 kB
CmaFree:               0 kB
MemTotal:       12113132 kB
MemFree:         6315284 kB
MemAvailable:    7800592 kB
Buffers:            5600 kB
Cached:          1825940 kB
SwapCached:            0 kB
Active:          1560180 kB
Inactive:        1579680 kB
Active(anon):    1314736 kB
Inactive(anon):    25456 kB
Active(file):     245444 kB
Inactive(file):  1554224 kB
Unevictable:        5532 kB
Mlocked:            5532 kB
SwapTotal:       3145724 kB
SwapFree:        3145724 kB
Dirty:               180 kB
Writeback:             0 kB
AnonPages:       1313912 kB
Mapped:           859872 kB
Shmem:             27392 kB
KReclaimable:     554344 kB
Slab:             222472 kB
SReclaimable:      76196 kB
SUnreclaim:       146276 kB
KernelStack:       47616 kB
PageTables:        64276 kB
NFS_Unstable:          0 kB
Bounce:                0 kB
WritebackTmp:          0 kB
CommitLimit:     9202288 kB
Committed_AS:   68461960 kB
VmallocTotal:   263061440 kB
VmallocUsed:      104752 kB
VmallocChunk:          0 kB
Percpu:             7648 kB
CmaTotal:         294912 kB
CmaFree:               0 kB
MemTotal:       12113132 kB
MemFree:         6315636 kB
MemAvailable:    7800956 kB
Buffers:            5600 kB
Cached:          1825952 kB
SwapCached:            0 kB
Active:          1560532 kB
Inactive:        1579692 kB
Active(anon):    1315088 kB
Inactive(anon):    25456 kB
Active(file):     245444 kB
Inactive(file):  1554236 kB
Unevictable:        5532 kB
Mlocked:            5532 kB
SwapTotal:       3145724 kB
SwapFree:        3145724 kB
Dirty:               196 kB
Writeback:             0 kB
AnonPages:       1314024 kB
Mapped:           859872 kB
Shmem:             27392 kB
KReclaimable:     554344 kB
Slab:             222488 kB
SReclaimable:      76196 kB
SUnreclaim:       146292 kB
KernelStack:       47616 kB
PageTables:        64284 kB
NFS_Unstable:          0 kB
Bounce:                0 kB
WritebackTmp:          0 kB
CommitLimit:     9202288 kB
Committed_AS:   68456616 kB
VmallocTotal:   263061440 kB
VmallocUsed:      104752 kB
VmallocChunk:          0 kB
Percpu:             7648 kB
CmaTotal:         294912 kB
CmaFree:               0 kB
MemTotal:       12113132 kB
MemFree:         6315688 kB
MemAvailable:    7801024 kB
Buffers:            5600 kB
Cached:          1825968 kB
SwapCached:            0 kB
Active:          1559820 kB
Inactive:        1579708 kB
Active(anon):    1314376 kB
Inactive(anon):    25456 kB
Active(file):     245444 kB
Inactive(file):  1554252 kB
Unevictable:        5532 kB
Mlocked:            5532 kB
SwapTotal:       3145724 kB
SwapFree:        3145724 kB
Dirty:               224 kB
Writeback:             0 kB
AnonPages:       1313324 kB
Mapped:           859872 kB
Shmem:             27392 kB
KReclaimable:     554344 kB
Slab:             222480 kB
SReclaimable:      76196 kB
SUnreclaim:       146284 kB
KernelStack:       47600 kB
PageTables:        64160 kB
NFS_Unstable:          0 kB
Bounce:                0 kB
WritebackTmp:          0 kB
CommitLimit:     9202288 kB
Committed_AS:   68461960 kB
VmallocTotal:   263061440 kB
VmallocUsed:      104768 kB
VmallocChunk:          0 kB
Percpu:             7648 kB
CmaTotal:         294912 kB
CmaFree:               0 kB
MemTotal:       12113132 kB
MemFree:         6315236 kB
MemAvailable:    7800588 kB
Buffers:            5600 kB
Cached:          1825984 kB
SwapCached:            0 kB
Active:          1560556 kB
Inactive:        1579724 kB
Active(anon):    1315112 kB
Inactive(anon):    25456 kB
Active(file):     245444 kB
Inactive(file):  1554268 kB
Unevictable:        5532 kB
Mlocked:            5532 kB
SwapTotal:       3145724 kB
SwapFree:        3145724 kB
Dirty:               260 kB
Writeback:             0 kB
AnonPages:       1314248 kB
Mapped:           859880 kB
Shmem:             27392 kB
KReclaimable:     554344 kB
Slab:             222488 kB
SReclaimable:      76196 kB
SUnreclaim:       146292 kB
KernelStack:       47600 kB
PageTables:        64160 kB
NFS_Unstable:          0 kB
Bounce:                0 kB
WritebackTmp:          0 kB
CommitLimit:     9202288 kB
Committed_AS:   68453216 kB
VmallocTotal:   263061440 kB
VmallocUsed:      104752 kB
VmallocChunk:          0 kB
Percpu:             7648 kB
CmaTotal:         294912 kB
CmaFree:               0 kB
MemTotal:       12113132 kB
MemFree:         6314152 kB
MemAvailable:    7799508 kB
Buffers:            5600 kB
Cached:          1825988 kB
SwapCached:            0 kB
Active:          1561604 kB
Inactive:        1579728 kB
Active(anon):    1316160 kB
Inactive(anon):    25456 kB
Active(file):     245444 kB
Inactive(file):  1554272 kB
Unevictable:        5532 kB
Mlocked:            5532 kB
SwapTotal:       3145724 kB
SwapFree:        3145724 kB
Dirty:               264 kB
Writeback:             0 kB
AnonPages:       1315232 kB
Mapped:           859872 kB
Shmem:             27392 kB
KReclaimable:     554344 kB
Slab:             222480 kB
SReclaimable:      76196 kB
SUnreclaim:       146284 kB
KernelStack:       47632 kB
PageTables:        64284 kB
NFS_Unstable:          0 kB
Bounce:                0 kB
WritebackTmp:          0 kB
CommitLimit:     9202288 kB
Committed_AS:   68452176 kB
VmallocTotal:   263061440 kB
VmallocUsed:      104720 kB
VmallocChunk:          0 kB
Percpu:             7648 kB
CmaTotal:         294912 kB
CmaFree:               0 kB
MemTotal:       12113132 kB
MemFree:         6313240 kB
MemAvailable:    7798608 kB
Buffers:            5600 kB
Cached:          1826000 kB
SwapCached:            0 kB
Active:          1561920 kB
Inactive:        1579740 kB
Active(anon):    1316476 kB
Inactive(anon):    25456 kB
Active(file):     245444 kB
Inactive(file):  1554284 kB
Unevictable:        5532 kB
Mlocked:            5532 kB
SwapTotal:       3145724 kB
SwapFree:        3145724 kB
Dirty:               288 kB
Writeback:             0 kB
AnonPages:       1315608 kB
Mapped:           859880 kB
Shmem:             27392 kB
KReclaimable:     554344 kB
Slab:             222480 kB
SReclaimable:      76196 kB
SUnreclaim:       146284 kB
KernelStack:       47600 kB
PageTables:        64148 kB
NFS_Unstable:          0 kB
Bounce:                0 kB
WritebackTmp:          0 kB
CommitLimit:     9202288 kB
Committed_AS:   68461996 kB
VmallocTotal:   263061440 kB
VmallocUsed:      104800 kB
VmallocChunk:          0 kB
Percpu:             7648 kB
CmaTotal:         294912 kB
CmaFree:               0 kB
MemTotal:       12113132 kB
MemFree:         6312676 kB
MemAvailable:    7798060 kB
Buffers:            5600 kB
Cached:          1826016 kB
SwapCached:            0 kB
Active:          1562720 kB
Inactive:        1579756 kB
Active(anon):    1317276 kB
Inactive(anon):    25456 kB
Active(file):     245444 kB
Inactive(file):  1554300 kB
Unevictable:        5532 kB
Mlocked:            5532 kB
SwapTotal:       3145724 kB
SwapFree:        3145724 kB
Dirty:               308 kB
Writeback:             0 kB
AnonPages:       1316432 kB
Mapped:           859872 kB
Shmem:             27392 kB
KReclaimable:     554344 kB
Slab:             222480 kB
SReclaimable:      76196 kB
SUnreclaim:       146284 kB
KernelStack:       47600 kB
PageTables:        64152 kB
NFS_Unstable:          0 kB
Bounce:                0 kB
WritebackTmp:          0 kB
CommitLimit:     9202288 kB
Committed_AS:   68460056 kB
VmallocTotal:   263061440 kB
VmallocUsed:      104768 kB
VmallocChunk:          0 kB
Percpu:             7648 kB
CmaTotal:         294912 kB
CmaFree:               0 kB
MemTotal:       12113132 kB
MemFree:         6311964 kB
MemAvailable:    7797356 kB
Buffers:            5600 kB
Cached:          1826024 kB
SwapCached:            0 kB
Active:          1563872 kB
Inactive:        1579764 kB
Active(anon):    1318428 kB
Inactive(anon):    25456 kB
Active(file):     245444 kB
Inactive(file):  1554308 kB
Unevictable:        5532 kB
Mlocked:            5532 kB
SwapTotal:       3145724 kB
SwapFree:        3145724 kB
Dirty:               316 kB
Writeback:             0 kB
AnonPages:       1317452 kB
Mapped:           859872 kB
Shmem:             27392 kB
KReclaimable:     554344 kB
Slab:             222488 kB
SReclaimable:      76196 kB
SUnreclaim:       146292 kB
KernelStack:       47584 kB
PageTables:        64160 kB
NFS_Unstable:          0 kB
Bounce:                0 kB
WritebackTmp:          0 kB
CommitLimit:     9202288 kB
Committed_AS:   68462684 kB
VmallocTotal:   263061440 kB
VmallocUsed:      104784 kB
VmallocChunk:          0 kB
Percpu:             7648 kB
CmaTotal:         294912 kB
CmaFree:               0 kB
MemTotal:       12113132 kB
MemFree:         6310780 kB
MemAvailable:    7796188 kB
Buffers:            5600 kB
Cached:          1826040 kB
SwapCached:            0 kB
Active:          1564352 kB
Inactive:        1579780 kB
Active(anon):    1318908 kB
Inactive(anon):    25456 kB
Active(file):     245444 kB
Inactive(file):  1554324 kB
Unevictable:        5532 kB
Mlocked:            5532 kB
SwapTotal:       3145724 kB
SwapFree:        3145724 kB
Dirty:               352 kB
Writeback:             0 kB
AnonPages:       1317880 kB
Mapped:           859872 kB
Shmem:             27392 kB
KReclaimable:     554344 kB
Slab:             222480 kB
SReclaimable:      76196 kB
SUnreclaim:       146284 kB
KernelStack:       47600 kB
PageTables:        64244 kB
NFS_Unstable:          0 kB
Bounce:                0 kB
WritebackTmp:          0 kB
CommitLimit:     9202288 kB
Committed_AS:   68462264 kB
VmallocTotal:   263061440 kB
VmallocUsed:      104784 kB
VmallocChunk:          0 kB
Percpu:             7648 kB
CmaTotal:         294912 kB
CmaFree:               0 kB
MemTotal:       12113132 kB
MemFree:         6310972 kB
MemAvailable:    7796404 kB
Buffers:            5604 kB
Cached:          1826060 kB
SwapCached:            0 kB
Active:          1564432 kB
Inactive:        1579800 kB
Active(anon):    1318984 kB
Inactive(anon):    25456 kB
Active(file):     245448 kB
Inactive(file):  1554344 kB
Unevictable:        5532 kB
Mlocked:            5532 kB
SwapTotal:       3145724 kB
SwapFree:        3145724 kB
Dirty:               360 kB
Writeback:             0 kB
AnonPages:       1317820 kB
Mapped:           859872 kB
Shmem:             27392 kB
KReclaimable:     554344 kB
Slab:             222480 kB
SReclaimable:      76196 kB
SUnreclaim:       146284 kB
KernelStack:       47584 kB
PageTables:        64152 kB
NFS_Unstable:          0 kB
Bounce:                0 kB
WritebackTmp:          0 kB
CommitLimit:     9202288 kB
Committed_AS:   68453328 kB
VmallocTotal:   263061440 kB
VmallocUsed:      104784 kB
VmallocChunk:          0 kB
Percpu:             7648 kB
CmaTotal:         294912 kB
CmaFree:               0 kB
MemTotal:       12113132 kB
MemFree:         6309812 kB
MemAvailable:    7795264 kB
Buffers:            5604 kB
Cached:          1826084 kB
SwapCached:            0 kB
Active:          1565316 kB
Inactive:        1579824 kB
Active(anon):    1319868 kB
Inactive(anon):    25460 kB
Active(file):     245448 kB
Inactive(file):  1554364 kB
Unevictable:        5532 kB
Mlocked:            5532 kB
SwapTotal:       3145724 kB
SwapFree:        3145724 kB
Dirty:               440 kB
Writeback:             0 kB
AnonPages:       1319248 kB
Mapped:           860036 kB
Shmem:             27396 kB
KReclaimable:     554344 kB
Slab:             222488 kB
SReclaimable:      76196 kB
SUnreclaim:       146292 kB
KernelStack:       47632 kB
PageTables:        64220 kB
NFS_Unstable:          0 kB
Bounce:                0 kB
WritebackTmp:          0 kB
CommitLimit:     9202288 kB
Committed_AS:   68456916 kB
VmallocTotal:   263061440 kB
VmallocUsed:      104784 kB
VmallocChunk:          0 kB
Percpu:             7648 kB
CmaTotal:         294912 kB
CmaFree:               0 kB
MemTotal:       12113132 kB
MemFree:         6308996 kB
MemAvailable:    7794456 kB
Buffers:            5604 kB
Cached:          1826092 kB
SwapCached:            0 kB
Active:          1566476 kB
Inactive:        1579832 kB
Active(anon):    1321028 kB
Inactive(anon):    25460 kB
Active(file):     245448 kB
Inactive(file):  1554372 kB
Unevictable:        5532 kB
Mlocked:            5532 kB
SwapTotal:       3145724 kB
SwapFree:        3145724 kB
Dirty:               464 kB
Writeback:             0 kB
AnonPages:       1320112 kB
Mapped:           860036 kB
Shmem:             27396 kB
KReclaimable:     554344 kB
Slab:             222488 kB
SReclaimable:      76196 kB
SUnreclaim:       146292 kB
KernelStack:       47632 kB
PageTables:        64244 kB
NFS_Unstable:          0 kB
Bounce:                0 kB
WritebackTmp:          0 kB
CommitLimit:     9202288 kB
Committed_AS:   68451652 kB
VmallocTotal:   263061440 kB
VmallocUsed:      104752 kB
VmallocChunk:          0 kB
Percpu:             7648 kB
CmaTotal:         294912 kB
CmaFree:               0 kB
MemTotal:       12113132 kB
MemFree:         6308724 kB
MemAvailable:    7794196 kB
Buffers:            5604 kB
Cached:          1826104 kB
SwapCached:            0 kB
Active:          1566920 kB
Inactive:        1579844 kB
Active(anon):    1321472 kB
Inactive(anon):    25460 kB
Active(file):     245448 kB
Inactive(file):  1554384 kB
Unevictable:        5532 kB
Mlocked:            5532 kB
SwapTotal:       3145724 kB
SwapFree:        3145724 kB
Dirty:               480 kB
Writeback:             0 kB
AnonPages:       1320424 kB
Mapped:           860036 kB
Shmem:             27396 kB
KReclaimable:     554344 kB
Slab:             222488 kB
SReclaimable:      76196 kB
SUnreclaim:       146292 kB
KernelStack:       47584 kB
PageTables:        64156 kB
NFS_Unstable:          0 kB
Bounce:                0 kB
WritebackTmp:          0 kB
CommitLimit:     9202288 kB
Committed_AS:   68452764 kB
VmallocTotal:   263061440 kB
VmallocUsed:      104752 kB
VmallocChunk:          0 kB
Percpu:             7648 kB
CmaTotal:         294912 kB
CmaFree:               0 kB
MemTotal:       12113132 kB
MemFree:         6306560 kB
MemAvailable:    7792044 kB
Buffers:            5604 kB
Cached:          1826120 kB
SwapCached:            0 kB
Active:          1567832 kB
Inactive:        1579860 kB
Active(anon):    1322384 kB
Inactive(anon):    25464 kB
Active(file):     245448 kB
Inactive(file):  1554396 kB
Unevictable:        5532 kB
Mlocked:            5532 kB
SwapTotal:       3145724 kB
SwapFree:        3145724 kB
Dirty:               496 kB
Writeback:             0 kB
AnonPages:       1321616 kB
Mapped:           860164 kB
Shmem:             27400 kB
KReclaimable:     554344 kB
Slab:             222496 kB
SReclaimable:      76196 kB
SUnreclaim:       146300 kB
KernelStack:       47636 kB
PageTables:        64116 kB
NFS_Unstable:          0 kB
Bounce:                0 kB
WritebackTmp:          0 kB
CommitLimit:     9202288 kB
Committed_AS:   68450524 kB
VmallocTotal:   263061440 kB
VmallocUsed:      104784 kB
VmallocChunk:          0 kB
Percpu:             7648 kB
CmaTotal:         294912 kB
CmaFree:               0 kB
MemTotal:       12113132 kB
MemFree:         6306872 kB
MemAvailable:    7792364 kB
Buffers:            5604 kB
Cached:          1826128 kB
SwapCached:            0 kB
Active:          1569052 kB
Inactive:        1579872 kB
Active(anon):    1323608 kB
Inactive(anon):    25464 kB
Active(file):     245444 kB
Inactive(file):  1554408 kB
Unevictable:        5532 kB
Mlocked:            5532 kB
SwapTotal:       3145724 kB
SwapFree:        3145724 kB
Dirty:               516 kB
Writeback:             0 kB
AnonPages:       1322456 kB
Mapped:           860036 kB
Shmem:             27400 kB
KReclaimable:     554344 kB
Slab:             222496 kB
SReclaimable:      76196 kB
SUnreclaim:       146300 kB
KernelStack:       47664 kB
PageTables:        64308 kB
NFS_Unstable:          0 kB
Bounce:                0 kB
WritebackTmp:          0 kB
CommitLimit:     9202288 kB
Committed_AS:   68454512 kB
VmallocTotal:   263061440 kB
VmallocUsed:      104768 kB
VmallocChunk:          0 kB
Percpu:             7648 kB
CmaTotal:         294912 kB
CmaFree:               0 kB
MemTotal:       12113132 kB
MemFree:         6307036 kB
MemAvailable:    7792540 kB
Buffers:            5604 kB
Cached:          1826140 kB
SwapCached:            0 kB
Active:          1569116 kB
Inactive:        1579880 kB
Active(anon):    1323668 kB
Inactive(anon):    25464 kB
Active(file):     245448 kB
Inactive(file):  1554416 kB
Unevictable:        5532 kB
Mlocked:            5532 kB
SwapTotal:       3145724 kB
SwapFree:        3145724 kB
Dirty:               156 kB
Writeback:             0 kB
AnonPages:       1322604 kB
Mapped:           860056 kB
Shmem:             27400 kB
KReclaimable:     554344 kB
Slab:             222496 kB
SReclaimable:      76196 kB
SUnreclaim:       146300 kB
KernelStack:       47584 kB
PageTables:        64068 kB
NFS_Unstable:          0 kB
Bounce:                0 kB
WritebackTmp:          0 kB
CommitLimit:     9202288 kB
Committed_AS:   68440288 kB
VmallocTotal:   263061440 kB
VmallocUsed:      104720 kB
VmallocChunk:          0 kB
Percpu:             7648 kB
CmaTotal:         294912 kB
CmaFree:               0 kB
MemTotal:       12113132 kB
MemFree:         6306692 kB
MemAvailable:    7792208 kB
Buffers:            5604 kB
Cached:          1826152 kB
SwapCached:            0 kB
Active:          1569952 kB
Inactive:        1579892 kB
Active(anon):    1324504 kB
Inactive(anon):    25464 kB
Active(file):     245448 kB
Inactive(file):  1554428 kB
Unevictable:        5532 kB
Mlocked:            5532 kB
SwapTotal:       3145724 kB
SwapFree:        3145724 kB
Dirty:               224 kB
Writeback:             0 kB
AnonPages:       1323504 kB
Mapped:           860040 kB
Shmem:             27400 kB
KReclaimable:     554344 kB
Slab:             222496 kB
SReclaimable:      76196 kB
SUnreclaim:       146300 kB
KernelStack:       47600 kB
PageTables:        64288 kB
NFS_Unstable:          0 kB
Bounce:                0 kB
WritebackTmp:          0 kB
CommitLimit:     9202288 kB
Committed_AS:   68449676 kB
VmallocTotal:   263061440 kB
VmallocUsed:      104736 kB
VmallocChunk:          0 kB
Percpu:             7648 kB
CmaTotal:         294912 kB
CmaFree:               0 kB
MemTotal:       12113132 kB
MemFree:         6305596 kB
MemAvailable:    7791124 kB
Buffers:            5604 kB
Cached:          1826164 kB
SwapCached:            0 kB
Active:          1570072 kB
Inactive:        1579904 kB
Active(anon):    1324624 kB
Inactive(anon):    25464 kB
Active(file):     245448 kB
Inactive(file):  1554440 kB
Unevictable:        5532 kB
Mlocked:            5532 kB
SwapTotal:       3145724 kB
SwapFree:        3145724 kB
Dirty:               276 kB
Writeback:             0 kB
AnonPages:       1323816 kB
Mapped:           860040 kB
Shmem:             27400 kB
KReclaimable:     554344 kB
Slab:             222496 kB
SReclaimable:      76196 kB
SUnreclaim:       146300 kB
KernelStack:       47600 kB
PageTables:        64276 kB
NFS_Unstable:          0 kB
Bounce:                0 kB
WritebackTmp:          0 kB
CommitLimit:     9202288 kB
Committed_AS:   68453648 kB
VmallocTotal:   263061440 kB
VmallocUsed:      104784 kB
VmallocChunk:          0 kB
Percpu:             7648 kB
CmaTotal:         294912 kB
CmaFree:               0 kB
MemTotal:       12113132 kB
MemFree:         6305712 kB
MemAvailable:    7791268 kB
Buffers:            5604 kB
Cached:          1826192 kB
SwapCached:            0 kB
Active:          1571132 kB
Inactive:        1579932 kB
Active(anon):    1325684 kB
Inactive(anon):    25464 kB
Active(file):     245448 kB
Inactive(file):  1554468 kB
Unevictable:        5532 kB
Mlocked:            5532 kB
SwapTotal:       3145724 kB
SwapFree:        3145724 kB
Dirty:               324 kB
Writeback:             0 kB
AnonPages:       1324812 kB
Mapped:           860040 kB
Shmem:             27400 kB
KReclaimable:     554344 kB
Slab:             222496 kB
SReclaimable:      76196 kB
SUnreclaim:       146300 kB
KernelStack:       47632 kB
PageTables:        64244 kB
NFS_Unstable:          0 kB
Bounce:                0 kB
WritebackTmp:          0 kB
CommitLimit:     9202288 kB
Committed_AS:   68458148 kB
VmallocTotal:   263061440 kB
VmallocUsed:      104768 kB
VmallocChunk:          0 kB
Percpu:             7648 kB
CmaTotal:         294912 kB
CmaFree:               0 kB
MemTotal:       12113132 kB
MemFree:         6303496 kB
MemAvailable:    7789064 kB
Buffers:            5604 kB
Cached:          1826204 kB
SwapCached:            0 kB
Active:          1571752 kB
Inactive:        1579944 kB
Active(anon):    1326304 kB
Inactive(anon):    25464 kB
Active(file):     245448 kB
Inactive(file):  1554480 kB
Unevictable:        5532 kB
Mlocked:            5532 kB
SwapTotal:       3145724 kB
SwapFree:        3145724 kB
Dirty:               368 kB
Writeback:             0 kB
AnonPages:       1325568 kB
Mapped:           860036 kB
Shmem:             27400 kB
KReclaimable:     554344 kB
Slab:             222496 kB
SReclaimable:      76196 kB
SUnreclaim:       146300 kB
KernelStack:       47600 kB
PageTables:        63892 kB
NFS_Unstable:          0 kB
Bounce:                0 kB
WritebackTmp:          0 kB
CommitLimit:     9202288 kB
Committed_AS:   68450036 kB
VmallocTotal:   263061440 kB
VmallocUsed:      104768 kB
VmallocChunk:          0 kB
Percpu:             7648 kB
CmaTotal:         294912 kB
CmaFree:               0 kB
MemTotal:       12113132 kB
MemFree:         6347836 kB
MemAvailable:    7833416 kB
Buffers:            5604 kB
Cached:          1826216 kB
SwapCached:            0 kB
Active:          1525948 kB
Inactive:        1579956 kB
Active(anon):    1280500 kB
Inactive(anon):    25464 kB
Active(file):     245448 kB
Inactive(file):  1554492 kB
Unevictable:        5532 kB
Mlocked:            5532 kB
SwapTotal:       3145724 kB
SwapFree:        3145724 kB
Dirty:               224 kB
Writeback:             0 kB
AnonPages:       1279496 kB
Mapped:           860040 kB
Shmem:             27400 kB
KReclaimable:     554344 kB
Slab:             222496 kB
SReclaimable:      76196 kB
SUnreclaim:       146300 kB
KernelStack:       47584 kB
PageTables:        64160 kB
NFS_Unstable:          0 kB
Bounce:                0 kB
WritebackTmp:          0 kB
CommitLimit:     9202288 kB
Committed_AS:   68459904 kB
VmallocTotal:   263061440 kB
VmallocUsed:      104784 kB
VmallocChunk:          0 kB
Percpu:             7648 kB
CmaTotal:         294912 kB
CmaFree:               8 kB
MemTotal:       12113132 kB
MemFree:         6353064 kB
MemAvailable:    7838660 kB
Buffers:            5604 kB
Cached:          1826232 kB
SwapCached:            0 kB
Active:          1523832 kB
Inactive:        1579972 kB
Active(anon):    1278384 kB
Inactive(anon):    25464 kB
Active(file):     245448 kB
Inactive(file):  1554508 kB
Unevictable:        5532 kB
Mlocked:            5532 kB
SwapTotal:       3145724 kB
SwapFree:        3145724 kB
Dirty:               276 kB
Writeback:             0 kB
AnonPages:       1277628 kB
Mapped:           860040 kB
Shmem:             27400 kB
KReclaimable:     554344 kB
Slab:             222496 kB
SReclaimable:      76196 kB
SUnreclaim:       146300 kB
KernelStack:       47616 kB
PageTables:        64380 kB
NFS_Unstable:          0 kB
Bounce:                0 kB
WritebackTmp:          0 kB
CommitLimit:     9202288 kB
Committed_AS:   68448168 kB
VmallocTotal:   263061440 kB
VmallocUsed:      104768 kB
VmallocChunk:          0 kB
Percpu:             7648 kB
CmaTotal:         294912 kB
CmaFree:               0 kB
MemTotal:       12113132 kB
MemFree:         6315824 kB
MemAvailable:    7801428 kB
Buffers:            5604 kB
Cached:          1826240 kB
SwapCached:            0 kB
Active:          1560976 kB
Inactive:        1579980 kB
Active(anon):    1315528 kB
Inactive(anon):    25464 kB
Active(file):     245448 kB
Inactive(file):  1554516 kB
Unevictable:        5532 kB
Mlocked:            5532 kB
SwapTotal:       3145724 kB
SwapFree:        3145724 kB
Dirty:               284 kB
Writeback:             0 kB
AnonPages:       1314432 kB
Mapped:           860032 kB
Shmem:             27400 kB
KReclaimable:     554344 kB
Slab:             222496 kB
SReclaimable:      76196 kB
SUnreclaim:       146300 kB
KernelStack:       47600 kB
PageTables:        64160 kB
NFS_Unstable:          0 kB
Bounce:                0 kB
WritebackTmp:          0 kB
CommitLimit:     9202288 kB
Committed_AS:   68460172 kB
VmallocTotal:   263061440 kB
VmallocUsed:      104752 kB
VmallocChunk:          0 kB
Percpu:             7648 kB
CmaTotal:         294912 kB
CmaFree:               0 kB
MemTotal:       12113132 kB
MemFree:         6323704 kB
MemAvailable:    7809324 kB
Buffers:            5604 kB
Cached:          1826256 kB
SwapCached:            0 kB
Active:          1551088 kB
Inactive:        1579996 kB
Active(anon):    1305640 kB
Inactive(anon):    25464 kB
Active(file):     245448 kB
Inactive(file):  1554532 kB
Unevictable:        5532 kB
Mlocked:            5532 kB
SwapTotal:       3145724 kB
SwapFree:        3145724 kB
Dirty:               340 kB
Writeback:             0 kB
AnonPages:       1304764 kB
Mapped:           860040 kB
Shmem:             27400 kB
KReclaimable:     554344 kB
Slab:             222496 kB
SReclaimable:      76196 kB
SUnreclaim:       146300 kB
KernelStack:       47632 kB
PageTables:        64260 kB
NFS_Unstable:          0 kB
Bounce:                0 kB
WritebackTmp:          0 kB
CommitLimit:     9202288 kB
Committed_AS:   68457920 kB
VmallocTotal:   263061440 kB
VmallocUsed:      104784 kB
VmallocChunk:          0 kB
Percpu:             7648 kB
CmaTotal:         294912 kB
CmaFree:               0 kB
MemTotal:       12113132 kB
MemFree:         6318548 kB
MemAvailable:    7804192 kB
Buffers:            5608 kB
Cached:          1831672 kB
SwapCached:            0 kB
Active:          1551784 kB
Inactive:        1585412 kB
Active(anon):    1306332 kB
Inactive(anon):    30860 kB
Active(file):     245452 kB
Inactive(file):  1554552 kB
Unevictable:        5532 kB
Mlocked:            5532 kB
SwapTotal:       3145724 kB
SwapFree:        3145724 kB
Dirty:               332 kB
Writeback:             0 kB
AnonPages:       1305308 kB
Mapped:           865440 kB
Shmem:             32796 kB
KReclaimable:     554344 kB
Slab:             222504 kB
SReclaimable:      76196 kB
SUnreclaim:       146308 kB
KernelStack:       47616 kB
PageTables:        64212 kB
NFS_Unstable:          0 kB
Bounce:                0 kB
WritebackTmp:          0 kB
CommitLimit:     9202288 kB
Committed_AS:   68473852 kB
VmallocTotal:   263061440 kB
VmallocUsed:      104800 kB
VmallocChunk:          0 kB
Percpu:             7648 kB
CmaTotal:         294912 kB
CmaFree:               0 kB
MemTotal:       12113132 kB
MemFree:         6316884 kB
MemAvailable:    7802552 kB
Buffers:            5608 kB
Cached:          1826300 kB
SwapCached:            0 kB
Active:          1558000 kB
Inactive:        1580040 kB
Active(anon):    1312548 kB
Inactive(anon):    25464 kB
Active(file):     245452 kB
Inactive(file):  1554576 kB
Unevictable:        5532 kB
Mlocked:            5532 kB
SwapTotal:       3145724 kB
SwapFree:        3145724 kB
Dirty:               360 kB
Writeback:             0 kB
AnonPages:       1311428 kB
Mapped:           860040 kB
Shmem:             27400 kB
KReclaimable:     554344 kB
Slab:             222496 kB
SReclaimable:      76196 kB
SUnreclaim:       146300 kB
KernelStack:       47568 kB
PageTables:        64160 kB
NFS_Unstable:          0 kB
Bounce:                0 kB
WritebackTmp:          0 kB
CommitLimit:     9202288 kB
Committed_AS:   68472080 kB
VmallocTotal:   263061440 kB
VmallocUsed:      104784 kB
VmallocChunk:          0 kB
Percpu:             7648 kB
CmaTotal:         294912 kB
CmaFree:               0 kB
MemTotal:       12113132 kB
MemFree:         6317564 kB
MemAvailable:    7803240 kB
Buffers:            5608 kB
Cached:          1826308 kB
SwapCached:            0 kB
Active:          1557952 kB
Inactive:        1580048 kB
Active(anon):    1312500 kB
Inactive(anon):    25464 kB
Active(file):     245452 kB
Inactive(file):  1554584 kB
Unevictable:        5532 kB
Mlocked:            5532 kB
SwapTotal:       3145724 kB
SwapFree:        3145724 kB
Dirty:               388 kB
Writeback:             0 kB
AnonPages:       1311688 kB
Mapped:           860040 kB
Shmem:             27400 kB
KReclaimable:     554344 kB
Slab:             222504 kB
SReclaimable:      76196 kB
SUnreclaim:       146308 kB
KernelStack:       47552 kB
PageTables:        64176 kB
NFS_Unstable:          0 kB
Bounce:                0 kB
WritebackTmp:          0 kB
CommitLimit:     9202288 kB
Committed_AS:   68475404 kB
VmallocTotal:   263061440 kB
VmallocUsed:      104752 kB
VmallocChunk:          0 kB
Percpu:             7648 kB
CmaTotal:         294912 kB
CmaFree:               8 kB
MemTotal:       12113132 kB
MemFree:         6317320 kB
MemAvailable:    7803004 kB
Buffers:            5608 kB
Cached:          1826316 kB
SwapCached:            0 kB
Active:          1559412 kB
Inactive:        1580056 kB
Active(anon):    1313960 kB
Inactive(anon):    25464 kB
Active(file):     245452 kB
Inactive(file):  1554592 kB
Unevictable:        5532 kB
Mlocked:            5532 kB
SwapTotal:       3145724 kB
SwapFree:        3145724 kB
Dirty:               424 kB
Writeback:             0 kB
AnonPages:       1313024 kB
Mapped:           860112 kB
Shmem:             27400 kB
KReclaimable:     554344 kB
Slab:             222496 kB
SReclaimable:      76196 kB
SUnreclaim:       146300 kB
KernelStack:       47536 kB
PageTables:        64152 kB
NFS_Unstable:          0 kB
Bounce:                0 kB
WritebackTmp:          0 kB
CommitLimit:     9202288 kB
Committed_AS:   68478524 kB
VmallocTotal:   263061440 kB
VmallocUsed:      104720 kB
VmallocChunk:          0 kB
Percpu:             7648 kB
CmaTotal:         294912 kB
CmaFree:               0 kB
MemTotal:       12113132 kB
MemFree:         6316332 kB
MemAvailable:    7802040 kB
Buffers:            5608 kB
Cached:          1826340 kB
SwapCached:            0 kB
Active:          1559568 kB
Inactive:        1580076 kB
Active(anon):    1314112 kB
Inactive(anon):    25464 kB
Active(file):     245456 kB
Inactive(file):  1554612 kB
Unevictable:        5532 kB
Mlocked:            5532 kB
SwapTotal:       3145724 kB
SwapFree:        3145724 kB
Dirty:               496 kB
Writeback:             0 kB
AnonPages:       1313216 kB
Mapped:           860108 kB
Shmem:             27400 kB
KReclaimable:     554344 kB
Slab:             222496 kB
SReclaimable:      76196 kB
SUnreclaim:       146300 kB
KernelStack:       47568 kB
PageTables:        64124 kB
NFS_Unstable:          0 kB
Bounce:                0 kB
WritebackTmp:          0 kB
CommitLimit:     9202288 kB
Committed_AS:   68470312 kB
VmallocTotal:   263061440 kB
VmallocUsed:      104720 kB
VmallocChunk:          0 kB
Percpu:             7648 kB
CmaTotal:         294912 kB
CmaFree:               0 kB
MemTotal:       12113132 kB
MemFree:         6316336 kB
MemAvailable:    7802044 kB
Buffers:            5608 kB
Cached:          1826340 kB
SwapCached:            0 kB
Active:          1559092 kB
Inactive:        1580080 kB
Active(anon):    1313640 kB
Inactive(anon):    25464 kB
Active(file):     245452 kB
Inactive(file):  1554616 kB
Unevictable:        5532 kB
Mlocked:            5532 kB
SwapTotal:       3145724 kB
SwapFree:        3145724 kB
Dirty:               512 kB
Writeback:             0 kB
AnonPages:       1312716 kB
Mapped:           860100 kB
Shmem:             27400 kB
KReclaimable:     554344 kB
Slab:             222496 kB
SReclaimable:      76196 kB
SUnreclaim:       146300 kB
KernelStack:       47584 kB
PageTables:        64264 kB
NFS_Unstable:          0 kB
Bounce:                0 kB
WritebackTmp:          0 kB
CommitLimit:     9202288 kB
Committed_AS:   68470776 kB
VmallocTotal:   263061440 kB
VmallocUsed:      104752 kB
VmallocChunk:          0 kB
Percpu:             7648 kB
CmaTotal:         294912 kB
CmaFree:               8 kB
MemTotal:       12113132 kB
MemFree:         6315952 kB
MemAvailable:    7801676 kB
Buffers:            5608 kB
Cached:          1826356 kB
SwapCached:            0 kB
Active:          1559600 kB
Inactive:        1580096 kB
Active(anon):    1314148 kB
Inactive(anon):    25464 kB
Active(file):     245452 kB
Inactive(file):  1554632 kB
Unevictable:        5532 kB
Mlocked:            5532 kB
SwapTotal:       3145724 kB
SwapFree:        3145724 kB
Dirty:               180 kB
Writeback:             0 kB
AnonPages:       1313396 kB
Mapped:           860108 kB
Shmem:             27400 kB
KReclaimable:     554344 kB
Slab:             222528 kB
SReclaimable:      76196 kB
SUnreclaim:       146332 kB
KernelStack:       47456 kB
PageTables:        64156 kB
NFS_Unstable:          0 kB
Bounce:                0 kB
WritebackTmp:          0 kB
CommitLimit:     9202288 kB
Committed_AS:   68476488 kB
VmallocTotal:   263061440 kB
VmallocUsed:      104672 kB
VmallocChunk:          0 kB
Percpu:             7648 kB
CmaTotal:         294912 kB
CmaFree:               0 kB
MemTotal:       12113132 kB
MemFree:         6315152 kB
MemAvailable:    7800884 kB
Buffers:            5608 kB
Cached:          1826364 kB
SwapCached:            0 kB
Active:          1559956 kB
Inactive:        1580104 kB
Active(anon):    1314504 kB
Inactive(anon):    25464 kB
Active(file):     245452 kB
Inactive(file):  1554640 kB
Unevictable:        5532 kB
Mlocked:            5532 kB
SwapTotal:       3145724 kB
SwapFree:        3145724 kB
Dirty:               260 kB
Writeback:             0 kB
AnonPages:       1313476 kB
Mapped:           860092 kB
Shmem:             27400 kB
KReclaimable:     554344 kB
Slab:             222528 kB
SReclaimable:      76196 kB
SUnreclaim:       146332 kB
KernelStack:       47520 kB
PageTables:        64164 kB
NFS_Unstable:          0 kB
Bounce:                0 kB
WritebackTmp:          0 kB
CommitLimit:     9202288 kB
Committed_AS:   68476356 kB
VmallocTotal:   263061440 kB
VmallocUsed:      104640 kB
VmallocChunk:          0 kB
Percpu:             7648 kB
CmaTotal:         294912 kB
CmaFree:               0 kB
MemTotal:       12113132 kB
MemFree:         6354136 kB
MemAvailable:    7839884 kB
Buffers:            5608 kB
Cached:          1826380 kB
SwapCached:            0 kB
Active:          1519140 kB
Inactive:        1580120 kB
Active(anon):    1273688 kB
Inactive(anon):    25464 kB
Active(file):     245452 kB
Inactive(file):  1554656 kB
Unevictable:        5532 kB
Mlocked:            5532 kB
SwapTotal:       3145724 kB
SwapFree:        3145724 kB
Dirty:               296 kB
Writeback:             0 kB
AnonPages:       1272756 kB
Mapped:           860104 kB
Shmem:             27400 kB
KReclaimable:     554344 kB
Slab:             222528 kB
SReclaimable:      76196 kB
SUnreclaim:       146332 kB
KernelStack:       47520 kB
PageTables:        64204 kB
NFS_Unstable:          0 kB
Bounce:                0 kB
WritebackTmp:          0 kB
CommitLimit:     9202288 kB
Committed_AS:   68473536 kB
VmallocTotal:   263061440 kB
VmallocUsed:      104656 kB
VmallocChunk:          0 kB
Percpu:             7648 kB
CmaTotal:         294912 kB
CmaFree:               0 kB
MemTotal:       12113132 kB
MemFree:         6353964 kB
MemAvailable:    7839732 kB
Buffers:            5608 kB
Cached:          1826400 kB
SwapCached:            0 kB
Active:          1519520 kB
Inactive:        1580140 kB
Active(anon):    1274068 kB
Inactive(anon):    25464 kB
Active(file):     245452 kB
Inactive(file):  1554676 kB
Unevictable:        5532 kB
Mlocked:            5532 kB
SwapTotal:       3145724 kB
SwapFree:        3145724 kB
Dirty:               340 kB
Writeback:             0 kB
AnonPages:       1273600 kB
Mapped:           860104 kB
Shmem:             27400 kB
KReclaimable:     554344 kB
Slab:             222528 kB
SReclaimable:      76196 kB
SUnreclaim:       146332 kB
KernelStack:       47536 kB
PageTables:        64252 kB
NFS_Unstable:          0 kB
Bounce:                0 kB
WritebackTmp:          0 kB
CommitLimit:     9202288 kB
Committed_AS:   68473552 kB
VmallocTotal:   263061440 kB
VmallocUsed:      104688 kB
VmallocChunk:          0 kB
Percpu:             7648 kB
CmaTotal:         294912 kB
CmaFree:               0 kB
MemTotal:       12113132 kB
MemFree:         6353744 kB
MemAvailable:    7839520 kB
Buffers:            5608 kB
Cached:          1826412 kB
SwapCached:            0 kB
Active:          1521208 kB
Inactive:        1580152 kB
Active(anon):    1275756 kB
Inactive(anon):    25468 kB
Active(file):     245452 kB
Inactive(file):  1554684 kB
Unevictable:        5532 kB
Mlocked:            5532 kB
SwapTotal:       3145724 kB
SwapFree:        3145724 kB
Dirty:               348 kB
Writeback:             0 kB
AnonPages:       1274916 kB
Mapped:           860112 kB
Shmem:             27404 kB
KReclaimable:     554344 kB
Slab:             222528 kB
SReclaimable:      76196 kB
SUnreclaim:       146332 kB
KernelStack:       47536 kB
PageTables:        64248 kB
NFS_Unstable:          0 kB
Bounce:                0 kB
WritebackTmp:          0 kB
CommitLimit:     9202288 kB
Committed_AS:   68478120 kB
VmallocTotal:   263061440 kB
VmallocUsed:      104672 kB
VmallocChunk:          0 kB
Percpu:             7648 kB
CmaTotal:         294912 kB
CmaFree:               0 kB
MemTotal:       12113132 kB
MemFree:         6353496 kB
MemAvailable:    7839280 kB
Buffers:            5608 kB
Cached:          1826420 kB
SwapCached:            0 kB
Active:          1521556 kB
Inactive:        1580156 kB
Active(anon):    1276100 kB
Inactive(anon):    25468 kB
Active(file):     245456 kB
Inactive(file):  1554688 kB
Unevictable:        5532 kB
Mlocked:            5532 kB
SwapTotal:       3145724 kB
SwapFree:        3145724 kB
Dirty:               396 kB
Writeback:             0 kB
AnonPages:       1275272 kB
Mapped:           860108 kB
Shmem:             27404 kB
KReclaimable:     554344 kB
Slab:             222528 kB
SReclaimable:      76196 kB
SUnreclaim:       146332 kB
KernelStack:       47536 kB
PageTables:        64260 kB
NFS_Unstable:          0 kB
Bounce:                0 kB
WritebackTmp:          0 kB
CommitLimit:     9202288 kB
Committed_AS:   68467248 kB
VmallocTotal:   263061440 kB
VmallocUsed:      104688 kB
VmallocChunk:          0 kB
Percpu:             7648 kB
CmaTotal:         294912 kB
CmaFree:               0 kB
MemTotal:       12113132 kB
MemFree:         6352996 kB
MemAvailable:    7838796 kB
Buffers:            5608 kB
Cached:          1826436 kB
SwapCached:            0 kB
Active:          1522060 kB
Inactive:        1580172 kB
Active(anon):    1276604 kB
Inactive(anon):    25468 kB
Active(file):     245456 kB
Inactive(file):  1554704 kB
Unevictable:        5532 kB
Mlocked:            5532 kB
SwapTotal:       3145724 kB
SwapFree:        3145724 kB
Dirty:               412 kB
Writeback:             0 kB
AnonPages:       1275716 kB
Mapped:           860108 kB
Shmem:             27404 kB
KReclaimable:     554344 kB
Slab:             222528 kB
SReclaimable:      76196 kB
SUnreclaim:       146332 kB
KernelStack:       47488 kB
PageTables:        64148 kB
NFS_Unstable:          0 kB
Bounce:                0 kB
WritebackTmp:          0 kB
CommitLimit:     9202288 kB
Committed_AS:   68468084 kB
VmallocTotal:   263061440 kB
VmallocUsed:      104656 kB
VmallocChunk:          0 kB
Percpu:             7648 kB
CmaTotal:         294912 kB
CmaFree:               0 kB
MemTotal:       12113132 kB
MemFree:         6351752 kB
MemAvailable:    7837560 kB
Buffers:            5608 kB
Cached:          1826444 kB
SwapCached:            0 kB
Active:          1523416 kB
Inactive:        1580180 kB
Active(anon):    1277960 kB
Inactive(anon):    25468 kB
Active(file):     245456 kB
Inactive(file):  1554712 kB
Unevictable:        5532 kB
Mlocked:            5532 kB
SwapTotal:       3145724 kB
SwapFree:        3145724 kB
Dirty:               440 kB
Writeback:             0 kB
AnonPages:       1277224 kB
Mapped:           860108 kB
Shmem:             27404 kB
KReclaimable:     554344 kB
Slab:             222528 kB
SReclaimable:      76196 kB
SUnreclaim:       146332 kB
KernelStack:       47488 kB
PageTables:        64160 kB
NFS_Unstable:          0 kB
Bounce:                0 kB
WritebackTmp:          0 kB
CommitLimit:     9202288 kB
Committed_AS:   68467392 kB
VmallocTotal:   263061440 kB
VmallocUsed:      104672 kB
VmallocChunk:          0 kB
Percpu:             7648 kB
CmaTotal:         294912 kB
CmaFree:               0 kB
MemTotal:       12113132 kB
MemFree:         6351380 kB
MemAvailable:    7837196 kB
Buffers:            5608 kB
Cached:          1826452 kB
SwapCached:            0 kB
Active:          1523660 kB
Inactive:        1580188 kB
Active(anon):    1278204 kB
Inactive(anon):    25468 kB
Active(file):     245456 kB
Inactive(file):  1554720 kB
Unevictable:        5532 kB
Mlocked:            5532 kB
SwapTotal:       3145724 kB
SwapFree:        3145724 kB
Dirty:               512 kB
Writeback:             0 kB
AnonPages:       1277168 kB
Mapped:           860252 kB
Shmem:             27404 kB
KReclaimable:     554344 kB
Slab:             222528 kB
SReclaimable:      76196 kB
SUnreclaim:       146332 kB
KernelStack:       47504 kB
PageTables:        64268 kB
NFS_Unstable:          0 kB
Bounce:                0 kB
WritebackTmp:          0 kB
CommitLimit:     9202288 kB
Committed_AS:   68455516 kB
VmallocTotal:   263061440 kB
VmallocUsed:      104624 kB
VmallocChunk:          0 kB
Percpu:             7648 kB
CmaTotal:         294912 kB
CmaFree:               0 kB
MemTotal:       12113132 kB
MemFree:         6351196 kB
MemAvailable:    7837044 kB
Buffers:            5612 kB
Cached:          1826480 kB
SwapCached:            0 kB
Active:          1524648 kB
Inactive:        1580216 kB
Active(anon):    1279188 kB
Inactive(anon):    25468 kB
Active(file):     245460 kB
Inactive(file):  1554748 kB
Unevictable:        5532 kB
Mlocked:            5532 kB
SwapTotal:       3145724 kB
SwapFree:        3145724 kB
Dirty:               492 kB
Writeback:             0 kB
AnonPages:       1278372 kB
Mapped:           860112 kB
Shmem:             27404 kB
KReclaimable:     554344 kB
Slab:             222528 kB
SReclaimable:      76196 kB
SUnreclaim:       146332 kB
KernelStack:       47536 kB
PageTables:        64072 kB
NFS_Unstable:          0 kB
Bounce:                0 kB
WritebackTmp:          0 kB
CommitLimit:     9202288 kB
Committed_AS:   68446460 kB
VmallocTotal:   263061440 kB
VmallocUsed:      104608 kB
VmallocChunk:          0 kB
Percpu:             7648 kB
CmaTotal:         294912 kB
CmaFree:               0 kB
MemTotal:       12113132 kB
MemFree:         6349728 kB
MemAvailable:    7835592 kB
Buffers:            5612 kB
Cached:          1826496 kB
SwapCached:            0 kB
Active:          1525304 kB
Inactive:        1580232 kB
Active(anon):    1279844 kB
Inactive(anon):    25468 kB
Active(file):     245460 kB
Inactive(file):  1554764 kB
Unevictable:        5532 kB
Mlocked:            5532 kB
SwapTotal:       3145724 kB
SwapFree:        3145724 kB
Dirty:               508 kB
Writeback:             0 kB
AnonPages:       1279056 kB
Mapped:           860108 kB
Shmem:             27404 kB
KReclaimable:     554344 kB
Slab:             222528 kB
SReclaimable:      76196 kB
SUnreclaim:       146332 kB
KernelStack:       47488 kB
PageTables:        64140 kB
NFS_Unstable:          0 kB
Bounce:                0 kB
WritebackTmp:          0 kB
CommitLimit:     9202288 kB
Committed_AS:   68448092 kB
VmallocTotal:   263061440 kB
VmallocUsed:      104656 kB
VmallocChunk:          0 kB
Percpu:             7648 kB
CmaTotal:         294912 kB
CmaFree:              20 kB
MemTotal:       12113132 kB
MemFree:         6349100 kB
MemAvailable:    7834984 kB
Buffers:            5612 kB
Cached:          1826516 kB
SwapCached:            0 kB
Active:          1525844 kB
Inactive:        1580252 kB
Active(anon):    1280384 kB
Inactive(anon):    25468 kB
Active(file):     245460 kB
Inactive(file):  1554784 kB
Unevictable:        5532 kB
Mlocked:            5532 kB
SwapTotal:       3145724 kB
SwapFree:        3145724 kB
Dirty:               540 kB
Writeback:             0 kB
AnonPages:       1279516 kB
Mapped:           860112 kB
Shmem:             27404 kB
KReclaimable:     554344 kB
Slab:             222528 kB
SReclaimable:      76196 kB
SUnreclaim:       146332 kB
KernelStack:       47440 kB
PageTables:        64140 kB
NFS_Unstable:          0 kB
Bounce:                0 kB
WritebackTmp:          0 kB
CommitLimit:     9202288 kB
Committed_AS:   68455584 kB
VmallocTotal:   263061440 kB
VmallocUsed:      104640 kB
VmallocChunk:          0 kB
Percpu:             7648 kB
CmaTotal:         294912 kB
CmaFree:               0 kB
MemTotal:       12113132 kB
MemFree:         6347756 kB
MemAvailable:    7833644 kB
Buffers:            5612 kB
Cached:          1826520 kB
SwapCached:            0 kB
Active:          1526204 kB
Inactive:        1580256 kB
Active(anon):    1280744 kB
Inactive(anon):    25468 kB
Active(file):     245460 kB
Inactive(file):  1554788 kB
Unevictable:        5532 kB
Mlocked:            5532 kB
SwapTotal:       3145724 kB
SwapFree:        3145724 kB
Dirty:               544 kB
Writeback:             0 kB
AnonPages:       1279620 kB
Mapped:           860052 kB
Shmem:             27404 kB
KReclaimable:     554344 kB
Slab:             222528 kB
SReclaimable:      76196 kB
SUnreclaim:       146332 kB
KernelStack:       47492 kB
PageTables:        64132 kB
NFS_Unstable:          0 kB
Bounce:                0 kB
WritebackTmp:          0 kB
CommitLimit:     9202288 kB
Committed_AS:   68455836 kB
VmallocTotal:   263061440 kB
VmallocUsed:      104656 kB
VmallocChunk:          0 kB
Percpu:             7648 kB
CmaTotal:         294912 kB
CmaFree:               0 kB
MemTotal:       12113132 kB
MemFree:         6355908 kB
MemAvailable:    7841812 kB
Buffers:            5612 kB
Cached:          1826508 kB
SwapCached:            0 kB
Active:          1521124 kB
Inactive:        1579384 kB
Active(anon):    1274804 kB
Inactive(anon):    25440 kB
Active(file):     246320 kB
Inactive(file):  1553944 kB
Unevictable:        5532 kB
Mlocked:            5532 kB
SwapTotal:       3145724 kB
SwapFree:        3145724 kB
Dirty:               576 kB
Writeback:             0 kB
AnonPages:       1273928 kB
Mapped:           859200 kB
Shmem:             27376 kB
KReclaimable:     554344 kB
Slab:             221956 kB
SReclaimable:      76196 kB
SUnreclaim:       145760 kB
KernelStack:       46992 kB
PageTables:        63536 kB
NFS_Unstable:          0 kB
Bounce:                0 kB
WritebackTmp:          0 kB
CommitLimit:     9202288 kB
Committed_AS:   67130580 kB
VmallocTotal:   263061440 kB
VmallocUsed:      104200 kB
VmallocChunk:          0 kB
Percpu:             7648 kB
CmaTotal:         294912 kB
CmaFree:               0 kB
MemTotal:       12113132 kB
MemFree:         6356324 kB
MemAvailable:    7842232 kB
Buffers:            5612 kB
Cached:          1826512 kB
SwapCached:            0 kB
Active:          1521460 kB
Inactive:        1579388 kB
Active(anon):    1275140 kB
Inactive(anon):    25440 kB
Active(file):     246320 kB
Inactive(file):  1553948 kB
Unevictable:        5532 kB
Mlocked:            5532 kB
SwapTotal:       3145724 kB
SwapFree:        3145724 kB
Dirty:               592 kB
Writeback:             0 kB
AnonPages:       1274236 kB
Mapped:           859204 kB
Shmem:             27376 kB
KReclaimable:     554344 kB
Slab:             221956 kB
SReclaimable:      76196 kB
SUnreclaim:       145760 kB
KernelStack:       46992 kB
PageTables:        63416 kB
NFS_Unstable:          0 kB
Bounce:                0 kB
WritebackTmp:          0 kB
CommitLimit:     9202288 kB
Committed_AS:   67136824 kB
VmallocTotal:   263061440 kB
VmallocUsed:      104184 kB
VmallocChunk:          0 kB
Percpu:             7648 kB
CmaTotal:         294912 kB
CmaFree:               0 kB
MemTotal:       12113132 kB
MemFree:         6356848 kB
MemAvailable:    7842776 kB
Buffers:            5612 kB
Cached:          1826532 kB
SwapCached:            0 kB
Active:          1522428 kB
Inactive:        1579408 kB
Active(anon):    1276108 kB
Inactive(anon):    25440 kB
Active(file):     246320 kB
Inactive(file):  1553968 kB
Unevictable:        5532 kB
Mlocked:            5532 kB
SwapTotal:       3145724 kB
SwapFree:        3145724 kB
Dirty:               620 kB
Writeback:             0 kB
AnonPages:       1275160 kB
Mapped:           859200 kB
Shmem:             27376 kB
KReclaimable:     554344 kB
Slab:             221956 kB
SReclaimable:      76196 kB
SUnreclaim:       145760 kB
KernelStack:       47024 kB
PageTables:        63512 kB
NFS_Unstable:          0 kB
Bounce:                0 kB
WritebackTmp:          0 kB
CommitLimit:     9202288 kB
Committed_AS:   67131140 kB
VmallocTotal:   263061440 kB
VmallocUsed:      104136 kB
VmallocChunk:          0 kB
Percpu:             7648 kB
CmaTotal:         294912 kB
CmaFree:               0 kB
MemTotal:       12113132 kB
MemFree:         6356804 kB
MemAvailable:    7842736 kB
Buffers:            5612 kB
Cached:          1826536 kB
SwapCached:            0 kB
Active:          1521580 kB
Inactive:        1579412 kB
Active(anon):    1275260 kB
Inactive(anon):    25440 kB
Active(file):     246320 kB
Inactive(file):  1553972 kB
Unevictable:        5532 kB
Mlocked:            5532 kB
SwapTotal:       3145724 kB
SwapFree:        3145724 kB
Dirty:               628 kB
Writeback:             0 kB
AnonPages:       1274408 kB
Mapped:           859200 kB
Shmem:             27376 kB
KReclaimable:     554344 kB
Slab:             221956 kB
SReclaimable:      76196 kB
SUnreclaim:       145760 kB
KernelStack:       46976 kB
PageTables:        63532 kB
NFS_Unstable:          0 kB
Bounce:                0 kB
WritebackTmp:          0 kB
CommitLimit:     9202288 kB
Committed_AS:   67136324 kB
VmallocTotal:   263061440 kB
VmallocUsed:      104120 kB
VmallocChunk:          0 kB
Percpu:             7648 kB
CmaTotal:         294912 kB
CmaFree:               0 kB
MemTotal:       12113132 kB
MemFree:         6365668 kB
MemAvailable:    7851604 kB
Buffers:            5612 kB
Cached:          1826544 kB
SwapCached:            0 kB
Active:          1510896 kB
Inactive:        1579428 kB
Active(anon):    1264584 kB
Inactive(anon):    25444 kB
Active(file):     246312 kB
Inactive(file):  1553984 kB
Unevictable:        5532 kB
Mlocked:            5532 kB
SwapTotal:       3145724 kB
SwapFree:        3145724 kB
Dirty:               648 kB
Writeback:             0 kB
AnonPages:       1263808 kB
Mapped:           859164 kB
Shmem:             27380 kB
KReclaimable:     554344 kB
Slab:             221956 kB
SReclaimable:      76196 kB
SUnreclaim:       145760 kB
KernelStack:       46928 kB
PageTables:        63360 kB
NFS_Unstable:          0 kB
Bounce:                0 kB
WritebackTmp:          0 kB
CommitLimit:     9202288 kB
Committed_AS:   67139200 kB
VmallocTotal:   263061440 kB
VmallocUsed:      104120 kB
VmallocChunk:          0 kB
Percpu:             7648 kB
CmaTotal:         294912 kB
CmaFree:               0 kB
MemTotal:       12113132 kB
MemFree:         6365792 kB
MemAvailable:    7851756 kB
Buffers:            5612 kB
Cached:          1826572 kB
SwapCached:            0 kB
Active:          1511164 kB
Inactive:        1579452 kB
Active(anon):    1264848 kB
Inactive(anon):    25444 kB
Active(file):     246316 kB
Inactive(file):  1554008 kB
Unevictable:        5532 kB
Mlocked:            5532 kB
SwapTotal:       3145724 kB
SwapFree:        3145724 kB
Dirty:               708 kB
Writeback:             0 kB
AnonPages:       1264288 kB
Mapped:           859204 kB
Shmem:             27380 kB
KReclaimable:     554344 kB
Slab:             221956 kB
SReclaimable:      76196 kB
SUnreclaim:       145760 kB
KernelStack:       46944 kB
PageTables:        63416 kB
NFS_Unstable:          0 kB
Bounce:                0 kB
WritebackTmp:          0 kB
CommitLimit:     9202288 kB
Committed_AS:   67131364 kB
VmallocTotal:   263061440 kB
VmallocUsed:      104152 kB
VmallocChunk:          0 kB
Percpu:             7648 kB
CmaTotal:         294912 kB
CmaFree:             128 kB
MemTotal:       12113132 kB
MemFree:         6365136 kB
MemAvailable:    7851104 kB
Buffers:            5612 kB
Cached:          1826576 kB
SwapCached:            0 kB
Active:          1512292 kB
Inactive:        1579452 kB
Active(anon):    1265972 kB
Inactive(anon):    25444 kB
Active(file):     246320 kB
Inactive(file):  1554008 kB
Unevictable:        5532 kB
Mlocked:            5532 kB
SwapTotal:       3145724 kB
SwapFree:        3145724 kB
Dirty:               712 kB
Writeback:             0 kB
AnonPages:       1265200 kB
Mapped:           859204 kB
Shmem:             27380 kB
KReclaimable:     554344 kB
Slab:             221956 kB
SReclaimable:      76196 kB
SUnreclaim:       145760 kB
KernelStack:       46944 kB
PageTables:        63492 kB
NFS_Unstable:          0 kB
Bounce:                0 kB
WritebackTmp:          0 kB
CommitLimit:     9202288 kB
Committed_AS:   67140920 kB
VmallocTotal:   263061440 kB
VmallocUsed:      104152 kB
VmallocChunk:          0 kB
Percpu:             7648 kB
CmaTotal:         294912 kB
CmaFree:               0 kB
MemTotal:       12113132 kB
MemFree:         6368536 kB
MemAvailable:    7854516 kB
Buffers:            5612 kB
Cached:          1826588 kB
SwapCached:            0 kB
Active:          1509376 kB
Inactive:        1579464 kB
Active(anon):    1263056 kB
Inactive(anon):    25444 kB
Active(file):     246320 kB
Inactive(file):  1554020 kB
Unevictable:        5532 kB
Mlocked:            5532 kB
SwapTotal:       3145724 kB
SwapFree:        3145724 kB
Dirty:               388 kB
Writeback:            92 kB
AnonPages:       1262332 kB
Mapped:           859208 kB
Shmem:             27380 kB
KReclaimable:     554344 kB
Slab:             221956 kB
SReclaimable:      76196 kB
SUnreclaim:       145760 kB
KernelStack:       46944 kB
PageTables:        63416 kB
NFS_Unstable:          0 kB
Bounce:                0 kB
WritebackTmp:          0 kB
CommitLimit:     9202288 kB
Committed_AS:   67136628 kB
VmallocTotal:   263061440 kB
VmallocUsed:      104120 kB
VmallocChunk:          0 kB
Percpu:             7648 kB
CmaTotal:         294912 kB
CmaFree:               0 kB
MemTotal:       12113132 kB
MemFree:         6368868 kB
MemAvailable:    7854860 kB
Buffers:            5612 kB
Cached:          1826600 kB
SwapCached:            0 kB
Active:          1510196 kB
Inactive:        1579476 kB
Active(anon):    1263876 kB
Inactive(anon):    25444 kB
Active(file):     246320 kB
Inactive(file):  1554032 kB
Unevictable:        5532 kB
Mlocked:            5532 kB
SwapTotal:       3145724 kB
SwapFree:        3145724 kB
Dirty:               256 kB
Writeback:             0 kB
AnonPages:       1262944 kB
Mapped:           859204 kB
Shmem:             27380 kB
KReclaimable:     554344 kB
Slab:             221924 kB
SReclaimable:      76196 kB
SUnreclaim:       145728 kB
KernelStack:       46960 kB
PageTables:        63536 kB
NFS_Unstable:          0 kB
Bounce:                0 kB
WritebackTmp:          0 kB
CommitLimit:     9202288 kB
Committed_AS:   67133148 kB
VmallocTotal:   263061440 kB
VmallocUsed:      104120 kB
VmallocChunk:          0 kB
Percpu:             7648 kB
CmaTotal:         294912 kB
CmaFree:               0 kB
MemTotal:       12113132 kB
MemFree:         6350284 kB
MemAvailable:    7836296 kB
Buffers:            5612 kB
Cached:          1826640 kB
SwapCached:            0 kB
Active:          1529664 kB
Inactive:        1579516 kB
Active(anon):    1283344 kB
Inactive(anon):    25464 kB
Active(file):     246320 kB
Inactive(file):  1554052 kB
Unevictable:        5532 kB
Mlocked:            5532 kB
SwapTotal:       3145724 kB
SwapFree:        3145724 kB
Dirty:               276 kB
Writeback:             0 kB
AnonPages:       1282452 kB
Mapped:           859224 kB
Shmem:             27400 kB
KReclaimable:     554344 kB
Slab:             221924 kB
SReclaimable:      76196 kB
SUnreclaim:       145728 kB
KernelStack:       46992 kB
PageTables:        63664 kB
NFS_Unstable:          0 kB
Bounce:                0 kB
WritebackTmp:          0 kB
CommitLimit:     9202288 kB
Committed_AS:   67135052 kB
VmallocTotal:   263061440 kB
VmallocUsed:      104120 kB
VmallocChunk:          0 kB
Percpu:             7648 kB
CmaTotal:         294912 kB
CmaFree:               0 kB
MemTotal:       12113132 kB
MemFree:         6339460 kB
MemAvailable:    7825504 kB
Buffers:            5612 kB
Cached:          1826672 kB
SwapCached:            0 kB
Active:          1538756 kB
Inactive:        1579544 kB
Active(anon):    1292432 kB
Inactive(anon):    25464 kB
Active(file):     246324 kB
Inactive(file):  1554080 kB
Unevictable:        5532 kB
Mlocked:            5532 kB
SwapTotal:       3145724 kB
SwapFree:        3145724 kB
Dirty:               328 kB
Writeback:            24 kB
AnonPages:       1291668 kB
Mapped:           859216 kB
Shmem:             27400 kB
KReclaimable:     554344 kB
Slab:             221892 kB
SReclaimable:      76196 kB
SUnreclaim:       145696 kB
KernelStack:       46912 kB
PageTables:        63476 kB
NFS_Unstable:          0 kB
Bounce:                0 kB
WritebackTmp:          0 kB
CommitLimit:     9202288 kB
Committed_AS:   67136340 kB
VmallocTotal:   263061440 kB
VmallocUsed:      104072 kB
VmallocChunk:          0 kB
Percpu:             7648 kB
CmaTotal:         294912 kB
CmaFree:              92 kB
MemTotal:       12113132 kB
MemFree:         6332008 kB
MemAvailable:    7818076 kB
Buffers:            5620 kB
Cached:          1826688 kB
SwapCached:            0 kB
Active:          1545292 kB
Inactive:        1579560 kB
Active(anon):    1298960 kB
Inactive(anon):    25464 kB
Active(file):     246332 kB
Inactive(file):  1554096 kB
Unevictable:        5532 kB
Mlocked:            5532 kB
SwapTotal:       3145724 kB
SwapFree:        3145724 kB
Dirty:               352 kB
Writeback:             0 kB
AnonPages:       1298032 kB
Mapped:           859220 kB
Shmem:             27400 kB
KReclaimable:     554344 kB
Slab:             221892 kB
SReclaimable:      76196 kB
SUnreclaim:       145696 kB
KernelStack:       46928 kB
PageTables:        63416 kB
NFS_Unstable:          0 kB
Bounce:                0 kB
WritebackTmp:          0 kB
CommitLimit:     9202288 kB
Committed_AS:   67136408 kB
VmallocTotal:   263061440 kB
VmallocUsed:      104088 kB
VmallocChunk:          0 kB
Percpu:             7648 kB
CmaTotal:         294912 kB
CmaFree:               4 kB
MemTotal:       12113132 kB
MemFree:         6336048 kB
MemAvailable:    7822120 kB
Buffers:            5620 kB
Cached:          1826692 kB
SwapCached:            0 kB
Active:          1543396 kB
Inactive:        1579568 kB
Active(anon):    1297068 kB
Inactive(anon):    25464 kB
Active(file):     246328 kB
Inactive(file):  1554104 kB
Unevictable:        5532 kB
Mlocked:            5532 kB
SwapTotal:       3145724 kB
SwapFree:        3145724 kB
Dirty:               368 kB
Writeback:             0 kB
AnonPages:       1296028 kB
Mapped:           859216 kB
Shmem:             27400 kB
KReclaimable:     554344 kB
Slab:             221884 kB
SReclaimable:      76196 kB
SUnreclaim:       145688 kB
KernelStack:       46928 kB
PageTables:        63416 kB
NFS_Unstable:          0 kB
Bounce:                0 kB
WritebackTmp:          0 kB
CommitLimit:     9202288 kB
Committed_AS:   67129204 kB
VmallocTotal:   263061440 kB
VmallocUsed:      104040 kB
VmallocChunk:          0 kB
Percpu:             7648 kB
CmaTotal:         294912 kB
CmaFree:               0 kB
MemTotal:       12113132 kB
MemFree:         6335192 kB
MemAvailable:    7821280 kB
Buffers:            5620 kB
Cached:          1826708 kB
SwapCached:            0 kB
Active:          1544032 kB
Inactive:        1579584 kB
Active(anon):    1297704 kB
Inactive(anon):    25464 kB
Active(file):     246328 kB
Inactive(file):  1554120 kB
Unevictable:        5532 kB
Mlocked:            5532 kB
SwapTotal:       3145724 kB
SwapFree:        3145724 kB
Dirty:               396 kB
Writeback:             0 kB
AnonPages:       1296840 kB
Mapped:           859224 kB
Shmem:             27400 kB
KReclaimable:     554344 kB
Slab:             221892 kB
SReclaimable:      76196 kB
SUnreclaim:       145696 kB
KernelStack:       46928 kB
PageTables:        63396 kB
NFS_Unstable:          0 kB
Bounce:                0 kB
WritebackTmp:          0 kB
CommitLimit:     9202288 kB
Committed_AS:   67133308 kB
VmallocTotal:   263061440 kB
VmallocUsed:      104040 kB
VmallocChunk:          0 kB
Percpu:             7648 kB
CmaTotal:         294912 kB
CmaFree:               0 kB
MemTotal:       12113132 kB
MemFree:         6334028 kB
MemAvailable:    7820116 kB
Buffers:            5620 kB
Cached:          1826708 kB
SwapCached:            0 kB
Active:          1544740 kB
Inactive:        1579588 kB
Active(anon):    1298416 kB
Inactive(anon):    25464 kB
Active(file):     246324 kB
Inactive(file):  1554124 kB
Unevictable:        5532 kB
Mlocked:            5532 kB
SwapTotal:       3145724 kB
SwapFree:        3145724 kB
Dirty:               400 kB
Writeback:             0 kB
AnonPages:       1297476 kB
Mapped:           859292 kB
Shmem:             27400 kB
KReclaimable:     554344 kB
Slab:             221892 kB
SReclaimable:      76196 kB
SUnreclaim:       145696 kB
KernelStack:       46912 kB
PageTables:        63536 kB
NFS_Unstable:          0 kB
Bounce:                0 kB
WritebackTmp:          0 kB
CommitLimit:     9202288 kB
Committed_AS:   67142756 kB
VmallocTotal:   263061440 kB
VmallocUsed:      104040 kB
VmallocChunk:          0 kB
Percpu:             7648 kB
CmaTotal:         294912 kB
CmaFree:               0 kB
MemTotal:       12113132 kB
MemFree:         6333448 kB
MemAvailable:    7819552 kB
Buffers:            5620 kB
Cached:          1826724 kB
SwapCached:            0 kB
Active:          1545132 kB
Inactive:        1579596 kB
Active(anon):    1298800 kB
Inactive(anon):    25464 kB
Active(file):     246332 kB
Inactive(file):  1554132 kB
Unevictable:        5532 kB
Mlocked:            5532 kB
SwapTotal:       3145724 kB
SwapFree:        3145724 kB
Dirty:               420 kB
Writeback:             0 kB
AnonPages:       1297988 kB
Mapped:           859340 kB
Shmem:             27400 kB
KReclaimable:     554344 kB
Slab:             221892 kB
SReclaimable:      76196 kB
SUnreclaim:       145696 kB
KernelStack:       46928 kB
PageTables:        63480 kB
NFS_Unstable:          0 kB
Bounce:                0 kB
WritebackTmp:          0 kB
CommitLimit:     9202288 kB
Committed_AS:   67142712 kB
VmallocTotal:   263061440 kB
VmallocUsed:      104072 kB
VmallocChunk:          0 kB
Percpu:             7648 kB
CmaTotal:         294912 kB
CmaFree:               0 kB
MemTotal:       12113132 kB
MemFree:         6333228 kB
MemAvailable:    7819344 kB
Buffers:            5620 kB
Cached:          1826736 kB
SwapCached:            0 kB
Active:          1545988 kB
Inactive:        1579612 kB
Active(anon):    1299660 kB
Inactive(anon):    25464 kB
Active(file):     246328 kB
Inactive(file):  1554148 kB
Unevictable:        5532 kB
Mlocked:            5532 kB
SwapTotal:       3145724 kB
SwapFree:        3145724 kB
Dirty:               464 kB
Writeback:             0 kB
AnonPages:       1298880 kB
Mapped:           859232 kB
Shmem:             27400 kB
KReclaimable:     554344 kB
Slab:             221900 kB
SReclaimable:      76196 kB
SUnreclaim:       145704 kB
KernelStack:       46960 kB
PageTables:        63416 kB
NFS_Unstable:          0 kB
Bounce:                0 kB
WritebackTmp:          0 kB
CommitLimit:     9202288 kB
Committed_AS:   67134336 kB
VmallocTotal:   263061440 kB
VmallocUsed:      104104 kB
VmallocChunk:          0 kB
Percpu:             7648 kB
CmaTotal:         294912 kB
CmaFree:               0 kB
MemTotal:       12113132 kB
MemFree:         6332252 kB
MemAvailable:    7818380 kB
Buffers:            5620 kB
Cached:          1826748 kB
SwapCached:            0 kB
Active:          1546544 kB
Inactive:        1579624 kB
Active(anon):    1300216 kB
Inactive(anon):    25464 kB
Active(file):     246328 kB
Inactive(file):  1554160 kB
Unevictable:        5532 kB
Mlocked:            5532 kB
SwapTotal:       3145724 kB
SwapFree:        3145724 kB
Dirty:               484 kB
Writeback:             0 kB
AnonPages:       1299428 kB
Mapped:           859224 kB
Shmem:             27400 kB
KReclaimable:     554344 kB
Slab:             221900 kB
SReclaimable:      76196 kB
SUnreclaim:       145704 kB
KernelStack:       46944 kB
PageTables:        63536 kB
NFS_Unstable:          0 kB
Bounce:                0 kB
WritebackTmp:          0 kB
CommitLimit:     9202288 kB
Committed_AS:   67138916 kB
VmallocTotal:   263061440 kB
VmallocUsed:      104104 kB
VmallocChunk:          0 kB
Percpu:             7648 kB
CmaTotal:         294912 kB
CmaFree:               0 kB
MemTotal:       12113132 kB
MemFree:         6330456 kB
MemAvailable:    7816592 kB
Buffers:            5620 kB
Cached:          1826756 kB
SwapCached:            0 kB
Active:          1547276 kB
Inactive:        1579632 kB
Active(anon):    1300948 kB
Inactive(anon):    25464 kB
Active(file):     246328 kB
Inactive(file):  1554168 kB
Unevictable:        5532 kB
Mlocked:            5532 kB
SwapTotal:       3145724 kB
SwapFree:        3145724 kB
Dirty:               496 kB
Writeback:             0 kB
AnonPages:       1300064 kB
Mapped:           859220 kB
Shmem:             27400 kB
KReclaimable:     554344 kB
Slab:             221900 kB
SReclaimable:      76196 kB
SUnreclaim:       145704 kB
KernelStack:       46976 kB
PageTables:        63516 kB
NFS_Unstable:          0 kB
Bounce:                0 kB
WritebackTmp:          0 kB
CommitLimit:     9202288 kB
Committed_AS:   67139660 kB
VmallocTotal:   263061440 kB
VmallocUsed:      104088 kB
VmallocChunk:          0 kB
Percpu:             7648 kB
CmaTotal:         294912 kB
CmaFree:               0 kB
MemTotal:       12113132 kB
MemFree:         6330588 kB
MemAvailable:    7816740 kB
Buffers:            5620 kB
Cached:          1826772 kB
SwapCached:            0 kB
Active:          1547804 kB
Inactive:        1579648 kB
Active(anon):    1301476 kB
Inactive(anon):    25464 kB
Active(file):     246328 kB
Inactive(file):  1554184 kB
Unevictable:        5532 kB
Mlocked:            5532 kB
SwapTotal:       3145724 kB
SwapFree:        3145724 kB
Dirty:               528 kB
Writeback:             0 kB
AnonPages:       1300436 kB
Mapped:           859220 kB
Shmem:             27400 kB
KReclaimable:     554344 kB
Slab:             221900 kB
SReclaimable:      76196 kB
SUnreclaim:       145704 kB
KernelStack:       46960 kB
PageTables:        63500 kB
NFS_Unstable:          0 kB
Bounce:                0 kB
WritebackTmp:          0 kB
CommitLimit:     9202288 kB
Committed_AS:   67143384 kB
VmallocTotal:   263061440 kB
VmallocUsed:      104136 kB
VmallocChunk:          0 kB
Percpu:             7648 kB
CmaTotal:         294912 kB
CmaFree:               0 kB
MemTotal:       12113132 kB
MemFree:         6330524 kB
MemAvailable:    7816700 kB
Buffers:            5620 kB
Cached:          1826796 kB
SwapCached:            0 kB
Active:          1548848 kB
Inactive:        1579672 kB
Active(anon):    1302520 kB
Inactive(anon):    25464 kB
Active(file):     246328 kB
Inactive(file):  1554208 kB
Unevictable:        5532 kB
Mlocked:            5532 kB
SwapTotal:       3145724 kB
SwapFree:        3145724 kB
Dirty:               560 kB
Writeback:             0 kB
AnonPages:       1301740 kB
Mapped:           859224 kB
Shmem:             27400 kB
KReclaimable:     554344 kB
Slab:             221900 kB
SReclaimable:      76196 kB
SUnreclaim:       145704 kB
KernelStack:       46960 kB
PageTables:        63392 kB
NFS_Unstable:          0 kB
Bounce:                0 kB
WritebackTmp:          0 kB
CommitLimit:     9202288 kB
Committed_AS:   67134752 kB
VmallocTotal:   263061440 kB
VmallocUsed:      104056 kB
VmallocChunk:          0 kB
Percpu:             7648 kB
CmaTotal:         294912 kB
CmaFree:               0 kB
MemTotal:       12113132 kB
MemFree:         6329012 kB
MemAvailable:    7815200 kB
Buffers:            5620 kB
Cached:          1826808 kB
SwapCached:            0 kB
Active:          1549708 kB
Inactive:        1579684 kB
Active(anon):    1303380 kB
Inactive(anon):    25464 kB
Active(file):     246328 kB
Inactive(file):  1554220 kB
Unevictable:        5532 kB
Mlocked:            5532 kB
SwapTotal:       3145724 kB
SwapFree:        3145724 kB
Dirty:               576 kB
Writeback:             0 kB
AnonPages:       1302584 kB
Mapped:           859228 kB
Shmem:             27400 kB
KReclaimable:     554344 kB
Slab:             221900 kB
SReclaimable:      76196 kB
SUnreclaim:       145704 kB
KernelStack:       46928 kB
PageTables:        63420 kB
NFS_Unstable:          0 kB
Bounce:                0 kB
WritebackTmp:          0 kB
CommitLimit:     9202288 kB
Committed_AS:   67143840 kB
VmallocTotal:   263061440 kB
VmallocUsed:      104120 kB
VmallocChunk:          0 kB
Percpu:             7648 kB
CmaTotal:         294912 kB
CmaFree:               0 kB
MemTotal:       12113132 kB
MemFree:         6328512 kB
MemAvailable:    7814712 kB
Buffers:            5620 kB
Cached:          1826820 kB
SwapCached:            0 kB
Active:          1549528 kB
Inactive:        1579696 kB
Active(anon):    1303200 kB
Inactive(anon):    25464 kB
Active(file):     246328 kB
Inactive(file):  1554232 kB
Unevictable:        5532 kB
Mlocked:            5532 kB
SwapTotal:       3145724 kB
SwapFree:        3145724 kB
Dirty:               604 kB
Writeback:             0 kB
AnonPages:       1302228 kB
Mapped:           859220 kB
Shmem:             27400 kB
KReclaimable:     554344 kB
Slab:             221900 kB
SReclaimable:      76196 kB
SUnreclaim:       145704 kB
KernelStack:       46944 kB
PageTables:        63540 kB
NFS_Unstable:          0 kB
Bounce:                0 kB
WritebackTmp:          0 kB
CommitLimit:     9202288 kB
Committed_AS:   67141684 kB
VmallocTotal:   263061440 kB
VmallocUsed:      104136 kB
VmallocChunk:          0 kB
Percpu:             7648 kB
CmaTotal:         294912 kB
CmaFree:               0 kB
MemTotal:       12113132 kB
MemFree:         6328316 kB
MemAvailable:    7814528 kB
Buffers:            5620 kB
Cached:          1826832 kB
SwapCached:            0 kB
Active:          1550088 kB
Inactive:        1579708 kB
Active(anon):    1303760 kB
Inactive(anon):    25464 kB
Active(file):     246328 kB
Inactive(file):  1554244 kB
Unevictable:        5532 kB
Mlocked:            5532 kB
SwapTotal:       3145724 kB
SwapFree:        3145724 kB
Dirty:               608 kB
Writeback:             0 kB
AnonPages:       1302724 kB
Mapped:           859220 kB
Shmem:             27400 kB
KReclaimable:     554344 kB
Slab:             221900 kB
SReclaimable:      76196 kB
SUnreclaim:       145704 kB
KernelStack:       46928 kB
PageTables:        63420 kB
NFS_Unstable:          0 kB
Bounce:                0 kB
WritebackTmp:          0 kB
CommitLimit:     9202288 kB
Committed_AS:   67141812 kB
VmallocTotal:   263061440 kB
VmallocUsed:      104168 kB
VmallocChunk:          0 kB
Percpu:             7648 kB
CmaTotal:         294912 kB
CmaFree:               0 kB
MemTotal:       12113132 kB
MemFree:         6327464 kB
MemAvailable:    7813688 kB
Buffers:            5620 kB
Cached:          1826844 kB
SwapCached:            0 kB
Active:          1551044 kB
Inactive:        1579720 kB
Active(anon):    1304716 kB
Inactive(anon):    25464 kB
Active(file):     246328 kB
Inactive(file):  1554256 kB
Unevictable:        5532 kB
Mlocked:            5532 kB
SwapTotal:       3145724 kB
SwapFree:        3145724 kB
Dirty:               624 kB
Writeback:             0 kB
AnonPages:       1303548 kB
Mapped:           859224 kB
Shmem:             27400 kB
KReclaimable:     554344 kB
Slab:             221900 kB
SReclaimable:      76196 kB
SUnreclaim:       145704 kB
KernelStack:       46944 kB
PageTables:        63540 kB
NFS_Unstable:          0 kB
Bounce:                0 kB
WritebackTmp:          0 kB
CommitLimit:     9202288 kB
Committed_AS:   67135888 kB
VmallocTotal:   263061440 kB
VmallocUsed:      104104 kB
VmallocChunk:          0 kB
Percpu:             7648 kB
CmaTotal:         294912 kB
CmaFree:               0 kB
MemTotal:       12113132 kB
MemFree:         6326416 kB
MemAvailable:    7812652 kB
Buffers:            5620 kB
Cached:          1826856 kB
SwapCached:            0 kB
Active:          1551156 kB
Inactive:        1579732 kB
Active(anon):    1304828 kB
Inactive(anon):    25464 kB
Active(file):     246328 kB
Inactive(file):  1554268 kB
Unevictable:        5532 kB
Mlocked:            5532 kB
SwapTotal:       3145724 kB
SwapFree:        3145724 kB
Dirty:               660 kB
Writeback:             0 kB
AnonPages:       1304044 kB
Mapped:           859220 kB
Shmem:             27400 kB
KReclaimable:     554344 kB
Slab:             221900 kB
SReclaimable:      76196 kB
SUnreclaim:       145704 kB
KernelStack:       46912 kB
PageTables:        63604 kB
NFS_Unstable:          0 kB
Bounce:                0 kB
WritebackTmp:          0 kB
CommitLimit:     9202288 kB
Committed_AS:   67133652 kB
VmallocTotal:   263061440 kB
VmallocUsed:      104024 kB
VmallocChunk:          0 kB
Percpu:             7648 kB
CmaTotal:         294912 kB
CmaFree:               0 kB
MemTotal:       12113132 kB
MemFree:         6325344 kB
MemAvailable:    7811608 kB
Buffers:            5624 kB
Cached:          1826880 kB
SwapCached:            0 kB
Active:          1552068 kB
Inactive:        1579756 kB
Active(anon):    1305736 kB
Inactive(anon):    25464 kB
Active(file):     246332 kB
Inactive(file):  1554292 kB
Unevictable:        5532 kB
Mlocked:            5532 kB
SwapTotal:       3145724 kB
SwapFree:        3145724 kB
Dirty:               656 kB
Writeback:             0 kB
AnonPages:       1304712 kB
Mapped:           859220 kB
Shmem:             27400 kB
KReclaimable:     554344 kB
Slab:             221900 kB
SReclaimable:      76196 kB
SUnreclaim:       145704 kB
KernelStack:       46896 kB
PageTables:        63416 kB
NFS_Unstable:          0 kB
Bounce:                0 kB
WritebackTmp:          0 kB
CommitLimit:     9202288 kB
Committed_AS:   67136192 kB
VmallocTotal:   263061440 kB
VmallocUsed:      104056 kB
VmallocChunk:          0 kB
Percpu:             7648 kB
CmaTotal:         294912 kB
CmaFree:               0 kB
MemTotal:       12113132 kB
MemFree:         6324940 kB
MemAvailable:    7811224 kB
Buffers:            5624 kB
Cached:          1826900 kB
SwapCached:            0 kB
Active:          1551816 kB
Inactive:        1579776 kB
Active(anon):    1305484 kB
Inactive(anon):    25464 kB
Active(file):     246332 kB
Inactive(file):  1554312 kB
Unevictable:        5532 kB
Mlocked:            5532 kB
SwapTotal:       3145724 kB
SwapFree:        3145724 kB
Dirty:               680 kB
Writeback:             0 kB
AnonPages:       1304792 kB
Mapped:           859224 kB
Shmem:             27400 kB
KReclaimable:     554344 kB
Slab:             221900 kB
SReclaimable:      76196 kB
SUnreclaim:       145704 kB
KernelStack:       46928 kB
PageTables:        63664 kB
NFS_Unstable:          0 kB
Bounce:                0 kB
WritebackTmp:          0 kB
CommitLimit:     9202288 kB
Committed_AS:   67125128 kB
VmallocTotal:   263061440 kB
VmallocUsed:      104056 kB
VmallocChunk:          0 kB
Percpu:             7648 kB
CmaTotal:         294912 kB
CmaFree:               0 kB
MemTotal:       12113132 kB
MemFree:         6326588 kB
MemAvailable:    7812876 kB
Buffers:            5624 kB
Cached:          1826904 kB
SwapCached:            0 kB
Active:          1552820 kB
Inactive:        1579780 kB
Active(anon):    1306488 kB
Inactive(anon):    25464 kB
Active(file):     246332 kB
Inactive(file):  1554316 kB
Unevictable:        5532 kB
Mlocked:            5532 kB
SwapTotal:       3145724 kB
SwapFree:        3145724 kB
Dirty:               696 kB
Writeback:             0 kB
AnonPages:       1305708 kB
Mapped:           859228 kB
Shmem:             27400 kB
KReclaimable:     554344 kB
Slab:             221900 kB
SReclaimable:      76196 kB
SUnreclaim:       145704 kB
KernelStack:       46896 kB
PageTables:        63412 kB
NFS_Unstable:          0 kB
Bounce:                0 kB
WritebackTmp:          0 kB
CommitLimit:     9202288 kB
Committed_AS:   67135136 kB
VmallocTotal:   263061440 kB
VmallocUsed:      104040 kB
VmallocChunk:          0 kB
Percpu:             7648 kB
CmaTotal:         294912 kB
CmaFree:               0 kB
MemTotal:       12113132 kB
MemFree:         6325800 kB
MemAvailable:    7812104 kB
Buffers:            5624 kB
Cached:          1826920 kB
SwapCached:            0 kB
Active:          1553268 kB
Inactive:        1579792 kB
Active(anon):    1306932 kB
Inactive(anon):    25464 kB
Active(file):     246336 kB
Inactive(file):  1554328 kB
Unevictable:        5532 kB
Mlocked:            5532 kB
SwapTotal:       3145724 kB
SwapFree:        3145724 kB
Dirty:               724 kB
Writeback:             0 kB
AnonPages:       1305848 kB
Mapped:           859220 kB
Shmem:             27400 kB
KReclaimable:     554344 kB
Slab:             221900 kB
SReclaimable:      76196 kB
SUnreclaim:       145704 kB
KernelStack:       46896 kB
PageTables:        63424 kB
NFS_Unstable:          0 kB
Bounce:                0 kB
WritebackTmp:          0 kB
CommitLimit:     9202288 kB
Committed_AS:   67136968 kB
VmallocTotal:   263061440 kB
VmallocUsed:      104056 kB
VmallocChunk:          0 kB
Percpu:             7648 kB
CmaTotal:         294912 kB
CmaFree:               0 kB
MemTotal:       12113132 kB
MemFree:         6333840 kB
MemAvailable:    7820160 kB
Buffers:            5624 kB
Cached:          1826936 kB
SwapCached:            0 kB
Active:          1542792 kB
Inactive:        1579808 kB
Active(anon):    1296456 kB
Inactive(anon):    25464 kB
Active(file):     246336 kB
Inactive(file):  1554344 kB
Unevictable:        5532 kB
Mlocked:            5532 kB
SwapTotal:       3145724 kB
SwapFree:        3145724 kB
Dirty:               740 kB
Writeback:             0 kB
AnonPages:       1295480 kB
Mapped:           859224 kB
Shmem:             27400 kB
KReclaimable:     554344 kB
Slab:             221900 kB
SReclaimable:      76196 kB
SUnreclaim:       145704 kB
KernelStack:       46896 kB
PageTables:        63412 kB
NFS_Unstable:          0 kB
Bounce:                0 kB
WritebackTmp:          0 kB
CommitLimit:     9202288 kB
Committed_AS:   67134240 kB
VmallocTotal:   263061440 kB
VmallocUsed:      104072 kB
VmallocChunk:          0 kB
Percpu:             7648 kB
CmaTotal:         294912 kB
CmaFree:             128 kB
MemTotal:       12113132 kB
MemFree:         6333252 kB
MemAvailable:    7819584 kB
Buffers:            5624 kB
Cached:          1826948 kB
SwapCached:            0 kB
Active:          1543180 kB
Inactive:        1579820 kB
Active(anon):    1296844 kB
Inactive(anon):    25464 kB
Active(file):     246336 kB
Inactive(file):  1554356 kB
Unevictable:        5532 kB
Mlocked:            5532 kB
SwapTotal:       3145724 kB
SwapFree:        3145724 kB
Dirty:               764 kB
Writeback:             0 kB
AnonPages:       1296288 kB
Mapped:           859224 kB
Shmem:             27400 kB
KReclaimable:     554344 kB
Slab:             221900 kB
SReclaimable:      76196 kB
SUnreclaim:       145704 kB
KernelStack:       46880 kB
PageTables:        63296 kB
NFS_Unstable:          0 kB
Bounce:                0 kB
WritebackTmp:          0 kB
CommitLimit:     9202288 kB
Committed_AS:   67128376 kB
VmallocTotal:   263061440 kB
VmallocUsed:      104040 kB
VmallocChunk:          0 kB
Percpu:             7648 kB
CmaTotal:         294912 kB
CmaFree:               0 kB
MemTotal:       12113132 kB
MemFree:         6334068 kB
MemAvailable:    7820408 kB
Buffers:            5624 kB
Cached:          1826956 kB
SwapCached:            0 kB
Active:          1542344 kB
Inactive:        1579828 kB
Active(anon):    1296008 kB
Inactive(anon):    25464 kB
Active(file):     246336 kB
Inactive(file):  1554364 kB
Unevictable:        5532 kB
Mlocked:            5532 kB
SwapTotal:       3145724 kB
SwapFree:        3145724 kB
Dirty:               772 kB
Writeback:             0 kB
AnonPages:       1294996 kB
Mapped:           859224 kB
Shmem:             27400 kB
KReclaimable:     554344 kB
Slab:             221900 kB
SReclaimable:      76196 kB
SUnreclaim:       145704 kB
KernelStack:       46896 kB
PageTables:        63420 kB
NFS_Unstable:          0 kB
Bounce:                0 kB
WritebackTmp:          0 kB
CommitLimit:     9202288 kB
Committed_AS:   67127864 kB
VmallocTotal:   263061440 kB
VmallocUsed:      104056 kB
VmallocChunk:          0 kB
Percpu:             7648 kB
CmaTotal:         294912 kB
CmaFree:               0 kB
MemTotal:       12113132 kB
MemFree:         6333360 kB
MemAvailable:    7819712 kB
Buffers:            5624 kB
Cached:          1826972 kB
SwapCached:            0 kB
Active:          1543412 kB
Inactive:        1579844 kB
Active(anon):    1297076 kB
Inactive(anon):    25468 kB
Active(file):     246336 kB
Inactive(file):  1554376 kB
Unevictable:        5532 kB
Mlocked:            5532 kB
SwapTotal:       3145724 kB
SwapFree:        3145724 kB
Dirty:               788 kB
Writeback:             0 kB
AnonPages:       1296056 kB
Mapped:           859228 kB
Shmem:             27404 kB
KReclaimable:     554344 kB
Slab:             221900 kB
SReclaimable:      76196 kB
SUnreclaim:       145704 kB
KernelStack:       46960 kB
PageTables:        63520 kB
NFS_Unstable:          0 kB
Bounce:                0 kB
WritebackTmp:          0 kB
CommitLimit:     9202288 kB
Committed_AS:   67134148 kB
VmallocTotal:   263061440 kB
VmallocUsed:      104072 kB
VmallocChunk:          0 kB
Percpu:             7648 kB
CmaTotal:         294912 kB
CmaFree:               0 kB
MemTotal:       12113132 kB
MemFree:         6333324 kB
MemAvailable:    7819688 kB
Buffers:            5624 kB
Cached:          1826984 kB
SwapCached:            0 kB
Active:          1544052 kB
Inactive:        1579856 kB
Active(anon):    1297716 kB
Inactive(anon):    25468 kB
Active(file):     246336 kB
Inactive(file):  1554388 kB
Unevictable:        5532 kB
Mlocked:            5532 kB
SwapTotal:       3145724 kB
SwapFree:        3145724 kB
Dirty:               816 kB
Writeback:             0 kB
AnonPages:       1296852 kB
Mapped:           859228 kB
Shmem:             27404 kB
KReclaimable:     554344 kB
Slab:             221900 kB
SReclaimable:      76196 kB
SUnreclaim:       145704 kB
KernelStack:       46944 kB
PageTables:        63524 kB
NFS_Unstable:          0 kB
Bounce:                0 kB
WritebackTmp:          0 kB
CommitLimit:     9202288 kB
Committed_AS:   67136492 kB
VmallocTotal:   263061440 kB
VmallocUsed:      104040 kB
VmallocChunk:          0 kB
Percpu:             7648 kB
CmaTotal:         294912 kB
CmaFree:              72 kB
MemTotal:       12113132 kB
MemFree:         6333724 kB
MemAvailable:    7820096 kB
Buffers:            5624 kB
Cached:          1826992 kB
SwapCached:            0 kB
Active:          1544964 kB
Inactive:        1579864 kB
Active(anon):    1298628 kB
Inactive(anon):    25468 kB
Active(file):     246336 kB
Inactive(file):  1554396 kB
Unevictable:        5532 kB
Mlocked:            5532 kB
SwapTotal:       3145724 kB
SwapFree:        3145724 kB
Dirty:               824 kB
Writeback:             0 kB
AnonPages:       1297216 kB
Mapped:           859228 kB
Shmem:             27404 kB
KReclaimable:     554344 kB
Slab:             221896 kB
SReclaimable:      76196 kB
SUnreclaim:       145700 kB
KernelStack:       46928 kB
PageTables:        63404 kB
NFS_Unstable:          0 kB
Bounce:                0 kB
WritebackTmp:          0 kB
CommitLimit:     9202288 kB
Committed_AS:   67128052 kB
VmallocTotal:   263061440 kB
VmallocUsed:      104056 kB
VmallocChunk:          0 kB
Percpu:             7648 kB
CmaTotal:         294912 kB
CmaFree:               0 kB
MemTotal:       12113132 kB
MemFree:         6332944 kB
MemAvailable:    7819336 kB
Buffers:            5624 kB
Cached:          1827012 kB
SwapCached:            0 kB
Active:          1546152 kB
Inactive:        1579884 kB
Active(anon):    1299816 kB
Inactive(anon):    25468 kB
Active(file):     246336 kB
Inactive(file):  1554416 kB
Unevictable:        5532 kB
Mlocked:            5532 kB
SwapTotal:       3145724 kB
SwapFree:        3145724 kB
Dirty:               900 kB
Writeback:             0 kB
AnonPages:       1298824 kB
Mapped:           858620 kB
Shmem:             27404 kB
KReclaimable:     554344 kB
Slab:             221896 kB
SReclaimable:      76196 kB
SUnreclaim:       145700 kB
KernelStack:       46928 kB
PageTables:        63548 kB
NFS_Unstable:          0 kB
Bounce:                0 kB
WritebackTmp:          0 kB
CommitLimit:     9202288 kB
Committed_AS:   67127872 kB
VmallocTotal:   263061440 kB
VmallocUsed:      104072 kB
VmallocChunk:          0 kB
Percpu:             7648 kB
CmaTotal:         294912 kB
CmaFree:               0 kB
MemTotal:       12113132 kB
MemFree:         6330844 kB
MemAvailable:    7817240 kB
Buffers:            5624 kB
Cached:          1827016 kB
SwapCached:            0 kB
Active:          1546676 kB
Inactive:        1579888 kB
Active(anon):    1300340 kB
Inactive(anon):    25468 kB
Active(file):     246336 kB
Inactive(file):  1554420 kB
Unevictable:        5532 kB
Mlocked:            5532 kB
SwapTotal:       3145724 kB
SwapFree:        3145724 kB
Dirty:               920 kB
Writeback:             0 kB
AnonPages:       1299444 kB
Mapped:           858512 kB
Shmem:             27404 kB
KReclaimable:     554344 kB
Slab:             221896 kB
SReclaimable:      76196 kB
SUnreclaim:       145700 kB
KernelStack:       46944 kB
PageTables:        63444 kB
NFS_Unstable:          0 kB
Bounce:                0 kB
WritebackTmp:          0 kB
CommitLimit:     9202288 kB
Committed_AS:   67138320 kB
VmallocTotal:   263061440 kB
VmallocUsed:      104088 kB
VmallocChunk:          0 kB
Percpu:             7648 kB
CmaTotal:         294912 kB
CmaFree:               0 kB
MemTotal:       12113132 kB
MemFree:         6330784 kB
MemAvailable:    7817196 kB
Buffers:            5624 kB
Cached:          1827032 kB
SwapCached:            0 kB
Active:          1547412 kB
Inactive:        1579904 kB
Active(anon):    1301076 kB
Inactive(anon):    25468 kB
Active(file):     246336 kB
Inactive(file):  1554436 kB
Unevictable:        5532 kB
Mlocked:            5532 kB
SwapTotal:       3145724 kB
SwapFree:        3145724 kB
Dirty:               808 kB
Writeback:             0 kB
AnonPages:       1300232 kB
Mapped:           858620 kB
Shmem:             27404 kB
KReclaimable:     554344 kB
Slab:             221896 kB
SReclaimable:      76196 kB
SUnreclaim:       145700 kB
KernelStack:       46912 kB
PageTables:        63420 kB
NFS_Unstable:          0 kB
Bounce:                0 kB
WritebackTmp:          0 kB
CommitLimit:     9202288 kB
Committed_AS:   67128140 kB
VmallocTotal:   263061440 kB
VmallocUsed:      104056 kB
VmallocChunk:          0 kB
Percpu:             7648 kB
CmaTotal:         294912 kB
CmaFree:               0 kB
MemTotal:       12113132 kB
MemFree:         6329592 kB
MemAvailable:    7816016 kB
Buffers:            5624 kB
Cached:          1827044 kB
SwapCached:            0 kB
Active:          1548276 kB
Inactive:        1579916 kB
Active(anon):    1301940 kB
Inactive(anon):    25468 kB
Active(file):     246336 kB
Inactive(file):  1554448 kB
Unevictable:        5532 kB
Mlocked:            5532 kB
SwapTotal:       3145724 kB
SwapFree:        3145724 kB
Dirty:               880 kB
Writeback:             0 kB
AnonPages:       1301212 kB
Mapped:           858772 kB
Shmem:             27404 kB
KReclaimable:     554344 kB
Slab:             221888 kB
SReclaimable:      76196 kB
SUnreclaim:       145692 kB
KernelStack:       46960 kB
PageTables:        63360 kB
NFS_Unstable:          0 kB
Bounce:                0 kB
WritebackTmp:          0 kB
CommitLimit:     9202288 kB
Committed_AS:   67127908 kB
VmallocTotal:   263061440 kB
VmallocUsed:      104072 kB
VmallocChunk:          0 kB
Percpu:             7648 kB
CmaTotal:         294912 kB
CmaFree:               0 kB
MemTotal:       12113132 kB
MemFree:         6328872 kB
MemAvailable:    7815308 kB
Buffers:            5624 kB
Cached:          1827056 kB
SwapCached:            0 kB
Active:          1548688 kB
Inactive:        1579928 kB
Active(anon):    1302352 kB
Inactive(anon):    25468 kB
Active(file):     246336 kB
Inactive(file):  1554460 kB
Unevictable:        5532 kB
Mlocked:            5532 kB
SwapTotal:       3145724 kB
SwapFree:        3145724 kB
Dirty:               904 kB
Writeback:             0 kB
AnonPages:       1301540 kB
Mapped:           858632 kB
Shmem:             27404 kB
KReclaimable:     554344 kB
Slab:             221888 kB
SReclaimable:      76196 kB
SUnreclaim:       145692 kB
KernelStack:       46912 kB
PageTables:        63416 kB
NFS_Unstable:          0 kB
Bounce:                0 kB
WritebackTmp:          0 kB
CommitLimit:     9202288 kB
Committed_AS:   67136060 kB
VmallocTotal:   263061440 kB
VmallocUsed:      104088 kB
VmallocChunk:          0 kB
Percpu:             7648 kB
CmaTotal:         294912 kB
CmaFree:              20 kB
MemTotal:       12113132 kB
MemFree:         6330600 kB
MemAvailable:    7817072 kB
Buffers:            5628 kB
Cached:          1827084 kB
SwapCached:            0 kB
Active:          1547856 kB
Inactive:        1579956 kB
Active(anon):    1301516 kB
Inactive(anon):    25468 kB
Active(file):     246340 kB
Inactive(file):  1554488 kB
Unevictable:        5532 kB
Mlocked:            5532 kB
SwapTotal:       3145724 kB
SwapFree:        3145724 kB
Dirty:               908 kB
Writeback:             0 kB
AnonPages:       1301084 kB
Mapped:           858616 kB
Shmem:             27404 kB
KReclaimable:     554348 kB
Slab:             221892 kB
SReclaimable:      76200 kB
SUnreclaim:       145692 kB
KernelStack:       46912 kB
PageTables:        63416 kB
NFS_Unstable:          0 kB
Bounce:                0 kB
WritebackTmp:          0 kB
CommitLimit:     9202288 kB
Committed_AS:   67140468 kB
VmallocTotal:   263061440 kB
VmallocUsed:      104104 kB
VmallocChunk:          0 kB
Percpu:             7648 kB
CmaTotal:         294912 kB
CmaFree:               0 kB
MemTotal:       12113132 kB
MemFree:         6314064 kB
MemAvailable:    7800552 kB
Buffers:            5628 kB
Cached:          1827100 kB
SwapCached:            0 kB
Active:          1564748 kB
Inactive:        1579972 kB
Active(anon):    1318408 kB
Inactive(anon):    25468 kB
Active(file):     246340 kB
Inactive(file):  1554504 kB
Unevictable:        5532 kB
Mlocked:            5532 kB
SwapTotal:       3145724 kB
SwapFree:        3145724 kB
Dirty:               928 kB
Writeback:             0 kB
AnonPages:       1317564 kB
Mapped:           858620 kB
Shmem:             27404 kB
KReclaimable:     554348 kB
Slab:             221892 kB
SReclaimable:      76200 kB
SUnreclaim:       145692 kB
KernelStack:       46960 kB
PageTables:        63524 kB
NFS_Unstable:          0 kB
Bounce:                0 kB
WritebackTmp:          0 kB
CommitLimit:     9202288 kB
Committed_AS:   67137564 kB
VmallocTotal:   263061440 kB
VmallocUsed:      104040 kB
VmallocChunk:          0 kB
Percpu:             7648 kB
CmaTotal:         294912 kB
CmaFree:              12 kB
MemTotal:       12113132 kB
MemFree:         6317988 kB
MemAvailable:    7804480 kB
Buffers:            5628 kB
Cached:          1827104 kB
SwapCached:            0 kB
Active:          1559772 kB
Inactive:        1579976 kB
Active(anon):    1313432 kB
Inactive(anon):    25468 kB
Active(file):     246340 kB
Inactive(file):  1554508 kB
Unevictable:        5532 kB
Mlocked:            5532 kB
SwapTotal:       3145724 kB
SwapFree:        3145724 kB
Dirty:               308 kB
Writeback:             0 kB
AnonPages:       1312436 kB
Mapped:           858616 kB
Shmem:             27404 kB
KReclaimable:     554348 kB
Slab:             221884 kB
SReclaimable:      76200 kB
SUnreclaim:       145684 kB
KernelStack:       46912 kB
PageTables:        63412 kB
NFS_Unstable:          0 kB
Bounce:                0 kB
WritebackTmp:          0 kB
CommitLimit:     9202288 kB
Committed_AS:   67138820 kB
VmallocTotal:   263061440 kB
VmallocUsed:      104088 kB
VmallocChunk:          0 kB
Percpu:             7648 kB
CmaTotal:         294912 kB
CmaFree:               0 kB
MemTotal:       12113132 kB
MemFree:         6303752 kB
MemAvailable:    7790256 kB
Buffers:            5628 kB
Cached:          1827116 kB
SwapCached:            0 kB
Active:          1573948 kB
Inactive:        1579988 kB
Active(anon):    1327608 kB
Inactive(anon):    25468 kB
Active(file):     246340 kB
Inactive(file):  1554520 kB
Unevictable:        5532 kB
Mlocked:            5532 kB
SwapTotal:       3145724 kB
SwapFree:        3145724 kB
Dirty:               360 kB
Writeback:             0 kB
AnonPages:       1326812 kB
Mapped:           858660 kB
Shmem:             27404 kB
KReclaimable:     554348 kB
Slab:             221892 kB
SReclaimable:      76200 kB
SUnreclaim:       145692 kB
KernelStack:       46928 kB
PageTables:        63484 kB
NFS_Unstable:          0 kB
Bounce:                0 kB
WritebackTmp:          0 kB
CommitLimit:     9202288 kB
Committed_AS:   67138812 kB
VmallocTotal:   263061440 kB
VmallocUsed:      104104 kB
VmallocChunk:          0 kB
Percpu:             7648 kB
CmaTotal:         294912 kB
CmaFree:               0 kB
MemTotal:       12113132 kB
MemFree:         6315668 kB
MemAvailable:    7802188 kB
Buffers:            5628 kB
Cached:          1827132 kB
SwapCached:            0 kB
Active:          1561524 kB
Inactive:        1580004 kB
Active(anon):    1315184 kB
Inactive(anon):    25468 kB
Active(file):     246340 kB
Inactive(file):  1554536 kB
Unevictable:        5532 kB
Mlocked:            5532 kB
SwapTotal:       3145724 kB
SwapFree:        3145724 kB
Dirty:               420 kB
Writeback:             0 kB
AnonPages:       1314492 kB
Mapped:           858676 kB
Shmem:             27404 kB
KReclaimable:     554348 kB
Slab:             221884 kB
SReclaimable:      76200 kB
SUnreclaim:       145684 kB
KernelStack:       46928 kB
PageTables:        63420 kB
NFS_Unstable:          0 kB
Bounce:                0 kB
WritebackTmp:          0 kB
CommitLimit:     9202288 kB
Committed_AS:   67154956 kB
VmallocTotal:   263061440 kB
VmallocUsed:      104072 kB
VmallocChunk:          0 kB
Percpu:             7648 kB
CmaTotal:         294912 kB
CmaFree:               0 kB
MemTotal:       12113132 kB
MemFree:         6315500 kB
MemAvailable:    7802028 kB
Buffers:            5628 kB
Cached:          1827140 kB
SwapCached:            0 kB
Active:          1562272 kB
Inactive:        1580012 kB
Active(anon):    1315932 kB
Inactive(anon):    25468 kB
Active(file):     246340 kB
Inactive(file):  1554544 kB
Unevictable:        5532 kB
Mlocked:            5532 kB
SwapTotal:       3145724 kB
SwapFree:        3145724 kB
Dirty:               444 kB
Writeback:             0 kB
AnonPages:       1315168 kB
Mapped:           858816 kB
Shmem:             27404 kB
KReclaimable:     554348 kB
Slab:             221876 kB
SReclaimable:      76200 kB
SUnreclaim:       145676 kB
KernelStack:       46960 kB
PageTables:        63512 kB
NFS_Unstable:          0 kB
Bounce:                0 kB
WritebackTmp:          0 kB
CommitLimit:     9202288 kB
Committed_AS:   67149604 kB
VmallocTotal:   263061440 kB
VmallocUsed:      104104 kB
VmallocChunk:          0 kB
Percpu:             7648 kB
CmaTotal:         294912 kB
CmaFree:               0 kB
MemTotal:       12113132 kB
MemFree:         6313792 kB
MemAvailable:    7800328 kB
Buffers:            5628 kB
Cached:          1827148 kB
SwapCached:            0 kB
Active:          1563284 kB
Inactive:        1580020 kB
Active(anon):    1316944 kB
Inactive(anon):    25468 kB
Active(file):     246340 kB
Inactive(file):  1554552 kB
Unevictable:        5532 kB
Mlocked:            5532 kB
SwapTotal:       3145724 kB
SwapFree:        3145724 kB
Dirty:               460 kB
Writeback:             0 kB
AnonPages:       1316128 kB
Mapped:           858684 kB
Shmem:             27404 kB
KReclaimable:     554348 kB
Slab:             221892 kB
SReclaimable:      76200 kB
SUnreclaim:       145692 kB
KernelStack:       46960 kB
PageTables:        63520 kB
NFS_Unstable:          0 kB
Bounce:                0 kB
WritebackTmp:          0 kB
CommitLimit:     9202288 kB
Committed_AS:   67153044 kB
VmallocTotal:   263061440 kB
VmallocUsed:      104072 kB
VmallocChunk:          0 kB
Percpu:             7648 kB
CmaTotal:         294912 kB
CmaFree:               0 kB
MemTotal:       12113132 kB
MemFree:         6312524 kB
MemAvailable:    7799076 kB
Buffers:            5628 kB
Cached:          1827164 kB
SwapCached:            0 kB
Active:          1563848 kB
Inactive:        1580036 kB
Active(anon):    1317508 kB
Inactive(anon):    25468 kB
Active(file):     246340 kB
Inactive(file):  1554568 kB
Unevictable:        5532 kB
Mlocked:            5532 kB
SwapTotal:       3145724 kB
SwapFree:        3145724 kB
Dirty:               484 kB
Writeback:             0 kB
AnonPages:       1316872 kB
Mapped:           858680 kB
Shmem:             27404 kB
KReclaimable:     554348 kB
Slab:             221892 kB
SReclaimable:      76200 kB
SUnreclaim:       145692 kB
KernelStack:       46960 kB
PageTables:        63512 kB
NFS_Unstable:          0 kB
Bounce:                0 kB
WritebackTmp:          0 kB
CommitLimit:     9202288 kB
Committed_AS:   67153752 kB
VmallocTotal:   263061440 kB
VmallocUsed:      104088 kB
