MemTotal:       12113140 kB
MemFree:         1631388 kB
MemAvailable:    8256052 kB
Buffers:            3024 kB
Cached:          6505280 kB
SwapCached:            0 kB
Active:          5996084 kB
Inactive:        1990700 kB
Active(anon):    1190136 kB
Inactive(anon):   327116 kB
Active(file):    4805948 kB
Inactive(file):  1663584 kB
Unevictable:        5576 kB
Mlocked:            5576 kB
SwapTotal:       3145724 kB
SwapFree:        3140112 kB
Dirty:              2852 kB
Writeback:             0 kB
AnonPages:       1484332 kB
Mapped:           548252 kB
Shmem:             34236 kB
KReclaimable:    1040220 kB
Slab:             242720 kB
SReclaimable:      94336 kB
SUnreclaim:       148384 kB
KernelStack:       53664 kB
PageTables:        65904 kB
NFS_Unstable:          0 kB
Bounce:                0 kB
WritebackTmp:          0 kB
CommitLimit:     9202292 kB
Committed_AS:   71575032 kB
VmallocTotal:   263061440 kB
VmallocUsed:      110612 kB
VmallocChunk:          0 kB
Percpu:             7616 kB
CmaTotal:         294912 kB
CmaFree:               0 kB
MemTotal:       12113140 kB
MemFree:         1632912 kB
MemAvailable:    8204004 kB
Buffers:            3024 kB
Cached:          6504108 kB
SwapCached:            0 kB
Active:          5989988 kB
Inactive:        1990624 kB
Active(anon):    1184972 kB
Inactive(anon):   327124 kB
Active(file):    4805016 kB
Inactive(file):  1663500 kB
Unevictable:        5576 kB
Mlocked:            5576 kB
SwapTotal:       3145724 kB
SwapFree:        3140112 kB
Dirty:              1820 kB
Writeback:             0 kB
AnonPages:       1479104 kB
Mapped:           569180 kB
Shmem:             34080 kB
KReclaimable:     987664 kB
Slab:             242856 kB
SReclaimable:      94336 kB
SUnreclaim:       148520 kB
KernelStack:       53904 kB
PageTables:        66644 kB
NFS_Unstable:          0 kB
Bounce:                0 kB
WritebackTmp:          0 kB
CommitLimit:     9202292 kB
Committed_AS:   71635492 kB
VmallocTotal:   263061440 kB
VmallocUsed:      110932 kB
VmallocChunk:          0 kB
Percpu:             7616 kB
CmaTotal:         294912 kB
CmaFree:               0 kB
MemTotal:       12113140 kB
MemFree:         1344836 kB
MemAvailable:    7962632 kB
Buffers:            3024 kB
Cached:          6505072 kB
SwapCached:            0 kB
Active:          6279628 kB
Inactive:        1991396 kB
Active(anon):    1474612 kB
Inactive(anon):   327892 kB
Active(file):    4805016 kB
Inactive(file):  1663504 kB
Unevictable:        5576 kB
Mlocked:            5576 kB
SwapTotal:       3145724 kB
SwapFree:        3140112 kB
Dirty:              1952 kB
Writeback:             0 kB
AnonPages:       1768752 kB
Mapped:           557852 kB
Shmem:             35040 kB
KReclaimable:    1034364 kB
Slab:             242848 kB
SReclaimable:      94336 kB
SUnreclaim:       148512 kB
KernelStack:       54096 kB
PageTables:        67156 kB
NFS_Unstable:          0 kB
Bounce:                0 kB
WritebackTmp:          0 kB
CommitLimit:     9202292 kB
Committed_AS:   71947284 kB
VmallocTotal:   263061440 kB
VmallocUsed:      111060 kB
VmallocChunk:          0 kB
Percpu:             7616 kB
CmaTotal:         294912 kB
CmaFree:               0 kB
MemTotal:       12113140 kB
MemFree:         1019532 kB
MemAvailable:    7505592 kB
Buffers:            3024 kB
Cached:          6504508 kB
SwapCached:            0 kB
Active:          6597488 kB
Inactive:        1990692 kB
Active(anon):    1792472 kB
Inactive(anon):   328828 kB
Active(file):    4805016 kB
Inactive(file):  1661864 kB
Unevictable:        5576 kB
Mlocked:            5576 kB
SwapTotal:       3145724 kB
SwapFree:        3140112 kB
Dirty:              1996 kB
Writeback:             0 kB
AnonPages:       2079436 kB
Mapped:           617476 kB
Shmem:             35976 kB
KReclaimable:     904268 kB
Slab:             242972 kB
SReclaimable:      94200 kB
SUnreclaim:       148772 kB
KernelStack:       54116 kB
PageTables:        67904 kB
NFS_Unstable:          0 kB
Bounce:                0 kB
WritebackTmp:          0 kB
CommitLimit:     9202292 kB
Committed_AS:   72267392 kB
VmallocTotal:   263061440 kB
VmallocUsed:      111092 kB
VmallocChunk:          0 kB
Percpu:             7616 kB
CmaTotal:         294912 kB
CmaFree:              52 kB
MemTotal:       12113140 kB
MemFree:         1002384 kB
MemAvailable:    7189100 kB
Buffers:            3032 kB
Cached:          6517848 kB
SwapCached:            0 kB
Active:          6606908 kB
Inactive:        2004148 kB
Active(anon):    1801860 kB
Inactive(anon):   328924 kB
Active(file):    4805048 kB
Inactive(file):  1675224 kB
Unevictable:        5576 kB
Mlocked:            5576 kB
SwapTotal:       3145724 kB
SwapFree:        3140112 kB
Dirty:             12104 kB
Writeback:             0 kB
AnonPages:       2096088 kB
Mapped:           680508 kB
Shmem:             36072 kB
KReclaimable:     591532 kB
Slab:             243748 kB
SReclaimable:      94200 kB
SUnreclaim:       149548 kB
KernelStack:       54064 kB
PageTables:        68212 kB
NFS_Unstable:          0 kB
Bounce:                0 kB
WritebackTmp:          0 kB
CommitLimit:     9202292 kB
Committed_AS:   72380716 kB
VmallocTotal:   263061440 kB
VmallocUsed:      111076 kB
VmallocChunk:          0 kB
Percpu:             7616 kB
CmaTotal:         294912 kB
CmaFree:               0 kB
MemTotal:       12113140 kB
MemFree:          908500 kB
MemAvailable:    7095216 kB
Buffers:            3032 kB
Cached:          6517976 kB
SwapCached:            0 kB
Active:          6700244 kB
Inactive:        2004276 kB
Active(anon):    1895196 kB
Inactive(anon):   329052 kB
Active(file):    4805048 kB
Inactive(file):  1675224 kB
Unevictable:        5576 kB
Mlocked:            5576 kB
SwapTotal:       3145724 kB
SwapFree:        3140112 kB
Dirty:             12144 kB
Writeback:             0 kB
AnonPages:       2189452 kB
Mapped:           680868 kB
Shmem:             36200 kB
KReclaimable:     591532 kB
Slab:             243980 kB
SReclaimable:      94200 kB
SUnreclaim:       149780 kB
KernelStack:       53984 kB
PageTables:        68576 kB
NFS_Unstable:          0 kB
Bounce:                0 kB
WritebackTmp:          0 kB
CommitLimit:     9202292 kB
Committed_AS:   72501232 kB
VmallocTotal:   263061440 kB
VmallocUsed:      111012 kB
VmallocChunk:          0 kB
Percpu:             7616 kB
CmaTotal:         294912 kB
CmaFree:               0 kB
MemTotal:       12113140 kB
MemFree:          852460 kB
MemAvailable:    6895852 kB
Buffers:            3032 kB
Cached:          6518048 kB
SwapCached:            0 kB
Active:          6753584 kB
Inactive:        2004332 kB
Active(anon):    1948528 kB
Inactive(anon):   329104 kB
Active(file):    4805056 kB
Inactive(file):  1675228 kB
Unevictable:        5576 kB
Mlocked:            5576 kB
SwapTotal:       3145724 kB
SwapFree:        3140112 kB
Dirty:             12420 kB
Writeback:            12 kB
AnonPages:       2242800 kB
Mapped:           761372 kB
Shmem:             36252 kB
KReclaimable:     397772 kB
Slab:             244328 kB
SReclaimable:      94200 kB
SUnreclaim:       150128 kB
KernelStack:       54096 kB
PageTables:        69004 kB
NFS_Unstable:          0 kB
Bounce:                0 kB
WritebackTmp:          0 kB
CommitLimit:     9202292 kB
Committed_AS:   72765860 kB
VmallocTotal:   263061440 kB
VmallocUsed:      111076 kB
VmallocChunk:          0 kB
Percpu:             7616 kB
CmaTotal:         294912 kB
CmaFree:               0 kB
MemTotal:       12113140 kB
MemFree:          731032 kB
MemAvailable:    6774524 kB
Buffers:            3032 kB
Cached:          6518076 kB
SwapCached:            0 kB
Active:          6876884 kB
Inactive:        2004364 kB
Active(anon):    2071824 kB
Inactive(anon):   329132 kB
Active(file):    4805060 kB
Inactive(file):  1675232 kB
Unevictable:        5576 kB
Mlocked:            5576 kB
SwapTotal:       3145724 kB
SwapFree:        3140112 kB
Dirty:             12448 kB
Writeback:             0 kB
AnonPages:       2365860 kB
Mapped:           780876 kB
Shmem:             36280 kB
KReclaimable:     397956 kB
Slab:             244416 kB
SReclaimable:      94200 kB
SUnreclaim:       150216 kB
KernelStack:       54592 kB
PageTables:        69476 kB
NFS_Unstable:          0 kB
Bounce:                0 kB
WritebackTmp:          0 kB
CommitLimit:     9202292 kB
Committed_AS:   72907872 kB
VmallocTotal:   263061440 kB
VmallocUsed:      111524 kB
VmallocChunk:          0 kB
Percpu:             7616 kB
CmaTotal:         294912 kB
CmaFree:               4 kB
MemTotal:       12113140 kB
MemFree:          532856 kB
MemAvailable:    6576348 kB
Buffers:            3032 kB
Cached:          6518104 kB
SwapCached:            0 kB
Active:          7073864 kB
Inactive:        2004392 kB
Active(anon):    2268804 kB
Inactive(anon):   329160 kB
Active(file):    4805060 kB
Inactive(file):  1675232 kB
Unevictable:        5576 kB
Mlocked:            5576 kB
SwapTotal:       3145724 kB
SwapFree:        3140112 kB
Dirty:             12452 kB
Writeback:             0 kB
AnonPages:       2562892 kB
Mapped:           780904 kB
Shmem:             36308 kB
KReclaimable:     397956 kB
Slab:             244432 kB
SReclaimable:      94200 kB
SUnreclaim:       150232 kB
KernelStack:       54560 kB
PageTables:        69776 kB
NFS_Unstable:          0 kB
Bounce:                0 kB
WritebackTmp:          0 kB
CommitLimit:     9202292 kB
Committed_AS:   73057412 kB
VmallocTotal:   263061440 kB
VmallocUsed:      111556 kB
VmallocChunk:          0 kB
Percpu:             7616 kB
CmaTotal:         294912 kB
CmaFree:               0 kB
MemTotal:       12113140 kB
MemFree:          442284 kB
MemAvailable:    6481428 kB
Buffers:            3040 kB
Cached:          6518056 kB
SwapCached:            0 kB
Active:          7164532 kB
Inactive:        2004332 kB
Active(anon):    2359468 kB
Inactive(anon):   329096 kB
Active(file):    4805064 kB
Inactive(file):  1675236 kB
Unevictable:        5576 kB
Mlocked:            5576 kB
SwapTotal:       3145724 kB
SwapFree:        3140112 kB
Dirty:              1572 kB
Writeback:          7108 kB
AnonPages:       2652856 kB
Mapped:           786748 kB
Shmem:             36244 kB
KReclaimable:     389248 kB
Slab:             244284 kB
SReclaimable:      94200 kB
SUnreclaim:       150084 kB
KernelStack:       54608 kB
PageTables:        69960 kB
NFS_Unstable:          0 kB
Bounce:                0 kB
WritebackTmp:          0 kB
CommitLimit:     9202292 kB
Committed_AS:   73117840 kB
VmallocTotal:   263061440 kB
VmallocUsed:      111524 kB
VmallocChunk:          0 kB
Percpu:             7616 kB
CmaTotal:         294912 kB
CmaFree:               0 kB
MemTotal:       12113140 kB
MemFree:          435252 kB
MemAvailable:    6474448 kB
Buffers:            3040 kB
Cached:          6518316 kB
SwapCached:            0 kB
Active:          7168120 kB
Inactive:        2004604 kB
Active(anon):    2363052 kB
Inactive(anon):   329320 kB
Active(file):    4805068 kB
Inactive(file):  1675284 kB
Unevictable:        5576 kB
Mlocked:            5576 kB
SwapTotal:       3145724 kB
SwapFree:        3140112 kB
Dirty:              1364 kB
Writeback:             0 kB
AnonPages:       2657068 kB
Mapped:           787052 kB
Shmem:             36468 kB
KReclaimable:     389248 kB
Slab:             244188 kB
SReclaimable:      94200 kB
SUnreclaim:       149988 kB
KernelStack:       54560 kB
PageTables:        70212 kB
NFS_Unstable:          0 kB
Bounce:                0 kB
WritebackTmp:          0 kB
CommitLimit:     9202292 kB
Committed_AS:   73109572 kB
VmallocTotal:   263061440 kB
VmallocUsed:      111588 kB
VmallocChunk:          0 kB
Percpu:             7616 kB
CmaTotal:         294912 kB
CmaFree:               0 kB
MemTotal:       12113140 kB
MemFree:          432260 kB
MemAvailable:    6471436 kB
Buffers:            3040 kB
Cached:          6518320 kB
SwapCached:            0 kB
Active:          7170952 kB
Inactive:        2004480 kB
Active(anon):    2365756 kB
Inactive(anon):   329324 kB
Active(file):    4805196 kB
Inactive(file):  1675156 kB
Unevictable:        5576 kB
Mlocked:            5576 kB
SwapTotal:       3145724 kB
SwapFree:        3140112 kB
Dirty:              1360 kB
Writeback:             0 kB
AnonPages:       2659556 kB
Mapped:           787588 kB
Shmem:             36472 kB
KReclaimable:     389208 kB
Slab:             244480 kB
SReclaimable:      94200 kB
SUnreclaim:       150280 kB
KernelStack:       54596 kB
PageTables:        69912 kB
NFS_Unstable:          0 kB
Bounce:                0 kB
WritebackTmp:          0 kB
CommitLimit:     9202292 kB
Committed_AS:   73117856 kB
VmallocTotal:   263061440 kB
VmallocUsed:      111588 kB
VmallocChunk:          0 kB
Percpu:             7616 kB
CmaTotal:         294912 kB
CmaFree:               0 kB
MemTotal:       12113140 kB
MemFree:          426568 kB
MemAvailable:    6465508 kB
Buffers:            3040 kB
Cached:          6518320 kB
SwapCached:            0 kB
Active:          7178284 kB
Inactive:        2004480 kB
Active(anon):    2373088 kB
Inactive(anon):   329324 kB
Active(file):    4805196 kB
Inactive(file):  1675156 kB
Unevictable:        5576 kB
Mlocked:            5576 kB
SwapTotal:       3145724 kB
SwapFree:        3140112 kB
Dirty:              1444 kB
Writeback:             0 kB
AnonPages:       2667344 kB
Mapped:           789176 kB
Shmem:             36472 kB
KReclaimable:     388736 kB
Slab:             244488 kB
SReclaimable:      94200 kB
SUnreclaim:       150288 kB
KernelStack:       54560 kB
PageTables:        70012 kB
NFS_Unstable:          0 kB
Bounce:                0 kB
WritebackTmp:          0 kB
CommitLimit:     9202292 kB
Committed_AS:   73116736 kB
VmallocTotal:   263061440 kB
VmallocUsed:      111572 kB
VmallocChunk:          0 kB
Percpu:             7616 kB
CmaTotal:         294912 kB
CmaFree:               0 kB
MemTotal:       12113140 kB
MemFree:          424280 kB
MemAvailable:    6463080 kB
Buffers:            3040 kB
Cached:          6518320 kB
SwapCached:            0 kB
Active:          7178500 kB
Inactive:        2004352 kB
Active(anon):    2373176 kB
Inactive(anon):   329324 kB
Active(file):    4805324 kB
Inactive(file):  1675028 kB
Unevictable:        5576 kB
Mlocked:            5576 kB
SwapTotal:       3145724 kB
SwapFree:        3140112 kB
Dirty:              1496 kB
Writeback:             0 kB
AnonPages:       2667296 kB
Mapped:           789432 kB
Shmem:             36472 kB
KReclaimable:     388456 kB
Slab:             244536 kB
SReclaimable:      94200 kB
SUnreclaim:       150336 kB
KernelStack:       54592 kB
PageTables:        70176 kB
NFS_Unstable:          0 kB
Bounce:                0 kB
WritebackTmp:          0 kB
CommitLimit:     9202292 kB
Committed_AS:   73116060 kB
VmallocTotal:   263061440 kB
VmallocUsed:      111540 kB
VmallocChunk:          0 kB
Percpu:             7616 kB
CmaTotal:         294912 kB
CmaFree:               0 kB
MemTotal:       12113140 kB
MemFree:          431088 kB
MemAvailable:    6469888 kB
Buffers:            3040 kB
Cached:          6518320 kB
SwapCached:            0 kB
Active:          7172552 kB
Inactive:        2004352 kB
Active(anon):    2367228 kB
Inactive(anon):   329324 kB
Active(file):    4805324 kB
Inactive(file):  1675028 kB
Unevictable:        5576 kB
Mlocked:            5576 kB
SwapTotal:       3145724 kB
SwapFree:        3140112 kB
Dirty:              1496 kB
Writeback:             0 kB
AnonPages:       2661604 kB
Mapped:           789412 kB
Shmem:             36472 kB
KReclaimable:     388456 kB
Slab:             244224 kB
SReclaimable:      94200 kB
SUnreclaim:       150024 kB
KernelStack:       54596 kB
PageTables:        70292 kB
NFS_Unstable:          0 kB
Bounce:                0 kB
WritebackTmp:          0 kB
CommitLimit:     9202292 kB
Committed_AS:   73116296 kB
VmallocTotal:   263061440 kB
VmallocUsed:      111588 kB
VmallocChunk:          0 kB
Percpu:             7616 kB
CmaTotal:         294912 kB
CmaFree:             132 kB
MemTotal:       12113140 kB
MemFree:          430152 kB
MemAvailable:    6470264 kB
Buffers:            3040 kB
Cached:          6518168 kB
SwapCached:            0 kB
Active:          7172480 kB
Inactive:        2004240 kB
Active(anon):    2367004 kB
Inactive(anon):   329228 kB
Active(file):    4805476 kB
Inactive(file):  1675012 kB
Unevictable:        5576 kB
Mlocked:            5576 kB
SwapTotal:       3145724 kB
SwapFree:        3140112 kB
Dirty:              1652 kB
Writeback:             0 kB
AnonPages:       2660620 kB
Mapped:           789196 kB
Shmem:             36184 kB
KReclaimable:     390804 kB
Slab:             244260 kB
SReclaimable:      94196 kB
SUnreclaim:       150064 kB
KernelStack:       54816 kB
PageTables:        70376 kB
NFS_Unstable:          0 kB
Bounce:                0 kB
WritebackTmp:          0 kB
CommitLimit:     9202292 kB
Committed_AS:   73115876 kB
VmallocTotal:   263061440 kB
VmallocUsed:      111716 kB
VmallocChunk:          0 kB
Percpu:             7616 kB
CmaTotal:         294912 kB
CmaFree:               0 kB
MemTotal:       12113140 kB
MemFree:          430596 kB
MemAvailable:    6470712 kB
Buffers:            3040 kB
Cached:          6518172 kB
SwapCached:            0 kB
Active:          7172556 kB
Inactive:        2004244 kB
Active(anon):    2367080 kB
Inactive(anon):   329228 kB
Active(file):    4805476 kB
Inactive(file):  1675016 kB
Unevictable:        5576 kB
Mlocked:            5576 kB
SwapTotal:       3145724 kB
SwapFree:        3140112 kB
Dirty:              1656 kB
Writeback:             0 kB
AnonPages:       2661128 kB
Mapped:           789184 kB
Shmem:             36184 kB
KReclaimable:     390804 kB
Slab:             244524 kB
SReclaimable:      94196 kB
SUnreclaim:       150328 kB
KernelStack:       54800 kB
PageTables:        70024 kB
NFS_Unstable:          0 kB
Bounce:                0 kB
WritebackTmp:          0 kB
CommitLimit:     9202292 kB
Committed_AS:   73114776 kB
VmallocTotal:   263061440 kB
VmallocUsed:      111764 kB
VmallocChunk:          0 kB
Percpu:             7616 kB
CmaTotal:         294912 kB
CmaFree:               0 kB
MemTotal:       12113140 kB
MemFree:          430776 kB
MemAvailable:    6470892 kB
Buffers:            3040 kB
Cached:          6518172 kB
SwapCached:            0 kB
Active:          7173248 kB
Inactive:        2004116 kB
Active(anon):    2367644 kB
Inactive(anon):   329228 kB
Active(file):    4805604 kB
Inactive(file):  1674888 kB
Unevictable:        5576 kB
Mlocked:            5576 kB
SwapTotal:       3145724 kB
SwapFree:        3140112 kB
Dirty:              1656 kB
Writeback:             0 kB
AnonPages:       2661816 kB
Mapped:           789172 kB
Shmem:             36184 kB
KReclaimable:     390804 kB
Slab:             244220 kB
SReclaimable:      94196 kB
SUnreclaim:       150024 kB
KernelStack:       54704 kB
PageTables:        70020 kB
NFS_Unstable:          0 kB
Bounce:                0 kB
WritebackTmp:          0 kB
CommitLimit:     9202292 kB
Committed_AS:   73107528 kB
VmallocTotal:   263061440 kB
VmallocUsed:      111684 kB
VmallocChunk:          0 kB
Percpu:             7616 kB
CmaTotal:         294912 kB
CmaFree:               0 kB
MemTotal:       12113140 kB
MemFree:          430268 kB
MemAvailable:    6470412 kB
Buffers:            3040 kB
Cached:          6518208 kB
SwapCached:            0 kB
Active:          7173888 kB
Inactive:        2004136 kB
Active(anon):    2368268 kB
Inactive(anon):   329252 kB
Active(file):    4805620 kB
Inactive(file):  1674884 kB
Unevictable:        5576 kB
Mlocked:            5576 kB
SwapTotal:       3145724 kB
SwapFree:        3140112 kB
Dirty:              1596 kB
Writeback:             0 kB
AnonPages:       2662616 kB
Mapped:           789200 kB
Shmem:             36208 kB
KReclaimable:     390836 kB
Slab:             244276 kB
SReclaimable:      94228 kB
SUnreclaim:       150048 kB
KernelStack:       54740 kB
PageTables:        70124 kB
NFS_Unstable:          0 kB
Bounce:                0 kB
WritebackTmp:          0 kB
CommitLimit:     9202292 kB
Committed_AS:   73114908 kB
VmallocTotal:   263061440 kB
VmallocUsed:      111716 kB
VmallocChunk:          0 kB
Percpu:             7616 kB
CmaTotal:         294912 kB
CmaFree:               0 kB
MemTotal:       12113140 kB
MemFree:          429980 kB
MemAvailable:    6470124 kB
Buffers:            3040 kB
Cached:          6518208 kB
SwapCached:            0 kB
Active:          7175720 kB
Inactive:        2004136 kB
Active(anon):    2370100 kB
Inactive(anon):   329252 kB
Active(file):    4805620 kB
Inactive(file):  1674884 kB
Unevictable:        5576 kB
Mlocked:            5576 kB
SwapTotal:       3145724 kB
SwapFree:        3140112 kB
Dirty:              1596 kB
Writeback:             0 kB
AnonPages:       2664120 kB
Mapped:           789164 kB
Shmem:             36208 kB
KReclaimable:     390836 kB
Slab:             244392 kB
SReclaimable:      94228 kB
SUnreclaim:       150164 kB
KernelStack:       54752 kB
PageTables:        70080 kB
NFS_Unstable:          0 kB
Bounce:                0 kB
WritebackTmp:          0 kB
CommitLimit:     9202292 kB
Committed_AS:   73114040 kB
VmallocTotal:   263061440 kB
VmallocUsed:      111700 kB
VmallocChunk:          0 kB
Percpu:             7616 kB
CmaTotal:         294912 kB
CmaFree:               0 kB
MemTotal:       12113140 kB
MemFree:          432616 kB
MemAvailable:    6472760 kB
Buffers:            3040 kB
Cached:          6516240 kB
SwapCached:            0 kB
Active:          7173932 kB
Inactive:        2002168 kB
Active(anon):    2368312 kB
Inactive(anon):   327284 kB
Active(file):    4805620 kB
Inactive(file):  1674884 kB
Unevictable:        5576 kB
Mlocked:            5576 kB
SwapTotal:       3145724 kB
SwapFree:        3140112 kB
Dirty:              1596 kB
Writeback:             0 kB
AnonPages:       2662404 kB
Mapped:           789280 kB
Shmem:             34240 kB
KReclaimable:     390836 kB
Slab:             244536 kB
SReclaimable:      94228 kB
SUnreclaim:       150308 kB
KernelStack:       54720 kB
PageTables:        69968 kB
NFS_Unstable:          0 kB
Bounce:                0 kB
WritebackTmp:          0 kB
CommitLimit:     9202292 kB
Committed_AS:   73115620 kB
VmallocTotal:   263061440 kB
VmallocUsed:      111716 kB
VmallocChunk:          0 kB
Percpu:             7616 kB
CmaTotal:         294912 kB
CmaFree:             372 kB
MemTotal:       12113140 kB
MemFree:          434560 kB
MemAvailable:    6474748 kB
Buffers:            3040 kB
Cached:          6516280 kB
SwapCached:            0 kB
Active:          7172376 kB
Inactive:        2002080 kB
Active(anon):    2366628 kB
Inactive(anon):   327320 kB
Active(file):    4805748 kB
Inactive(file):  1674760 kB
Unevictable:        5576 kB
Mlocked:            5576 kB
SwapTotal:       3145724 kB
SwapFree:        3140112 kB
Dirty:              1644 kB
Writeback:             0 kB
AnonPages:       2660288 kB
Mapped:           789228 kB
Shmem:             34276 kB
KReclaimable:     390916 kB
Slab:             244360 kB
SReclaimable:      94308 kB
SUnreclaim:       150052 kB
KernelStack:       54720 kB
PageTables:        69968 kB
NFS_Unstable:          0 kB
Bounce:                0 kB
WritebackTmp:          0 kB
CommitLimit:     9202292 kB
Committed_AS:   73109576 kB
VmallocTotal:   263061440 kB
VmallocUsed:      111716 kB
VmallocChunk:          0 kB
Percpu:             7616 kB
CmaTotal:         294912 kB
CmaFree:               0 kB
MemTotal:       12113140 kB
MemFree:          433880 kB
MemAvailable:    6474060 kB
Buffers:            3040 kB
Cached:          6516280 kB
SwapCached:            0 kB
Active:          7172616 kB
Inactive:        2002080 kB
Active(anon):    2366868 kB
Inactive(anon):   327320 kB
Active(file):    4805748 kB
Inactive(file):  1674760 kB
Unevictable:        5576 kB
Mlocked:            5576 kB
SwapTotal:       3145724 kB
SwapFree:        3140112 kB
Dirty:              1644 kB
Writeback:             0 kB
AnonPages:       2660812 kB
Mapped:           789228 kB
Shmem:             34276 kB
KReclaimable:     390900 kB
Slab:             244352 kB
SReclaimable:      94292 kB
SUnreclaim:       150060 kB
KernelStack:       54720 kB
PageTables:        69964 kB
NFS_Unstable:          0 kB
Bounce:                0 kB
WritebackTmp:          0 kB
CommitLimit:     9202292 kB
Committed_AS:   73107884 kB
VmallocTotal:   263061440 kB
VmallocUsed:      111732 kB
VmallocChunk:          0 kB
Percpu:             7616 kB
CmaTotal:         294912 kB
CmaFree:               0 kB
MemTotal:       12113140 kB
MemFree:          431372 kB
MemAvailable:    6471552 kB
Buffers:            3040 kB
Cached:          6516280 kB
SwapCached:            0 kB
Active:          7172776 kB
Inactive:        2002080 kB
Active(anon):    2367028 kB
Inactive(anon):   327320 kB
Active(file):    4805748 kB
Inactive(file):  1674760 kB
Unevictable:        5576 kB
Mlocked:            5576 kB
SwapTotal:       3145724 kB
SwapFree:        3140112 kB
Dirty:              1652 kB
Writeback:             0 kB
AnonPages:       2661060 kB
Mapped:           789248 kB
Shmem:             34276 kB
KReclaimable:     390900 kB
Slab:             244352 kB
SReclaimable:      94292 kB
SUnreclaim:       150060 kB
KernelStack:       54736 kB
PageTables:        70216 kB
NFS_Unstable:          0 kB
Bounce:                0 kB
WritebackTmp:          0 kB
CommitLimit:     9202292 kB
Committed_AS:   73110500 kB
VmallocTotal:   263061440 kB
VmallocUsed:      111716 kB
VmallocChunk:          0 kB
Percpu:             7616 kB
CmaTotal:         294912 kB
CmaFree:               0 kB
MemTotal:       12113140 kB
MemFree:          431396 kB
MemAvailable:    6471280 kB
Buffers:            3040 kB
Cached:          6516280 kB
SwapCached:            0 kB
Active:          7174004 kB
Inactive:        2001952 kB
Active(anon):    2368128 kB
Inactive(anon):   327320 kB
Active(file):    4805876 kB
Inactive(file):  1674632 kB
Unevictable:        5576 kB
Mlocked:            5576 kB
SwapTotal:       3145724 kB
SwapFree:        3140112 kB
Dirty:              1664 kB
Writeback:             0 kB
AnonPages:       2662312 kB
Mapped:           790132 kB
Shmem:             34276 kB
KReclaimable:     390308 kB
Slab:             244344 kB
SReclaimable:      94292 kB
SUnreclaim:       150052 kB
KernelStack:       54720 kB
PageTables:        70264 kB
NFS_Unstable:          0 kB
Bounce:                0 kB
WritebackTmp:          0 kB
CommitLimit:     9202292 kB
Committed_AS:   73112184 kB
VmallocTotal:   263061440 kB
VmallocUsed:      111716 kB
VmallocChunk:          0 kB
Percpu:             7616 kB
CmaTotal:         294912 kB
CmaFree:               0 kB
MemTotal:       12113140 kB
MemFree:          445256 kB
MemAvailable:    6485140 kB
Buffers:            3040 kB
Cached:          6516280 kB
SwapCached:            0 kB
Active:          7158756 kB
Inactive:        2001952 kB
Active(anon):    2352880 kB
Inactive(anon):   327320 kB
Active(file):    4805876 kB
Inactive(file):  1674632 kB
Unevictable:        5576 kB
Mlocked:            5576 kB
SwapTotal:       3145724 kB
SwapFree:        3140112 kB
Dirty:              1664 kB
Writeback:             0 kB
AnonPages:       2647220 kB
Mapped:           790336 kB
Shmem:             34276 kB
KReclaimable:     390308 kB
Slab:             244360 kB
SReclaimable:      94292 kB
SUnreclaim:       150068 kB
KernelStack:       54816 kB
PageTables:        70072 kB
NFS_Unstable:          0 kB
Bounce:                0 kB
WritebackTmp:          0 kB
CommitLimit:     9202292 kB
Committed_AS:   73112260 kB
VmallocTotal:   263061440 kB
VmallocUsed:      111780 kB
VmallocChunk:          0 kB
Percpu:             7616 kB
CmaTotal:         294912 kB
CmaFree:              76 kB
MemTotal:       12113140 kB
MemFree:          444244 kB
MemAvailable:    6484128 kB
Buffers:            3040 kB
Cached:          6516280 kB
SwapCached:            0 kB
Active:          7159620 kB
Inactive:        2001824 kB
Active(anon):    2353616 kB
Inactive(anon):   327320 kB
Active(file):    4806004 kB
Inactive(file):  1674504 kB
Unevictable:        5576 kB
Mlocked:            5576 kB
SwapTotal:       3145724 kB
SwapFree:        3140112 kB
Dirty:              1664 kB
Writeback:             0 kB
AnonPages:       2647464 kB
Mapped:           790300 kB
Shmem:             34276 kB
KReclaimable:     390308 kB
Slab:             244600 kB
SReclaimable:      94292 kB
SUnreclaim:       150308 kB
KernelStack:       54864 kB
PageTables:        70204 kB
NFS_Unstable:          0 kB
Bounce:                0 kB
WritebackTmp:          0 kB
CommitLimit:     9202292 kB
Committed_AS:   73111032 kB
VmallocTotal:   263061440 kB
VmallocUsed:      111780 kB
VmallocChunk:          0 kB
Percpu:             7616 kB
CmaTotal:         294912 kB
CmaFree:               8 kB
MemTotal:       12113140 kB
MemFree:          416808 kB
MemAvailable:    6456692 kB
Buffers:            3040 kB
Cached:          6516520 kB
SwapCached:            0 kB
Active:          7188580 kB
Inactive:        2001824 kB
Active(anon):    2382576 kB
Inactive(anon):   327320 kB
Active(file):    4806004 kB
Inactive(file):  1674504 kB
Unevictable:        5576 kB
Mlocked:            5576 kB
SwapTotal:       3145724 kB
SwapFree:        3140112 kB
Dirty:              1680 kB
Writeback:             0 kB
AnonPages:       2676768 kB
Mapped:           790440 kB
Shmem:             34516 kB
KReclaimable:     390308 kB
Slab:             244608 kB
SReclaimable:      94292 kB
SUnreclaim:       150316 kB
KernelStack:       54816 kB
PageTables:        70044 kB
NFS_Unstable:          0 kB
Bounce:                0 kB
WritebackTmp:          0 kB
CommitLimit:     9202292 kB
Committed_AS:   73114532 kB
VmallocTotal:   263061440 kB
VmallocUsed:      111796 kB
VmallocChunk:          0 kB
Percpu:             7616 kB
CmaTotal:         294912 kB
CmaFree:              68 kB
MemTotal:       12113140 kB
MemFree:          405372 kB
MemAvailable:    6445260 kB
Buffers:            3040 kB
Cached:          6516284 kB
SwapCached:            0 kB
Active:          7198192 kB
Inactive:        2001828 kB
Active(anon):    2392188 kB
Inactive(anon):   327320 kB
Active(file):    4806004 kB
Inactive(file):  1674508 kB
Unevictable:        5576 kB
Mlocked:            5576 kB
SwapTotal:       3145724 kB
SwapFree:        3140112 kB
Dirty:              2232 kB
Writeback:             0 kB
AnonPages:       2686476 kB
Mapped:           790456 kB
Shmem:             34276 kB
KReclaimable:     390308 kB
Slab:             244600 kB
SReclaimable:      94292 kB
SUnreclaim:       150308 kB
KernelStack:       54800 kB
PageTables:        70024 kB
NFS_Unstable:          0 kB
Bounce:                0 kB
WritebackTmp:          0 kB
CommitLimit:     9202292 kB
Committed_AS:   73113588 kB
VmallocTotal:   263061440 kB
VmallocUsed:      111780 kB
VmallocChunk:          0 kB
Percpu:             7616 kB
CmaTotal:         294912 kB
CmaFree:               0 kB
MemTotal:       12113140 kB
MemFree:          405620 kB
MemAvailable:    6445492 kB
Buffers:            3040 kB
Cached:          6516288 kB
SwapCached:            0 kB
Active:          7198292 kB
Inactive:        2001704 kB
Active(anon):    2392160 kB
Inactive(anon):   327324 kB
Active(file):    4806132 kB
Inactive(file):  1674380 kB
Unevictable:        5576 kB
Mlocked:            5576 kB
SwapTotal:       3145724 kB
SwapFree:        3140112 kB
Dirty:              2232 kB
Writeback:             0 kB
AnonPages:       2686356 kB
Mapped:           790532 kB
Shmem:             34280 kB
KReclaimable:     390276 kB
Slab:             244344 kB
SReclaimable:      94292 kB
SUnreclaim:       150052 kB
KernelStack:       54800 kB
PageTables:        70028 kB
NFS_Unstable:          0 kB
Bounce:                0 kB
WritebackTmp:          0 kB
CommitLimit:     9202292 kB
Committed_AS:   73113784 kB
VmallocTotal:   263061440 kB
VmallocUsed:      111764 kB
VmallocChunk:          0 kB
Percpu:             7616 kB
CmaTotal:         294912 kB
CmaFree:               4 kB
MemTotal:       12113140 kB
MemFree:          401160 kB
MemAvailable:    6440956 kB
Buffers:            3040 kB
Cached:          6516280 kB
SwapCached:            0 kB
Active:          7202212 kB
Inactive:        2001708 kB
Active(anon):    2396092 kB
Inactive(anon):   327328 kB
Active(file):    4806120 kB
Inactive(file):  1674380 kB
Unevictable:        5576 kB
Mlocked:            5576 kB
SwapTotal:       3145724 kB
SwapFree:        3140112 kB
Dirty:              2248 kB
Writeback:             0 kB
AnonPages:       2690612 kB
Mapped:           790780 kB
Shmem:             34284 kB
KReclaimable:     390148 kB
Slab:             244120 kB
SReclaimable:      94292 kB
SUnreclaim:       149828 kB
KernelStack:       54820 kB
PageTables:        69868 kB
NFS_Unstable:          0 kB
Bounce:                0 kB
WritebackTmp:          0 kB
CommitLimit:     9202292 kB
Committed_AS:   73122600 kB
VmallocTotal:   263061440 kB
VmallocUsed:      111780 kB
VmallocChunk:          0 kB
Percpu:             7616 kB
CmaTotal:         294912 kB
CmaFree:               0 kB
MemTotal:       12113140 kB
MemFree:          401272 kB
MemAvailable:    6441068 kB
Buffers:            3040 kB
Cached:          6516296 kB
SwapCached:            0 kB
Active:          7198680 kB
Inactive:        2001724 kB
Active(anon):    2392560 kB
Inactive(anon):   327332 kB
Active(file):    4806120 kB
Inactive(file):  1674392 kB
Unevictable:        5576 kB
Mlocked:            5576 kB
SwapTotal:       3145724 kB
SwapFree:        3140112 kB
Dirty:              2284 kB
Writeback:             0 kB
AnonPages:       2686976 kB
Mapped:           790872 kB
Shmem:             34288 kB
KReclaimable:     390124 kB
Slab:             244344 kB
SReclaimable:      94292 kB
SUnreclaim:       150052 kB
KernelStack:       54800 kB
PageTables:        70204 kB
NFS_Unstable:          0 kB
Bounce:                0 kB
WritebackTmp:          0 kB
CommitLimit:     9202292 kB
Committed_AS:   73115704 kB
VmallocTotal:   263061440 kB
VmallocUsed:      111780 kB
VmallocChunk:          0 kB
Percpu:             7616 kB
CmaTotal:         294912 kB
CmaFree:               0 kB
MemTotal:       12113140 kB
MemFree:          400396 kB
MemAvailable:    6440196 kB
Buffers:            3040 kB
Cached:          6516300 kB
SwapCached:            0 kB
Active:          7200728 kB
Inactive:        2001600 kB
Active(anon):    2394480 kB
Inactive(anon):   327332 kB
Active(file):    4806248 kB
Inactive(file):  1674268 kB
Unevictable:        5576 kB
Mlocked:            5576 kB
SwapTotal:       3145724 kB
SwapFree:        3140112 kB
Dirty:              2288 kB
Writeback:             0 kB
AnonPages:       2688472 kB
Mapped:           790852 kB
Shmem:             34288 kB
KReclaimable:     390124 kB
Slab:             244344 kB
SReclaimable:      94292 kB
SUnreclaim:       150052 kB
KernelStack:       54852 kB
PageTables:        69984 kB
NFS_Unstable:          0 kB
Bounce:                0 kB
WritebackTmp:          0 kB
CommitLimit:     9202292 kB
Committed_AS:   73116316 kB
VmallocTotal:   263061440 kB
VmallocUsed:      111796 kB
VmallocChunk:          0 kB
Percpu:             7616 kB
CmaTotal:         294912 kB
CmaFree:               0 kB
MemTotal:       12113140 kB
MemFree:          401984 kB
MemAvailable:    6441784 kB
Buffers:            3040 kB
Cached:          6516300 kB
SwapCached:            0 kB
Active:          7201692 kB
Inactive:        2001600 kB
Active(anon):    2395444 kB
Inactive(anon):   327332 kB
Active(file):    4806248 kB
Inactive(file):  1674268 kB
Unevictable:        5576 kB
Mlocked:            5576 kB
SwapTotal:       3145724 kB
SwapFree:        3140112 kB
Dirty:              2304 kB
Writeback:             0 kB
AnonPages:       2689176 kB
Mapped:           790976 kB
Shmem:             34288 kB
KReclaimable:     390124 kB
Slab:             244112 kB
SReclaimable:      94292 kB
SUnreclaim:       149820 kB
KernelStack:       54800 kB
PageTables:        69872 kB
NFS_Unstable:          0 kB
Bounce:                0 kB
WritebackTmp:          0 kB
CommitLimit:     9202292 kB
Committed_AS:   73119564 kB
VmallocTotal:   263061440 kB
VmallocUsed:      111780 kB
VmallocChunk:          0 kB
Percpu:             7616 kB
CmaTotal:         294912 kB
CmaFree:               0 kB
MemTotal:       12113140 kB
MemFree:          403528 kB
MemAvailable:    6443300 kB
Buffers:            3040 kB
Cached:          6516300 kB
SwapCached:            0 kB
Active:          7201868 kB
Inactive:        2001472 kB
Active(anon):    2395492 kB
Inactive(anon):   327332 kB
Active(file):    4806376 kB
Inactive(file):  1674140 kB
Unevictable:        5576 kB
Mlocked:            5576 kB
SwapTotal:       3145724 kB
SwapFree:        3140112 kB
Dirty:              2256 kB
Writeback:             0 kB
AnonPages:       2689680 kB
Mapped:           790872 kB
Shmem:             34288 kB
KReclaimable:     390072 kB
Slab:             244308 kB
SReclaimable:      94240 kB
SUnreclaim:       150068 kB
KernelStack:       54804 kB
PageTables:        70024 kB
NFS_Unstable:          0 kB
Bounce:                0 kB
WritebackTmp:          0 kB
CommitLimit:     9202292 kB
Committed_AS:   73119652 kB
VmallocTotal:   263061440 kB
VmallocUsed:      111796 kB
VmallocChunk:          0 kB
Percpu:             7616 kB
CmaTotal:         294912 kB
CmaFree:               0 kB
MemTotal:       12113140 kB
MemFree:          403648 kB
MemAvailable:    6443420 kB
Buffers:            3040 kB
Cached:          6516300 kB
SwapCached:            0 kB
Active:          7202200 kB
Inactive:        2001472 kB
Active(anon):    2395824 kB
Inactive(anon):   327332 kB
Active(file):    4806376 kB
Inactive(file):  1674140 kB
Unevictable:        5576 kB
Mlocked:            5576 kB
SwapTotal:       3145724 kB
SwapFree:        3140112 kB
Dirty:              2256 kB
Writeback:             0 kB
AnonPages:       2689996 kB
Mapped:           790756 kB
Shmem:             34288 kB
KReclaimable:     390072 kB
Slab:             244548 kB
SReclaimable:      94240 kB
SUnreclaim:       150308 kB
KernelStack:       54820 kB
PageTables:        70368 kB
NFS_Unstable:          0 kB
Bounce:                0 kB
WritebackTmp:          0 kB
CommitLimit:     9202292 kB
Committed_AS:   73119312 kB
VmallocTotal:   263061440 kB
VmallocUsed:      111796 kB
VmallocChunk:          0 kB
Percpu:             7616 kB
CmaTotal:         294912 kB
CmaFree:               0 kB
MemTotal:       12113140 kB
MemFree:          404848 kB
MemAvailable:    6444620 kB
Buffers:            3040 kB
Cached:          6516300 kB
SwapCached:            0 kB
Active:          7200780 kB
Inactive:        2001344 kB
Active(anon):    2394276 kB
Inactive(anon):   327332 kB
Active(file):    4806504 kB
Inactive(file):  1674012 kB
Unevictable:        5576 kB
Mlocked:            5576 kB
SwapTotal:       3145724 kB
SwapFree:        3140112 kB
Dirty:              2268 kB
Writeback:             0 kB
AnonPages:       2688548 kB
Mapped:           790872 kB
Shmem:             34288 kB
KReclaimable:     390072 kB
Slab:             244308 kB
SReclaimable:      94240 kB
SUnreclaim:       150068 kB
KernelStack:       54768 kB
PageTables:        70216 kB
NFS_Unstable:          0 kB
Bounce:                0 kB
WritebackTmp:          0 kB
CommitLimit:     9202292 kB
Committed_AS:   73119460 kB
VmallocTotal:   263061440 kB
VmallocUsed:      111796 kB
VmallocChunk:          0 kB
Percpu:             7616 kB
CmaTotal:         294912 kB
CmaFree:              64 kB
MemTotal:       12113140 kB
MemFree:          405752 kB
MemAvailable:    6445524 kB
Buffers:            3040 kB
Cached:          6516304 kB
SwapCached:            0 kB
Active:          7201228 kB
Inactive:        2001348 kB
Active(anon):    2394724 kB
Inactive(anon):   327336 kB
Active(file):    4806504 kB
Inactive(file):  1674012 kB
Unevictable:        5576 kB
Mlocked:            5576 kB
SwapTotal:       3145724 kB
SwapFree:        3140112 kB
Dirty:              2268 kB
Writeback:             0 kB
AnonPages:       2688752 kB
Mapped:           790980 kB
Shmem:             34292 kB
KReclaimable:     390072 kB
Slab:             244060 kB
SReclaimable:      94240 kB
SUnreclaim:       149820 kB
KernelStack:       54768 kB
PageTables:        69876 kB
NFS_Unstable:          0 kB
Bounce:                0 kB
WritebackTmp:          0 kB
CommitLimit:     9202292 kB
Committed_AS:   73114344 kB
VmallocTotal:   263061440 kB
VmallocUsed:      111796 kB
VmallocChunk:          0 kB
Percpu:             7616 kB
CmaTotal:         294912 kB
CmaFree:               0 kB
MemTotal:       12113140 kB
MemFree:          405172 kB
MemAvailable:    6444944 kB
Buffers:            3040 kB
Cached:          6516304 kB
SwapCached:            0 kB
Active:          7201488 kB
Inactive:        2001348 kB
Active(anon):    2394984 kB
Inactive(anon):   327336 kB
Active(file):    4806504 kB
Inactive(file):  1674012 kB
Unevictable:        5576 kB
Mlocked:            5576 kB
SwapTotal:       3145724 kB
SwapFree:        3140112 kB
Dirty:              2268 kB
Writeback:             0 kB
AnonPages:       2689096 kB
Mapped:           791000 kB
Shmem:             34292 kB
KReclaimable:     390072 kB
Slab:             244300 kB
SReclaimable:      94240 kB
SUnreclaim:       150060 kB
KernelStack:       54832 kB
PageTables:        70052 kB
NFS_Unstable:          0 kB
Bounce:                0 kB
WritebackTmp:          0 kB
CommitLimit:     9202292 kB
Committed_AS:   73113452 kB
VmallocTotal:   263061440 kB
VmallocUsed:      111780 kB
VmallocChunk:          0 kB
Percpu:             7616 kB
CmaTotal:         294912 kB
CmaFree:               0 kB
MemTotal:       12113140 kB
MemFree:          405196 kB
MemAvailable:    6444972 kB
Buffers:            3040 kB
Cached:          6516308 kB
SwapCached:            0 kB
Active:          7201668 kB
Inactive:        2001352 kB
Active(anon):    2395164 kB
Inactive(anon):   327336 kB
Active(file):    4806504 kB
Inactive(file):  1674016 kB
Unevictable:        5576 kB
Mlocked:            5576 kB
SwapTotal:       3145724 kB
SwapFree:        3140112 kB
Dirty:              1744 kB
Writeback:             0 kB
AnonPages:       2689320 kB
Mapped:           790884 kB
Shmem:             34292 kB
KReclaimable:     390072 kB
Slab:             244300 kB
SReclaimable:      94240 kB
SUnreclaim:       150060 kB
KernelStack:       54816 kB
PageTables:        70040 kB
NFS_Unstable:          0 kB
Bounce:                0 kB
WritebackTmp:          0 kB
CommitLimit:     9202292 kB
Committed_AS:   73119372 kB
VmallocTotal:   263061440 kB
VmallocUsed:      111796 kB
VmallocChunk:          0 kB
Percpu:             7616 kB
CmaTotal:         294912 kB
CmaFree:               0 kB
MemTotal:       12113140 kB
MemFree:          405248 kB
MemAvailable:    6445024 kB
Buffers:            3040 kB
Cached:          6516312 kB
SwapCached:            0 kB
Active:          7201724 kB
Inactive:        2001228 kB
Active(anon):    2395092 kB
Inactive(anon):   327340 kB
Active(file):    4806632 kB
Inactive(file):  1673888 kB
Unevictable:        5576 kB
Mlocked:            5576 kB
SwapTotal:       3145724 kB
SwapFree:        3140112 kB
Dirty:              1748 kB
Writeback:             0 kB
AnonPages:       2689156 kB
Mapped:           790888 kB
Shmem:             34296 kB
KReclaimable:     390072 kB
Slab:             244292 kB
SReclaimable:      94240 kB
SUnreclaim:       150052 kB
KernelStack:       54820 kB
PageTables:        70004 kB
NFS_Unstable:          0 kB
Bounce:                0 kB
WritebackTmp:          0 kB
CommitLimit:     9202292 kB
Committed_AS:   73119704 kB
VmallocTotal:   263061440 kB
VmallocUsed:      111796 kB
VmallocChunk:          0 kB
Percpu:             7616 kB
CmaTotal:         294912 kB
CmaFree:               0 kB
MemTotal:       12113140 kB
MemFree:          405800 kB
MemAvailable:    6445576 kB
Buffers:            3040 kB
Cached:          6516312 kB
SwapCached:            0 kB
Active:          7201976 kB
Inactive:        2001228 kB
Active(anon):    2395344 kB
Inactive(anon):   327340 kB
Active(file):    4806632 kB
Inactive(file):  1673888 kB
Unevictable:        5576 kB
Mlocked:            5576 kB
SwapTotal:       3145724 kB
SwapFree:        3140112 kB
Dirty:              1780 kB
Writeback:             0 kB
AnonPages:       2689544 kB
Mapped:           790888 kB
Shmem:             34296 kB
KReclaimable:     390072 kB
Slab:             244348 kB
SReclaimable:      94240 kB
SUnreclaim:       150108 kB
KernelStack:       54768 kB
PageTables:        70260 kB
NFS_Unstable:          0 kB
Bounce:                0 kB
WritebackTmp:          0 kB
CommitLimit:     9202292 kB
Committed_AS:   73118620 kB
VmallocTotal:   263061440 kB
VmallocUsed:      111796 kB
VmallocChunk:          0 kB
Percpu:             7616 kB
CmaTotal:         294912 kB
CmaFree:               0 kB
MemTotal:       12113140 kB
MemFree:          440796 kB
MemAvailable:    6480572 kB
Buffers:            3040 kB
Cached:          6516312 kB
SwapCached:            0 kB
Active:          7165796 kB
Inactive:        2001228 kB
Active(anon):    2359164 kB
Inactive(anon):   327340 kB
Active(file):    4806632 kB
Inactive(file):  1673888 kB
Unevictable:        5576 kB
Mlocked:            5576 kB
SwapTotal:       3145724 kB
SwapFree:        3140112 kB
Dirty:              1796 kB
Writeback:             0 kB
AnonPages:       2653168 kB
Mapped:           790888 kB
Shmem:             34296 kB
KReclaimable:     390072 kB
Slab:             244308 kB
SReclaimable:      94240 kB
SUnreclaim:       150068 kB
KernelStack:       54800 kB
PageTables:        70032 kB
NFS_Unstable:          0 kB
Bounce:                0 kB
WritebackTmp:          0 kB
CommitLimit:     9202292 kB
Committed_AS:   73117040 kB
VmallocTotal:   263061440 kB
VmallocUsed:      111796 kB
VmallocChunk:          0 kB
Percpu:             7616 kB
CmaTotal:         294912 kB
CmaFree:               0 kB
MemTotal:       12113140 kB
MemFree:          447240 kB
MemAvailable:    6487016 kB
Buffers:            3040 kB
Cached:          6516312 kB
SwapCached:            0 kB
Active:          7159856 kB
Inactive:        2001100 kB
Active(anon):    2353096 kB
Inactive(anon):   327340 kB
Active(file):    4806760 kB
Inactive(file):  1673760 kB
Unevictable:        5576 kB
Mlocked:            5576 kB
SwapTotal:       3145724 kB
SwapFree:        3140112 kB
Dirty:              1852 kB
Writeback:             0 kB
AnonPages:       2647508 kB
Mapped:           790888 kB
Shmem:             34296 kB
KReclaimable:     390072 kB
Slab:             244300 kB
SReclaimable:      94240 kB
SUnreclaim:       150060 kB
KernelStack:       54800 kB
PageTables:        70036 kB
NFS_Unstable:          0 kB
Bounce:                0 kB
WritebackTmp:          0 kB
CommitLimit:     9202292 kB
Committed_AS:   73119144 kB
VmallocTotal:   263061440 kB
VmallocUsed:      111812 kB
VmallocChunk:          0 kB
Percpu:             7616 kB
CmaTotal:         294912 kB
CmaFree:              52 kB
MemTotal:       12113140 kB
MemFree:          446172 kB
MemAvailable:    6485948 kB
Buffers:            3040 kB
Cached:          6516312 kB
SwapCached:            0 kB
Active:          7160808 kB
Inactive:        2001100 kB
Active(anon):    2354048 kB
Inactive(anon):   327340 kB
Active(file):    4806760 kB
Inactive(file):  1673760 kB
Unevictable:        5576 kB
Mlocked:            5576 kB
SwapTotal:       3145724 kB
SwapFree:        3140112 kB
Dirty:              1560 kB
Writeback:             0 kB
AnonPages:       2648236 kB
Mapped:           790888 kB
Shmem:             34296 kB
KReclaimable:     390072 kB
Slab:             244548 kB
SReclaimable:      94240 kB
SUnreclaim:       150308 kB
KernelStack:       54832 kB
PageTables:        70232 kB
NFS_Unstable:          0 kB
Bounce:                0 kB
WritebackTmp:          0 kB
CommitLimit:     9202292 kB
Committed_AS:   73111980 kB
VmallocTotal:   263061440 kB
VmallocUsed:      111796 kB
VmallocChunk:          0 kB
Percpu:             7616 kB
CmaTotal:         294912 kB
CmaFree:             128 kB
MemTotal:       12113140 kB
MemFree:          446212 kB
MemAvailable:    6485988 kB
Buffers:            3040 kB
Cached:          6516316 kB
SwapCached:            0 kB
Active:          7161068 kB
Inactive:        2000976 kB
Active(anon):    2354180 kB
Inactive(anon):   327344 kB
Active(file):    4806888 kB
Inactive(file):  1673632 kB
Unevictable:        5576 kB
Mlocked:            5576 kB
SwapTotal:       3145724 kB
SwapFree:        3140112 kB
Dirty:              1576 kB
Writeback:             0 kB
AnonPages:       2648376 kB
Mapped:           790892 kB
Shmem:             34300 kB
KReclaimable:     390072 kB
Slab:             244548 kB
SReclaimable:      94240 kB
SUnreclaim:       150308 kB
KernelStack:       54788 kB
PageTables:        69996 kB
NFS_Unstable:          0 kB
Bounce:                0 kB
WritebackTmp:          0 kB
CommitLimit:     9202292 kB
Committed_AS:   73114176 kB
VmallocTotal:   263061440 kB
VmallocUsed:      111812 kB
VmallocChunk:          0 kB
Percpu:             7616 kB
CmaTotal:         294912 kB
CmaFree:               0 kB
MemTotal:       12113140 kB
MemFree:          445256 kB
MemAvailable:    6485032 kB
Buffers:            3040 kB
Cached:          6516316 kB
SwapCached:            0 kB
Active:          7160972 kB
Inactive:        2000976 kB
Active(anon):    2354084 kB
Inactive(anon):   327344 kB
Active(file):    4806888 kB
Inactive(file):  1673632 kB
Unevictable:        5576 kB
Mlocked:            5576 kB
SwapTotal:       3145724 kB
SwapFree:        3140112 kB
Dirty:              1576 kB
Writeback:             0 kB
AnonPages:       2648144 kB
Mapped:           790892 kB
Shmem:             34300 kB
KReclaimable:     390072 kB
Slab:             244540 kB
SReclaimable:      94240 kB
SUnreclaim:       150300 kB
KernelStack:       54788 kB
PageTables:        69936 kB
NFS_Unstable:          0 kB
Bounce:                0 kB
WritebackTmp:          0 kB
CommitLimit:     9202292 kB
Committed_AS:   73117692 kB
VmallocTotal:   263061440 kB
VmallocUsed:      111796 kB
VmallocChunk:          0 kB
Percpu:             7616 kB
CmaTotal:         294912 kB
CmaFree:             192 kB
MemTotal:       12113140 kB
MemFree:          445088 kB
MemAvailable:    6484864 kB
Buffers:            3040 kB
Cached:          6516316 kB
SwapCached:            0 kB
Active:          7160868 kB
Inactive:        2000976 kB
Active(anon):    2353980 kB
Inactive(anon):   327344 kB
Active(file):    4806888 kB
Inactive(file):  1673632 kB
Unevictable:        5576 kB
Mlocked:            5576 kB
SwapTotal:       3145724 kB
SwapFree:        3140112 kB
Dirty:              1576 kB
Writeback:             0 kB
AnonPages:       2647956 kB
Mapped:           790892 kB
Shmem:             34300 kB
KReclaimable:     390072 kB
Slab:             244316 kB
SReclaimable:      94240 kB
SUnreclaim:       150076 kB
KernelStack:       54768 kB
PageTables:        70040 kB
NFS_Unstable:          0 kB
Bounce:                0 kB
WritebackTmp:          0 kB
CommitLimit:     9202292 kB
Committed_AS:   73108968 kB
VmallocTotal:   263061440 kB
VmallocUsed:      111796 kB
VmallocChunk:          0 kB
Percpu:             7616 kB
CmaTotal:         294912 kB
CmaFree:               0 kB
MemTotal:       12113140 kB
MemFree:          444588 kB
MemAvailable:    6484376 kB
Buffers:            3044 kB
Cached:          6516332 kB
SwapCached:            0 kB
Active:          7161128 kB
Inactive:        2000864 kB
Active(anon):    2354112 kB
Inactive(anon):   327348 kB
Active(file):    4807016 kB
Inactive(file):  1673516 kB
Unevictable:        5576 kB
Mlocked:            5576 kB
SwapTotal:       3145724 kB
SwapFree:        3140112 kB
Dirty:              1612 kB
Writeback:             0 kB
AnonPages:       2648344 kB
Mapped:           790896 kB
Shmem:             34304 kB
KReclaimable:     390072 kB
Slab:             244316 kB
SReclaimable:      94240 kB
SUnreclaim:       150076 kB
KernelStack:       54768 kB
PageTables:        70036 kB
NFS_Unstable:          0 kB
Bounce:                0 kB
WritebackTmp:          0 kB
CommitLimit:     9202292 kB
Committed_AS:   73108792 kB
VmallocTotal:   263061440 kB
VmallocUsed:      111780 kB
VmallocChunk:          0 kB
Percpu:             7616 kB
CmaTotal:         294912 kB
CmaFree:               0 kB
MemTotal:       12113140 kB
MemFree:          444616 kB
MemAvailable:    6484408 kB
Buffers:            3044 kB
Cached:          6516332 kB
SwapCached:            0 kB
Active:          7161696 kB
Inactive:        2000856 kB
Active(anon):    2354668 kB
Inactive(anon):   327348 kB
Active(file):    4807028 kB
Inactive(file):  1673508 kB
Unevictable:        5576 kB
Mlocked:            5576 kB
SwapTotal:       3145724 kB
SwapFree:        3140112 kB
Dirty:               768 kB
Writeback:             0 kB
AnonPages:       2648760 kB
Mapped:           790896 kB
Shmem:             34304 kB
KReclaimable:     390072 kB
Slab:             244504 kB
SReclaimable:      94240 kB
SUnreclaim:       150264 kB
KernelStack:       54768 kB
PageTables:        69944 kB
NFS_Unstable:          0 kB
Bounce:                0 kB
WritebackTmp:          0 kB
CommitLimit:     9202292 kB
Committed_AS:   73111368 kB
VmallocTotal:   263061440 kB
VmallocUsed:      111796 kB
VmallocChunk:          0 kB
Percpu:             7616 kB
CmaTotal:         294912 kB
CmaFree:               0 kB
MemTotal:       12113140 kB
MemFree:          444584 kB
MemAvailable:    6484376 kB
Buffers:            3044 kB
Cached:          6516332 kB
SwapCached:            0 kB
Active:          7161672 kB
Inactive:        2000856 kB
Active(anon):    2354644 kB
Inactive(anon):   327348 kB
Active(file):    4807028 kB
Inactive(file):  1673508 kB
Unevictable:        5576 kB
Mlocked:            5576 kB
SwapTotal:       3145724 kB
SwapFree:        3140112 kB
Dirty:               784 kB
Writeback:             0 kB
AnonPages:       2649028 kB
Mapped:           790892 kB
Shmem:             34304 kB
KReclaimable:     390072 kB
Slab:             244360 kB
SReclaimable:      94240 kB
SUnreclaim:       150120 kB
KernelStack:       54768 kB
PageTables:        70236 kB
NFS_Unstable:          0 kB
Bounce:                0 kB
WritebackTmp:          0 kB
CommitLimit:     9202292 kB
Committed_AS:   73113380 kB
VmallocTotal:   263061440 kB
VmallocUsed:      111780 kB
VmallocChunk:          0 kB
Percpu:             7616 kB
CmaTotal:         294912 kB
CmaFree:               0 kB
MemTotal:       12113140 kB
MemFree:          439340 kB
MemAvailable:    6478272 kB
Buffers:            3044 kB
Cached:          6516332 kB
SwapCached:            0 kB
Active:          7168476 kB
Inactive:        2000720 kB
Active(anon):    2361312 kB
Inactive(anon):   327348 kB
Active(file):    4807164 kB
Inactive(file):  1673372 kB
Unevictable:        5576 kB
Mlocked:            5576 kB
SwapTotal:       3145724 kB
SwapFree:        3140112 kB
Dirty:               864 kB
Writeback:             0 kB
AnonPages:       2655264 kB
Mapped:           792060 kB
Shmem:             34304 kB
KReclaimable:     388352 kB
Slab:             244556 kB
SReclaimable:      94240 kB
SUnreclaim:       150316 kB
KernelStack:       54720 kB
PageTables:        70060 kB
NFS_Unstable:          0 kB
Bounce:                0 kB
WritebackTmp:          0 kB
CommitLimit:     9202292 kB
Committed_AS:   73123152 kB
VmallocTotal:   263061440 kB
VmallocUsed:      111732 kB
VmallocChunk:          0 kB
Percpu:             7616 kB
CmaTotal:         294912 kB
CmaFree:               0 kB
MemTotal:       12113140 kB
MemFree:          434820 kB
MemAvailable:    6473732 kB
Buffers:            3044 kB
Cached:          6516356 kB
SwapCached:            0 kB
Active:          7172292 kB
Inactive:        2000744 kB
Active(anon):    2365128 kB
Inactive(anon):   327372 kB
Active(file):    4807164 kB
Inactive(file):  1673372 kB
Unevictable:        5576 kB
Mlocked:            5576 kB
SwapTotal:       3145724 kB
SwapFree:        3140112 kB
Dirty:               908 kB
Writeback:             0 kB
AnonPages:       2659472 kB
Mapped:           792604 kB
Shmem:             34328 kB
KReclaimable:     388308 kB
Slab:             244356 kB
SReclaimable:      94240 kB
SUnreclaim:       150116 kB
KernelStack:       54784 kB
PageTables:        70108 kB
NFS_Unstable:          0 kB
Bounce:                0 kB
WritebackTmp:          0 kB
CommitLimit:     9202292 kB
Committed_AS:   73139536 kB
VmallocTotal:   263061440 kB
VmallocUsed:      111780 kB
VmallocChunk:          0 kB
Percpu:             7616 kB
CmaTotal:         294912 kB
CmaFree:               0 kB
MemTotal:       12113140 kB
MemFree:          434412 kB
MemAvailable:    6473260 kB
Buffers:            3044 kB
Cached:          6516356 kB
SwapCached:            0 kB
Active:          7172892 kB
Inactive:        2000612 kB
Active(anon):    2365596 kB
Inactive(anon):   327372 kB
Active(file):    4807296 kB
Inactive(file):  1673240 kB
Unevictable:        5576 kB
Mlocked:            5576 kB
SwapTotal:       3145724 kB
SwapFree:        3140112 kB
Dirty:               912 kB
Writeback:             0 kB
AnonPages:       2659796 kB
Mapped:           792676 kB
Shmem:             34328 kB
KReclaimable:     388180 kB
Slab:             244388 kB
SReclaimable:      94240 kB
SUnreclaim:       150148 kB
KernelStack:       54816 kB
PageTables:        70112 kB
NFS_Unstable:          0 kB
Bounce:                0 kB
WritebackTmp:          0 kB
CommitLimit:     9202292 kB
Committed_AS:   73139676 kB
VmallocTotal:   263061440 kB
VmallocUsed:      111828 kB
VmallocChunk:          0 kB
Percpu:             7616 kB
CmaTotal:         294912 kB
CmaFree:               0 kB
MemTotal:       12113140 kB
MemFree:          433440 kB
MemAvailable:    6472288 kB
Buffers:            3044 kB
Cached:          6516356 kB
SwapCached:            0 kB
Active:          7174456 kB
Inactive:        2000612 kB
Active(anon):    2367160 kB
Inactive(anon):   327372 kB
Active(file):    4807296 kB
Inactive(file):  1673240 kB
Unevictable:        5576 kB
Mlocked:            5576 kB
SwapTotal:       3145724 kB
SwapFree:        3140112 kB
Dirty:               892 kB
Writeback:             0 kB
AnonPages:       2661208 kB
Mapped:           792740 kB
Shmem:             34328 kB
KReclaimable:     388180 kB
Slab:             244364 kB
SReclaimable:      94240 kB
SUnreclaim:       150124 kB
KernelStack:       54816 kB
PageTables:        70116 kB
NFS_Unstable:          0 kB
Bounce:                0 kB
WritebackTmp:          0 kB
CommitLimit:     9202292 kB
Committed_AS:   73140888 kB
VmallocTotal:   263061440 kB
VmallocUsed:      111812 kB
VmallocChunk:          0 kB
Percpu:             7616 kB
CmaTotal:         294912 kB
CmaFree:               0 kB
MemTotal:       12113140 kB
MemFree:          433412 kB
MemAvailable:    6472260 kB
Buffers:            3044 kB
Cached:          6516356 kB
SwapCached:            0 kB
Active:          7174836 kB
Inactive:        2000484 kB
Active(anon):    2367412 kB
Inactive(anon):   327372 kB
Active(file):    4807424 kB
Inactive(file):  1673112 kB
Unevictable:        5576 kB
Mlocked:            5576 kB
SwapTotal:       3145724 kB
SwapFree:        3140112 kB
Dirty:               892 kB
Writeback:             0 kB
AnonPages:       2661428 kB
Mapped:           792740 kB
Shmem:             34328 kB
KReclaimable:     388180 kB
Slab:             244364 kB
SReclaimable:      94240 kB
SUnreclaim:       150124 kB
KernelStack:       54816 kB
PageTables:        70112 kB
NFS_Unstable:          0 kB
Bounce:                0 kB
WritebackTmp:          0 kB
CommitLimit:     9202292 kB
Committed_AS:   73140580 kB
VmallocTotal:   263061440 kB
VmallocUsed:      111780 kB
VmallocChunk:          0 kB
Percpu:             7616 kB
CmaTotal:         294912 kB
CmaFree:               0 kB
MemTotal:       12113140 kB
MemFree:          433172 kB
MemAvailable:    6472020 kB
Buffers:            3044 kB
Cached:          6516356 kB
SwapCached:            0 kB
Active:          7174472 kB
Inactive:        2000476 kB
Active(anon):    2367040 kB
Inactive(anon):   327372 kB
Active(file):    4807432 kB
Inactive(file):  1673104 kB
Unevictable:        5576 kB
Mlocked:            5576 kB
SwapTotal:       3145724 kB
SwapFree:        3140112 kB
Dirty:               896 kB
Writeback:             0 kB
AnonPages:       2661200 kB
Mapped:           792740 kB
Shmem:             34328 kB
KReclaimable:     388180 kB
Slab:             244364 kB
SReclaimable:      94240 kB
SUnreclaim:       150124 kB
KernelStack:       54624 kB
PageTables:        70116 kB
NFS_Unstable:          0 kB
Bounce:                0 kB
WritebackTmp:          0 kB
CommitLimit:     9202292 kB
Committed_AS:   73145656 kB
VmallocTotal:   263061440 kB
VmallocUsed:      111716 kB
VmallocChunk:          0 kB
Percpu:             7616 kB
CmaTotal:         294912 kB
CmaFree:               0 kB
MemTotal:       12113140 kB
MemFree:          432296 kB
MemAvailable:    6471140 kB
Buffers:            3044 kB
Cached:          6516356 kB
SwapCached:            0 kB
Active:          7175104 kB
Inactive:        2000476 kB
Active(anon):    2367672 kB
Inactive(anon):   327372 kB
Active(file):    4807432 kB
Inactive(file):  1673104 kB
Unevictable:        5576 kB
Mlocked:            5576 kB
SwapTotal:       3145724 kB
SwapFree:        3140112 kB
Dirty:               948 kB
Writeback:             0 kB
AnonPages:       2661844 kB
Mapped:           792748 kB
Shmem:             34328 kB
KReclaimable:     388172 kB
Slab:             244364 kB
SReclaimable:      94240 kB
SUnreclaim:       150124 kB
KernelStack:       54624 kB
PageTables:        70108 kB
NFS_Unstable:          0 kB
Bounce:                0 kB
WritebackTmp:          0 kB
CommitLimit:     9202292 kB
Committed_AS:   73146028 kB
VmallocTotal:   263061440 kB
VmallocUsed:      111716 kB
VmallocChunk:          0 kB
Percpu:             7616 kB
CmaTotal:         294912 kB
CmaFree:               0 kB
MemTotal:       12113140 kB
MemFree:          403680 kB
MemAvailable:    6442524 kB
Buffers:            3044 kB
Cached:          6516356 kB
SwapCached:            0 kB
Active:          7203840 kB
Inactive:        2000476 kB
Active(anon):    2396408 kB
Inactive(anon):   327372 kB
Active(file):    4807432 kB
Inactive(file):  1673104 kB
Unevictable:        5576 kB
Mlocked:            5576 kB
SwapTotal:       3145724 kB
SwapFree:        3140112 kB
Dirty:               948 kB
Writeback:             0 kB
AnonPages:       2690620 kB
Mapped:           792748 kB
Shmem:             34328 kB
KReclaimable:     388172 kB
Slab:             244364 kB
SReclaimable:      94240 kB
SUnreclaim:       150124 kB
KernelStack:       54624 kB
PageTables:        70120 kB
NFS_Unstable:          0 kB
Bounce:                0 kB
WritebackTmp:          0 kB
CommitLimit:     9202292 kB
Committed_AS:   73150944 kB
VmallocTotal:   263061440 kB
VmallocUsed:      111716 kB
VmallocChunk:          0 kB
Percpu:             7616 kB
CmaTotal:         294912 kB
CmaFree:               0 kB
MemTotal:       12113140 kB
MemFree:          400988 kB
MemAvailable:    6439828 kB
Buffers:            3044 kB
Cached:          6516356 kB
SwapCached:            0 kB
Active:          7203236 kB
Inactive:        2000348 kB
Active(anon):    2395676 kB
Inactive(anon):   327372 kB
Active(file):    4807560 kB
Inactive(file):  1672976 kB
Unevictable:        5576 kB
Mlocked:            5576 kB
SwapTotal:       3145724 kB
SwapFree:        3140112 kB
Dirty:               780 kB
Writeback:             0 kB
AnonPages:       2690052 kB
Mapped:           792756 kB
Shmem:             34328 kB
KReclaimable:     388164 kB
Slab:             244368 kB
SReclaimable:      94240 kB
SUnreclaim:       150128 kB
KernelStack:       54624 kB
PageTables:        70108 kB
NFS_Unstable:          0 kB
Bounce:                0 kB
WritebackTmp:          0 kB
CommitLimit:     9202292 kB
Committed_AS:   73149036 kB
VmallocTotal:   263061440 kB
VmallocUsed:      111716 kB
VmallocChunk:          0 kB
Percpu:             7616 kB
CmaTotal:         294912 kB
CmaFree:               0 kB
MemTotal:       12113140 kB
MemFree:          399056 kB
MemAvailable:    6437896 kB
Buffers:            3044 kB
Cached:          6516464 kB
SwapCached:            0 kB
Active:          7203788 kB
Inactive:        2000516 kB
Active(anon):    2396228 kB
Inactive(anon):   327540 kB
Active(file):    4807560 kB
Inactive(file):  1672976 kB
Unevictable:        5576 kB
Mlocked:            5576 kB
SwapTotal:       3145724 kB
SwapFree:        3140112 kB
Dirty:               808 kB
Writeback:             0 kB
AnonPages:       2690540 kB
Mapped:           792924 kB
Shmem:             34436 kB
KReclaimable:     388164 kB
Slab:             244368 kB
SReclaimable:      94240 kB
SUnreclaim:       150128 kB
KernelStack:       54624 kB
PageTables:        70152 kB
NFS_Unstable:          0 kB
Bounce:                0 kB
WritebackTmp:          0 kB
CommitLimit:     9202292 kB
Committed_AS:   73148864 kB
VmallocTotal:   263061440 kB
VmallocUsed:      111716 kB
VmallocChunk:          0 kB
Percpu:             7616 kB
CmaTotal:         294912 kB
CmaFree:               0 kB
MemTotal:       12113140 kB
MemFree:          397540 kB
MemAvailable:    6436380 kB
Buffers:            3044 kB
Cached:          6516356 kB
SwapCached:            0 kB
Active:          7203496 kB
Inactive:        2000220 kB
Active(anon):    2395808 kB
Inactive(anon):   327372 kB
Active(file):    4807688 kB
Inactive(file):  1672848 kB
Unevictable:        5576 kB
Mlocked:            5576 kB
SwapTotal:       3145724 kB
SwapFree:        3140112 kB
Dirty:               808 kB
Writeback:             0 kB
AnonPages:       2690064 kB
Mapped:           792756 kB
Shmem:             34328 kB
KReclaimable:     388164 kB
Slab:             244360 kB
SReclaimable:      94240 kB
SUnreclaim:       150120 kB
KernelStack:       54624 kB
PageTables:        70112 kB
NFS_Unstable:          0 kB
Bounce:                0 kB
WritebackTmp:          0 kB
CommitLimit:     9202292 kB
Committed_AS:   73156932 kB
VmallocTotal:   263061440 kB
VmallocUsed:      111700 kB
VmallocChunk:          0 kB
Percpu:             7616 kB
CmaTotal:         294912 kB
CmaFree:               0 kB
MemTotal:       12113140 kB
MemFree:          398848 kB
MemAvailable:    6437688 kB
Buffers:            3044 kB
Cached:          6516356 kB
SwapCached:            0 kB
Active:          7203412 kB
Inactive:        2000220 kB
Active(anon):    2395724 kB
Inactive(anon):   327372 kB
Active(file):    4807688 kB
Inactive(file):  1672848 kB
Unevictable:        5576 kB
Mlocked:            5576 kB
SwapTotal:       3145724 kB
SwapFree:        3140112 kB
Dirty:               812 kB
Writeback:             0 kB
AnonPages:       2689944 kB
Mapped:           792756 kB
Shmem:             34328 kB
KReclaimable:     388164 kB
Slab:             244368 kB
SReclaimable:      94240 kB
SUnreclaim:       150128 kB
KernelStack:       54544 kB
PageTables:        70112 kB
NFS_Unstable:          0 kB
Bounce:                0 kB
WritebackTmp:          0 kB
CommitLimit:     9202292 kB
Committed_AS:   73158312 kB
VmallocTotal:   263061440 kB
VmallocUsed:      111620 kB
VmallocChunk:          0 kB
Percpu:             7616 kB
CmaTotal:         294912 kB
CmaFree:               0 kB
MemTotal:       12113140 kB
MemFree:          397680 kB
MemAvailable:    6436520 kB
Buffers:            3044 kB
Cached:          6516356 kB
SwapCached:            0 kB
Active:          7205652 kB
Inactive:        2000092 kB
Active(anon):    2397836 kB
Inactive(anon):   327372 kB
Active(file):    4807816 kB
Inactive(file):  1672720 kB
Unevictable:        5576 kB
Mlocked:            5576 kB
SwapTotal:       3145724 kB
SwapFree:        3140112 kB
Dirty:               812 kB
Writeback:             0 kB
AnonPages:       2691884 kB
Mapped:           792756 kB
Shmem:             34328 kB
KReclaimable:     388164 kB
Slab:             244368 kB
SReclaimable:      94240 kB
SUnreclaim:       150128 kB
KernelStack:       54512 kB
PageTables:        70108 kB
NFS_Unstable:          0 kB
Bounce:                0 kB
WritebackTmp:          0 kB
CommitLimit:     9202292 kB
Committed_AS:   73165780 kB
VmallocTotal:   263061440 kB
VmallocUsed:      111588 kB
VmallocChunk:          0 kB
Percpu:             7616 kB
CmaTotal:         294912 kB
CmaFree:               4 kB
MemTotal:       12113140 kB
MemFree:          396672 kB
MemAvailable:    6435516 kB
Buffers:            3044 kB
Cached:          6516364 kB
SwapCached:            0 kB
Active:          7206268 kB
Inactive:        2000100 kB
Active(anon):    2398452 kB
Inactive(anon):   327376 kB
Active(file):    4807816 kB
Inactive(file):  1672724 kB
Unevictable:        5576 kB
Mlocked:            5576 kB
SwapTotal:       3145724 kB
SwapFree:        3140112 kB
Dirty:               752 kB
Writeback:             0 kB
AnonPages:       2692640 kB
Mapped:           792788 kB
Shmem:             34332 kB
KReclaimable:     388164 kB
Slab:             244368 kB
SReclaimable:      94240 kB
SUnreclaim:       150128 kB
KernelStack:       54480 kB
PageTables:        70116 kB
NFS_Unstable:          0 kB
Bounce:                0 kB
WritebackTmp:          0 kB
CommitLimit:     9202292 kB
Committed_AS:   73157752 kB
VmallocTotal:   263061440 kB
VmallocUsed:      111556 kB
VmallocChunk:          0 kB
Percpu:             7616 kB
CmaTotal:         294912 kB
CmaFree:               0 kB
MemTotal:       12113140 kB
MemFree:          414244 kB
MemAvailable:    6453024 kB
Buffers:            3044 kB
Cached:          6516364 kB
SwapCached:            0 kB
Active:          7188468 kB
Inactive:        2000100 kB
Active(anon):    2380652 kB
Inactive(anon):   327376 kB
Active(file):    4807816 kB
Inactive(file):  1672724 kB
Unevictable:        5576 kB
Mlocked:            5576 kB
SwapTotal:       3145724 kB
SwapFree:        3140112 kB
Dirty:               780 kB
Writeback:             0 kB
AnonPages:       2674696 kB
Mapped:           792860 kB
Shmem:             34332 kB
KReclaimable:     388036 kB
Slab:             244368 kB
SReclaimable:      94240 kB
SUnreclaim:       150128 kB
KernelStack:       54480 kB
PageTables:        70116 kB
NFS_Unstable:          0 kB
Bounce:                0 kB
WritebackTmp:          0 kB
CommitLimit:     9202292 kB
Committed_AS:   73158112 kB
VmallocTotal:   263061440 kB
VmallocUsed:      111524 kB
VmallocChunk:          0 kB
Percpu:             7616 kB
CmaTotal:         294912 kB
CmaFree:               0 kB
MemTotal:       12113140 kB
MemFree:          416408 kB
MemAvailable:    6455188 kB
Buffers:            3044 kB
Cached:          6516364 kB
SwapCached:            0 kB
Active:          7188372 kB
Inactive:        1999972 kB
Active(anon):    2380428 kB
Inactive(anon):   327376 kB
Active(file):    4807944 kB
Inactive(file):  1672596 kB
Unevictable:        5576 kB
Mlocked:            5576 kB
SwapTotal:       3145724 kB
SwapFree:        3140112 kB
Dirty:               808 kB
Writeback:             0 kB
AnonPages:       2674612 kB
Mapped:           792860 kB
Shmem:             34332 kB
KReclaimable:     388036 kB
Slab:             244368 kB
SReclaimable:      94240 kB
SUnreclaim:       150128 kB
KernelStack:       54464 kB
PageTables:        70112 kB
NFS_Unstable:          0 kB
Bounce:                0 kB
WritebackTmp:          0 kB
CommitLimit:     9202292 kB
Committed_AS:   73160652 kB
VmallocTotal:   263061440 kB
VmallocUsed:      111524 kB
VmallocChunk:          0 kB
Percpu:             7616 kB
CmaTotal:         294912 kB
CmaFree:              20 kB
MemTotal:       12113140 kB
MemFree:          433360 kB
MemAvailable:    6472140 kB
Buffers:            3044 kB
Cached:          6516364 kB
SwapCached:            0 kB
Active:          7172376 kB
Inactive:        1999968 kB
Active(anon):    2364428 kB
Inactive(anon):   327376 kB
Active(file):    4807948 kB
Inactive(file):  1672592 kB
Unevictable:        5576 kB
Mlocked:            5576 kB
SwapTotal:       3145724 kB
SwapFree:        3140112 kB
Dirty:               808 kB
Writeback:             0 kB
AnonPages:       2658396 kB
Mapped:           779664 kB
Shmem:             34332 kB
KReclaimable:     388036 kB
Slab:             244368 kB
SReclaimable:      94240 kB
SUnreclaim:       150128 kB
KernelStack:       54432 kB
PageTables:        70048 kB
NFS_Unstable:          0 kB
Bounce:                0 kB
WritebackTmp:          0 kB
CommitLimit:     9202292 kB
Committed_AS:   73161120 kB
VmallocTotal:   263061440 kB
VmallocUsed:      111492 kB
VmallocChunk:          0 kB
Percpu:             7616 kB
CmaTotal:         294912 kB
CmaFree:               0 kB
MemTotal:       12113140 kB
MemFree:          434644 kB
MemAvailable:    6473424 kB
Buffers:            3044 kB
Cached:          6516364 kB
SwapCached:            0 kB
Active:          7172288 kB
Inactive:        1999968 kB
Active(anon):    2364340 kB
Inactive(anon):   327376 kB
Active(file):    4807948 kB
Inactive(file):  1672592 kB
Unevictable:        5576 kB
Mlocked:            5576 kB
SwapTotal:       3145724 kB
SwapFree:        3140112 kB
Dirty:               820 kB
Writeback:             0 kB
AnonPages:       2658356 kB
Mapped:           779664 kB
Shmem:             34332 kB
KReclaimable:     388036 kB
Slab:             244368 kB
SReclaimable:      94240 kB
SUnreclaim:       150128 kB
KernelStack:       54336 kB
PageTables:        70052 kB
NFS_Unstable:          0 kB
Bounce:                0 kB
WritebackTmp:          0 kB
CommitLimit:     9202292 kB
Committed_AS:   73148896 kB
VmallocTotal:   263061440 kB
VmallocUsed:      111428 kB
VmallocChunk:          0 kB
Percpu:             7616 kB
CmaTotal:         294912 kB
CmaFree:               0 kB
MemTotal:       12113140 kB
MemFree:          434700 kB
MemAvailable:    6473480 kB
Buffers:            3044 kB
Cached:          6516364 kB
SwapCached:            0 kB
Active:          7172560 kB
Inactive:        1999840 kB
Active(anon):    2364484 kB
Inactive(anon):   327376 kB
Active(file):    4808076 kB
Inactive(file):  1672464 kB
Unevictable:        5576 kB
Mlocked:            5576 kB
SwapTotal:       3145724 kB
SwapFree:        3140112 kB
Dirty:               780 kB
Writeback:             0 kB
AnonPages:       2658812 kB
Mapped:           779664 kB
Shmem:             34332 kB
KReclaimable:     388036 kB
Slab:             244368 kB
SReclaimable:      94240 kB
SUnreclaim:       150128 kB
KernelStack:       54320 kB
PageTables:        70056 kB
NFS_Unstable:          0 kB
Bounce:                0 kB
WritebackTmp:          0 kB
CommitLimit:     9202292 kB
Committed_AS:   73150000 kB
VmallocTotal:   263061440 kB
VmallocUsed:      111396 kB
VmallocChunk:          0 kB
Percpu:             7616 kB
CmaTotal:         294912 kB
CmaFree:               0 kB
MemTotal:       12113140 kB
MemFree:          435012 kB
MemAvailable:    6473792 kB
Buffers:            3044 kB
Cached:          6516364 kB
SwapCached:            0 kB
Active:          7173016 kB
Inactive:        1999836 kB
Active(anon):    2364936 kB
Inactive(anon):   327376 kB
Active(file):    4808080 kB
Inactive(file):  1672460 kB
Unevictable:        5576 kB
Mlocked:            5576 kB
SwapTotal:       3145724 kB
SwapFree:        3140112 kB
Dirty:               780 kB
Writeback:             0 kB
AnonPages:       2659064 kB
Mapped:           779664 kB
Shmem:             34332 kB
KReclaimable:     388036 kB
Slab:             244368 kB
SReclaimable:      94240 kB
SUnreclaim:       150128 kB
KernelStack:       54320 kB
PageTables:        70052 kB
NFS_Unstable:          0 kB
Bounce:                0 kB
WritebackTmp:          0 kB
CommitLimit:     9202292 kB
Committed_AS:   73149692 kB
VmallocTotal:   263061440 kB
VmallocUsed:      111380 kB
VmallocChunk:          0 kB
Percpu:             7616 kB
CmaTotal:         294912 kB
CmaFree:               0 kB
MemTotal:       12113140 kB
MemFree:          434564 kB
MemAvailable:    6473344 kB
Buffers:            3044 kB
Cached:          6516364 kB
SwapCached:            0 kB
Active:          7172328 kB
Inactive:        1999708 kB
Active(anon):    2364120 kB
Inactive(anon):   327376 kB
Active(file):    4808208 kB
Inactive(file):  1672332 kB
Unevictable:        5576 kB
Mlocked:            5576 kB
SwapTotal:       3145724 kB
SwapFree:        3140112 kB
Dirty:               780 kB
Writeback:             0 kB
AnonPages:       2658036 kB
Mapped:           779664 kB
Shmem:             34332 kB
KReclaimable:     388036 kB
Slab:             244632 kB
SReclaimable:      94240 kB
SUnreclaim:       150392 kB
KernelStack:       54320 kB
PageTables:        70384 kB
NFS_Unstable:          0 kB
Bounce:                0 kB
WritebackTmp:          0 kB
CommitLimit:     9202292 kB
Committed_AS:   73149796 kB
VmallocTotal:   263061440 kB
VmallocUsed:      111348 kB
VmallocChunk:          0 kB
Percpu:             7616 kB
CmaTotal:         294912 kB
CmaFree:               0 kB
MemTotal:       12113140 kB
MemFree:          434792 kB
MemAvailable:    6473572 kB
Buffers:            3044 kB
Cached:          6516364 kB
SwapCached:            0 kB
Active:          7173400 kB
Inactive:        1999708 kB
Active(anon):    2365192 kB
Inactive(anon):   327376 kB
Active(file):    4808208 kB
Inactive(file):  1672332 kB
Unevictable:        5576 kB
Mlocked:            5576 kB
SwapTotal:       3145724 kB
SwapFree:        3140112 kB
Dirty:               780 kB
Writeback:             0 kB
AnonPages:       2659396 kB
Mapped:           779664 kB
Shmem:             34332 kB
KReclaimable:     388036 kB
Slab:             244368 kB
SReclaimable:      94240 kB
SUnreclaim:       150128 kB
KernelStack:       54320 kB
PageTables:        70048 kB
NFS_Unstable:          0 kB
Bounce:                0 kB
WritebackTmp:          0 kB
CommitLimit:     9202292 kB
Committed_AS:   73149492 kB
VmallocTotal:   263061440 kB
VmallocUsed:      111316 kB
VmallocChunk:          0 kB
Percpu:             7616 kB
CmaTotal:         294912 kB
CmaFree:               0 kB
MemTotal:       12113140 kB
MemFree:          434688 kB
MemAvailable:    6473468 kB
Buffers:            3044 kB
Cached:          6516364 kB
SwapCached:            0 kB
Active:          7173792 kB
Inactive:        1999708 kB
Active(anon):    2365584 kB
Inactive(anon):   327376 kB
Active(file):    4808208 kB
Inactive(file):  1672332 kB
Unevictable:        5576 kB
Mlocked:            5576 kB
SwapTotal:       3145724 kB
SwapFree:        3140112 kB
Dirty:               792 kB
Writeback:             0 kB
AnonPages:       2659832 kB
Mapped:           779664 kB
Shmem:             34332 kB
KReclaimable:     388036 kB
Slab:             244368 kB
SReclaimable:      94240 kB
SUnreclaim:       150128 kB
KernelStack:       54320 kB
PageTables:        70056 kB
NFS_Unstable:          0 kB
Bounce:                0 kB
WritebackTmp:          0 kB
CommitLimit:     9202292 kB
Committed_AS:   73148500 kB
VmallocTotal:   263061440 kB
VmallocUsed:      111348 kB
VmallocChunk:          0 kB
Percpu:             7616 kB
CmaTotal:         294912 kB
CmaFree:               0 kB
MemTotal:       12113140 kB
MemFree:          434308 kB
MemAvailable:    6473088 kB
Buffers:            3044 kB
Cached:          6516364 kB
SwapCached:            0 kB
Active:          7173816 kB
Inactive:        1999704 kB
Active(anon):    2365604 kB
Inactive(anon):   327376 kB
Active(file):    4808212 kB
Inactive(file):  1672328 kB
Unevictable:        5576 kB
Mlocked:            5576 kB
SwapTotal:       3145724 kB
SwapFree:        3140112 kB
Dirty:               752 kB
Writeback:             0 kB
AnonPages:       2659744 kB
Mapped:           779728 kB
Shmem:             34332 kB
KReclaimable:     388036 kB
Slab:             244368 kB
SReclaimable:      94240 kB
SUnreclaim:       150128 kB
KernelStack:       54320 kB
PageTables:        70052 kB
NFS_Unstable:          0 kB
Bounce:                0 kB
WritebackTmp:          0 kB
CommitLimit:     9202292 kB
Committed_AS:   73149256 kB
VmallocTotal:   263061440 kB
VmallocUsed:      111348 kB
VmallocChunk:          0 kB
Percpu:             7616 kB
CmaTotal:         294912 kB
CmaFree:               0 kB
MemTotal:       12113140 kB
MemFree:          433200 kB
MemAvailable:    6471980 kB
Buffers:            3044 kB
Cached:          6516364 kB
SwapCached:            0 kB
Active:          7177092 kB
Inactive:        1999580 kB
Active(anon):    2368756 kB
Inactive(anon):   327376 kB
Active(file):    4808336 kB
Inactive(file):  1672204 kB
Unevictable:        5576 kB
Mlocked:            5576 kB
SwapTotal:       3145724 kB
SwapFree:        3140112 kB
Dirty:               804 kB
Writeback:             0 kB
AnonPages:       2662896 kB
Mapped:           779728 kB
Shmem:             34332 kB
KReclaimable:     388036 kB
Slab:             244360 kB
SReclaimable:      94240 kB
SUnreclaim:       150120 kB
KernelStack:       54304 kB
PageTables:        70044 kB
NFS_Unstable:          0 kB
Bounce:                0 kB
WritebackTmp:          0 kB
CommitLimit:     9202292 kB
Committed_AS:   73144704 kB
VmallocTotal:   263061440 kB
VmallocUsed:      111364 kB
VmallocChunk:          0 kB
Percpu:             7616 kB
CmaTotal:         294912 kB
CmaFree:               0 kB
MemTotal:       12113140 kB
MemFree:          431536 kB
MemAvailable:    6470176 kB
Buffers:            3044 kB
Cached:          6516364 kB
SwapCached:            0 kB
Active:          7177016 kB
Inactive:        1999580 kB
Active(anon):    2368680 kB
Inactive(anon):   327376 kB
Active(file):    4808336 kB
Inactive(file):  1672204 kB
Unevictable:        5576 kB
Mlocked:            5576 kB
SwapTotal:       3145724 kB
SwapFree:        3140112 kB
Dirty:               832 kB
Writeback:             0 kB
AnonPages:       2662912 kB
Mapped:           780036 kB
Shmem:             34332 kB
KReclaimable:     387756 kB
Slab:             244360 kB
SReclaimable:      94240 kB
SUnreclaim:       150120 kB
KernelStack:       54304 kB
PageTables:        70048 kB
NFS_Unstable:          0 kB
Bounce:                0 kB
WritebackTmp:          0 kB
CommitLimit:     9202292 kB
Committed_AS:   73139596 kB
VmallocTotal:   263061440 kB
VmallocUsed:      111348 kB
VmallocChunk:          0 kB
Percpu:             7616 kB
CmaTotal:         294912 kB
CmaFree:               0 kB
MemTotal:       12113140 kB
MemFree:          430900 kB
MemAvailable:    6468856 kB
Buffers:            3044 kB
Cached:          6516364 kB
SwapCached:            0 kB
Active:          7178032 kB
Inactive:        1999452 kB
Active(anon):    2369568 kB
Inactive(anon):   327376 kB
Active(file):    4808464 kB
Inactive(file):  1672076 kB
Unevictable:        5576 kB
Mlocked:            5576 kB
SwapTotal:       3145724 kB
SwapFree:        3140112 kB
Dirty:               832 kB
Writeback:             0 kB
AnonPages:       2663672 kB
Mapped:           780648 kB
Shmem:             34332 kB
KReclaimable:     386392 kB
Slab:             244384 kB
SReclaimable:      94240 kB
SUnreclaim:       150144 kB
KernelStack:       54304 kB
PageTables:        70048 kB
NFS_Unstable:          0 kB
Bounce:                0 kB
WritebackTmp:          0 kB
CommitLimit:     9202292 kB
Committed_AS:   73144712 kB
VmallocTotal:   263061440 kB
VmallocUsed:      111380 kB
VmallocChunk:          0 kB
Percpu:             7616 kB
CmaTotal:         294912 kB
CmaFree:               0 kB
MemTotal:       12113140 kB
MemFree:          430068 kB
MemAvailable:    6468012 kB
Buffers:            3044 kB
Cached:          6516364 kB
SwapCached:            0 kB
Active:          7178368 kB
Inactive:        1999444 kB
Active(anon):    2369896 kB
Inactive(anon):   327376 kB
Active(file):    4808472 kB
Inactive(file):  1672068 kB
Unevictable:        5576 kB
Mlocked:            5576 kB
SwapTotal:       3145724 kB
SwapFree:        3140112 kB
Dirty:               848 kB
Writeback:             0 kB
AnonPages:       2664196 kB
Mapped:           780808 kB
Shmem:             34332 kB
KReclaimable:     386368 kB
Slab:             244388 kB
SReclaimable:      94240 kB
SUnreclaim:       150148 kB
KernelStack:       54272 kB
PageTables:        70048 kB
NFS_Unstable:          0 kB
Bounce:                0 kB
WritebackTmp:          0 kB
CommitLimit:     9202292 kB
Committed_AS:   73144032 kB
VmallocTotal:   263061440 kB
VmallocUsed:      111332 kB
VmallocChunk:          0 kB
Percpu:             7616 kB
CmaTotal:         294912 kB
CmaFree:               0 kB
MemTotal:       12113140 kB
MemFree:          429744 kB
MemAvailable:    6467692 kB
Buffers:            3044 kB
Cached:          6516368 kB
SwapCached:            0 kB
Active:          7178804 kB
Inactive:        1999328 kB
Active(anon):    2370212 kB
Inactive(anon):   327376 kB
Active(file):    4808592 kB
Inactive(file):  1671952 kB
Unevictable:        5576 kB
Mlocked:            5576 kB
SwapTotal:       3145724 kB
SwapFree:        3140112 kB
Dirty:               756 kB
Writeback:             0 kB
AnonPages:       2664496 kB
Mapped:           780812 kB
Shmem:             34332 kB
KReclaimable:     386368 kB
Slab:             244364 kB
SReclaimable:      94240 kB
SUnreclaim:       150124 kB
KernelStack:       54272 kB
PageTables:        69836 kB
NFS_Unstable:          0 kB
Bounce:                0 kB
WritebackTmp:          0 kB
CommitLimit:     9202292 kB
Committed_AS:   73138820 kB
VmallocTotal:   263061440 kB
VmallocUsed:      111284 kB
VmallocChunk:          0 kB
Percpu:             7616 kB
CmaTotal:         294912 kB
CmaFree:               0 kB
MemTotal:       12113140 kB
MemFree:          429740 kB
MemAvailable:    6467688 kB
Buffers:            3044 kB
Cached:          6516368 kB
SwapCached:            0 kB
Active:          7178944 kB
Inactive:        1999320 kB
Active(anon):    2370344 kB
Inactive(anon):   327376 kB
Active(file):    4808600 kB
Inactive(file):  1671944 kB
Unevictable:        5576 kB
Mlocked:            5576 kB
SwapTotal:       3145724 kB
SwapFree:        3140112 kB
Dirty:               756 kB
Writeback:             0 kB
AnonPages:       2664576 kB
Mapped:           780816 kB
Shmem:             34332 kB
KReclaimable:     386368 kB
Slab:             244388 kB
SReclaimable:      94240 kB
SUnreclaim:       150148 kB
KernelStack:       54208 kB
PageTables:        70032 kB
NFS_Unstable:          0 kB
Bounce:                0 kB
WritebackTmp:          0 kB
CommitLimit:     9202292 kB
Committed_AS:   73141376 kB
VmallocTotal:   263061440 kB
VmallocUsed:      111188 kB
VmallocChunk:          0 kB
Percpu:             7616 kB
CmaTotal:         294912 kB
CmaFree:               0 kB
MemTotal:       12113140 kB
MemFree:          430720 kB
MemAvailable:    6468668 kB
Buffers:            3044 kB
Cached:          6516368 kB
SwapCached:            0 kB
Active:          7179192 kB
Inactive:        1999200 kB
Active(anon):    2370472 kB
Inactive(anon):   327376 kB
Active(file):    4808720 kB
Inactive(file):  1671824 kB
Unevictable:        5576 kB
Mlocked:            5576 kB
SwapTotal:       3145724 kB
SwapFree:        3140112 kB
Dirty:               784 kB
Writeback:             0 kB
AnonPages:       2664780 kB
Mapped:           780816 kB
Shmem:             34332 kB
KReclaimable:     386368 kB
Slab:             244388 kB
SReclaimable:      94240 kB
SUnreclaim:       150148 kB
KernelStack:       54048 kB
PageTables:        70052 kB
NFS_Unstable:          0 kB
Bounce:                0 kB
WritebackTmp:          0 kB
CommitLimit:     9202292 kB
Committed_AS:   73147324 kB
VmallocTotal:   263061440 kB
VmallocUsed:      111092 kB
VmallocChunk:          0 kB
Percpu:             7616 kB
CmaTotal:         294912 kB
CmaFree:               0 kB
MemTotal:       12113140 kB
MemFree:          430700 kB
MemAvailable:    6468648 kB
Buffers:            3044 kB
Cached:          6516368 kB
SwapCached:            0 kB
Active:          7179440 kB
Inactive:        1999192 kB
Active(anon):    2370712 kB
Inactive(anon):   327376 kB
Active(file):    4808728 kB
Inactive(file):  1671816 kB
Unevictable:        5576 kB
Mlocked:            5576 kB
SwapTotal:       3145724 kB
SwapFree:        3140112 kB
Dirty:               784 kB
Writeback:             0 kB
AnonPages:       2664764 kB
Mapped:           780824 kB
Shmem:             34332 kB
KReclaimable:     386368 kB
Slab:             244388 kB
SReclaimable:      94240 kB
SUnreclaim:       150148 kB
KernelStack:       54048 kB
PageTables:        70048 kB
NFS_Unstable:          0 kB
Bounce:                0 kB
WritebackTmp:          0 kB
CommitLimit:     9202292 kB
Committed_AS:   73148972 kB
VmallocTotal:   263061440 kB
VmallocUsed:      111092 kB
VmallocChunk:          0 kB
Percpu:             7616 kB
CmaTotal:         294912 kB
CmaFree:               0 kB
MemTotal:       12113140 kB
MemFree:          430652 kB
MemAvailable:    6468600 kB
Buffers:            3044 kB
Cached:          6516368 kB
SwapCached:            0 kB
Active:          7179732 kB
Inactive:        1999192 kB
Active(anon):    2371004 kB
Inactive(anon):   327376 kB
Active(file):    4808728 kB
Inactive(file):  1671816 kB
Unevictable:        5576 kB
Mlocked:            5576 kB
SwapTotal:       3145724 kB
SwapFree:        3140112 kB
Dirty:               784 kB
Writeback:             0 kB
AnonPages:       2665152 kB
Mapped:           780848 kB
Shmem:             34332 kB
KReclaimable:     386368 kB
Slab:             244388 kB
SReclaimable:      94240 kB
SUnreclaim:       150148 kB
KernelStack:       54016 kB
PageTables:        70044 kB
NFS_Unstable:          0 kB
Bounce:                0 kB
WritebackTmp:          0 kB
CommitLimit:     9202292 kB
Committed_AS:   73148628 kB
VmallocTotal:   263061440 kB
VmallocUsed:      111092 kB
VmallocChunk:          0 kB
Percpu:             7616 kB
CmaTotal:         294912 kB
CmaFree:               0 kB
MemTotal:       12113140 kB
MemFree:          429364 kB
MemAvailable:    6467312 kB
Buffers:            3044 kB
Cached:          6516372 kB
SwapCached:            0 kB
Active:          7180132 kB
Inactive:        1999196 kB
Active(anon):    2371404 kB
Inactive(anon):   327380 kB
Active(file):    4808728 kB
Inactive(file):  1671816 kB
Unevictable:        5576 kB
Mlocked:            5576 kB
SwapTotal:       3145724 kB
SwapFree:        3140112 kB
Dirty:               812 kB
Writeback:             0 kB
AnonPages:       2665640 kB
Mapped:           780864 kB
Shmem:             34336 kB
KReclaimable:     386368 kB
Slab:             244388 kB
SReclaimable:      94240 kB
SUnreclaim:       150148 kB
KernelStack:       54032 kB
PageTables:        70192 kB
NFS_Unstable:          0 kB
Bounce:                0 kB
WritebackTmp:          0 kB
CommitLimit:     9202292 kB
Committed_AS:   73145968 kB
VmallocTotal:   263061440 kB
VmallocUsed:      111076 kB
VmallocChunk:          0 kB
Percpu:             7616 kB
CmaTotal:         294912 kB
CmaFree:               0 kB
MemTotal:       12113140 kB
MemFree:          429664 kB
MemAvailable:    6467612 kB
Buffers:            3044 kB
Cached:          6516372 kB
SwapCached:            0 kB
Active:          7180532 kB
Inactive:        1999068 kB
Active(anon):    2371676 kB
Inactive(anon):   327380 kB
Active(file):    4808856 kB
Inactive(file):  1671688 kB
Unevictable:        5576 kB
Mlocked:            5576 kB
SwapTotal:       3145724 kB
SwapFree:        3140112 kB
Dirty:               836 kB
Writeback:             0 kB
AnonPages:       2665844 kB
Mapped:           780868 kB
Shmem:             34336 kB
KReclaimable:     386368 kB
Slab:             244556 kB
SReclaimable:      94240 kB
SUnreclaim:       150316 kB
KernelStack:       54016 kB
PageTables:        70188 kB
NFS_Unstable:          0 kB
Bounce:                0 kB
WritebackTmp:          0 kB
CommitLimit:     9202292 kB
Committed_AS:   73145568 kB
VmallocTotal:   263061440 kB
VmallocUsed:      111060 kB
VmallocChunk:          0 kB
Percpu:             7616 kB
CmaTotal:         294912 kB
CmaFree:               0 kB
MemTotal:       12113140 kB
MemFree:          428004 kB
MemAvailable:    6465952 kB
Buffers:            3044 kB
Cached:          6516372 kB
SwapCached:            0 kB
Active:          7182060 kB
Inactive:        1999068 kB
Active(anon):    2373204 kB
Inactive(anon):   327380 kB
Active(file):    4808856 kB
Inactive(file):  1671688 kB
Unevictable:        5576 kB
Mlocked:            5576 kB
SwapTotal:       3145724 kB
SwapFree:        3140112 kB
Dirty:               836 kB
Writeback:             0 kB
AnonPages:       2667368 kB
Mapped:           780868 kB
Shmem:             34336 kB
KReclaimable:     386368 kB
Slab:             244388 kB
SReclaimable:      94240 kB
SUnreclaim:       150148 kB
KernelStack:       54016 kB
PageTables:        70052 kB
NFS_Unstable:          0 kB
Bounce:                0 kB
WritebackTmp:          0 kB
CommitLimit:     9202292 kB
Committed_AS:   73145020 kB
VmallocTotal:   263061440 kB
VmallocUsed:      111060 kB
VmallocChunk:          0 kB
Percpu:             7616 kB
CmaTotal:         294912 kB
CmaFree:               0 kB
MemTotal:       12113140 kB
MemFree:          427484 kB
MemAvailable:    6465432 kB
Buffers:            3044 kB
Cached:          6516372 kB
SwapCached:            0 kB
Active:          7182280 kB
Inactive:        1998948 kB
Active(anon):    2373304 kB
Inactive(anon):   327380 kB
Active(file):    4808976 kB
Inactive(file):  1671568 kB
Unevictable:        5576 kB
Mlocked:            5576 kB
SwapTotal:       3145724 kB
SwapFree:        3140112 kB
Dirty:               852 kB
Writeback:             0 kB
AnonPages:       2667724 kB
Mapped:           780872 kB
Shmem:             34336 kB
KReclaimable:     386368 kB
Slab:             244388 kB
SReclaimable:      94240 kB
SUnreclaim:       150148 kB
KernelStack:       54016 kB
PageTables:        70044 kB
NFS_Unstable:          0 kB
Bounce:                0 kB
WritebackTmp:          0 kB
CommitLimit:     9202292 kB
Committed_AS:   73144668 kB
VmallocTotal:   263061440 kB
VmallocUsed:      111076 kB
VmallocChunk:          0 kB
Percpu:             7616 kB
CmaTotal:         294912 kB
CmaFree:               0 kB
MemTotal:       12113140 kB
MemFree:          427508 kB
MemAvailable:    6465456 kB
Buffers:            3044 kB
Cached:          6516372 kB
SwapCached:            0 kB
Active:          7182404 kB
Inactive:        1998948 kB
Active(anon):    2373428 kB
Inactive(anon):   327380 kB
Active(file):    4808976 kB
Inactive(file):  1671568 kB
Unevictable:        5576 kB
Mlocked:            5576 kB
SwapTotal:       3145724 kB
SwapFree:        3140112 kB
Dirty:               852 kB
Writeback:             0 kB
AnonPages:       2667608 kB
Mapped:           780872 kB
Shmem:             34336 kB
KReclaimable:     386368 kB
Slab:             244388 kB
SReclaimable:      94240 kB
SUnreclaim:       150148 kB
KernelStack:       54016 kB
PageTables:        70060 kB
NFS_Unstable:          0 kB
Bounce:                0 kB
WritebackTmp:          0 kB
CommitLimit:     9202292 kB
Committed_AS:   73144316 kB
VmallocTotal:   263061440 kB
VmallocUsed:      111092 kB
VmallocChunk:          0 kB
Percpu:             7616 kB
CmaTotal:         294912 kB
CmaFree:               0 kB
MemTotal:       12113140 kB
MemFree:          426764 kB
MemAvailable:    6464712 kB
Buffers:            3044 kB
Cached:          6516392 kB
SwapCached:            0 kB
Active:          7183988 kB
Inactive:        1998840 kB
Active(anon):    2374884 kB
Inactive(anon):   327400 kB
Active(file):    4809104 kB
Inactive(file):  1671440 kB
Unevictable:        5576 kB
Mlocked:            5576 kB
SwapTotal:       3145724 kB
SwapFree:        3140112 kB
Dirty:               852 kB
Writeback:             0 kB
AnonPages:       2669112 kB
Mapped:           780780 kB
Shmem:             34356 kB
KReclaimable:     386368 kB
Slab:             244380 kB
SReclaimable:      94240 kB
SUnreclaim:       150140 kB
KernelStack:       53984 kB
PageTables:        70024 kB
NFS_Unstable:          0 kB
Bounce:                0 kB
WritebackTmp:          0 kB
CommitLimit:     9202292 kB
Committed_AS:   73142624 kB
VmallocTotal:   263061440 kB
VmallocUsed:      111076 kB
VmallocChunk:          0 kB
Percpu:             7616 kB
CmaTotal:         294912 kB
CmaFree:               0 kB
MemTotal:       12113140 kB
MemFree:          426028 kB
MemAvailable:    6463976 kB
Buffers:            3044 kB
Cached:          6516392 kB
SwapCached:            0 kB
Active:          7184320 kB
Inactive:        1998832 kB
Active(anon):    2375208 kB
Inactive(anon):   327400 kB
Active(file):    4809112 kB
Inactive(file):  1671432 kB
Unevictable:        5576 kB
Mlocked:            5576 kB
SwapTotal:       3145724 kB
SwapFree:        3140112 kB
Dirty:               780 kB
Writeback:             0 kB
AnonPages:       2669524 kB
Mapped:           780896 kB
Shmem:             34356 kB
KReclaimable:     386368 kB
Slab:             244388 kB
SReclaimable:      94240 kB
SUnreclaim:       150148 kB
KernelStack:       53968 kB
PageTables:        70060 kB
NFS_Unstable:          0 kB
Bounce:                0 kB
WritebackTmp:          0 kB
CommitLimit:     9202292 kB
Committed_AS:   73142448 kB
VmallocTotal:   263061440 kB
VmallocUsed:      111012 kB
VmallocChunk:          0 kB
Percpu:             7616 kB
CmaTotal:         294912 kB
CmaFree:               0 kB
MemTotal:       12113140 kB
MemFree:          426868 kB
MemAvailable:    6464816 kB
Buffers:            3044 kB
Cached:          6516392 kB
SwapCached:            0 kB
Active:          7184016 kB
Inactive:        1998832 kB
Active(anon):    2374904 kB
Inactive(anon):   327400 kB
Active(file):    4809112 kB
Inactive(file):  1671432 kB
Unevictable:        5576 kB
Mlocked:            5576 kB
SwapTotal:       3145724 kB
SwapFree:        3140112 kB
Dirty:               780 kB
Writeback:             0 kB
AnonPages:       2669160 kB
Mapped:           780900 kB
Shmem:             34356 kB
KReclaimable:     386368 kB
Slab:             244388 kB
SReclaimable:      94240 kB
SUnreclaim:       150148 kB
KernelStack:       53936 kB
PageTables:        70048 kB
NFS_Unstable:          0 kB
Bounce:                0 kB
WritebackTmp:          0 kB
CommitLimit:     9202292 kB
Committed_AS:   73142184 kB
VmallocTotal:   263061440 kB
VmallocUsed:      110996 kB
VmallocChunk:          0 kB
Percpu:             7616 kB
CmaTotal:         294912 kB
CmaFree:               8 kB
MemTotal:       12113140 kB
MemFree:          434560 kB
MemAvailable:    6472508 kB
Buffers:            3044 kB
Cached:          6516392 kB
SwapCached:            0 kB
Active:          7174640 kB
Inactive:        1998832 kB
Active(anon):    2365528 kB
Inactive(anon):   327400 kB
Active(file):    4809112 kB
Inactive(file):  1671432 kB
Unevictable:        5576 kB
Mlocked:            5576 kB
SwapTotal:       3145724 kB
SwapFree:        3140112 kB
Dirty:               796 kB
Writeback:             0 kB
AnonPages:       2659632 kB
Mapped:           780904 kB
Shmem:             34356 kB
KReclaimable:     386368 kB
Slab:             244388 kB
SReclaimable:      94240 kB
SUnreclaim:       150148 kB
KernelStack:       53936 kB
PageTables:        70044 kB
NFS_Unstable:          0 kB
Bounce:                0 kB
WritebackTmp:          0 kB
CommitLimit:     9202292 kB
Committed_AS:   73141832 kB
VmallocTotal:   263061440 kB
VmallocUsed:      110996 kB
VmallocChunk:          0 kB
Percpu:             7616 kB
CmaTotal:         294912 kB
CmaFree:               4 kB
MemTotal:       12113140 kB
MemFree:          407636 kB
MemAvailable:    6445584 kB
Buffers:            3044 kB
Cached:          6516392 kB
SwapCached:            0 kB
Active:          7203616 kB
Inactive:        1998772 kB
Active(anon):    2394376 kB
Inactive(anon):   327468 kB
Active(file):    4809240 kB
Inactive(file):  1671304 kB
Unevictable:        5576 kB
Mlocked:            5576 kB
SwapTotal:       3145724 kB
SwapFree:        3140112 kB
Dirty:               824 kB
Writeback:             0 kB
AnonPages:       2688180 kB
Mapped:           780980 kB
Shmem:             34356 kB
KReclaimable:     386368 kB
Slab:             244228 kB
SReclaimable:      94240 kB
SUnreclaim:       149988 kB
KernelStack:       53936 kB
PageTables:        69908 kB
NFS_Unstable:          0 kB
Bounce:                0 kB
WritebackTmp:          0 kB
CommitLimit:     9202292 kB
Committed_AS:   73140908 kB
VmallocTotal:   263061440 kB
VmallocUsed:      111012 kB
