MemTotal:       12113136 kB
MemFree:          478728 kB
MemAvailable:    7938684 kB
Buffers:            7540 kB
Cached:          7835248 kB
SwapCached:            0 kB
Active:          2076464 kB
Inactive:        6998160 kB
Active(anon):    1133608 kB
Inactive(anon):   137956 kB
Active(file):     942856 kB
Inactive(file):  6860204 kB
Unevictable:        5716 kB
Mlocked:            5716 kB
SwapTotal:       3145724 kB
SwapFree:        3145724 kB
Dirty:               172 kB
Writeback:             0 kB
AnonPages:       1237716 kB
Mapped:           771448 kB
Shmem:             35060 kB
KReclaimable:     525600 kB
Slab:             227252 kB
SReclaimable:      79980 kB
SUnreclaim:       147272 kB
KernelStack:       47216 kB
PageTables:        63664 kB
NFS_Unstable:          0 kB
Bounce:                0 kB
WritebackTmp:          0 kB
CommitLimit:     9202292 kB
Committed_AS:   67518132 kB
VmallocTotal:   263061440 kB
VmallocUsed:      104216 kB
VmallocChunk:          0 kB
Percpu:             7648 kB
CmaTotal:         294912 kB
CmaFree:               0 kB
MemTotal:       12113136 kB
MemFree:          476660 kB
MemAvailable:    7936708 kB
Buffers:            7540 kB
Cached:          7835312 kB
SwapCached:            0 kB
Active:          2076560 kB
Inactive:        6998196 kB
Active(anon):    1133676 kB
Inactive(anon):   137960 kB
Active(file):     942884 kB
Inactive(file):  6860236 kB
Unevictable:        5716 kB
Mlocked:            5716 kB
SwapTotal:       3145724 kB
SwapFree:        3145724 kB
Dirty:               232 kB
Writeback:             0 kB
AnonPages:       1237684 kB
Mapped:           771452 kB
Shmem:             35064 kB
KReclaimable:     525632 kB
Slab:             227292 kB
SReclaimable:      80012 kB
SUnreclaim:       147280 kB
KernelStack:       47216 kB
PageTables:        63516 kB
NFS_Unstable:          0 kB
Bounce:                0 kB
WritebackTmp:          0 kB
CommitLimit:     9202292 kB
Committed_AS:   67523448 kB
VmallocTotal:   263061440 kB
VmallocUsed:      104264 kB
VmallocChunk:          0 kB
Percpu:             7648 kB
CmaTotal:         294912 kB
CmaFree:               0 kB
MemTotal:       12113136 kB
MemFree:          456484 kB
MemAvailable:    7916540 kB
Buffers:            7540 kB
Cached:          7835048 kB
SwapCached:            0 kB
Active:          2097668 kB
Inactive:        6998396 kB
Active(anon):    1154784 kB
Inactive(anon):   138152 kB
Active(file):     942884 kB
Inactive(file):  6860244 kB
Unevictable:        5716 kB
Mlocked:            5716 kB
SwapTotal:       3145724 kB
SwapFree:        3145724 kB
Dirty:               240 kB
Writeback:             0 kB
AnonPages:       1258708 kB
Mapped:           771712 kB
Shmem:             34792 kB
KReclaimable:     525632 kB
Slab:             227292 kB
SReclaimable:      80012 kB
SUnreclaim:       147280 kB
KernelStack:       47296 kB
PageTables:        63708 kB
NFS_Unstable:          0 kB
Bounce:                0 kB
WritebackTmp:          0 kB
CommitLimit:     9202292 kB
Committed_AS:   67519972 kB
VmallocTotal:   263061440 kB
VmallocUsed:      104280 kB
VmallocChunk:          0 kB
Percpu:             7648 kB
CmaTotal:         294912 kB
CmaFree:             152 kB
MemTotal:       12113136 kB
MemFree:          466300 kB
MemAvailable:    7926380 kB
Buffers:            7540 kB
Cached:          7835268 kB
SwapCached:            0 kB
Active:          2087116 kB
Inactive:        6998152 kB
Active(anon):    1144232 kB
Inactive(anon):   137900 kB
Active(file):     942884 kB
Inactive(file):  6860252 kB
Unevictable:        5716 kB
Mlocked:            5716 kB
SwapTotal:       3145724 kB
SwapFree:        3145724 kB
Dirty:               304 kB
Writeback:             0 kB
AnonPages:       1248092 kB
Mapped:           771424 kB
Shmem:             35004 kB
KReclaimable:     525648 kB
Slab:             227300 kB
SReclaimable:      80028 kB
SUnreclaim:       147272 kB
KernelStack:       47264 kB
PageTables:        63560 kB
NFS_Unstable:          0 kB
Bounce:                0 kB
WritebackTmp:          0 kB
CommitLimit:     9202292 kB
Committed_AS:   67520052 kB
VmallocTotal:   263061440 kB
VmallocUsed:      104248 kB
VmallocChunk:          0 kB
Percpu:             7648 kB
CmaTotal:         294912 kB
CmaFree:               0 kB
MemTotal:       12113136 kB
MemFree:          465728 kB
MemAvailable:    7925828 kB
Buffers:            7540 kB
Cached:          7835288 kB
SwapCached:            0 kB
Active:          2087544 kB
Inactive:        6998168 kB
Active(anon):    1144656 kB
Inactive(anon):   137900 kB
Active(file):     942888 kB
Inactive(file):  6860268 kB
Unevictable:        5716 kB
Mlocked:            5716 kB
SwapTotal:       3145724 kB
SwapFree:        3145724 kB
Dirty:               332 kB
Writeback:             0 kB
AnonPages:       1248544 kB
Mapped:           771488 kB
Shmem:             35004 kB
KReclaimable:     525648 kB
Slab:             227316 kB
SReclaimable:      80028 kB
SUnreclaim:       147288 kB
KernelStack:       47248 kB
PageTables:        63592 kB
NFS_Unstable:          0 kB
Bounce:                0 kB
WritebackTmp:          0 kB
CommitLimit:     9202292 kB
Committed_AS:   67525040 kB
VmallocTotal:   263061440 kB
VmallocUsed:      104264 kB
VmallocChunk:          0 kB
Percpu:             7648 kB
CmaTotal:         294912 kB
CmaFree:               0 kB
MemTotal:       12113136 kB
MemFree:          465864 kB
MemAvailable:    7925956 kB
Buffers:            7540 kB
Cached:          7835296 kB
SwapCached:            0 kB
Active:          2088108 kB
Inactive:        6998180 kB
Active(anon):    1145224 kB
Inactive(anon):   137900 kB
Active(file):     942884 kB
Inactive(file):  6860280 kB
Unevictable:        5716 kB
Mlocked:            5716 kB
SwapTotal:       3145724 kB
SwapFree:        3145724 kB
Dirty:               376 kB
Writeback:             0 kB
AnonPages:       1249304 kB
Mapped:           771488 kB
Shmem:             35004 kB
KReclaimable:     525632 kB
Slab:             227284 kB
SReclaimable:      80012 kB
SUnreclaim:       147272 kB
KernelStack:       47328 kB
PageTables:        63816 kB
NFS_Unstable:          0 kB
Bounce:                0 kB
WritebackTmp:          0 kB
CommitLimit:     9202292 kB
Committed_AS:   67523740 kB
VmallocTotal:   263061440 kB
VmallocUsed:      104264 kB
VmallocChunk:          0 kB
Percpu:             7648 kB
CmaTotal:         294912 kB
CmaFree:               0 kB
MemTotal:       12113136 kB
MemFree:          473700 kB
MemAvailable:    7933804 kB
Buffers:            7540 kB
Cached:          7835308 kB
SwapCached:            0 kB
Active:          2079972 kB
Inactive:        6998192 kB
Active(anon):    1137088 kB
Inactive(anon):   137900 kB
Active(file):     942884 kB
Inactive(file):  6860292 kB
Unevictable:        5716 kB
Mlocked:            5716 kB
SwapTotal:       3145724 kB
SwapFree:        3145724 kB
Dirty:               392 kB
Writeback:             0 kB
AnonPages:       1240700 kB
Mapped:           771488 kB
Shmem:             35004 kB
KReclaimable:     525632 kB
Slab:             227260 kB
SReclaimable:      80012 kB
SUnreclaim:       147248 kB
KernelStack:       47248 kB
PageTables:        63736 kB
NFS_Unstable:          0 kB
Bounce:                0 kB
WritebackTmp:          0 kB
CommitLimit:     9202292 kB
Committed_AS:   67525096 kB
VmallocTotal:   263061440 kB
VmallocUsed:      104280 kB
VmallocChunk:          0 kB
Percpu:             7648 kB
CmaTotal:         294912 kB
CmaFree:             284 kB
MemTotal:       12113136 kB
MemFree:          484156 kB
MemAvailable:    7944268 kB
Buffers:            7540 kB
Cached:          7835320 kB
SwapCached:            0 kB
Active:          2068680 kB
Inactive:        6998204 kB
Active(anon):    1125796 kB
Inactive(anon):   137904 kB
Active(file):     942884 kB
Inactive(file):  6860300 kB
Unevictable:        5716 kB
Mlocked:            5716 kB
SwapTotal:       3145724 kB
SwapFree:        3145724 kB
Dirty:               436 kB
Writeback:             0 kB
AnonPages:       1229708 kB
Mapped:           771384 kB
Shmem:             35008 kB
KReclaimable:     525632 kB
Slab:             227284 kB
SReclaimable:      80012 kB
SUnreclaim:       147272 kB
KernelStack:       47248 kB
PageTables:        63724 kB
NFS_Unstable:          0 kB
Bounce:                0 kB
WritebackTmp:          0 kB
CommitLimit:     9202292 kB
Committed_AS:   67518460 kB
VmallocTotal:   263061440 kB
VmallocUsed:      104264 kB
VmallocChunk:          0 kB
Percpu:             7648 kB
CmaTotal:         294912 kB
CmaFree:               0 kB
MemTotal:       12113136 kB
MemFree:          497852 kB
MemAvailable:    7957984 kB
Buffers:            7540 kB
Cached:          7835340 kB
SwapCached:            0 kB
Active:          2054364 kB
Inactive:        6998224 kB
Active(anon):    1111480 kB
Inactive(anon):   137904 kB
Active(file):     942884 kB
Inactive(file):  6860320 kB
Unevictable:        5716 kB
Mlocked:            5716 kB
SwapTotal:       3145724 kB
SwapFree:        3145724 kB
Dirty:               456 kB
Writeback:             0 kB
AnonPages:       1215364 kB
Mapped:           771492 kB
Shmem:             35008 kB
KReclaimable:     525632 kB
Slab:             227276 kB
SReclaimable:      80012 kB
SUnreclaim:       147264 kB
KernelStack:       47296 kB
PageTables:        63760 kB
NFS_Unstable:          0 kB
Bounce:                0 kB
WritebackTmp:          0 kB
CommitLimit:     9202292 kB
Committed_AS:   67519728 kB
VmallocTotal:   263061440 kB
VmallocUsed:      104280 kB
VmallocChunk:          0 kB
Percpu:             7648 kB
CmaTotal:         294912 kB
CmaFree:             464 kB
MemTotal:       12113136 kB
MemFree:          497324 kB
MemAvailable:    7957488 kB
Buffers:            7540 kB
Cached:          7835384 kB
SwapCached:            0 kB
Active:          2055208 kB
Inactive:        6998268 kB
Active(anon):    1112324 kB
Inactive(anon):   137936 kB
Active(file):     942884 kB
Inactive(file):  6860332 kB
Unevictable:        5716 kB
Mlocked:            5716 kB
SwapTotal:       3145724 kB
SwapFree:        3145724 kB
Dirty:               308 kB
Writeback:             0 kB
AnonPages:       1216164 kB
Mapped:           771444 kB
Shmem:             35040 kB
KReclaimable:     525652 kB
Slab:             227272 kB
SReclaimable:      80032 kB
SUnreclaim:       147240 kB
KernelStack:       47264 kB
PageTables:        63740 kB
NFS_Unstable:          0 kB
Bounce:                0 kB
WritebackTmp:          0 kB
CommitLimit:     9202292 kB
Committed_AS:   67514364 kB
VmallocTotal:   263061440 kB
VmallocUsed:      104296 kB
VmallocChunk:          0 kB
Percpu:             7648 kB
CmaTotal:         294912 kB
CmaFree:              84 kB
MemTotal:       12113136 kB
MemFree:          496300 kB
MemAvailable:    7956456 kB
Buffers:            7540 kB
Cached:          7835552 kB
SwapCached:            0 kB
Active:          2055800 kB
Inactive:        6998436 kB
Active(anon):    1112916 kB
Inactive(anon):   138096 kB
Active(file):     942884 kB
Inactive(file):  6860340 kB
Unevictable:        5716 kB
Mlocked:            5716 kB
SwapTotal:       3145724 kB
SwapFree:        3145724 kB
Dirty:               324 kB
Writeback:             0 kB
AnonPages:       1216932 kB
Mapped:           771476 kB
Shmem:             35200 kB
KReclaimable:     525636 kB
Slab:             227256 kB
SReclaimable:      80016 kB
SUnreclaim:       147240 kB
KernelStack:       47248 kB
PageTables:        63628 kB
NFS_Unstable:          0 kB
Bounce:                0 kB
WritebackTmp:          0 kB
CommitLimit:     9202292 kB
Committed_AS:   67524884 kB
VmallocTotal:   263061440 kB
VmallocUsed:      104296 kB
VmallocChunk:          0 kB
Percpu:             7648 kB
CmaTotal:         294912 kB
CmaFree:               0 kB
MemTotal:       12113136 kB
MemFree:          496904 kB
MemAvailable:    7957056 kB
Buffers:            7540 kB
Cached:          7835564 kB
SwapCached:            0 kB
Active:          2056400 kB
Inactive:        6998448 kB
Active(anon):    1113516 kB
Inactive(anon):   138096 kB
Active(file):     942884 kB
Inactive(file):  6860352 kB
Unevictable:        5716 kB
Mlocked:            5716 kB
SwapTotal:       3145724 kB
SwapFree:        3145724 kB
Dirty:               336 kB
Writeback:             0 kB
AnonPages:       1217108 kB
Mapped:           771492 kB
Shmem:             35200 kB
KReclaimable:     525620 kB
Slab:             227216 kB
SReclaimable:      80000 kB
SUnreclaim:       147216 kB
KernelStack:       47248 kB
PageTables:        63656 kB
NFS_Unstable:          0 kB
Bounce:                0 kB
WritebackTmp:          0 kB
CommitLimit:     9202292 kB
Committed_AS:   67522796 kB
VmallocTotal:   263061440 kB
VmallocUsed:      104264 kB
VmallocChunk:          0 kB
Percpu:             7648 kB
CmaTotal:         294912 kB
CmaFree:             132 kB
MemTotal:       12113136 kB
MemFree:          496048 kB
MemAvailable:    7956236 kB
Buffers:            7540 kB
Cached:          7835584 kB
SwapCached:            0 kB
Active:          2056364 kB
Inactive:        6998468 kB
Active(anon):    1113480 kB
Inactive(anon):   138096 kB
Active(file):     942884 kB
Inactive(file):  6860372 kB
Unevictable:        5716 kB
Mlocked:            5716 kB
SwapTotal:       3145724 kB
SwapFree:        3145724 kB
Dirty:               368 kB
Writeback:             0 kB
AnonPages:       1217424 kB
Mapped:           771492 kB
Shmem:             35200 kB
KReclaimable:     525636 kB
Slab:             227264 kB
SReclaimable:      80016 kB
SUnreclaim:       147248 kB
KernelStack:       47264 kB
PageTables:        63792 kB
NFS_Unstable:          0 kB
Bounce:                0 kB
WritebackTmp:          0 kB
CommitLimit:     9202292 kB
Committed_AS:   67519980 kB
VmallocTotal:   263061440 kB
VmallocUsed:      104296 kB
VmallocChunk:          0 kB
Percpu:             7648 kB
CmaTotal:         294912 kB
CmaFree:               0 kB
MemTotal:       12113136 kB
MemFree:          495736 kB
MemAvailable:    7955916 kB
Buffers:            7540 kB
Cached:          7835592 kB
SwapCached:            0 kB
Active:          2056908 kB
Inactive:        6998476 kB
Active(anon):    1114024 kB
Inactive(anon):   138096 kB
Active(file):     942884 kB
Inactive(file):  6860380 kB
Unevictable:        5716 kB
Mlocked:            5716 kB
SwapTotal:       3145724 kB
SwapFree:        3145724 kB
Dirty:               376 kB
Writeback:             0 kB
AnonPages:       1217904 kB
Mapped:           771476 kB
Shmem:             35200 kB
KReclaimable:     525620 kB
Slab:             227224 kB
SReclaimable:      80000 kB
SUnreclaim:       147224 kB
KernelStack:       47296 kB
PageTables:        63856 kB
NFS_Unstable:          0 kB
Bounce:                0 kB
WritebackTmp:          0 kB
CommitLimit:     9202292 kB
Committed_AS:   67515120 kB
VmallocTotal:   263061440 kB
VmallocUsed:      104280 kB
VmallocChunk:          0 kB
Percpu:             7648 kB
CmaTotal:         294912 kB
CmaFree:               0 kB
MemTotal:       12113136 kB
MemFree:          495780 kB
MemAvailable:    7955988 kB
Buffers:            7540 kB
Cached:          7835604 kB
SwapCached:            0 kB
Active:          2057560 kB
Inactive:        6998488 kB
Active(anon):    1114676 kB
Inactive(anon):   138096 kB
Active(file):     942884 kB
Inactive(file):  6860392 kB
Unevictable:        5716 kB
Mlocked:            5716 kB
SwapTotal:       3145724 kB
SwapFree:        3145724 kB
Dirty:               388 kB
Writeback:             0 kB
AnonPages:       1218952 kB
Mapped:           771492 kB
Shmem:             35200 kB
KReclaimable:     525636 kB
Slab:             227272 kB
SReclaimable:      80016 kB
SUnreclaim:       147256 kB
KernelStack:       47264 kB
PageTables:        63564 kB
NFS_Unstable:          0 kB
Bounce:                0 kB
WritebackTmp:          0 kB
CommitLimit:     9202292 kB
Committed_AS:   67522012 kB
VmallocTotal:   263061440 kB
VmallocUsed:      104248 kB
VmallocChunk:          0 kB
Percpu:             7648 kB
CmaTotal:         294912 kB
CmaFree:             128 kB
MemTotal:       12113136 kB
MemFree:          494556 kB
MemAvailable:    7954792 kB
Buffers:            7544 kB
Cached:          7835628 kB
SwapCached:            0 kB
Active:          2058728 kB
Inactive:        6998508 kB
Active(anon):    1115836 kB
Inactive(anon):   138096 kB
Active(file):     942892 kB
Inactive(file):  6860412 kB
Unevictable:        5716 kB
Mlocked:            5716 kB
SwapTotal:       3145724 kB
SwapFree:        3145724 kB
Dirty:               400 kB
Writeback:             0 kB
AnonPages:       1220140 kB
Mapped:           771492 kB
Shmem:             35200 kB
KReclaimable:     525636 kB
Slab:             227232 kB
SReclaimable:      80016 kB
SUnreclaim:       147216 kB
KernelStack:       47312 kB
PageTables:        63688 kB
NFS_Unstable:          0 kB
Bounce:                0 kB
WritebackTmp:          0 kB
CommitLimit:     9202292 kB
Committed_AS:   67519148 kB
VmallocTotal:   263061440 kB
VmallocUsed:      104344 kB
VmallocChunk:          0 kB
Percpu:             7648 kB
CmaTotal:         294912 kB
CmaFree:               0 kB
MemTotal:       12113136 kB
MemFree:          494828 kB
MemAvailable:    7955060 kB
Buffers:            7544 kB
Cached:          7835608 kB
SwapCached:            0 kB
Active:          2058024 kB
Inactive:        6998496 kB
Active(anon):    1115140 kB
Inactive(anon):   138096 kB
Active(file):     942884 kB
Inactive(file):  6860400 kB
Unevictable:        5716 kB
Mlocked:            5716 kB
SwapTotal:       3145724 kB
SwapFree:        3145724 kB
Dirty:               424 kB
Writeback:             0 kB
AnonPages:       1219236 kB
Mapped:           771492 kB
Shmem:             35200 kB
KReclaimable:     525652 kB
Slab:             227256 kB
SReclaimable:      80032 kB
SUnreclaim:       147224 kB
KernelStack:       47300 kB
PageTables:        63684 kB
NFS_Unstable:          0 kB
Bounce:                0 kB
WritebackTmp:          0 kB
CommitLimit:     9202292 kB
Committed_AS:   67524900 kB
VmallocTotal:   263061440 kB
VmallocUsed:      104280 kB
VmallocChunk:          0 kB
Percpu:             7648 kB
CmaTotal:         294912 kB
CmaFree:               0 kB
MemTotal:       12113136 kB
MemFree:          493304 kB
MemAvailable:    7953552 kB
Buffers:            7544 kB
Cached:          7835640 kB
SwapCached:            0 kB
Active:          2058932 kB
Inactive:        6998524 kB
Active(anon):    1116044 kB
Inactive(anon):   138096 kB
Active(file):     942888 kB
Inactive(file):  6860428 kB
Unevictable:        5716 kB
Mlocked:            5716 kB
SwapTotal:       3145724 kB
SwapFree:        3145724 kB
Dirty:               476 kB
Writeback:             0 kB
AnonPages:       1219748 kB
Mapped:           771612 kB
Shmem:             35200 kB
KReclaimable:     525636 kB
Slab:             227280 kB
SReclaimable:      80016 kB
SUnreclaim:       147264 kB
KernelStack:       47296 kB
PageTables:        63728 kB
NFS_Unstable:          0 kB
Bounce:                0 kB
WritebackTmp:          0 kB
CommitLimit:     9202292 kB
Committed_AS:   67517456 kB
VmallocTotal:   263061440 kB
VmallocUsed:      104232 kB
VmallocChunk:          0 kB
Percpu:             7648 kB
CmaTotal:         294912 kB
CmaFree:              32 kB
MemTotal:       12113136 kB
MemFree:          493072 kB
MemAvailable:    7953328 kB
Buffers:            7544 kB
Cached:          7835648 kB
SwapCached:            0 kB
Active:          2058848 kB
Inactive:        6998532 kB
Active(anon):    1115960 kB
Inactive(anon):   138096 kB
Active(file):     942888 kB
Inactive(file):  6860436 kB
Unevictable:        5716 kB
Mlocked:            5716 kB
SwapTotal:       3145724 kB
SwapFree:        3145724 kB
Dirty:               512 kB
Writeback:             0 kB
AnonPages:       1219688 kB
Mapped:           771500 kB
Shmem:             35200 kB
KReclaimable:     525636 kB
Slab:             227264 kB
SReclaimable:      80016 kB
SUnreclaim:       147248 kB
KernelStack:       47264 kB
PageTables:        63764 kB
NFS_Unstable:          0 kB
Bounce:                0 kB
WritebackTmp:          0 kB
CommitLimit:     9202292 kB
Committed_AS:   67519952 kB
VmallocTotal:   263061440 kB
VmallocUsed:      104248 kB
VmallocChunk:          0 kB
Percpu:             7648 kB
CmaTotal:         294912 kB
CmaFree:               0 kB
MemTotal:       12113136 kB
MemFree:          493420 kB
MemAvailable:    7953708 kB
Buffers:            7544 kB
Cached:          7835664 kB
SwapCached:            0 kB
Active:          2059408 kB
Inactive:        6998548 kB
Active(anon):    1116520 kB
Inactive(anon):   138096 kB
Active(file):     942888 kB
Inactive(file):  6860452 kB
Unevictable:        5716 kB
Mlocked:            5716 kB
SwapTotal:       3145724 kB
SwapFree:        3145724 kB
Dirty:               256 kB
Writeback:             0 kB
AnonPages:       1220636 kB
Mapped:           771492 kB
Shmem:             35200 kB
KReclaimable:     525652 kB
Slab:             227232 kB
SReclaimable:      80032 kB
SUnreclaim:       147200 kB
KernelStack:       47264 kB
PageTables:        63804 kB
NFS_Unstable:          0 kB
Bounce:                0 kB
WritebackTmp:          0 kB
CommitLimit:     9202292 kB
Committed_AS:   67520988 kB
VmallocTotal:   263061440 kB
VmallocUsed:      104264 kB
VmallocChunk:          0 kB
Percpu:             7648 kB
CmaTotal:         294912 kB
CmaFree:             100 kB
MemTotal:       12113136 kB
MemFree:          493548 kB
MemAvailable:    7953832 kB
Buffers:            7544 kB
Cached:          7835676 kB
SwapCached:            0 kB
Active:          2060076 kB
Inactive:        6998560 kB
Active(anon):    1117188 kB
Inactive(anon):   138096 kB
Active(file):     942888 kB
Inactive(file):  6860464 kB
Unevictable:        5716 kB
Mlocked:            5716 kB
SwapTotal:       3145724 kB
SwapFree:        3145724 kB
Dirty:               284 kB
Writeback:             0 kB
AnonPages:       1221096 kB
Mapped:           771516 kB
Shmem:             35200 kB
KReclaimable:     525636 kB
Slab:             227264 kB
SReclaimable:      80016 kB
SUnreclaim:       147248 kB
KernelStack:       47284 kB
PageTables:        63556 kB
NFS_Unstable:          0 kB
Bounce:                0 kB
WritebackTmp:          0 kB
CommitLimit:     9202292 kB
Committed_AS:   67525212 kB
VmallocTotal:   263061440 kB
VmallocUsed:      104296 kB
VmallocChunk:          0 kB
Percpu:             7648 kB
CmaTotal:         294912 kB
CmaFree:               0 kB
MemTotal:       12113136 kB
MemFree:          492092 kB
MemAvailable:    7952392 kB
Buffers:            7544 kB
Cached:          7835692 kB
SwapCached:            0 kB
Active:          2061212 kB
Inactive:        6998576 kB
Active(anon):    1118324 kB
Inactive(anon):   138096 kB
Active(file):     942888 kB
Inactive(file):  6860480 kB
Unevictable:        5716 kB
Mlocked:            5716 kB
SwapTotal:       3145724 kB
SwapFree:        3145724 kB
Dirty:               320 kB
Writeback:             0 kB
AnonPages:       1222308 kB
Mapped:           771492 kB
Shmem:             35200 kB
KReclaimable:     525636 kB
Slab:             227256 kB
SReclaimable:      80016 kB
SUnreclaim:       147240 kB
KernelStack:       47216 kB
PageTables:        63552 kB
NFS_Unstable:          0 kB
Bounce:                0 kB
WritebackTmp:          0 kB
CommitLimit:     9202292 kB
Committed_AS:   67517996 kB
VmallocTotal:   263061440 kB
VmallocUsed:      104264 kB
VmallocChunk:          0 kB
Percpu:             7648 kB
CmaTotal:         294912 kB
CmaFree:               0 kB
MemTotal:       12113136 kB
MemFree:          491324 kB
MemAvailable:    7951672 kB
Buffers:            7544 kB
Cached:          7835724 kB
SwapCached:            0 kB
Active:          2061548 kB
Inactive:        6998604 kB
Active(anon):    1118656 kB
Inactive(anon):   138096 kB
Active(file):     942892 kB
Inactive(file):  6860508 kB
Unevictable:        5716 kB
Mlocked:            5716 kB
SwapTotal:       3145724 kB
SwapFree:        3145724 kB
Dirty:               348 kB
Writeback:             0 kB
AnonPages:       1222292 kB
Mapped:           771508 kB
Shmem:             35200 kB
KReclaimable:     525652 kB
Slab:             227256 kB
SReclaimable:      80032 kB
SUnreclaim:       147224 kB
KernelStack:       47248 kB
PageTables:        64088 kB
NFS_Unstable:          0 kB
Bounce:                0 kB
WritebackTmp:          0 kB
CommitLimit:     9202292 kB
Committed_AS:   67519952 kB
VmallocTotal:   263061440 kB
VmallocUsed:      104280 kB
VmallocChunk:          0 kB
Percpu:             7648 kB
CmaTotal:         294912 kB
CmaFree:               0 kB
MemTotal:       12113136 kB
MemFree:          490764 kB
MemAvailable:    7951100 kB
Buffers:            7544 kB
Cached:          7835712 kB
SwapCached:            0 kB
Active:          2061540 kB
Inactive:        6998596 kB
Active(anon):    1118652 kB
Inactive(anon):   138096 kB
Active(file):     942888 kB
Inactive(file):  6860500 kB
Unevictable:        5716 kB
Mlocked:            5716 kB
SwapTotal:       3145724 kB
SwapFree:        3145724 kB
Dirty:               360 kB
Writeback:             0 kB
AnonPages:       1222912 kB
Mapped:           771472 kB
Shmem:             35200 kB
KReclaimable:     525652 kB
Slab:             227264 kB
SReclaimable:      80032 kB
SUnreclaim:       147232 kB
KernelStack:       47280 kB
PageTables:        63648 kB
NFS_Unstable:          0 kB
Bounce:                0 kB
WritebackTmp:          0 kB
CommitLimit:     9202292 kB
Committed_AS:   67520176 kB
VmallocTotal:   263061440 kB
VmallocUsed:      104248 kB
VmallocChunk:          0 kB
Percpu:             7648 kB
CmaTotal:         294912 kB
CmaFree:               0 kB
MemTotal:       12113136 kB
MemFree:          490332 kB
MemAvailable:    7950672 kB
Buffers:            7544 kB
Cached:          7835732 kB
SwapCached:            0 kB
Active:          2062356 kB
Inactive:        6998616 kB
Active(anon):    1119468 kB
Inactive(anon):   138096 kB
Active(file):     942888 kB
Inactive(file):  6860520 kB
Unevictable:        5716 kB
Mlocked:            5716 kB
SwapTotal:       3145724 kB
SwapFree:        3145724 kB
Dirty:               412 kB
Writeback:             0 kB
AnonPages:       1223516 kB
Mapped:           771492 kB
Shmem:             35200 kB
KReclaimable:     525636 kB
Slab:             227240 kB
SReclaimable:      80016 kB
SUnreclaim:       147224 kB
KernelStack:       47264 kB
PageTables:        63732 kB
NFS_Unstable:          0 kB
Bounce:                0 kB
WritebackTmp:          0 kB
CommitLimit:     9202292 kB
Committed_AS:   67524132 kB
VmallocTotal:   263061440 kB
VmallocUsed:      104264 kB
VmallocChunk:          0 kB
Percpu:             7648 kB
CmaTotal:         294912 kB
CmaFree:               0 kB
MemTotal:       12113136 kB
MemFree:          491032 kB
MemAvailable:    7951380 kB
Buffers:            7544 kB
Cached:          7835740 kB
SwapCached:            0 kB
Active:          2063000 kB
Inactive:        6998624 kB
Active(anon):    1120112 kB
Inactive(anon):   138096 kB
Active(file):     942888 kB
Inactive(file):  6860528 kB
Unevictable:        5716 kB
Mlocked:            5716 kB
SwapTotal:       3145724 kB
SwapFree:        3145724 kB
Dirty:               420 kB
Writeback:             0 kB
AnonPages:       1224240 kB
Mapped:           771564 kB
Shmem:             35200 kB
KReclaimable:     525636 kB
Slab:             227272 kB
SReclaimable:      80016 kB
SUnreclaim:       147256 kB
KernelStack:       47264 kB
PageTables:        63592 kB
NFS_Unstable:          0 kB
Bounce:                0 kB
WritebackTmp:          0 kB
CommitLimit:     9202292 kB
Committed_AS:   67525276 kB
VmallocTotal:   263061440 kB
VmallocUsed:      104248 kB
VmallocChunk:          0 kB
Percpu:             7648 kB
CmaTotal:         294912 kB
CmaFree:               0 kB
MemTotal:       12113136 kB
MemFree:          489848 kB
MemAvailable:    7950204 kB
Buffers:            7544 kB
Cached:          7835748 kB
SwapCached:            0 kB
Active:          2064076 kB
Inactive:        6998632 kB
Active(anon):    1121188 kB
Inactive(anon):   138096 kB
Active(file):     942888 kB
Inactive(file):  6860536 kB
Unevictable:        5716 kB
Mlocked:            5716 kB
SwapTotal:       3145724 kB
SwapFree:        3145724 kB
Dirty:               432 kB
Writeback:             0 kB
AnonPages:       1225396 kB
Mapped:           771492 kB
Shmem:             35200 kB
KReclaimable:     525636 kB
Slab:             227248 kB
SReclaimable:      80016 kB
SUnreclaim:       147232 kB
KernelStack:       47296 kB
PageTables:        63776 kB
NFS_Unstable:          0 kB
Bounce:                0 kB
WritebackTmp:          0 kB
CommitLimit:     9202292 kB
Committed_AS:   67519528 kB
VmallocTotal:   263061440 kB
VmallocUsed:      104264 kB
VmallocChunk:          0 kB
Percpu:             7648 kB
CmaTotal:         294912 kB
CmaFree:               0 kB
MemTotal:       12113136 kB
MemFree:          489620 kB
MemAvailable:    7949976 kB
Buffers:            7544 kB
Cached:          7835764 kB
SwapCached:            0 kB
Active:          2064464 kB
Inactive:        6998648 kB
Active(anon):    1121576 kB
Inactive(anon):   138096 kB
Active(file):     942888 kB
Inactive(file):  6860552 kB
Unevictable:        5716 kB
Mlocked:            5716 kB
SwapTotal:       3145724 kB
SwapFree:        3145724 kB
Dirty:               476 kB
Writeback:             0 kB
AnonPages:       1225644 kB
Mapped:           771492 kB
Shmem:             35200 kB
KReclaimable:     525620 kB
Slab:             227248 kB
SReclaimable:      80000 kB
SUnreclaim:       147248 kB
KernelStack:       47200 kB
PageTables:        63564 kB
NFS_Unstable:          0 kB
Bounce:                0 kB
WritebackTmp:          0 kB
CommitLimit:     9202292 kB
Committed_AS:   67522380 kB
VmallocTotal:   263061440 kB
VmallocUsed:      104248 kB
VmallocChunk:          0 kB
Percpu:             7648 kB
CmaTotal:         294912 kB
CmaFree:               0 kB
MemTotal:       12113136 kB
MemFree:          487696 kB
MemAvailable:    7948068 kB
Buffers:            7544 kB
Cached:          7835780 kB
SwapCached:            0 kB
Active:          2065420 kB
Inactive:        6998664 kB
Active(anon):    1122532 kB
Inactive(anon):   138096 kB
Active(file):     942888 kB
Inactive(file):  6860568 kB
Unevictable:        5716 kB
Mlocked:            5716 kB
SwapTotal:       3145724 kB
SwapFree:        3145724 kB
Dirty:               492 kB
Writeback:             0 kB
AnonPages:       1226384 kB
Mapped:           771492 kB
Shmem:             35200 kB
KReclaimable:     525620 kB
Slab:             227232 kB
SReclaimable:      80000 kB
SUnreclaim:       147232 kB
KernelStack:       47248 kB
PageTables:        63732 kB
NFS_Unstable:          0 kB
Bounce:                0 kB
WritebackTmp:          0 kB
CommitLimit:     9202292 kB
Committed_AS:   67516760 kB
VmallocTotal:   263061440 kB
VmallocUsed:      104232 kB
VmallocChunk:          0 kB
Percpu:             7648 kB
CmaTotal:         294912 kB
CmaFree:               0 kB
MemTotal:       12113136 kB
MemFree:          488028 kB
MemAvailable:    7948448 kB
Buffers:            7544 kB
Cached:          7835812 kB
SwapCached:            0 kB
Active:          2065768 kB
Inactive:        6998692 kB
Active(anon):    1122876 kB
Inactive(anon):   138096 kB
Active(file):     942892 kB
Inactive(file):  6860596 kB
Unevictable:        5716 kB
Mlocked:            5716 kB
SwapTotal:       3145724 kB
SwapFree:        3145724 kB
Dirty:               200 kB
Writeback:             0 kB
AnonPages:       1227200 kB
Mapped:           771616 kB
Shmem:             35200 kB
KReclaimable:     525636 kB
Slab:             227248 kB
SReclaimable:      80016 kB
SUnreclaim:       147232 kB
KernelStack:       47248 kB
PageTables:        63732 kB
NFS_Unstable:          0 kB
Bounce:                0 kB
WritebackTmp:          0 kB
CommitLimit:     9202292 kB
Committed_AS:   67519912 kB
VmallocTotal:   263061440 kB
VmallocUsed:      104232 kB
VmallocChunk:          0 kB
Percpu:             7648 kB
CmaTotal:         294912 kB
CmaFree:               0 kB
MemTotal:       12113136 kB
MemFree:          487640 kB
MemAvailable:    7948060 kB
Buffers:            7544 kB
Cached:          7835812 kB
SwapCached:            0 kB
Active:          2066368 kB
Inactive:        6998692 kB
Active(anon):    1123476 kB
Inactive(anon):   138096 kB
Active(file):     942892 kB
Inactive(file):  6860596 kB
Unevictable:        5716 kB
Mlocked:            5716 kB
SwapTotal:       3145724 kB
SwapFree:        3145724 kB
Dirty:               284 kB
Writeback:             0 kB
AnonPages:       1227960 kB
Mapped:           771508 kB
Shmem:             35200 kB
KReclaimable:     525636 kB
Slab:             227248 kB
SReclaimable:      80016 kB
SUnreclaim:       147232 kB
KernelStack:       47280 kB
PageTables:        63872 kB
NFS_Unstable:          0 kB
Bounce:                0 kB
WritebackTmp:          0 kB
CommitLimit:     9202292 kB
Committed_AS:   67519952 kB
VmallocTotal:   263061440 kB
VmallocUsed:      104248 kB
VmallocChunk:          0 kB
Percpu:             7648 kB
CmaTotal:         294912 kB
CmaFree:               0 kB
MemTotal:       12113136 kB
MemFree:          486616 kB
MemAvailable:    7947028 kB
Buffers:            7548 kB
Cached:          7835816 kB
SwapCached:            0 kB
Active:          2066736 kB
Inactive:        6998700 kB
Active(anon):    1123844 kB
Inactive(anon):   138096 kB
Active(file):     942892 kB
Inactive(file):  6860604 kB
Unevictable:        5716 kB
Mlocked:            5716 kB
SwapTotal:       3145724 kB
SwapFree:        3145724 kB
Dirty:               296 kB
Writeback:             0 kB
AnonPages:       1227908 kB
Mapped:           771512 kB
Shmem:             35200 kB
KReclaimable:     525620 kB
Slab:             227248 kB
SReclaimable:      80000 kB
SUnreclaim:       147248 kB
KernelStack:       47264 kB
PageTables:        63952 kB
NFS_Unstable:          0 kB
Bounce:                0 kB
WritebackTmp:          0 kB
CommitLimit:     9202292 kB
Committed_AS:   67515868 kB
VmallocTotal:   263061440 kB
VmallocUsed:      104232 kB
VmallocChunk:          0 kB
Percpu:             7648 kB
CmaTotal:         294912 kB
CmaFree:               0 kB
MemTotal:       12113136 kB
MemFree:          440312 kB
MemAvailable:    7900736 kB
Buffers:            7548 kB
Cached:          7845316 kB
SwapCached:            0 kB
Active:          2111248 kB
Inactive:        7001700 kB
Active(anon):    1168356 kB
Inactive(anon):   141084 kB
Active(file):     942892 kB
Inactive(file):  6860616 kB
Unevictable:        5716 kB
Mlocked:            5716 kB
SwapTotal:       3145724 kB
SwapFree:        3145724 kB
Dirty:               308 kB
Writeback:             0 kB
AnonPages:       1266012 kB
Mapped:           774480 kB
Shmem:             44688 kB
KReclaimable:     525620 kB
Slab:             227240 kB
SReclaimable:      80000 kB
SUnreclaim:       147240 kB
KernelStack:       47280 kB
PageTables:        63764 kB
NFS_Unstable:          0 kB
Bounce:                0 kB
WritebackTmp:          0 kB
CommitLimit:     9202292 kB
Committed_AS:   67524596 kB
VmallocTotal:   263061440 kB
VmallocUsed:      104216 kB
VmallocChunk:          0 kB
Percpu:             7648 kB
CmaTotal:         294912 kB
CmaFree:             312 kB
MemTotal:       12113136 kB
MemFree:          447380 kB
MemAvailable:    7907816 kB
Buffers:            7548 kB
Cached:          7835840 kB
SwapCached:            0 kB
Active:          2105540 kB
Inactive:        6998724 kB
Active(anon):    1162648 kB
Inactive(anon):   138096 kB
Active(file):     942892 kB
Inactive(file):  6860628 kB
Unevictable:        5716 kB
Mlocked:            5716 kB
SwapTotal:       3145724 kB
SwapFree:        3145724 kB
Dirty:               336 kB
Writeback:             0 kB
AnonPages:       1266820 kB
Mapped:           771496 kB
Shmem:             35200 kB
KReclaimable:     525620 kB
Slab:             227236 kB
SReclaimable:      80000 kB
SUnreclaim:       147236 kB
KernelStack:       47296 kB
PageTables:        63768 kB
NFS_Unstable:          0 kB
Bounce:                0 kB
WritebackTmp:          0 kB
CommitLimit:     9202292 kB
Committed_AS:   67519528 kB
VmallocTotal:   263061440 kB
VmallocUsed:      104248 kB
VmallocChunk:          0 kB
Percpu:             7648 kB
CmaTotal:         294912 kB
CmaFree:               0 kB
MemTotal:       12113136 kB
MemFree:          447568 kB
MemAvailable:    7908004 kB
Buffers:            7548 kB
Cached:          7835856 kB
SwapCached:            0 kB
Active:          2105832 kB
Inactive:        6998740 kB
Active(anon):    1162940 kB
Inactive(anon):   138096 kB
Active(file):     942892 kB
Inactive(file):  6860644 kB
Unevictable:        5716 kB
Mlocked:            5716 kB
SwapTotal:       3145724 kB
SwapFree:        3145724 kB
Dirty:               368 kB
Writeback:             0 kB
AnonPages:       1267072 kB
Mapped:           771484 kB
Shmem:             35200 kB
KReclaimable:     525604 kB
Slab:             227220 kB
SReclaimable:      79984 kB
SUnreclaim:       147236 kB
KernelStack:       47216 kB
PageTables:        63880 kB
NFS_Unstable:          0 kB
Bounce:                0 kB
WritebackTmp:          0 kB
CommitLimit:     9202292 kB
Committed_AS:   67511008 kB
VmallocTotal:   263061440 kB
VmallocUsed:      104264 kB
VmallocChunk:          0 kB
Percpu:             7648 kB
CmaTotal:         294912 kB
CmaFree:               0 kB
MemTotal:       12113136 kB
MemFree:          445296 kB
MemAvailable:    7905780 kB
Buffers:            7548 kB
Cached:          7835608 kB
SwapCached:            0 kB
Active:          2106996 kB
Inactive:        6998756 kB
Active(anon):    1164104 kB
Inactive(anon):   138096 kB
Active(file):     942892 kB
Inactive(file):  6860660 kB
Unevictable:        5716 kB
Mlocked:            5716 kB
SwapTotal:       3145724 kB
SwapFree:        3145724 kB
Dirty:              1912 kB
Writeback:           260 kB
AnonPages:       1268084 kB
Mapped:           771492 kB
Shmem:             35200 kB
KReclaimable:     525636 kB
Slab:             227252 kB
SReclaimable:      80016 kB
SUnreclaim:       147236 kB
KernelStack:       47264 kB
PageTables:        63808 kB
NFS_Unstable:          0 kB
Bounce:                0 kB
WritebackTmp:          0 kB
CommitLimit:     9202292 kB
Committed_AS:   67508592 kB
VmallocTotal:   263061440 kB
VmallocUsed:      104248 kB
VmallocChunk:          0 kB
Percpu:             7648 kB
CmaTotal:         294912 kB
CmaFree:               0 kB
MemTotal:       12113136 kB
MemFree:          464496 kB
MemAvailable:    7929020 kB
Buffers:            7548 kB
Cached:          7839908 kB
SwapCached:            0 kB
Active:          2084780 kB
Inactive:        7002892 kB
Active(anon):    1141988 kB
Inactive(anon):   138096 kB
Active(file):     942792 kB
Inactive(file):  6864796 kB
Unevictable:        5716 kB
Mlocked:            5716 kB
SwapTotal:       3145724 kB
SwapFree:        3145724 kB
Dirty:             11804 kB
Writeback:             0 kB
AnonPages:       1245928 kB
Mapped:           771492 kB
Shmem:             35200 kB
KReclaimable:     525640 kB
Slab:             227264 kB
SReclaimable:      80020 kB
SUnreclaim:       147244 kB
KernelStack:       47264 kB
PageTables:        63796 kB
NFS_Unstable:          0 kB
Bounce:                0 kB
WritebackTmp:          0 kB
CommitLimit:     9202292 kB
Committed_AS:   67510124 kB
VmallocTotal:   263061440 kB
VmallocUsed:      104248 kB
VmallocChunk:          0 kB
Percpu:             7648 kB
CmaTotal:         294912 kB
CmaFree:               4 kB
MemTotal:       12113136 kB
MemFree:          463448 kB
MemAvailable:    7927980 kB
Buffers:            7548 kB
Cached:          7839916 kB
SwapCached:            0 kB
Active:          2085264 kB
Inactive:        7002900 kB
Active(anon):    1142472 kB
Inactive(anon):   138096 kB
Active(file):     942792 kB
Inactive(file):  6864804 kB
Unevictable:        5716 kB
Mlocked:            5716 kB
SwapTotal:       3145724 kB
SwapFree:        3145724 kB
Dirty:             11808 kB
Writeback:             0 kB
AnonPages:       1246536 kB
Mapped:           771492 kB
Shmem:             35200 kB
KReclaimable:     525640 kB
Slab:             227232 kB
SReclaimable:      80020 kB
SUnreclaim:       147212 kB
KernelStack:       47248 kB
PageTables:        63748 kB
NFS_Unstable:          0 kB
Bounce:                0 kB
WritebackTmp:          0 kB
CommitLimit:     9202292 kB
Committed_AS:   67513324 kB
VmallocTotal:   263061440 kB
VmallocUsed:      104264 kB
VmallocChunk:          0 kB
Percpu:             7648 kB
CmaTotal:         294912 kB
CmaFree:               0 kB
MemTotal:       12113136 kB
MemFree:          463200 kB
MemAvailable:    7927772 kB
Buffers:            7548 kB
Cached:          7839940 kB
SwapCached:            0 kB
Active:          2086044 kB
Inactive:        7002920 kB
Active(anon):    1143248 kB
Inactive(anon):   138096 kB
Active(file):     942796 kB
Inactive(file):  6864824 kB
Unevictable:        5716 kB
Mlocked:            5716 kB
SwapTotal:       3145724 kB
SwapFree:        3145724 kB
Dirty:             11832 kB
Writeback:             0 kB
AnonPages:       1247388 kB
Mapped:           771492 kB
Shmem:             35200 kB
KReclaimable:     525656 kB
Slab:             227272 kB
SReclaimable:      80036 kB
SUnreclaim:       147236 kB
KernelStack:       47232 kB
PageTables:        63664 kB
NFS_Unstable:          0 kB
Bounce:                0 kB
WritebackTmp:          0 kB
CommitLimit:     9202292 kB
Committed_AS:   67514256 kB
VmallocTotal:   263061440 kB
VmallocUsed:      104264 kB
VmallocChunk:          0 kB
Percpu:             7648 kB
CmaTotal:         294912 kB
CmaFree:               0 kB
MemTotal:       12113136 kB
MemFree:          461960 kB
MemAvailable:    7926556 kB
Buffers:            7548 kB
Cached:          7839964 kB
SwapCached:            0 kB
Active:          2087020 kB
Inactive:        7002948 kB
Active(anon):    1144228 kB
Inactive(anon):   138096 kB
Active(file):     942792 kB
Inactive(file):  6864852 kB
Unevictable:        5716 kB
Mlocked:            5716 kB
SwapTotal:       3145724 kB
SwapFree:        3145724 kB
Dirty:               488 kB
Writeback:             0 kB
AnonPages:       1248012 kB
Mapped:           771492 kB
Shmem:             35200 kB
KReclaimable:     525656 kB
Slab:             227280 kB
SReclaimable:      80036 kB
SUnreclaim:       147244 kB
KernelStack:       47232 kB
PageTables:        63656 kB
NFS_Unstable:          0 kB
Bounce:                0 kB
WritebackTmp:          0 kB
CommitLimit:     9202292 kB
Committed_AS:   67519272 kB
VmallocTotal:   263061440 kB
VmallocUsed:      104264 kB
VmallocChunk:          0 kB
Percpu:             7648 kB
CmaTotal:         294912 kB
CmaFree:               0 kB
MemTotal:       12113136 kB
MemFree:          462124 kB
MemAvailable:    7926840 kB
Buffers:            7548 kB
Cached:          7840076 kB
SwapCached:            0 kB
Active:          2087188 kB
Inactive:        7003060 kB
Active(anon):    1144396 kB
Inactive(anon):   138096 kB
Active(file):     942792 kB
Inactive(file):  6864964 kB
Unevictable:        5716 kB
Mlocked:            5716 kB
SwapTotal:       3145724 kB
SwapFree:        3145724 kB
Dirty:               644 kB
Writeback:             0 kB
AnonPages:       1248280 kB
Mapped:           771492 kB
Shmem:             35200 kB
KReclaimable:     525664 kB
Slab:             227272 kB
SReclaimable:      80044 kB
SUnreclaim:       147228 kB
KernelStack:       47232 kB
PageTables:        63664 kB
NFS_Unstable:          0 kB
Bounce:                0 kB
WritebackTmp:          0 kB
CommitLimit:     9202292 kB
Committed_AS:   67519468 kB
VmallocTotal:   263061440 kB
VmallocUsed:      104264 kB
VmallocChunk:          0 kB
Percpu:             7648 kB
CmaTotal:         294912 kB
CmaFree:               0 kB
MemTotal:       12113136 kB
MemFree:          472120 kB
MemAvailable:    7936868 kB
Buffers:            7552 kB
Cached:          7839384 kB
SwapCached:            0 kB
Active:          2074932 kB
Inactive:        7002372 kB
Active(anon):    1132140 kB
Inactive(anon):   137392 kB
Active(file):     942792 kB
Inactive(file):  6864980 kB
Unevictable:        5716 kB
Mlocked:            5716 kB
SwapTotal:       3145724 kB
SwapFree:        3145724 kB
Dirty:               660 kB
Writeback:             0 kB
AnonPages:       1236036 kB
Mapped:           771492 kB
Shmem:             34496 kB
KReclaimable:     525680 kB
Slab:             227320 kB
SReclaimable:      80060 kB
SUnreclaim:       147260 kB
KernelStack:       47248 kB
PageTables:        63672 kB
NFS_Unstable:          0 kB
Bounce:                0 kB
WritebackTmp:          0 kB
CommitLimit:     9202292 kB
Committed_AS:   67519512 kB
VmallocTotal:   263061440 kB
VmallocUsed:      104232 kB
VmallocChunk:          0 kB
Percpu:             7648 kB
CmaTotal:         294912 kB
CmaFree:             128 kB
MemTotal:       12113136 kB
MemFree:          472664 kB
MemAvailable:    7937428 kB
Buffers:            7552 kB
Cached:          7839396 kB
SwapCached:            0 kB
Active:          2075524 kB
Inactive:        7002384 kB
Active(anon):    1132732 kB
Inactive(anon):   137392 kB
Active(file):     942792 kB
Inactive(file):  6864992 kB
Unevictable:        5716 kB
Mlocked:            5716 kB
SwapTotal:       3145724 kB
SwapFree:        3145724 kB
Dirty:               668 kB
Writeback:             0 kB
AnonPages:       1236936 kB
Mapped:           771492 kB
Shmem:             34496 kB
KReclaimable:     525684 kB
Slab:             227276 kB
SReclaimable:      80064 kB
SUnreclaim:       147212 kB
KernelStack:       47184 kB
PageTables:        63664 kB
NFS_Unstable:          0 kB
Bounce:                0 kB
WritebackTmp:          0 kB
CommitLimit:     9202292 kB
Committed_AS:   67513152 kB
VmallocTotal:   263061440 kB
VmallocUsed:      104232 kB
VmallocChunk:          0 kB
Percpu:             7648 kB
CmaTotal:         294912 kB
CmaFree:             132 kB
MemTotal:       12113136 kB
MemFree:          471916 kB
MemAvailable:    7936688 kB
Buffers:            7552 kB
Cached:          7839420 kB
SwapCached:            0 kB
Active:          2076204 kB
Inactive:        7002404 kB
Active(anon):    1133408 kB
Inactive(anon):   137392 kB
Active(file):     942796 kB
Inactive(file):  6865012 kB
Unevictable:        5716 kB
Mlocked:            5716 kB
SwapTotal:       3145724 kB
SwapFree:        3145724 kB
Dirty:               688 kB
Writeback:             0 kB
AnonPages:       1236548 kB
Mapped:           771492 kB
Shmem:             34496 kB
KReclaimable:     525668 kB
Slab:             227300 kB
SReclaimable:      80048 kB
SUnreclaim:       147252 kB
KernelStack:       47200 kB
PageTables:        63664 kB
NFS_Unstable:          0 kB
Bounce:                0 kB
WritebackTmp:          0 kB
CommitLimit:     9202292 kB
Committed_AS:   67513588 kB
VmallocTotal:   263061440 kB
VmallocUsed:      104216 kB
VmallocChunk:          0 kB
Percpu:             7648 kB
CmaTotal:         294912 kB
CmaFree:               0 kB
MemTotal:       12113136 kB
MemFree:          472472 kB
MemAvailable:    7937256 kB
Buffers:            7552 kB
Cached:          7839432 kB
SwapCached:            0 kB
Active:          2077132 kB
Inactive:        7002416 kB
Active(anon):    1134336 kB
Inactive(anon):   137392 kB
Active(file):     942796 kB
Inactive(file):  6865024 kB
Unevictable:        5716 kB
Mlocked:            5716 kB
SwapTotal:       3145724 kB
SwapFree:        3145724 kB
Dirty:               700 kB
Writeback:             0 kB
AnonPages:       1238288 kB
Mapped:           771492 kB
Shmem:             34496 kB
KReclaimable:     525668 kB
Slab:             227276 kB
SReclaimable:      80048 kB
SUnreclaim:       147228 kB
KernelStack:       47232 kB
PageTables:        63692 kB
NFS_Unstable:          0 kB
Bounce:                0 kB
WritebackTmp:          0 kB
CommitLimit:     9202292 kB
Committed_AS:   67509128 kB
VmallocTotal:   263061440 kB
VmallocUsed:      104184 kB
VmallocChunk:          0 kB
Percpu:             7648 kB
CmaTotal:         294912 kB
CmaFree:              92 kB
MemTotal:       12113136 kB
MemFree:          471640 kB
MemAvailable:    7936436 kB
Buffers:            7552 kB
Cached:          7839444 kB
SwapCached:            0 kB
Active:          2077152 kB
Inactive:        7002428 kB
Active(anon):    1134356 kB
Inactive(anon):   137392 kB
Active(file):     942796 kB
Inactive(file):  6865036 kB
Unevictable:        5716 kB
Mlocked:            5716 kB
SwapTotal:       3145724 kB
SwapFree:        3145724 kB
Dirty:               712 kB
Writeback:             0 kB
AnonPages:       1238400 kB
Mapped:           771492 kB
Shmem:             34496 kB
KReclaimable:     525668 kB
Slab:             227292 kB
SReclaimable:      80048 kB
SUnreclaim:       147244 kB
KernelStack:       47200 kB
PageTables:        63664 kB
NFS_Unstable:          0 kB
Bounce:                0 kB
WritebackTmp:          0 kB
CommitLimit:     9202292 kB
Committed_AS:   67517864 kB
VmallocTotal:   263061440 kB
VmallocUsed:      104184 kB
VmallocChunk:          0 kB
Percpu:             7648 kB
CmaTotal:         294912 kB
CmaFree:               0 kB
MemTotal:       12113136 kB
MemFree:          472912 kB
MemAvailable:    7937716 kB
Buffers:            7552 kB
Cached:          7839452 kB
SwapCached:            0 kB
Active:          2077488 kB
Inactive:        7002436 kB
Active(anon):    1134692 kB
Inactive(anon):   137392 kB
Active(file):     942796 kB
Inactive(file):  6865044 kB
Unevictable:        5716 kB
Mlocked:            5716 kB
SwapTotal:       3145724 kB
SwapFree:        3145724 kB
Dirty:               732 kB
Writeback:             0 kB
AnonPages:       1238684 kB
Mapped:           771492 kB
Shmem:             34496 kB
KReclaimable:     525668 kB
Slab:             227276 kB
SReclaimable:      80048 kB
SUnreclaim:       147228 kB
KernelStack:       47200 kB
PageTables:        63664 kB
NFS_Unstable:          0 kB
Bounce:                0 kB
WritebackTmp:          0 kB
CommitLimit:     9202292 kB
Committed_AS:   67518528 kB
VmallocTotal:   263061440 kB
VmallocUsed:      104200 kB
VmallocChunk:          0 kB
Percpu:             7648 kB
CmaTotal:         294912 kB
CmaFree:               0 kB
MemTotal:       12113136 kB
MemFree:          471476 kB
MemAvailable:    7936292 kB
Buffers:            7552 kB
Cached:          7839468 kB
SwapCached:            0 kB
Active:          2077516 kB
Inactive:        7002452 kB
Active(anon):    1134720 kB
Inactive(anon):   137396 kB
Active(file):     942796 kB
Inactive(file):  6865056 kB
Unevictable:        5716 kB
Mlocked:            5716 kB
SwapTotal:       3145724 kB
SwapFree:        3145724 kB
Dirty:               744 kB
Writeback:             0 kB
AnonPages:       1238680 kB
Mapped:           771496 kB
Shmem:             34500 kB
KReclaimable:     525668 kB
Slab:             227300 kB
SReclaimable:      80048 kB
SUnreclaim:       147252 kB
KernelStack:       47168 kB
PageTables:        63648 kB
NFS_Unstable:          0 kB
Bounce:                0 kB
WritebackTmp:          0 kB
CommitLimit:     9202292 kB
Committed_AS:   67518152 kB
VmallocTotal:   263061440 kB
VmallocUsed:      104152 kB
VmallocChunk:          0 kB
Percpu:             7648 kB
CmaTotal:         294912 kB
CmaFree:               0 kB
MemTotal:       12113136 kB
MemFree:          471080 kB
MemAvailable:    7935924 kB
Buffers:            7552 kB
Cached:          7839480 kB
SwapCached:            0 kB
Active:          2078692 kB
Inactive:        7002464 kB
Active(anon):    1135896 kB
Inactive(anon):   137396 kB
Active(file):     942796 kB
Inactive(file):  6865068 kB
Unevictable:        5716 kB
Mlocked:            5716 kB
SwapTotal:       3145724 kB
SwapFree:        3145724 kB
Dirty:               788 kB
Writeback:             0 kB
AnonPages:       1239584 kB
Mapped:           771496 kB
Shmem:             34500 kB
KReclaimable:     525684 kB
Slab:             227292 kB
SReclaimable:      80064 kB
SUnreclaim:       147228 kB
KernelStack:       47152 kB
PageTables:        63660 kB
NFS_Unstable:          0 kB
Bounce:                0 kB
WritebackTmp:          0 kB
CommitLimit:     9202292 kB
Committed_AS:   67517872 kB
VmallocTotal:   263061440 kB
VmallocUsed:      104168 kB
VmallocChunk:          0 kB
Percpu:             7648 kB
CmaTotal:         294912 kB
CmaFree:               0 kB
MemTotal:       12113136 kB
MemFree:          483092 kB
MemAvailable:    7947948 kB
Buffers:            7552 kB
Cached:          7839492 kB
SwapCached:            0 kB
Active:          2063916 kB
Inactive:        7002476 kB
Active(anon):    1121120 kB
Inactive(anon):   137396 kB
Active(file):     942796 kB
Inactive(file):  6865080 kB
Unevictable:        5716 kB
Mlocked:            5716 kB
SwapTotal:       3145724 kB
SwapFree:        3145724 kB
Dirty:               812 kB
Writeback:             0 kB
AnonPages:       1225108 kB
Mapped:           771496 kB
Shmem:             34500 kB
KReclaimable:     525684 kB
Slab:             227308 kB
SReclaimable:      80064 kB
SUnreclaim:       147244 kB
KernelStack:       47152 kB
PageTables:        63648 kB
NFS_Unstable:          0 kB
Bounce:                0 kB
WritebackTmp:          0 kB
CommitLimit:     9202292 kB
Committed_AS:   67518088 kB
VmallocTotal:   263061440 kB
VmallocUsed:      104168 kB
VmallocChunk:          0 kB
Percpu:             7648 kB
CmaTotal:         294912 kB
CmaFree:               0 kB
MemTotal:       12113136 kB
MemFree:          498432 kB
MemAvailable:    7963312 kB
Buffers:            7552 kB
Cached:          7839532 kB
SwapCached:            0 kB
Active:          2049220 kB
Inactive:        7002512 kB
Active(anon):    1106420 kB
Inactive(anon):   137396 kB
Active(file):     942800 kB
Inactive(file):  6865116 kB
Unevictable:        5716 kB
Mlocked:            5716 kB
SwapTotal:       3145724 kB
SwapFree:        3145724 kB
Dirty:               836 kB
Writeback:             0 kB
AnonPages:       1210324 kB
Mapped:           771496 kB
Shmem:             34500 kB
KReclaimable:     525668 kB
Slab:             227292 kB
SReclaimable:      80048 kB
SUnreclaim:       147244 kB
KernelStack:       47152 kB
PageTables:        63648 kB
NFS_Unstable:          0 kB
Bounce:                0 kB
WritebackTmp:          0 kB
CommitLimit:     9202292 kB
Committed_AS:   67518104 kB
VmallocTotal:   263061440 kB
VmallocUsed:      104200 kB
VmallocChunk:          0 kB
Percpu:             7648 kB
CmaTotal:         294912 kB
CmaFree:               0 kB
MemTotal:       12113136 kB
MemFree:          496192 kB
MemAvailable:    7961392 kB
Buffers:            7552 kB
Cached:          7839836 kB
SwapCached:            0 kB
Active:          2050664 kB
Inactive:        7002748 kB
Active(anon):    1107796 kB
Inactive(anon):   137396 kB
Active(file):     942868 kB
Inactive(file):  6865352 kB
Unevictable:        5716 kB
Mlocked:            5716 kB
SwapTotal:       3145724 kB
SwapFree:        3145724 kB
Dirty:               840 kB
Writeback:             0 kB
AnonPages:       1212096 kB
Mapped:           771544 kB
Shmem:             34500 kB
KReclaimable:     525684 kB
Slab:             227316 kB
SReclaimable:      80064 kB
SUnreclaim:       147252 kB
KernelStack:       47248 kB
PageTables:        63652 kB
NFS_Unstable:          0 kB
Bounce:                0 kB
WritebackTmp:          0 kB
CommitLimit:     9202292 kB
Committed_AS:   67515752 kB
VmallocTotal:   263061440 kB
VmallocUsed:      104280 kB
VmallocChunk:          0 kB
Percpu:             7648 kB
CmaTotal:         294912 kB
CmaFree:               4 kB
MemTotal:       12113136 kB
MemFree:          495856 kB
MemAvailable:    7961048 kB
Buffers:            7552 kB
Cached:          7839844 kB
SwapCached:            0 kB
Active:          2049884 kB
Inactive:        7002756 kB
Active(anon):    1107016 kB
Inactive(anon):   137396 kB
Active(file):     942868 kB
Inactive(file):  6865360 kB
Unevictable:        5716 kB
Mlocked:            5716 kB
SwapTotal:       3145724 kB
SwapFree:        3145724 kB
Dirty:               880 kB
Writeback:             0 kB
AnonPages:       1210976 kB
Mapped:           771544 kB
Shmem:             34500 kB
KReclaimable:     525668 kB
Slab:             227300 kB
SReclaimable:      80048 kB
SUnreclaim:       147252 kB
KernelStack:       47248 kB
PageTables:        63648 kB
NFS_Unstable:          0 kB
Bounce:                0 kB
WritebackTmp:          0 kB
CommitLimit:     9202292 kB
Committed_AS:   67515488 kB
VmallocTotal:   263061440 kB
VmallocUsed:      104296 kB
VmallocChunk:          0 kB
Percpu:             7648 kB
CmaTotal:         294912 kB
CmaFree:             132 kB
MemTotal:       12113136 kB
MemFree:          494996 kB
MemAvailable:    7960204 kB
Buffers:            7552 kB
Cached:          7839860 kB
SwapCached:            0 kB
Active:          2050716 kB
Inactive:        7002772 kB
Active(anon):    1107848 kB
Inactive(anon):   137396 kB
Active(file):     942868 kB
Inactive(file):  6865376 kB
Unevictable:        5716 kB
Mlocked:            5716 kB
SwapTotal:       3145724 kB
SwapFree:        3145724 kB
Dirty:               896 kB
Writeback:             0 kB
AnonPages:       1211648 kB
Mapped:           771544 kB
Shmem:             34500 kB
KReclaimable:     525668 kB
Slab:             227276 kB
SReclaimable:      80048 kB
SUnreclaim:       147228 kB
KernelStack:       47248 kB
PageTables:        63664 kB
NFS_Unstable:          0 kB
Bounce:                0 kB
WritebackTmp:          0 kB
CommitLimit:     9202292 kB
Committed_AS:   67518052 kB
VmallocTotal:   263061440 kB
VmallocUsed:      104296 kB
VmallocChunk:          0 kB
Percpu:             7648 kB
CmaTotal:         294912 kB
CmaFree:             136 kB
MemTotal:       12113136 kB
MemFree:          495344 kB
MemAvailable:    7960580 kB
Buffers:            7552 kB
Cached:          7839868 kB
SwapCached:            0 kB
Active:          2050692 kB
Inactive:        7002780 kB
Active(anon):    1107824 kB
Inactive(anon):   137396 kB
Active(file):     942868 kB
Inactive(file):  6865384 kB
Unevictable:        5716 kB
Mlocked:            5716 kB
SwapTotal:       3145724 kB
SwapFree:        3145724 kB
Dirty:               904 kB
Writeback:             0 kB
AnonPages:       1211920 kB
Mapped:           771544 kB
Shmem:             34500 kB
KReclaimable:     525688 kB
Slab:             227336 kB
SReclaimable:      80068 kB
SUnreclaim:       147268 kB
KernelStack:       47248 kB
PageTables:        63660 kB
NFS_Unstable:          0 kB
Bounce:                0 kB
WritebackTmp:          0 kB
CommitLimit:     9202292 kB
Committed_AS:   67518052 kB
VmallocTotal:   263061440 kB
VmallocUsed:      104264 kB
VmallocChunk:          0 kB
Percpu:             7648 kB
CmaTotal:         294912 kB
CmaFree:              56 kB
MemTotal:       12113136 kB
MemFree:          495676 kB
MemAvailable:    7960924 kB
Buffers:            7552 kB
Cached:          7839896 kB
SwapCached:            0 kB
Active:          2051168 kB
Inactive:        7002804 kB
Active(anon):    1108296 kB
Inactive(anon):   137396 kB
Active(file):     942872 kB
Inactive(file):  6865408 kB
Unevictable:        5716 kB
Mlocked:            5716 kB
SwapTotal:       3145724 kB
SwapFree:        3145724 kB
Dirty:               972 kB
Writeback:             0 kB
AnonPages:       1212296 kB
Mapped:           771544 kB
Shmem:             34500 kB
KReclaimable:     525672 kB
Slab:             227288 kB
SReclaimable:      80052 kB
SUnreclaim:       147236 kB
KernelStack:       47232 kB
PageTables:        63596 kB
NFS_Unstable:          0 kB
Bounce:                0 kB
WritebackTmp:          0 kB
CommitLimit:     9202292 kB
Committed_AS:   67517832 kB
VmallocTotal:   263061440 kB
VmallocUsed:      104248 kB
VmallocChunk:          0 kB
Percpu:             7648 kB
CmaTotal:         294912 kB
CmaFree:             260 kB
MemTotal:       12113136 kB
MemFree:          451196 kB
MemAvailable:    7837580 kB
Buffers:            7552 kB
Cached:          7840112 kB
SwapCached:            0 kB
Active:          2097092 kB
Inactive:        7003020 kB
Active(anon):    1154220 kB
Inactive(anon):   137396 kB
Active(file):     942872 kB
Inactive(file):  6865624 kB
Unevictable:        5716 kB
Mlocked:            5716 kB
SwapTotal:       3145724 kB
SwapFree:        3145724 kB
Dirty:               960 kB
Writeback:             0 kB
AnonPages:       1257984 kB
Mapped:           771776 kB
Shmem:             34500 kB
KReclaimable:     410952 kB
Slab:             227440 kB
SReclaimable:      80052 kB
SUnreclaim:       147388 kB
KernelStack:       47520 kB
PageTables:        63976 kB
NFS_Unstable:          0 kB
Bounce:                0 kB
WritebackTmp:          0 kB
CommitLimit:     9202292 kB
Committed_AS:   67511904 kB
VmallocTotal:   263061440 kB
VmallocUsed:      104680 kB
VmallocChunk:          0 kB
Percpu:             7648 kB
CmaTotal:         294912 kB
CmaFree:               0 kB
MemTotal:       12113136 kB
MemFree:          479948 kB
MemAvailable:    7883564 kB
Buffers:            7552 kB
Cached:          7840124 kB
SwapCached:            0 kB
Active:          2066668 kB
Inactive:        7003032 kB
Active(anon):    1123796 kB
Inactive(anon):   137396 kB
Active(file):     942872 kB
Inactive(file):  6865636 kB
Unevictable:        5716 kB
Mlocked:            5716 kB
SwapTotal:       3145724 kB
SwapFree:        3145724 kB
Dirty:               980 kB
Writeback:             0 kB
AnonPages:       1227688 kB
Mapped:           771772 kB
Shmem:             34500 kB
KReclaimable:     445388 kB
Slab:             227424 kB
SReclaimable:      80052 kB
SUnreclaim:       147372 kB
KernelStack:       47536 kB
PageTables:        63984 kB
NFS_Unstable:          0 kB
Bounce:                0 kB
WritebackTmp:          0 kB
CommitLimit:     9202292 kB
Committed_AS:   67516164 kB
VmallocTotal:   263061440 kB
VmallocUsed:      104728 kB
VmallocChunk:          0 kB
Percpu:             7648 kB
CmaTotal:         294912 kB
CmaFree:               0 kB
MemTotal:       12113136 kB
MemFree:          491892 kB
MemAvailable:    7937584 kB
Buffers:            7552 kB
Cached:          7840140 kB
SwapCached:            0 kB
Active:          2054412 kB
Inactive:        7003048 kB
Active(anon):    1111540 kB
Inactive(anon):   137396 kB
Active(file):     942872 kB
Inactive(file):  6865652 kB
Unevictable:        5716 kB
Mlocked:            5716 kB
SwapTotal:       3145724 kB
SwapFree:        3145724 kB
Dirty:              1012 kB
Writeback:             0 kB
AnonPages:       1215612 kB
Mapped:           771544 kB
Shmem:             34500 kB
KReclaimable:     505872 kB
Slab:             227288 kB
SReclaimable:      80052 kB
SUnreclaim:       147236 kB
KernelStack:       47424 kB
PageTables:        63716 kB
NFS_Unstable:          0 kB
Bounce:                0 kB
WritebackTmp:          0 kB
CommitLimit:     9202292 kB
Committed_AS:   67515584 kB
VmallocTotal:   263061440 kB
VmallocUsed:      104472 kB
VmallocChunk:          0 kB
Percpu:             7648 kB
CmaTotal:         294912 kB
CmaFree:              28 kB
MemTotal:       12113136 kB
MemFree:          490680 kB
MemAvailable:    7936384 kB
Buffers:            7552 kB
Cached:          7840152 kB
SwapCached:            0 kB
Active:          2055048 kB
Inactive:        7003060 kB
Active(anon):    1112176 kB
Inactive(anon):   137396 kB
Active(file):     942872 kB
Inactive(file):  6865664 kB
Unevictable:        5716 kB
Mlocked:            5716 kB
SwapTotal:       3145724 kB
SwapFree:        3145724 kB
Dirty:               212 kB
Writeback:            88 kB
AnonPages:       1216316 kB
Mapped:           771544 kB
Shmem:             34500 kB
KReclaimable:     505872 kB
Slab:             227312 kB
SReclaimable:      80052 kB
SUnreclaim:       147260 kB
KernelStack:       47424 kB
PageTables:        63724 kB
NFS_Unstable:          0 kB
Bounce:                0 kB
WritebackTmp:          0 kB
CommitLimit:     9202292 kB
Committed_AS:   67515584 kB
VmallocTotal:   263061440 kB
VmallocUsed:      104440 kB
VmallocChunk:          0 kB
Percpu:             7648 kB
CmaTotal:         294912 kB
CmaFree:               0 kB
MemTotal:       12113136 kB
MemFree:          490260 kB
MemAvailable:    7935992 kB
Buffers:            7552 kB
Cached:          7840164 kB
SwapCached:            0 kB
Active:          2056080 kB
Inactive:        7003072 kB
Active(anon):    1113208 kB
Inactive(anon):   137396 kB
Active(file):     942872 kB
Inactive(file):  6865676 kB
Unevictable:        5716 kB
Mlocked:            5716 kB
SwapTotal:       3145724 kB
SwapFree:        3145724 kB
Dirty:               280 kB
Writeback:             0 kB
AnonPages:       1217032 kB
Mapped:           771736 kB
Shmem:             34500 kB
KReclaimable:     505888 kB
Slab:             227328 kB
SReclaimable:      80068 kB
SUnreclaim:       147260 kB
KernelStack:       47472 kB
PageTables:        63728 kB
NFS_Unstable:          0 kB
Bounce:                0 kB
WritebackTmp:          0 kB
CommitLimit:     9202292 kB
Committed_AS:   67515120 kB
VmallocTotal:   263061440 kB
VmallocUsed:      104456 kB
VmallocChunk:          0 kB
Percpu:             7648 kB
CmaTotal:         294912 kB
CmaFree:               0 kB
MemTotal:       12113136 kB
MemFree:          490400 kB
MemAvailable:    7936120 kB
Buffers:            7552 kB
Cached:          7840168 kB
SwapCached:            0 kB
Active:          2057056 kB
Inactive:        7003076 kB
Active(anon):    1114184 kB
Inactive(anon):   137396 kB
Active(file):     942872 kB
Inactive(file):  6865680 kB
Unevictable:        5716 kB
Mlocked:            5716 kB
SwapTotal:       3145724 kB
SwapFree:        3145724 kB
Dirty:               316 kB
Writeback:             0 kB
AnonPages:       1217860 kB
Mapped:           771544 kB
Shmem:             34500 kB
KReclaimable:     505872 kB
Slab:             227312 kB
SReclaimable:      80052 kB
SUnreclaim:       147260 kB
KernelStack:       47424 kB
PageTables:        63716 kB
NFS_Unstable:          0 kB
Bounce:                0 kB
WritebackTmp:          0 kB
CommitLimit:     9202292 kB
Committed_AS:   67512184 kB
VmallocTotal:   263061440 kB
VmallocUsed:      104440 kB
VmallocChunk:          0 kB
Percpu:             7648 kB
CmaTotal:         294912 kB
CmaFree:               0 kB
MemTotal:       12113136 kB
MemFree:          457456 kB
MemAvailable:    7922228 kB
Buffers:            7552 kB
Cached:          7849740 kB
SwapCached:            0 kB
Active:          2083500 kB
Inactive:        7012648 kB
Active(anon):    1140628 kB
Inactive(anon):   146948 kB
Active(file):     942872 kB
Inactive(file):  6865700 kB
Unevictable:        5716 kB
Mlocked:            5716 kB
SwapTotal:       3145724 kB
SwapFree:        3145724 kB
Dirty:               336 kB
Writeback:             0 kB
AnonPages:       1244936 kB
Mapped:           781096 kB
Shmem:             44052 kB
KReclaimable:     524904 kB
Slab:             227312 kB
SReclaimable:      80052 kB
SUnreclaim:       147260 kB
KernelStack:       47216 kB
PageTables:        63700 kB
NFS_Unstable:          0 kB
Bounce:                0 kB
WritebackTmp:          0 kB
CommitLimit:     9202292 kB
Committed_AS:   67526872 kB
VmallocTotal:   263061440 kB
VmallocUsed:      104216 kB
VmallocChunk:          0 kB
Percpu:             7648 kB
CmaTotal:         294912 kB
CmaFree:               0 kB
MemTotal:       12113136 kB
MemFree:          479988 kB
MemAvailable:    7944760 kB
Buffers:            7552 kB
Cached:          7840188 kB
SwapCached:            0 kB
Active:          2065428 kB
Inactive:        7003100 kB
Active(anon):    1122560 kB
Inactive(anon):   137396 kB
Active(file):     942868 kB
Inactive(file):  6865704 kB
Unevictable:        5716 kB
Mlocked:            5716 kB
SwapTotal:       3145724 kB
SwapFree:        3145724 kB
Dirty:               348 kB
Writeback:             0 kB
AnonPages:       1226228 kB
Mapped:           771544 kB
Shmem:             34500 kB
KReclaimable:     524904 kB
Slab:             227296 kB
SReclaimable:      80052 kB
SUnreclaim:       147244 kB
KernelStack:       47216 kB
PageTables:        63652 kB
NFS_Unstable:          0 kB
Bounce:                0 kB
WritebackTmp:          0 kB
CommitLimit:     9202292 kB
Committed_AS:   67517092 kB
VmallocTotal:   263061440 kB
VmallocUsed:      104248 kB
VmallocChunk:          0 kB
Percpu:             7648 kB
CmaTotal:         294912 kB
CmaFree:               0 kB
MemTotal:       12113136 kB
MemFree:          480516 kB
MemAvailable:    7945300 kB
Buffers:            7552 kB
Cached:          7840184 kB
SwapCached:            0 kB
Active:          2066832 kB
Inactive:        7003096 kB
Active(anon):    1123964 kB
Inactive(anon):   137396 kB
Active(file):     942868 kB
Inactive(file):  6865700 kB
Unevictable:        5716 kB
Mlocked:            5716 kB
SwapTotal:       3145724 kB
SwapFree:        3145724 kB
Dirty:               384 kB
Writeback:             0 kB
AnonPages:       1227964 kB
Mapped:           771604 kB
Shmem:             34500 kB
KReclaimable:     524920 kB
Slab:             227312 kB
SReclaimable:      80068 kB
SUnreclaim:       147244 kB
KernelStack:       47216 kB
PageTables:        63664 kB
NFS_Unstable:          0 kB
Bounce:                0 kB
WritebackTmp:          0 kB
CommitLimit:     9202292 kB
Committed_AS:   67517136 kB
VmallocTotal:   263061440 kB
VmallocUsed:      104264 kB
VmallocChunk:          0 kB
Percpu:             7648 kB
CmaTotal:         294912 kB
CmaFree:               0 kB
MemTotal:       12113136 kB
MemFree:          454184 kB
MemAvailable:    7918996 kB
Buffers:            7552 kB
Cached:          7840212 kB
SwapCached:            0 kB
Active:          2092388 kB
Inactive:        7003124 kB
Active(anon):    1149520 kB
Inactive(anon):   137396 kB
Active(file):     942868 kB
Inactive(file):  6865728 kB
Unevictable:        5716 kB
Mlocked:            5716 kB
SwapTotal:       3145724 kB
SwapFree:        3145724 kB
Dirty:               424 kB
Writeback:             0 kB
AnonPages:       1253884 kB
Mapped:           771604 kB
Shmem:             34500 kB
KReclaimable:     524920 kB
Slab:             227320 kB
SReclaimable:      80068 kB
SUnreclaim:       147252 kB
KernelStack:       47216 kB
PageTables:        63660 kB
NFS_Unstable:          0 kB
Bounce:                0 kB
WritebackTmp:          0 kB
CommitLimit:     9202292 kB
Committed_AS:   67517812 kB
VmallocTotal:   263061440 kB
VmallocUsed:      104248 kB
VmallocChunk:          0 kB
Percpu:             7648 kB
CmaTotal:         294912 kB
CmaFree:               0 kB
MemTotal:       12113136 kB
MemFree:          455444 kB
MemAvailable:    7920276 kB
Buffers:            7552 kB
Cached:          7840232 kB
SwapCached:            0 kB
Active:          2090172 kB
Inactive:        7003140 kB
Active(anon):    1147300 kB
Inactive(anon):   137396 kB
Active(file):     942872 kB
Inactive(file):  6865744 kB
Unevictable:        5716 kB
Mlocked:            5716 kB
SwapTotal:       3145724 kB
SwapFree:        3145724 kB
Dirty:               452 kB
Writeback:             0 kB
AnonPages:       1251228 kB
Mapped:           771776 kB
Shmem:             34500 kB
KReclaimable:     524920 kB
Slab:             227312 kB
SReclaimable:      80068 kB
SUnreclaim:       147244 kB
KernelStack:       47216 kB
PageTables:        63660 kB
NFS_Unstable:          0 kB
Bounce:                0 kB
WritebackTmp:          0 kB
CommitLimit:     9202292 kB
Committed_AS:   67517820 kB
VmallocTotal:   263061440 kB
VmallocUsed:      104264 kB
VmallocChunk:          0 kB
Percpu:             7648 kB
CmaTotal:         294912 kB
CmaFree:             460 kB
MemTotal:       12113136 kB
MemFree:          454744 kB
MemAvailable:    7919588 kB
Buffers:            7552 kB
Cached:          7840244 kB
SwapCached:            0 kB
Active:          2090732 kB
Inactive:        7003152 kB
Active(anon):    1147860 kB
Inactive(anon):   137396 kB
Active(file):     942872 kB
Inactive(file):  6865756 kB
Unevictable:        5716 kB
Mlocked:            5716 kB
SwapTotal:       3145724 kB
SwapFree:        3145724 kB
Dirty:               496 kB
Writeback:             0 kB
AnonPages:       1251500 kB
Mapped:           771776 kB
Shmem:             34500 kB
KReclaimable:     524920 kB
Slab:             227320 kB
SReclaimable:      80068 kB
SUnreclaim:       147252 kB
KernelStack:       47200 kB
PageTables:        63652 kB
NFS_Unstable:          0 kB
Bounce:                0 kB
WritebackTmp:          0 kB
CommitLimit:     9202292 kB
Committed_AS:   67517512 kB
VmallocTotal:   263061440 kB
VmallocUsed:      104248 kB
VmallocChunk:          0 kB
Percpu:             7648 kB
CmaTotal:         294912 kB
CmaFree:             260 kB
MemTotal:       12113136 kB
MemFree:          456596 kB
MemAvailable:    7921452 kB
Buffers:            7552 kB
Cached:          7840256 kB
SwapCached:            0 kB
Active:          2089228 kB
Inactive:        7003164 kB
Active(anon):    1146356 kB
Inactive(anon):   137396 kB
Active(file):     942872 kB
Inactive(file):  6865768 kB
Unevictable:        5716 kB
Mlocked:            5716 kB
SwapTotal:       3145724 kB
SwapFree:        3145724 kB
Dirty:               516 kB
Writeback:             0 kB
AnonPages:       1250100 kB
Mapped:           771776 kB
Shmem:             34500 kB
KReclaimable:     524920 kB
Slab:             227320 kB
SReclaimable:      80068 kB
SUnreclaim:       147252 kB
KernelStack:       47200 kB
PageTables:        63656 kB
NFS_Unstable:          0 kB
Bounce:                0 kB
WritebackTmp:          0 kB
CommitLimit:     9202292 kB
Committed_AS:   67524184 kB
VmallocTotal:   263061440 kB
VmallocUsed:      104216 kB
VmallocChunk:          0 kB
Percpu:             7648 kB
CmaTotal:         294912 kB
CmaFree:               0 kB
MemTotal:       12113136 kB
MemFree:          478396 kB
MemAvailable:    7943284 kB
Buffers:            7552 kB
Cached:          7840272 kB
SwapCached:            0 kB
Active:          2067728 kB
Inactive:        7003180 kB
Active(anon):    1124856 kB
Inactive(anon):   137396 kB
Active(file):     942872 kB
Inactive(file):  6865784 kB
Unevictable:        5716 kB
Mlocked:            5716 kB
SwapTotal:       3145724 kB
SwapFree:        3145724 kB
Dirty:               292 kB
Writeback:             0 kB
AnonPages:       1229092 kB
Mapped:           771776 kB
Shmem:             34500 kB
KReclaimable:     524936 kB
Slab:             227336 kB
SReclaimable:      80084 kB
SUnreclaim:       147252 kB
KernelStack:       47168 kB
PageTables:        63656 kB
NFS_Unstable:          0 kB
Bounce:                0 kB
WritebackTmp:          0 kB
CommitLimit:     9202292 kB
Committed_AS:   67524044 kB
VmallocTotal:   263061440 kB
VmallocUsed:      104216 kB
VmallocChunk:          0 kB
Percpu:             7648 kB
CmaTotal:         294912 kB
CmaFree:             132 kB
MemTotal:       12113136 kB
MemFree:          490652 kB
MemAvailable:    7955560 kB
Buffers:            7552 kB
Cached:          7840308 kB
SwapCached:            0 kB
Active:          2056092 kB
Inactive:        7003212 kB
Active(anon):    1113216 kB
Inactive(anon):   137396 kB
Active(file):     942876 kB
Inactive(file):  6865816 kB
Unevictable:        5716 kB
Mlocked:            5716 kB
SwapTotal:       3145724 kB
SwapFree:        3145724 kB
Dirty:               340 kB
Writeback:             0 kB
AnonPages:       1217224 kB
Mapped:           771776 kB
Shmem:             34500 kB
KReclaimable:     524920 kB
Slab:             227296 kB
SReclaimable:      80068 kB
SUnreclaim:       147228 kB
KernelStack:       47168 kB
PageTables:        63656 kB
NFS_Unstable:          0 kB
Bounce:                0 kB
WritebackTmp:          0 kB
CommitLimit:     9202292 kB
Committed_AS:   67512672 kB
VmallocTotal:   263061440 kB
VmallocUsed:      104216 kB
VmallocChunk:          0 kB
Percpu:             7648 kB
CmaTotal:         294912 kB
CmaFree:              24 kB
MemTotal:       12113136 kB
MemFree:          490768 kB
MemAvailable:    7955672 kB
Buffers:            7552 kB
Cached:          7840288 kB
SwapCached:            0 kB
Active:          2056912 kB
Inactive:        7003200 kB
Active(anon):    1114044 kB
Inactive(anon):   137396 kB
Active(file):     942868 kB
Inactive(file):  6865804 kB
Unevictable:        5716 kB
Mlocked:            5716 kB
SwapTotal:       3145724 kB
SwapFree:        3145724 kB
Dirty:               344 kB
Writeback:             0 kB
AnonPages:       1217724 kB
Mapped:           771776 kB
Shmem:             34500 kB
KReclaimable:     524936 kB
Slab:             227296 kB
SReclaimable:      80084 kB
SUnreclaim:       147212 kB
KernelStack:       47152 kB
PageTables:        63648 kB
NFS_Unstable:          0 kB
Bounce:                0 kB
WritebackTmp:          0 kB
CommitLimit:     9202292 kB
Committed_AS:   67512424 kB
VmallocTotal:   263061440 kB
VmallocUsed:      104232 kB
VmallocChunk:          0 kB
Percpu:             7648 kB
CmaTotal:         294912 kB
CmaFree:               0 kB
MemTotal:       12113136 kB
MemFree:          489660 kB
MemAvailable:    7954604 kB
Buffers:            7552 kB
Cached:          7840312 kB
SwapCached:            0 kB
Active:          2057384 kB
Inactive:        7003220 kB
Active(anon):    1114512 kB
Inactive(anon):   137396 kB
Active(file):     942872 kB
Inactive(file):  6865824 kB
Unevictable:        5716 kB
Mlocked:            5716 kB
SwapTotal:       3145724 kB
SwapFree:        3145724 kB
Dirty:               368 kB
Writeback:             0 kB
AnonPages:       1218388 kB
Mapped:           771776 kB
Shmem:             34500 kB
KReclaimable:     524952 kB
Slab:             227312 kB
SReclaimable:      80100 kB
SUnreclaim:       147212 kB
KernelStack:       47168 kB
PageTables:        63648 kB
NFS_Unstable:          0 kB
Bounce:                0 kB
WritebackTmp:          0 kB
CommitLimit:     9202292 kB
Committed_AS:   67513492 kB
VmallocTotal:   263061440 kB
VmallocUsed:      104200 kB
VmallocChunk:          0 kB
Percpu:             7648 kB
CmaTotal:         294912 kB
CmaFree:               0 kB
MemTotal:       12113136 kB
MemFree:          488996 kB
MemAvailable:    7953916 kB
Buffers:            7552 kB
Cached:          7840316 kB
SwapCached:            0 kB
Active:          2057512 kB
Inactive:        7003224 kB
Active(anon):    1114640 kB
Inactive(anon):   137396 kB
Active(file):     942872 kB
Inactive(file):  6865828 kB
Unevictable:        5716 kB
Mlocked:            5716 kB
SwapTotal:       3145724 kB
SwapFree:        3145724 kB
Dirty:               396 kB
Writeback:             0 kB
AnonPages:       1218492 kB
Mapped:           771776 kB
Shmem:             34500 kB
KReclaimable:     524924 kB
Slab:             227284 kB
SReclaimable:      80072 kB
SUnreclaim:       147212 kB
KernelStack:       47168 kB
PageTables:        63692 kB
NFS_Unstable:          0 kB
Bounce:                0 kB
WritebackTmp:          0 kB
CommitLimit:     9202292 kB
Committed_AS:   67518804 kB
VmallocTotal:   263061440 kB
VmallocUsed:      104200 kB
VmallocChunk:          0 kB
Percpu:             7648 kB
CmaTotal:         294912 kB
CmaFree:               0 kB
MemTotal:       12113136 kB
MemFree:          489212 kB
MemAvailable:    7954148 kB
Buffers:            7552 kB
Cached:          7840332 kB
SwapCached:            0 kB
Active:          2058704 kB
Inactive:        7003240 kB
Active(anon):    1115832 kB
Inactive(anon):   137396 kB
Active(file):     942872 kB
Inactive(file):  6865844 kB
Unevictable:        5716 kB
Mlocked:            5716 kB
SwapTotal:       3145724 kB
SwapFree:        3145724 kB
Dirty:               416 kB
Writeback:             0 kB
AnonPages:       1219944 kB
Mapped:           771776 kB
Shmem:             34500 kB
KReclaimable:     524924 kB
Slab:             227284 kB
SReclaimable:      80072 kB
SUnreclaim:       147212 kB
KernelStack:       47184 kB
PageTables:        63620 kB
NFS_Unstable:          0 kB
Bounce:                0 kB
WritebackTmp:          0 kB
CommitLimit:     9202292 kB
Committed_AS:   67513536 kB
VmallocTotal:   263061440 kB
VmallocUsed:      104184 kB
VmallocChunk:          0 kB
Percpu:             7648 kB
CmaTotal:         294912 kB
CmaFree:               0 kB
MemTotal:       12113136 kB
MemFree:          488220 kB
MemAvailable:    7953184 kB
Buffers:            7556 kB
Cached:          7840344 kB
SwapCached:            0 kB
Active:          2059300 kB
Inactive:        7003252 kB
Active(anon):    1116428 kB
Inactive(anon):   137396 kB
Active(file):     942872 kB
Inactive(file):  6865856 kB
Unevictable:        5716 kB
Mlocked:            5716 kB
SwapTotal:       3145724 kB
SwapFree:        3145724 kB
Dirty:               308 kB
Writeback:             0 kB
AnonPages:       1220500 kB
Mapped:           771776 kB
Shmem:             34500 kB
KReclaimable:     524940 kB
Slab:             227300 kB
SReclaimable:      80088 kB
SUnreclaim:       147212 kB
KernelStack:       47120 kB
PageTables:        63648 kB
NFS_Unstable:          0 kB
Bounce:                0 kB
WritebackTmp:          0 kB
CommitLimit:     9202292 kB
Committed_AS:   67512716 kB
VmallocTotal:   263061440 kB
VmallocUsed:      104216 kB
VmallocChunk:          0 kB
Percpu:             7648 kB
CmaTotal:         294912 kB
CmaFree:               0 kB
MemTotal:       12113136 kB
MemFree:          486228 kB
MemAvailable:    7951200 kB
Buffers:            7556 kB
Cached:          7840364 kB
SwapCached:            0 kB
Active:          2060196 kB
Inactive:        7003272 kB
Active(anon):    1117320 kB
Inactive(anon):   137396 kB
Active(file):     942876 kB
Inactive(file):  6865876 kB
Unevictable:        5716 kB
Mlocked:            5716 kB
SwapTotal:       3145724 kB
SwapFree:        3145724 kB
Dirty:               412 kB
Writeback:             0 kB
AnonPages:       1220880 kB
Mapped:           771776 kB
Shmem:             34500 kB
KReclaimable:     524924 kB
Slab:             227308 kB
SReclaimable:      80072 kB
SUnreclaim:       147236 kB
KernelStack:       47264 kB
PageTables:        63664 kB
NFS_Unstable:          0 kB
Bounce:                0 kB
WritebackTmp:          0 kB
CommitLimit:     9202292 kB
Committed_AS:   67517432 kB
VmallocTotal:   263061440 kB
VmallocUsed:      104248 kB
VmallocChunk:          0 kB
Percpu:             7648 kB
CmaTotal:         294912 kB
CmaFree:               0 kB
MemTotal:       12113136 kB
MemFree:          485224 kB
MemAvailable:    7950224 kB
Buffers:            7556 kB
Cached:          7840376 kB
SwapCached:            0 kB
Active:          2060688 kB
Inactive:        7003284 kB
Active(anon):    1117812 kB
Inactive(anon):   137396 kB
Active(file):     942876 kB
Inactive(file):  6865888 kB
Unevictable:        5716 kB
Mlocked:            5716 kB
SwapTotal:       3145724 kB
SwapFree:        3145724 kB
Dirty:               460 kB
Writeback:             0 kB
AnonPages:       1221740 kB
Mapped:           771776 kB
Shmem:             34500 kB
KReclaimable:     524940 kB
Slab:             227292 kB
SReclaimable:      80088 kB
SUnreclaim:       147204 kB
KernelStack:       47296 kB
PageTables:        63624 kB
NFS_Unstable:          0 kB
Bounce:                0 kB
WritebackTmp:          0 kB
CommitLimit:     9202292 kB
Committed_AS:   67510124 kB
VmallocTotal:   263061440 kB
VmallocUsed:      104280 kB
VmallocChunk:          0 kB
Percpu:             7648 kB
CmaTotal:         294912 kB
CmaFree:               0 kB
MemTotal:       12113136 kB
MemFree:          486284 kB
MemAvailable:    7951280 kB
Buffers:            7556 kB
Cached:          7840388 kB
SwapCached:            0 kB
Active:          2061232 kB
Inactive:        7003296 kB
Active(anon):    1118356 kB
Inactive(anon):   137396 kB
Active(file):     942876 kB
Inactive(file):  6865900 kB
Unevictable:        5716 kB
Mlocked:            5716 kB
SwapTotal:       3145724 kB
SwapFree:        3145724 kB
Dirty:               472 kB
Writeback:             0 kB
AnonPages:       1222412 kB
Mapped:           771776 kB
Shmem:             34500 kB
KReclaimable:     524924 kB
Slab:             227276 kB
SReclaimable:      80072 kB
SUnreclaim:       147204 kB
KernelStack:       47280 kB
PageTables:        63636 kB
NFS_Unstable:          0 kB
Bounce:                0 kB
WritebackTmp:          0 kB
CommitLimit:     9202292 kB
Committed_AS:   67508076 kB
VmallocTotal:   263061440 kB
VmallocUsed:      104264 kB
VmallocChunk:          0 kB
Percpu:             7648 kB
CmaTotal:         294912 kB
CmaFree:               0 kB
MemTotal:       12113136 kB
MemFree:          485132 kB
MemAvailable:    7950164 kB
Buffers:            7556 kB
Cached:          7840424 kB
SwapCached:            0 kB
Active:          2062036 kB
Inactive:        7003328 kB
Active(anon):    1119156 kB
Inactive(anon):   137396 kB
Active(file):     942880 kB
Inactive(file):  6865932 kB
Unevictable:        5716 kB
Mlocked:            5716 kB
SwapTotal:       3145724 kB
SwapFree:        3145724 kB
Dirty:               236 kB
Writeback:             0 kB
AnonPages:       1223052 kB
Mapped:           771776 kB
Shmem:             34500 kB
KReclaimable:     524924 kB
Slab:             227268 kB
SReclaimable:      80072 kB
SUnreclaim:       147196 kB
KernelStack:       47264 kB
PageTables:        63656 kB
NFS_Unstable:          0 kB
Bounce:                0 kB
WritebackTmp:          0 kB
CommitLimit:     9202292 kB
Committed_AS:   67512412 kB
VmallocTotal:   263061440 kB
VmallocUsed:      104312 kB
VmallocChunk:          0 kB
Percpu:             7648 kB
CmaTotal:         294912 kB
CmaFree:               0 kB
MemTotal:       12113136 kB
MemFree:          484776 kB
MemAvailable:    7949788 kB
Buffers:            7556 kB
Cached:          7840404 kB
SwapCached:            0 kB
Active:          2061276 kB
Inactive:        7003312 kB
Active(anon):    1118400 kB
Inactive(anon):   137396 kB
Active(file):     942876 kB
Inactive(file):  6865916 kB
Unevictable:        5716 kB
Mlocked:            5716 kB
SwapTotal:       3145724 kB
SwapFree:        3145724 kB
Dirty:               276 kB
Writeback:             0 kB
AnonPages:       1222624 kB
Mapped:           771776 kB
Shmem:             34500 kB
KReclaimable:     524924 kB
Slab:             227284 kB
SReclaimable:      80072 kB
SUnreclaim:       147212 kB
KernelStack:       47296 kB
PageTables:        63712 kB
NFS_Unstable:          0 kB
Bounce:                0 kB
WritebackTmp:          0 kB
CommitLimit:     9202292 kB
Committed_AS:   67512532 kB
VmallocTotal:   263061440 kB
VmallocUsed:      104280 kB
VmallocChunk:          0 kB
Percpu:             7648 kB
CmaTotal:         294912 kB
CmaFree:               0 kB
MemTotal:       12113136 kB
MemFree:          484056 kB
MemAvailable:    7949104 kB
Buffers:            7556 kB
Cached:          7840424 kB
SwapCached:            0 kB
Active:          2062468 kB
Inactive:        7003332 kB
Active(anon):    1119592 kB
Inactive(anon):   137396 kB
Active(file):     942876 kB
Inactive(file):  6865936 kB
Unevictable:        5716 kB
Mlocked:            5716 kB
SwapTotal:       3145724 kB
SwapFree:        3145724 kB
Dirty:               304 kB
Writeback:             0 kB
AnonPages:       1223780 kB
Mapped:           771776 kB
Shmem:             34500 kB
KReclaimable:     524940 kB
Slab:             227284 kB
SReclaimable:      80088 kB
SUnreclaim:       147196 kB
KernelStack:       47264 kB
PageTables:        63648 kB
NFS_Unstable:          0 kB
Bounce:                0 kB
WritebackTmp:          0 kB
CommitLimit:     9202292 kB
Committed_AS:   67512368 kB
VmallocTotal:   263061440 kB
VmallocUsed:      104280 kB
VmallocChunk:          0 kB
Percpu:             7648 kB
CmaTotal:         294912 kB
CmaFree:               0 kB
MemTotal:       12113136 kB
MemFree:          484440 kB
MemAvailable:    7949476 kB
Buffers:            7556 kB
Cached:          7840428 kB
SwapCached:            0 kB
Active:          2063256 kB
Inactive:        7003336 kB
Active(anon):    1120380 kB
Inactive(anon):   137396 kB
Active(file):     942876 kB
Inactive(file):  6865940 kB
Unevictable:        5716 kB
Mlocked:            5716 kB
SwapTotal:       3145724 kB
SwapFree:        3145724 kB
Dirty:               344 kB
Writeback:             0 kB
AnonPages:       1224344 kB
Mapped:           771776 kB
Shmem:             34500 kB
KReclaimable:     524924 kB
Slab:             227276 kB
SReclaimable:      80072 kB
SUnreclaim:       147204 kB
KernelStack:       47264 kB
PageTables:        63652 kB
NFS_Unstable:          0 kB
Bounce:                0 kB
WritebackTmp:          0 kB
CommitLimit:     9202292 kB
Committed_AS:   67512192 kB
VmallocTotal:   263061440 kB
VmallocUsed:      104280 kB
VmallocChunk:          0 kB
Percpu:             7648 kB
CmaTotal:         294912 kB
CmaFree:               0 kB
MemTotal:       12113136 kB
MemFree:          483564 kB
MemAvailable:    7948620 kB
Buffers:            7556 kB
Cached:          7840448 kB
SwapCached:            0 kB
Active:          2064036 kB
Inactive:        7003356 kB
Active(anon):    1121160 kB
Inactive(anon):   137396 kB
Active(file):     942876 kB
Inactive(file):  6865960 kB
Unevictable:        5716 kB
Mlocked:            5716 kB
SwapTotal:       3145724 kB
SwapFree:        3145724 kB
Dirty:               368 kB
Writeback:             0 kB
AnonPages:       1225220 kB
Mapped:           771780 kB
Shmem:             34500 kB
KReclaimable:     524924 kB
Slab:             227260 kB
SReclaimable:      80072 kB
SUnreclaim:       147188 kB
KernelStack:       47264 kB
PageTables:        63664 kB
NFS_Unstable:          0 kB
Bounce:                0 kB
WritebackTmp:          0 kB
CommitLimit:     9202292 kB
Committed_AS:   67507068 kB
VmallocTotal:   263061440 kB
VmallocUsed:      104280 kB
VmallocChunk:          0 kB
Percpu:             7648 kB
CmaTotal:         294912 kB
CmaFree:               0 kB
MemTotal:       12113136 kB
MemFree:          482528 kB
MemAvailable:    7947612 kB
Buffers:            7556 kB
Cached:          7840460 kB
SwapCached:            0 kB
Active:          2064328 kB
Inactive:        7003368 kB
Active(anon):    1121452 kB
Inactive(anon):   137396 kB
Active(file):     942876 kB
Inactive(file):  6865972 kB
Unevictable:        5716 kB
Mlocked:            5716 kB
SwapTotal:       3145724 kB
SwapFree:        3145724 kB
Dirty:               380 kB
Writeback:             0 kB
AnonPages:       1225412 kB
Mapped:           771780 kB
Shmem:             34500 kB
KReclaimable:     524940 kB
Slab:             227308 kB
SReclaimable:      80088 kB
SUnreclaim:       147220 kB
KernelStack:       47264 kB
PageTables:        63648 kB
NFS_Unstable:          0 kB
Bounce:                0 kB
WritebackTmp:          0 kB
CommitLimit:     9202292 kB
Committed_AS:   67507552 kB
VmallocTotal:   263061440 kB
VmallocUsed:      104296 kB
VmallocChunk:          0 kB
Percpu:             7648 kB
CmaTotal:         294912 kB
CmaFree:               0 kB
MemTotal:       12113136 kB
MemFree:          481912 kB
MemAvailable:    7946996 kB
Buffers:            7556 kB
Cached:          7840476 kB
SwapCached:            0 kB
Active:          2065292 kB
Inactive:        7003384 kB
Active(anon):    1122416 kB
Inactive(anon):   137396 kB
Active(file):     942876 kB
Inactive(file):  6865988 kB
Unevictable:        5716 kB
Mlocked:            5716 kB
SwapTotal:       3145724 kB
SwapFree:        3145724 kB
Dirty:               432 kB
Writeback:             0 kB
AnonPages:       1226236 kB
Mapped:           771780 kB
Shmem:             34500 kB
KReclaimable:     524924 kB
Slab:             227260 kB
SReclaimable:      80072 kB
SUnreclaim:       147188 kB
KernelStack:       47264 kB
PageTables:        63660 kB
NFS_Unstable:          0 kB
Bounce:                0 kB
WritebackTmp:          0 kB
CommitLimit:     9202292 kB
Committed_AS:   67512508 kB
VmallocTotal:   263061440 kB
VmallocUsed:      104264 kB
VmallocChunk:          0 kB
Percpu:             7648 kB
CmaTotal:         294912 kB
CmaFree:               0 kB
MemTotal:       12113136 kB
MemFree:          481684 kB
MemAvailable:    7946776 kB
Buffers:            7556 kB
Cached:          7840484 kB
SwapCached:            0 kB
Active:          2066004 kB
Inactive:        7003392 kB
Active(anon):    1123128 kB
Inactive(anon):   137396 kB
Active(file):     942876 kB
Inactive(file):  6865996 kB
Unevictable:        5716 kB
Mlocked:            5716 kB
SwapTotal:       3145724 kB
SwapFree:        3145724 kB
Dirty:               488 kB
Writeback:             0 kB
AnonPages:       1227308 kB
Mapped:           771780 kB
Shmem:             34500 kB
KReclaimable:     524924 kB
Slab:             227292 kB
SReclaimable:      80072 kB
SUnreclaim:       147220 kB
KernelStack:       47264 kB
PageTables:        63660 kB
NFS_Unstable:          0 kB
Bounce:                0 kB
WritebackTmp:          0 kB
CommitLimit:     9202292 kB
Committed_AS:   67518020 kB
VmallocTotal:   263061440 kB
VmallocUsed:      104248 kB
VmallocChunk:          0 kB
Percpu:             7648 kB
CmaTotal:         294912 kB
CmaFree:               0 kB
MemTotal:       12113136 kB
MemFree:          480488 kB
MemAvailable:    7945612 kB
Buffers:            7556 kB
Cached:          7840500 kB
SwapCached:            0 kB
Active:          2066496 kB
Inactive:        7003408 kB
Active(anon):    1123620 kB
Inactive(anon):   137396 kB
Active(file):     942876 kB
Inactive(file):  6866012 kB
Unevictable:        5716 kB
Mlocked:            5716 kB
SwapTotal:       3145724 kB
SwapFree:        3145724 kB
Dirty:               508 kB
Writeback:             0 kB
AnonPages:       1227780 kB
Mapped:           771780 kB
Shmem:             34500 kB
KReclaimable:     524940 kB
Slab:             227300 kB
SReclaimable:      80088 kB
SUnreclaim:       147212 kB
KernelStack:       47264 kB
PageTables:        63652 kB
NFS_Unstable:          0 kB
Bounce:                0 kB
WritebackTmp:          0 kB
CommitLimit:     9202292 kB
Committed_AS:   67517892 kB
VmallocTotal:   263061440 kB
VmallocUsed:      104232 kB
VmallocChunk:          0 kB
Percpu:             7648 kB
CmaTotal:         294912 kB
CmaFree:               0 kB
MemTotal:       12113136 kB
MemFree:          480264 kB
MemAvailable:    7945400 kB
Buffers:            7556 kB
Cached:          7840512 kB
SwapCached:            0 kB
Active:          2067148 kB
Inactive:        7003420 kB
Active(anon):    1124272 kB
Inactive(anon):   137396 kB
Active(file):     942876 kB
Inactive(file):  6866024 kB
Unevictable:        5716 kB
Mlocked:            5716 kB
SwapTotal:       3145724 kB
SwapFree:        3145724 kB
Dirty:               532 kB
Writeback:             0 kB
AnonPages:       1228444 kB
Mapped:           771780 kB
Shmem:             34500 kB
KReclaimable:     524940 kB
Slab:             227300 kB
SReclaimable:      80088 kB
SUnreclaim:       147212 kB
KernelStack:       47264 kB
PageTables:        63648 kB
NFS_Unstable:          0 kB
Bounce:                0 kB
WritebackTmp:          0 kB
CommitLimit:     9202292 kB
Committed_AS:   67517536 kB
VmallocTotal:   263061440 kB
VmallocUsed:      104216 kB
VmallocChunk:          0 kB
Percpu:             7648 kB
CmaTotal:         294912 kB
CmaFree:               0 kB
MemTotal:       12113136 kB
MemFree:          480368 kB
MemAvailable:    7945496 kB
Buffers:            7556 kB
Cached:          7840528 kB
SwapCached:            0 kB
Active:          2067652 kB
Inactive:        7003436 kB
Active(anon):    1124776 kB
Inactive(anon):   137404 kB
Active(file):     942876 kB
Inactive(file):  6866032 kB
Unevictable:        5716 kB
Mlocked:            5716 kB
SwapTotal:       3145724 kB
SwapFree:        3145724 kB
Dirty:               312 kB
Writeback:             0 kB
AnonPages:       1228832 kB
Mapped:           771788 kB
Shmem:             34508 kB
KReclaimable:     524924 kB
Slab:             227276 kB
SReclaimable:      80072 kB
SUnreclaim:       147204 kB
KernelStack:       47264 kB
PageTables:        63596 kB
NFS_Unstable:          0 kB
Bounce:                0 kB
WritebackTmp:          0 kB
CommitLimit:     9202292 kB
Committed_AS:   67512472 kB
VmallocTotal:   263061440 kB
VmallocUsed:      104264 kB
VmallocChunk:          0 kB
Percpu:             7648 kB
CmaTotal:         294912 kB
CmaFree:               0 kB
MemTotal:       12113136 kB
MemFree:          493600 kB
MemAvailable:    7958764 kB
Buffers:            7556 kB
Cached:          7840548 kB
SwapCached:            0 kB
Active:          2052948 kB
Inactive:        7003456 kB
Active(anon):    1110072 kB
Inactive(anon):   137404 kB
Active(file):     942876 kB
Inactive(file):  6866052 kB
Unevictable:        5716 kB
Mlocked:            5716 kB
SwapTotal:       3145724 kB
SwapFree:        3145724 kB
Dirty:               316 kB
Writeback:             0 kB
AnonPages:       1213900 kB
Mapped:           771788 kB
Shmem:             34508 kB
KReclaimable:     524940 kB
Slab:             227300 kB
SReclaimable:      80088 kB
SUnreclaim:       147212 kB
KernelStack:       47264 kB
PageTables:        63648 kB
NFS_Unstable:          0 kB
Bounce:                0 kB
WritebackTmp:          0 kB
CommitLimit:     9202292 kB
Committed_AS:   67517448 kB
VmallocTotal:   263061440 kB
VmallocUsed:      104280 kB
VmallocChunk:          0 kB
Percpu:             7648 kB
CmaTotal:         294912 kB
CmaFree:             288 kB
MemTotal:       12113136 kB
MemFree:          492860 kB
MemAvailable:    7958024 kB
Buffers:            7556 kB
Cached:          7840564 kB
SwapCached:            0 kB
Active:          2053364 kB
Inactive:        7003472 kB
Active(anon):    1110488 kB
Inactive(anon):   137404 kB
Active(file):     942876 kB
Inactive(file):  6866068 kB
Unevictable:        5716 kB
Mlocked:            5716 kB
SwapTotal:       3145724 kB
SwapFree:        3145724 kB
Dirty:               360 kB
Writeback:             0 kB
AnonPages:       1214760 kB
Mapped:           771788 kB
Shmem:             34508 kB
KReclaimable:     524924 kB
Slab:             227284 kB
SReclaimable:      80072 kB
SUnreclaim:       147212 kB
KernelStack:       47264 kB
PageTables:        63652 kB
NFS_Unstable:          0 kB
Bounce:                0 kB
WritebackTmp:          0 kB
CommitLimit:     9202292 kB
Committed_AS:   67517380 kB
VmallocTotal:   263061440 kB
VmallocUsed:      104296 kB
VmallocChunk:          0 kB
Percpu:             7648 kB
CmaTotal:         294912 kB
CmaFree:               8 kB
MemTotal:       12113136 kB
MemFree:          491524 kB
MemAvailable:    7956696 kB
Buffers:            7556 kB
Cached:          7840580 kB
SwapCached:            0 kB
Active:          2053520 kB
Inactive:        7003488 kB
Active(anon):    1110644 kB
Inactive(anon):   137412 kB
Active(file):     942876 kB
Inactive(file):  6866076 kB
Unevictable:        5716 kB
Mlocked:            5716 kB
SwapTotal:       3145724 kB
SwapFree:        3145724 kB
Dirty:               368 kB
Writeback:             0 kB
AnonPages:       1214976 kB
Mapped:           771796 kB
Shmem:             34516 kB
KReclaimable:     524924 kB
Slab:             227284 kB
SReclaimable:      80072 kB
SUnreclaim:       147212 kB
KernelStack:       47264 kB
PageTables:        63648 kB
NFS_Unstable:          0 kB
Bounce:                0 kB
WritebackTmp:          0 kB
CommitLimit:     9202292 kB
Committed_AS:   67517352 kB
VmallocTotal:   263061440 kB
VmallocUsed:      104312 kB
VmallocChunk:          0 kB
Percpu:             7648 kB
CmaTotal:         294912 kB
CmaFree:               0 kB
MemTotal:       12113136 kB
MemFree:          491400 kB
MemAvailable:    7956604 kB
Buffers:            7556 kB
Cached:          7840596 kB
SwapCached:            0 kB
Active:          2054132 kB
Inactive:        7003504 kB
Active(anon):    1111256 kB
Inactive(anon):   137412 kB
Active(file):     942876 kB
Inactive(file):  6866092 kB
Unevictable:        5716 kB
Mlocked:            5716 kB
SwapTotal:       3145724 kB
SwapFree:        3145724 kB
Dirty:               384 kB
Writeback:             0 kB
AnonPages:       1215468 kB
Mapped:           771796 kB
Shmem:             34516 kB
KReclaimable:     524940 kB
Slab:             227292 kB
SReclaimable:      80088 kB
SUnreclaim:       147204 kB
KernelStack:       47264 kB
PageTables:        63648 kB
NFS_Unstable:          0 kB
Bounce:                0 kB
WritebackTmp:          0 kB
CommitLimit:     9202292 kB
Committed_AS:   67517184 kB
VmallocTotal:   263061440 kB
VmallocUsed:      104328 kB
