MemTotal:       12113132 kB
MemFree:         6205732 kB
MemAvailable:    8014940 kB
Buffers:            7680 kB
Cached:          1908276 kB
SwapCached:            0 kB
Active:          1463400 kB
Inactive:        1647872 kB
Active(anon):    1201856 kB
Inactive(anon):    27816 kB
Active(file):     261544 kB
Inactive(file):  1620056 kB
Unevictable:        5532 kB
Mlocked:            5532 kB
SwapTotal:       3145724 kB
SwapFree:        3145724 kB
Dirty:               156 kB
Writeback:             0 kB
AnonPages:       1201040 kB
Mapped:           852028 kB
Shmem:             29876 kB
KReclaimable:     796312 kB
Slab:             222256 kB
SReclaimable:      78292 kB
SUnreclaim:       143964 kB
KernelStack:       46164 kB
PageTables:        62496 kB
NFS_Unstable:          0 kB
Bounce:                0 kB
WritebackTmp:          0 kB
CommitLimit:     9202288 kB
Committed_AS:   66028444 kB
VmallocTotal:   263061440 kB
VmallocUsed:      103136 kB
VmallocChunk:          0 kB
Percpu:             7648 kB
CmaTotal:         294912 kB
CmaFree:               0 kB
MemTotal:       12113132 kB
MemFree:         6204768 kB
MemAvailable:    8014052 kB
Buffers:            7680 kB
Cached:          1908352 kB
SwapCached:            0 kB
Active:          1463880 kB
Inactive:        1647916 kB
Active(anon):    1202304 kB
Inactive(anon):    27816 kB
Active(file):     261576 kB
Inactive(file):  1620100 kB
Unevictable:        5532 kB
Mlocked:            5532 kB
SwapTotal:       3145724 kB
SwapFree:        3145724 kB
Dirty:               232 kB
Writeback:             0 kB
AnonPages:       1201208 kB
Mapped:           852244 kB
Shmem:             29876 kB
KReclaimable:     796312 kB
Slab:             222248 kB
SReclaimable:      78292 kB
SUnreclaim:       143956 kB
KernelStack:       46176 kB
PageTables:        62548 kB
NFS_Unstable:          0 kB
Bounce:                0 kB
WritebackTmp:          0 kB
CommitLimit:     9202288 kB
Committed_AS:   66028284 kB
VmallocTotal:   263061440 kB
VmallocUsed:      103136 kB
VmallocChunk:          0 kB
Percpu:             7648 kB
CmaTotal:         294912 kB
CmaFree:               4 kB
MemTotal:       12113132 kB
MemFree:         6204112 kB
MemAvailable:    8013420 kB
Buffers:            7680 kB
Cached:          1908376 kB
SwapCached:            0 kB
Active:          1464044 kB
Inactive:        1647932 kB
Active(anon):    1202460 kB
Inactive(anon):    27816 kB
Active(file):     261584 kB
Inactive(file):  1620116 kB
Unevictable:        5532 kB
Mlocked:            5532 kB
SwapTotal:       3145724 kB
SwapFree:        3145724 kB
Dirty:               268 kB
Writeback:             0 kB
AnonPages:       1201316 kB
Mapped:           852196 kB
Shmem:             29876 kB
KReclaimable:     796312 kB
Slab:             222256 kB
SReclaimable:      78292 kB
SUnreclaim:       143964 kB
KernelStack:       46196 kB
PageTables:        62456 kB
NFS_Unstable:          0 kB
Bounce:                0 kB
WritebackTmp:          0 kB
CommitLimit:     9202288 kB
Committed_AS:   66031460 kB
VmallocTotal:   263061440 kB
VmallocUsed:      103152 kB
VmallocChunk:          0 kB
Percpu:             7648 kB
CmaTotal:         294912 kB
CmaFree:               0 kB
MemTotal:       12113132 kB
MemFree:         6203772 kB
MemAvailable:    8013092 kB
Buffers:            7680 kB
Cached:          1908388 kB
SwapCached:            0 kB
Active:          1464700 kB
Inactive:        1647944 kB
Active(anon):    1203116 kB
Inactive(anon):    27816 kB
Active(file):     261584 kB
Inactive(file):  1620128 kB
Unevictable:        5532 kB
Mlocked:            5532 kB
SwapTotal:       3145724 kB
SwapFree:        3145724 kB
Dirty:               280 kB
Writeback:             0 kB
AnonPages:       1201856 kB
Mapped:           852076 kB
Shmem:             29876 kB
KReclaimable:     796312 kB
Slab:             222256 kB
SReclaimable:      78292 kB
SUnreclaim:       143964 kB
KernelStack:       46160 kB
PageTables:        62560 kB
NFS_Unstable:          0 kB
Bounce:                0 kB
WritebackTmp:          0 kB
CommitLimit:     9202288 kB
Committed_AS:   66035832 kB
VmallocTotal:   263061440 kB
VmallocUsed:      103152 kB
VmallocChunk:          0 kB
Percpu:             7648 kB
CmaTotal:         294912 kB
CmaFree:             124 kB
MemTotal:       12113132 kB
MemFree:         6213916 kB
MemAvailable:    8023256 kB
Buffers:            7680 kB
Cached:          1908408 kB
SwapCached:            0 kB
Active:          1452368 kB
Inactive:        1647964 kB
Active(anon):    1190784 kB
Inactive(anon):    27816 kB
Active(file):     261584 kB
Inactive(file):  1620148 kB
Unevictable:        5532 kB
Mlocked:            5532 kB
SwapTotal:       3145724 kB
SwapFree:        3145724 kB
Dirty:               312 kB
Writeback:             0 kB
AnonPages:       1190012 kB
Mapped:           852268 kB
Shmem:             29876 kB
KReclaimable:     796312 kB
Slab:             222272 kB
SReclaimable:      78292 kB
SUnreclaim:       143980 kB
KernelStack:       46096 kB
PageTables:        62520 kB
NFS_Unstable:          0 kB
Bounce:                0 kB
WritebackTmp:          0 kB
CommitLimit:     9202288 kB
Committed_AS:   66035832 kB
VmallocTotal:   263061440 kB
VmallocUsed:      103120 kB
VmallocChunk:          0 kB
Percpu:             7648 kB
CmaTotal:         294912 kB
CmaFree:             116 kB
MemTotal:       12113132 kB
MemFree:         6213748 kB
MemAvailable:    8023112 kB
Buffers:            7680 kB
Cached:          1908432 kB
SwapCached:            0 kB
Active:          1452984 kB
Inactive:        1647984 kB
Active(anon):    1191396 kB
Inactive(anon):    27816 kB
Active(file):     261588 kB
Inactive(file):  1620168 kB
Unevictable:        5532 kB
Mlocked:            5532 kB
SwapTotal:       3145724 kB
SwapFree:        3145724 kB
Dirty:               332 kB
Writeback:             0 kB
AnonPages:       1190032 kB
Mapped:           852336 kB
Shmem:             29876 kB
KReclaimable:     796312 kB
Slab:             222296 kB
SReclaimable:      78292 kB
SUnreclaim:       144004 kB
KernelStack:       46176 kB
PageTables:        62556 kB
NFS_Unstable:          0 kB
Bounce:                0 kB
WritebackTmp:          0 kB
CommitLimit:     9202288 kB
Committed_AS:   66035956 kB
VmallocTotal:   263061440 kB
VmallocUsed:      103152 kB
VmallocChunk:          0 kB
Percpu:             7648 kB
CmaTotal:         294912 kB
CmaFree:             132 kB
MemTotal:       12113132 kB
MemFree:         6214760 kB
MemAvailable:    8024128 kB
Buffers:            7680 kB
Cached:          1908436 kB
SwapCached:            0 kB
Active:          1452132 kB
Inactive:        1647992 kB
Active(anon):    1190548 kB
Inactive(anon):    27816 kB
Active(file):     261584 kB
Inactive(file):  1620176 kB
Unevictable:        5532 kB
Mlocked:            5532 kB
SwapTotal:       3145724 kB
SwapFree:        3145724 kB
Dirty:               344 kB
Writeback:             0 kB
AnonPages:       1189596 kB
Mapped:           852196 kB
Shmem:             29876 kB
KReclaimable:     796312 kB
Slab:             222272 kB
SReclaimable:      78292 kB
SUnreclaim:       143980 kB
KernelStack:       46196 kB
PageTables:        62460 kB
NFS_Unstable:          0 kB
Bounce:                0 kB
WritebackTmp:          0 kB
CommitLimit:     9202288 kB
Committed_AS:   66036052 kB
VmallocTotal:   263061440 kB
VmallocUsed:      103184 kB
VmallocChunk:          0 kB
Percpu:             7648 kB
CmaTotal:         294912 kB
CmaFree:              24 kB
MemTotal:       12113132 kB
MemFree:         6218904 kB
MemAvailable:    8028292 kB
Buffers:            7680 kB
Cached:          1908456 kB
SwapCached:            0 kB
Active:          1446832 kB
Inactive:        1648012 kB
Active(anon):    1185248 kB
Inactive(anon):    27816 kB
Active(file):     261584 kB
Inactive(file):  1620196 kB
Unevictable:        5532 kB
Mlocked:            5532 kB
SwapTotal:       3145724 kB
SwapFree:        3145724 kB
Dirty:               132 kB
Writeback:             0 kB
AnonPages:       1184044 kB
Mapped:           852264 kB
Shmem:             29876 kB
KReclaimable:     796312 kB
Slab:             222268 kB
SReclaimable:      78292 kB
SUnreclaim:       143976 kB
KernelStack:       46160 kB
PageTables:        62500 kB
NFS_Unstable:          0 kB
Bounce:                0 kB
WritebackTmp:          0 kB
CommitLimit:     9202288 kB
Committed_AS:   66035700 kB
VmallocTotal:   263061440 kB
VmallocUsed:      103168 kB
VmallocChunk:          0 kB
Percpu:             7648 kB
CmaTotal:         294912 kB
CmaFree:             260 kB
MemTotal:       12113132 kB
MemFree:         6219212 kB
MemAvailable:    8028628 kB
Buffers:            7680 kB
Cached:          1908480 kB
SwapCached:            0 kB
Active:          1447204 kB
Inactive:        1648036 kB
Active(anon):    1185620 kB
Inactive(anon):    27816 kB
Active(file):     261584 kB
Inactive(file):  1620220 kB
Unevictable:        5532 kB
Mlocked:            5532 kB
SwapTotal:       3145724 kB
SwapFree:        3145724 kB
Dirty:               180 kB
Writeback:             0 kB
AnonPages:       1184672 kB
Mapped:           852196 kB
Shmem:             29876 kB
KReclaimable:     796316 kB
Slab:             222288 kB
SReclaimable:      78296 kB
SUnreclaim:       143992 kB
KernelStack:       46196 kB
PageTables:        62540 kB
NFS_Unstable:          0 kB
Bounce:                0 kB
WritebackTmp:          0 kB
CommitLimit:     9202288 kB
Committed_AS:   66030380 kB
VmallocTotal:   263061440 kB
VmallocUsed:      103184 kB
VmallocChunk:          0 kB
Percpu:             7648 kB
CmaTotal:         294912 kB
CmaFree:              16 kB
MemTotal:       12113132 kB
MemFree:         6218720 kB
MemAvailable:    8028140 kB
Buffers:            7680 kB
Cached:          1908484 kB
SwapCached:            0 kB
Active:          1448860 kB
Inactive:        1648044 kB
Active(anon):    1187280 kB
Inactive(anon):    27816 kB
Active(file):     261580 kB
Inactive(file):  1620228 kB
Unevictable:        5532 kB
Mlocked:            5532 kB
SwapTotal:       3145724 kB
SwapFree:        3145724 kB
Dirty:               196 kB
Writeback:             0 kB
AnonPages:       1186288 kB
Mapped:           852076 kB
Shmem:             29876 kB
KReclaimable:     796316 kB
Slab:             222328 kB
SReclaimable:      78296 kB
SUnreclaim:       144032 kB
KernelStack:       46288 kB
PageTables:        62620 kB
NFS_Unstable:          0 kB
Bounce:                0 kB
WritebackTmp:          0 kB
CommitLimit:     9202288 kB
Committed_AS:   66030648 kB
VmallocTotal:   263061440 kB
VmallocUsed:      103152 kB
VmallocChunk:          0 kB
Percpu:             7648 kB
CmaTotal:         294912 kB
CmaFree:               0 kB
MemTotal:       12113132 kB
MemFree:         6217668 kB
MemAvailable:    8027124 kB
Buffers:            7680 kB
Cached:          1908520 kB
SwapCached:            0 kB
Active:          1449260 kB
Inactive:        1648072 kB
Active(anon):    1187672 kB
Inactive(anon):    27816 kB
Active(file):     261588 kB
Inactive(file):  1620256 kB
Unevictable:        5532 kB
Mlocked:            5532 kB
SwapTotal:       3145724 kB
SwapFree:        3145724 kB
Dirty:               240 kB
Writeback:             0 kB
AnonPages:       1186568 kB
Mapped:           852196 kB
Shmem:             29876 kB
KReclaimable:     796316 kB
Slab:             222200 kB
SReclaimable:      78296 kB
SUnreclaim:       143904 kB
KernelStack:       46212 kB
PageTables:        62768 kB
NFS_Unstable:          0 kB
Bounce:                0 kB
WritebackTmp:          0 kB
CommitLimit:     9202288 kB
Committed_AS:   66036360 kB
VmallocTotal:   263061440 kB
VmallocUsed:      103168 kB
VmallocChunk:          0 kB
Percpu:             7648 kB
CmaTotal:         294912 kB
CmaFree:              32 kB
MemTotal:       12113132 kB
MemFree:         6217876 kB
MemAvailable:    8027336 kB
Buffers:            7680 kB
Cached:          1908524 kB
SwapCached:            0 kB
Active:          1450720 kB
Inactive:        1648080 kB
Active(anon):    1189136 kB
Inactive(anon):    27816 kB
Active(file):     261584 kB
Inactive(file):  1620264 kB
Unevictable:        5532 kB
Mlocked:            5532 kB
SwapTotal:       3145724 kB
SwapFree:        3145724 kB
Dirty:               280 kB
Writeback:             0 kB
AnonPages:       1188168 kB
Mapped:           852076 kB
Shmem:             29876 kB
KReclaimable:     796316 kB
Slab:             222336 kB
SReclaimable:      78296 kB
SUnreclaim:       144040 kB
KernelStack:       46192 kB
PageTables:        62568 kB
NFS_Unstable:          0 kB
Bounce:                0 kB
WritebackTmp:          0 kB
CommitLimit:     9202288 kB
Committed_AS:   66035924 kB
VmallocTotal:   263061440 kB
VmallocUsed:      103136 kB
VmallocChunk:          0 kB
Percpu:             7648 kB
CmaTotal:         294912 kB
CmaFree:               0 kB
MemTotal:       12113132 kB
MemFree:         6217012 kB
MemAvailable:    8026496 kB
Buffers:            7680 kB
Cached:          1908548 kB
SwapCached:            0 kB
Active:          1451052 kB
Inactive:        1648104 kB
Active(anon):    1189468 kB
Inactive(anon):    27816 kB
Active(file):     261584 kB
Inactive(file):  1620288 kB
Unevictable:        5532 kB
Mlocked:            5532 kB
SwapTotal:       3145724 kB
SwapFree:        3145724 kB
Dirty:               340 kB
Writeback:             0 kB
AnonPages:       1188444 kB
Mapped:           852200 kB
Shmem:             29876 kB
KReclaimable:     796316 kB
Slab:             222264 kB
SReclaimable:      78296 kB
SUnreclaim:       143968 kB
KernelStack:       46196 kB
PageTables:        62456 kB
NFS_Unstable:          0 kB
Bounce:                0 kB
WritebackTmp:          0 kB
CommitLimit:     9202288 kB
Committed_AS:   66036320 kB
VmallocTotal:   263061440 kB
VmallocUsed:      103168 kB
VmallocChunk:          0 kB
Percpu:             7648 kB
CmaTotal:         294912 kB
CmaFree:               0 kB
MemTotal:       12113132 kB
MemFree:         6216092 kB
MemAvailable:    8025580 kB
Buffers:            7680 kB
Cached:          1908552 kB
SwapCached:            0 kB
Active:          1451416 kB
Inactive:        1648108 kB
Active(anon):    1189832 kB
Inactive(anon):    27816 kB
Active(file):     261584 kB
Inactive(file):  1620292 kB
Unevictable:        5532 kB
Mlocked:            5532 kB
SwapTotal:       3145724 kB
SwapFree:        3145724 kB
Dirty:               328 kB
Writeback:             0 kB
AnonPages:       1188560 kB
Mapped:           852268 kB
Shmem:             29876 kB
KReclaimable:     796316 kB
Slab:             222272 kB
SReclaimable:      78296 kB
SUnreclaim:       143976 kB
KernelStack:       46208 kB
PageTables:        62644 kB
NFS_Unstable:          0 kB
Bounce:                0 kB
WritebackTmp:          0 kB
CommitLimit:     9202288 kB
Committed_AS:   66036356 kB
VmallocTotal:   263061440 kB
VmallocUsed:      103168 kB
VmallocChunk:          0 kB
Percpu:             7648 kB
CmaTotal:         294912 kB
CmaFree:               0 kB
MemTotal:       12113132 kB
MemFree:         6215092 kB
MemAvailable:    8024604 kB
Buffers:            7680 kB
Cached:          1908576 kB
SwapCached:            0 kB
Active:          1451856 kB
Inactive:        1648132 kB
Active(anon):    1190272 kB
Inactive(anon):    27816 kB
Active(file):     261584 kB
Inactive(file):  1620316 kB
Unevictable:        5532 kB
Mlocked:            5532 kB
SwapTotal:       3145724 kB
SwapFree:        3145724 kB
Dirty:               356 kB
Writeback:             0 kB
AnonPages:       1189184 kB
Mapped:           852196 kB
Shmem:             29876 kB
KReclaimable:     796316 kB
Slab:             222288 kB
SReclaimable:      78296 kB
SUnreclaim:       143992 kB
KernelStack:       46196 kB
PageTables:        62444 kB
NFS_Unstable:          0 kB
Bounce:                0 kB
WritebackTmp:          0 kB
CommitLimit:     9202288 kB
Committed_AS:   66036416 kB
VmallocTotal:   263061440 kB
VmallocUsed:      103184 kB
VmallocChunk:          0 kB
Percpu:             7648 kB
CmaTotal:         294912 kB
CmaFree:               0 kB
MemTotal:       12113132 kB
MemFree:         6215068 kB
MemAvailable:    8024592 kB
Buffers:            7680 kB
Cached:          1908588 kB
SwapCached:            0 kB
Active:          1452424 kB
Inactive:        1648144 kB
Active(anon):    1190840 kB
Inactive(anon):    27816 kB
Active(file):     261584 kB
Inactive(file):  1620328 kB
Unevictable:        5532 kB
Mlocked:            5532 kB
SwapTotal:       3145724 kB
SwapFree:        3145724 kB
Dirty:               368 kB
Writeback:             0 kB
AnonPages:       1190152 kB
Mapped:           852076 kB
Shmem:             29876 kB
KReclaimable:     796316 kB
Slab:             222272 kB
SReclaimable:      78296 kB
SUnreclaim:       143976 kB
KernelStack:       46176 kB
PageTables:        62556 kB
NFS_Unstable:          0 kB
Bounce:                0 kB
WritebackTmp:          0 kB
CommitLimit:     9202288 kB
Committed_AS:   66031724 kB
VmallocTotal:   263061440 kB
VmallocUsed:      103184 kB
VmallocChunk:          0 kB
Percpu:             7648 kB
CmaTotal:         294912 kB
CmaFree:               0 kB
MemTotal:       12113132 kB
MemFree:         6214876 kB
MemAvailable:    8024412 kB
Buffers:            7680 kB
Cached:          1908600 kB
SwapCached:            0 kB
Active:          1453724 kB
Inactive:        1648156 kB
Active(anon):    1192140 kB
Inactive(anon):    27816 kB
Active(file):     261584 kB
Inactive(file):  1620340 kB
Unevictable:        5532 kB
Mlocked:            5532 kB
SwapTotal:       3145724 kB
SwapFree:        3145724 kB
Dirty:               392 kB
Writeback:             0 kB
AnonPages:       1191204 kB
Mapped:           852268 kB
Shmem:             29876 kB
KReclaimable:     796316 kB
Slab:             222272 kB
SReclaimable:      78296 kB
SUnreclaim:       143976 kB
KernelStack:       46176 kB
PageTables:        62480 kB
NFS_Unstable:          0 kB
Bounce:                0 kB
WritebackTmp:          0 kB
CommitLimit:     9202288 kB
Committed_AS:   66025096 kB
VmallocTotal:   263061440 kB
VmallocUsed:      103168 kB
VmallocChunk:          0 kB
Percpu:             7648 kB
CmaTotal:         294912 kB
CmaFree:               0 kB
MemTotal:       12113132 kB
MemFree:         6189808 kB
MemAvailable:    7999368 kB
Buffers:            7680 kB
Cached:          1908444 kB
SwapCached:            0 kB
Active:          1481076 kB
Inactive:        1648000 kB
Active(anon):    1219492 kB
Inactive(anon):    27636 kB
Active(file):     261584 kB
Inactive(file):  1620364 kB
Unevictable:        5532 kB
Mlocked:            5532 kB
SwapTotal:       3145724 kB
SwapFree:        3145724 kB
Dirty:               420 kB
Writeback:             0 kB
AnonPages:       1218112 kB
Mapped:           852068 kB
Shmem:             29696 kB
KReclaimable:     796316 kB
Slab:             222240 kB
SReclaimable:      78296 kB
SUnreclaim:       143944 kB
KernelStack:       46176 kB
PageTables:        62528 kB
NFS_Unstable:          0 kB
Bounce:                0 kB
WritebackTmp:          0 kB
CommitLimit:     9202288 kB
Committed_AS:   66033244 kB
VmallocTotal:   263061440 kB
VmallocUsed:      103168 kB
VmallocChunk:          0 kB
Percpu:             7648 kB
CmaTotal:         294912 kB
CmaFree:               0 kB
MemTotal:       12113132 kB
MemFree:         6187564 kB
MemAvailable:    7997136 kB
Buffers:            7680 kB
Cached:          1908636 kB
SwapCached:            0 kB
Active:          1481352 kB
Inactive:        1648192 kB
Active(anon):    1219768 kB
Inactive(anon):    27816 kB
Active(file):     261584 kB
Inactive(file):  1620376 kB
Unevictable:        5532 kB
Mlocked:            5532 kB
SwapTotal:       3145724 kB
SwapFree:        3145724 kB
Dirty:               436 kB
Writeback:             0 kB
AnonPages:       1218952 kB
Mapped:           852268 kB
Shmem:             29876 kB
KReclaimable:     796316 kB
Slab:             222200 kB
SReclaimable:      78296 kB
SUnreclaim:       143904 kB
KernelStack:       46160 kB
PageTables:        62504 kB
NFS_Unstable:          0 kB
Bounce:                0 kB
WritebackTmp:          0 kB
CommitLimit:     9202288 kB
Committed_AS:   66035380 kB
VmallocTotal:   263061440 kB
VmallocUsed:      103184 kB
VmallocChunk:          0 kB
Percpu:             7648 kB
CmaTotal:         294912 kB
CmaFree:               0 kB
MemTotal:       12113132 kB
MemFree:         6188028 kB
MemAvailable:    7997620 kB
Buffers:            7680 kB
Cached:          1908656 kB
SwapCached:            0 kB
Active:          1481200 kB
Inactive:        1648212 kB
Active(anon):    1219616 kB
Inactive(anon):    27816 kB
Active(file):     261584 kB
Inactive(file):  1620396 kB
Unevictable:        5532 kB
Mlocked:            5532 kB
SwapTotal:       3145724 kB
SwapFree:        3145724 kB
Dirty:               492 kB
Writeback:             0 kB
AnonPages:       1218828 kB
Mapped:           852076 kB
Shmem:             29876 kB
KReclaimable:     796316 kB
Slab:             222264 kB
SReclaimable:      78296 kB
SUnreclaim:       143968 kB
KernelStack:       46208 kB
PageTables:        62620 kB
NFS_Unstable:          0 kB
Bounce:                0 kB
WritebackTmp:          0 kB
CommitLimit:     9202288 kB
Committed_AS:   66036916 kB
VmallocTotal:   263061440 kB
VmallocUsed:      103200 kB
VmallocChunk:          0 kB
Percpu:             7648 kB
CmaTotal:         294912 kB
CmaFree:             128 kB
MemTotal:       12113132 kB
MemFree:         6188980 kB
MemAvailable:    7998588 kB
Buffers:            7680 kB
Cached:          1908672 kB
SwapCached:            0 kB
Active:          1481308 kB
Inactive:        1648228 kB
Active(anon):    1219724 kB
Inactive(anon):    27816 kB
Active(file):     261584 kB
Inactive(file):  1620412 kB
Unevictable:        5532 kB
Mlocked:            5532 kB
SwapTotal:       3145724 kB
SwapFree:        3145724 kB
Dirty:               528 kB
Writeback:             0 kB
AnonPages:       1218644 kB
Mapped:           852268 kB
Shmem:             29876 kB
KReclaimable:     796316 kB
Slab:             222232 kB
SReclaimable:      78296 kB
SUnreclaim:       143936 kB
KernelStack:       46144 kB
PageTables:        62512 kB
NFS_Unstable:          0 kB
Bounce:                0 kB
WritebackTmp:          0 kB
CommitLimit:     9202288 kB
Committed_AS:   66042668 kB
VmallocTotal:   263061440 kB
VmallocUsed:      103216 kB
VmallocChunk:          0 kB
Percpu:             7648 kB
CmaTotal:         294912 kB
CmaFree:               0 kB
MemTotal:       12113132 kB
MemFree:         6187216 kB
MemAvailable:    7996832 kB
Buffers:            7680 kB
Cached:          1908680 kB
SwapCached:            0 kB
Active:          1480600 kB
Inactive:        1648236 kB
Active(anon):    1219016 kB
Inactive(anon):    27816 kB
Active(file):     261584 kB
Inactive(file):  1620420 kB
Unevictable:        5532 kB
Mlocked:            5532 kB
SwapTotal:       3145724 kB
SwapFree:        3145724 kB
Dirty:               536 kB
Writeback:             0 kB
AnonPages:       1217720 kB
Mapped:           852104 kB
Shmem:             29876 kB
KReclaimable:     796316 kB
Slab:             222248 kB
SReclaimable:      78296 kB
SUnreclaim:       143952 kB
KernelStack:       46176 kB
PageTables:        62540 kB
NFS_Unstable:          0 kB
Bounce:                0 kB
WritebackTmp:          0 kB
CommitLimit:     9202288 kB
Committed_AS:   66042684 kB
VmallocTotal:   263061440 kB
VmallocUsed:      103216 kB
VmallocChunk:          0 kB
Percpu:             7648 kB
CmaTotal:         294912 kB
CmaFree:               0 kB
MemTotal:       12113132 kB
MemFree:         6186644 kB
MemAvailable:    7996288 kB
Buffers:            7680 kB
Cached:          1908708 kB
SwapCached:            0 kB
Active:          1481216 kB
Inactive:        1648264 kB
Active(anon):    1219632 kB
Inactive(anon):    27816 kB
Active(file):     261584 kB
Inactive(file):  1620448 kB
Unevictable:        5532 kB
Mlocked:            5532 kB
SwapTotal:       3145724 kB
SwapFree:        3145724 kB
Dirty:               324 kB
Writeback:             0 kB
AnonPages:       1218672 kB
Mapped:           852196 kB
Shmem:             29876 kB
KReclaimable:     796316 kB
Slab:             222224 kB
SReclaimable:      78296 kB
SUnreclaim:       143928 kB
KernelStack:       46128 kB
PageTables:        62444 kB
NFS_Unstable:          0 kB
Bounce:                0 kB
WritebackTmp:          0 kB
CommitLimit:     9202288 kB
Committed_AS:   66034024 kB
VmallocTotal:   263061440 kB
VmallocUsed:      103216 kB
VmallocChunk:          0 kB
Percpu:             7648 kB
CmaTotal:         294912 kB
CmaFree:               0 kB
MemTotal:       12113132 kB
MemFree:         6186832 kB
MemAvailable:    7996500 kB
Buffers:            7680 kB
Cached:          1908732 kB
SwapCached:            0 kB
Active:          1481732 kB
Inactive:        1648284 kB
Active(anon):    1220144 kB
Inactive(anon):    27816 kB
Active(file):     261588 kB
Inactive(file):  1620468 kB
Unevictable:        5532 kB
Mlocked:            5532 kB
SwapTotal:       3145724 kB
SwapFree:        3145724 kB
Dirty:               220 kB
Writeback:             0 kB
AnonPages:       1219508 kB
Mapped:           852268 kB
Shmem:             29876 kB
KReclaimable:     796316 kB
Slab:             222248 kB
SReclaimable:      78296 kB
SUnreclaim:       143952 kB
KernelStack:       46192 kB
PageTables:        62568 kB
NFS_Unstable:          0 kB
Bounce:                0 kB
WritebackTmp:          0 kB
CommitLimit:     9202288 kB
Committed_AS:   66033612 kB
VmallocTotal:   263061440 kB
VmallocUsed:      103216 kB
VmallocChunk:          0 kB
Percpu:             7648 kB
CmaTotal:         294912 kB
CmaFree:               0 kB
MemTotal:       12113132 kB
MemFree:         6175388 kB
MemAvailable:    7985056 kB
Buffers:            7680 kB
Cached:          1908740 kB
SwapCached:            0 kB
Active:          1497824 kB
Inactive:        1648288 kB
Active(anon):    1236240 kB
Inactive(anon):    27816 kB
Active(file):     261584 kB
Inactive(file):  1620472 kB
Unevictable:        5532 kB
Mlocked:            5532 kB
SwapTotal:       3145724 kB
SwapFree:        3145724 kB
Dirty:               232 kB
Writeback:             0 kB
AnonPages:       1235416 kB
Mapped:           852076 kB
Shmem:             29876 kB
KReclaimable:     796316 kB
Slab:             222208 kB
SReclaimable:      78296 kB
SUnreclaim:       143912 kB
KernelStack:       46176 kB
PageTables:        62624 kB
NFS_Unstable:          0 kB
Bounce:                0 kB
WritebackTmp:          0 kB
CommitLimit:     9202288 kB
Committed_AS:   66029916 kB
VmallocTotal:   263061440 kB
VmallocUsed:      103232 kB
VmallocChunk:          0 kB
Percpu:             7648 kB
CmaTotal:         294912 kB
CmaFree:              52 kB
MemTotal:       12113132 kB
MemFree:         6184436 kB
MemAvailable:    7994120 kB
Buffers:            7680 kB
Cached:          1908748 kB
SwapCached:            0 kB
Active:          1483388 kB
Inactive:        1648308 kB
Active(anon):    1221808 kB
Inactive(anon):    27816 kB
Active(file):     261580 kB
Inactive(file):  1620492 kB
Unevictable:        5532 kB
Mlocked:            5532 kB
SwapTotal:       3145724 kB
SwapFree:        3145724 kB
Dirty:               292 kB
Writeback:             0 kB
AnonPages:       1220988 kB
Mapped:           852264 kB
Shmem:             29876 kB
KReclaimable:     796316 kB
Slab:             222256 kB
SReclaimable:      78296 kB
SUnreclaim:       143960 kB
KernelStack:       46176 kB
PageTables:        62596 kB
NFS_Unstable:          0 kB
Bounce:                0 kB
WritebackTmp:          0 kB
CommitLimit:     9202288 kB
Committed_AS:   66037428 kB
VmallocTotal:   263061440 kB
VmallocUsed:      103200 kB
VmallocChunk:          0 kB
Percpu:             7648 kB
CmaTotal:         294912 kB
CmaFree:               0 kB
MemTotal:       12113132 kB
MemFree:         6184168 kB
MemAvailable:    7993868 kB
Buffers:            7680 kB
Cached:          1909000 kB
SwapCached:            0 kB
Active:          1483588 kB
Inactive:        1648556 kB
Active(anon):    1222004 kB
Inactive(anon):    28052 kB
Active(file):     261584 kB
Inactive(file):  1620504 kB
Unevictable:        5532 kB
Mlocked:            5532 kB
SwapTotal:       3145724 kB
SwapFree:        3145724 kB
Dirty:               312 kB
Writeback:             0 kB
AnonPages:       1220908 kB
Mapped:           852504 kB
Shmem:             30112 kB
KReclaimable:     796316 kB
Slab:             222248 kB
SReclaimable:      78296 kB
SUnreclaim:       143952 kB
KernelStack:       46196 kB
PageTables:        62512 kB
NFS_Unstable:          0 kB
Bounce:                0 kB
WritebackTmp:          0 kB
CommitLimit:     9202288 kB
Committed_AS:   66045500 kB
VmallocTotal:   263061440 kB
VmallocUsed:      103200 kB
VmallocChunk:          0 kB
Percpu:             7648 kB
CmaTotal:         294912 kB
CmaFree:               0 kB
MemTotal:       12113132 kB
MemFree:         6183108 kB
MemAvailable:    7992840 kB
Buffers:            7684 kB
Cached:          1908792 kB
SwapCached:            0 kB
Active:          1483688 kB
Inactive:        1648352 kB
Active(anon):    1222104 kB
Inactive(anon):    27816 kB
Active(file):     261584 kB
Inactive(file):  1620536 kB
Unevictable:        5532 kB
Mlocked:            5532 kB
SwapTotal:       3145724 kB
SwapFree:        3145724 kB
Dirty:               172 kB
Writeback:             0 kB
AnonPages:       1221128 kB
Mapped:           852128 kB
Shmem:             29876 kB
KReclaimable:     796316 kB
Slab:             222248 kB
SReclaimable:      78296 kB
SUnreclaim:       143952 kB
KernelStack:       46176 kB
PageTables:        62544 kB
NFS_Unstable:          0 kB
Bounce:                0 kB
WritebackTmp:          0 kB
CommitLimit:     9202288 kB
Committed_AS:   66042156 kB
VmallocTotal:   263061440 kB
VmallocUsed:      103184 kB
VmallocChunk:          0 kB
Percpu:             7648 kB
CmaTotal:         294912 kB
CmaFree:               0 kB
MemTotal:       12113132 kB
MemFree:         6182392 kB
MemAvailable:    7992140 kB
Buffers:            7684 kB
Cached:          1908808 kB
SwapCached:            0 kB
Active:          1485008 kB
Inactive:        1648364 kB
Active(anon):    1223420 kB
Inactive(anon):    27816 kB
Active(file):     261588 kB
Inactive(file):  1620548 kB
Unevictable:        5532 kB
Mlocked:            5532 kB
SwapTotal:       3145724 kB
SwapFree:        3145724 kB
Dirty:               240 kB
Writeback:             0 kB
AnonPages:       1222536 kB
Mapped:           852252 kB
Shmem:             29876 kB
KReclaimable:     796316 kB
Slab:             222248 kB
SReclaimable:      78296 kB
SUnreclaim:       143952 kB
KernelStack:       46196 kB
PageTables:        62440 kB
NFS_Unstable:          0 kB
Bounce:                0 kB
WritebackTmp:          0 kB
CommitLimit:     9202288 kB
Committed_AS:   66041968 kB
VmallocTotal:   263061440 kB
VmallocUsed:      103136 kB
VmallocChunk:          0 kB
Percpu:             7648 kB
CmaTotal:         294912 kB
CmaFree:              44 kB
MemTotal:       12113132 kB
MemFree:         6182048 kB
MemAvailable:    7991804 kB
Buffers:            7684 kB
Cached:          1908816 kB
SwapCached:            0 kB
Active:          1485236 kB
Inactive:        1648372 kB
Active(anon):    1223648 kB
Inactive(anon):    27816 kB
Active(file):     261588 kB
Inactive(file):  1620556 kB
Unevictable:        5532 kB
Mlocked:            5532 kB
SwapTotal:       3145724 kB
SwapFree:        3145724 kB
Dirty:               340 kB
Writeback:             0 kB
AnonPages:       1222864 kB
Mapped:           852252 kB
Shmem:             29876 kB
KReclaimable:     796316 kB
Slab:             222248 kB
SReclaimable:      78296 kB
SUnreclaim:       143952 kB
KernelStack:       46144 kB
PageTables:        62588 kB
NFS_Unstable:          0 kB
Bounce:                0 kB
WritebackTmp:          0 kB
CommitLimit:     9202288 kB
Committed_AS:   66041584 kB
VmallocTotal:   263061440 kB
VmallocUsed:      103152 kB
VmallocChunk:          0 kB
Percpu:             7648 kB
CmaTotal:         294912 kB
CmaFree:               0 kB
MemTotal:       12113132 kB
MemFree:         6181988 kB
MemAvailable:    7991752 kB
Buffers:            7684 kB
Cached:          1908824 kB
SwapCached:            0 kB
Active:          1485888 kB
Inactive:        1648380 kB
Active(anon):    1224300 kB
Inactive(anon):    27816 kB
Active(file):     261588 kB
Inactive(file):  1620564 kB
Unevictable:        5532 kB
Mlocked:            5532 kB
SwapTotal:       3145724 kB
SwapFree:        3145724 kB
Dirty:               348 kB
Writeback:             0 kB
AnonPages:       1223308 kB
Mapped:           852136 kB
Shmem:             29876 kB
KReclaimable:     796316 kB
Slab:             222248 kB
SReclaimable:      78296 kB
SUnreclaim:       143952 kB
KernelStack:       46128 kB
PageTables:        62532 kB
NFS_Unstable:          0 kB
Bounce:                0 kB
WritebackTmp:          0 kB
CommitLimit:     9202288 kB
Committed_AS:   66036376 kB
VmallocTotal:   263061440 kB
VmallocUsed:      103136 kB
VmallocChunk:          0 kB
Percpu:             7648 kB
CmaTotal:         294912 kB
CmaFree:               0 kB
MemTotal:       12113132 kB
MemFree:         6181544 kB
MemAvailable:    7991344 kB
Buffers:            7684 kB
Cached:          1908860 kB
SwapCached:            0 kB
Active:          1486520 kB
Inactive:        1648416 kB
Active(anon):    1224932 kB
Inactive(anon):    27816 kB
Active(file):     261588 kB
Inactive(file):  1620600 kB
Unevictable:        5532 kB
Mlocked:            5532 kB
SwapTotal:       3145724 kB
SwapFree:        3145724 kB
Dirty:               396 kB
Writeback:             0 kB
AnonPages:       1224060 kB
Mapped:           852200 kB
Shmem:             29876 kB
KReclaimable:     796316 kB
Slab:             222248 kB
SReclaimable:      78296 kB
SUnreclaim:       143952 kB
KernelStack:       46128 kB
PageTables:        62540 kB
NFS_Unstable:          0 kB
Bounce:                0 kB
WritebackTmp:          0 kB
CommitLimit:     9202288 kB
Committed_AS:   66036080 kB
VmallocTotal:   263061440 kB
VmallocUsed:      103168 kB
VmallocChunk:          0 kB
Percpu:             7648 kB
CmaTotal:         294912 kB
CmaFree:               0 kB
MemTotal:       12113132 kB
MemFree:         6180388 kB
MemAvailable:    7990188 kB
Buffers:            7684 kB
Cached:          1908860 kB
SwapCached:            0 kB
Active:          1487212 kB
Inactive:        1648420 kB
Active(anon):    1225628 kB
Inactive(anon):    27816 kB
Active(file):     261584 kB
Inactive(file):  1620604 kB
Unevictable:        5532 kB
Mlocked:            5532 kB
SwapTotal:       3145724 kB
SwapFree:        3145724 kB
Dirty:               404 kB
Writeback:             0 kB
AnonPages:       1224860 kB
Mapped:           852252 kB
Shmem:             29876 kB
KReclaimable:     796316 kB
Slab:             222248 kB
SReclaimable:      78296 kB
SUnreclaim:       143952 kB
KernelStack:       46148 kB
PageTables:        62456 kB
NFS_Unstable:          0 kB
Bounce:                0 kB
WritebackTmp:          0 kB
CommitLimit:     9202288 kB
Committed_AS:   66035956 kB
VmallocTotal:   263061440 kB
VmallocUsed:      103168 kB
VmallocChunk:          0 kB
Percpu:             7648 kB
CmaTotal:         294912 kB
CmaFree:               8 kB
MemTotal:       12113132 kB
MemFree:         6191640 kB
MemAvailable:    8001468 kB
Buffers:            7684 kB
Cached:          1908888 kB
SwapCached:            0 kB
Active:          1473784 kB
Inactive:        1648444 kB
Active(anon):    1212196 kB
Inactive(anon):    27816 kB
Active(file):     261588 kB
Inactive(file):  1620628 kB
Unevictable:        5532 kB
Mlocked:            5532 kB
SwapTotal:       3145724 kB
SwapFree:        3145724 kB
Dirty:               220 kB
Writeback:             0 kB
AnonPages:       1211248 kB
Mapped:           852272 kB
Shmem:             29876 kB
KReclaimable:     796316 kB
Slab:             222248 kB
SReclaimable:      78296 kB
SUnreclaim:       143952 kB
KernelStack:       46128 kB
PageTables:        62584 kB
NFS_Unstable:          0 kB
Bounce:                0 kB
WritebackTmp:          0 kB
CommitLimit:     9202288 kB
Committed_AS:   66036360 kB
VmallocTotal:   263061440 kB
VmallocUsed:      103136 kB
VmallocChunk:          0 kB
Percpu:             7648 kB
CmaTotal:         294912 kB
CmaFree:            1556 kB
MemTotal:       12113132 kB
MemFree:         6191580 kB
MemAvailable:    8001424 kB
Buffers:            7684 kB
Cached:          1908904 kB
SwapCached:            0 kB
Active:          1473824 kB
Inactive:        1648460 kB
Active(anon):    1212236 kB
Inactive(anon):    27816 kB
Active(file):     261588 kB
Inactive(file):  1620644 kB
Unevictable:        5532 kB
Mlocked:            5532 kB
SwapTotal:       3145724 kB
SwapFree:        3145724 kB
Dirty:               240 kB
Writeback:             0 kB
AnonPages:       1211252 kB
Mapped:           852324 kB
Shmem:             29876 kB
KReclaimable:     796316 kB
Slab:             222248 kB
SReclaimable:      78296 kB
SUnreclaim:       143952 kB
KernelStack:       46080 kB
PageTables:        62508 kB
NFS_Unstable:          0 kB
Bounce:                0 kB
WritebackTmp:          0 kB
CommitLimit:     9202288 kB
Committed_AS:   66035964 kB
VmallocTotal:   263061440 kB
VmallocUsed:      103104 kB
VmallocChunk:          0 kB
Percpu:             7648 kB
CmaTotal:         294912 kB
CmaFree:             564 kB
MemTotal:       12113132 kB
MemFree:         6190700 kB
MemAvailable:    8000564 kB
Buffers:            7684 kB
Cached:          1908924 kB
SwapCached:            0 kB
Active:          1474924 kB
Inactive:        1648480 kB
Active(anon):    1213336 kB
Inactive(anon):    27816 kB
Active(file):     261588 kB
Inactive(file):  1620664 kB
Unevictable:        5532 kB
Mlocked:            5532 kB
SwapTotal:       3145724 kB
SwapFree:        3145724 kB
Dirty:               304 kB
Writeback:             0 kB
AnonPages:       1212332 kB
Mapped:           852340 kB
Shmem:             29876 kB
KReclaimable:     796316 kB
Slab:             222248 kB
SReclaimable:      78296 kB
SUnreclaim:       143952 kB
KernelStack:       46096 kB
PageTables:        62536 kB
NFS_Unstable:          0 kB
Bounce:                0 kB
WritebackTmp:          0 kB
CommitLimit:     9202288 kB
Committed_AS:   66036220 kB
VmallocTotal:   263061440 kB
VmallocUsed:      103088 kB
VmallocChunk:          0 kB
Percpu:             7648 kB
CmaTotal:         294912 kB
CmaFree:             264 kB
MemTotal:       12113132 kB
MemFree:         6190668 kB
MemAvailable:    8000552 kB
Buffers:            7684 kB
Cached:          1908944 kB
SwapCached:            0 kB
Active:          1474876 kB
Inactive:        1648496 kB
Active(anon):    1213284 kB
Inactive(anon):    27816 kB
Active(file):     261592 kB
Inactive(file):  1620680 kB
Unevictable:        5532 kB
Mlocked:            5532 kB
SwapTotal:       3145724 kB
SwapFree:        3145724 kB
Dirty:               340 kB
Writeback:             0 kB
AnonPages:       1212296 kB
Mapped:           852252 kB
Shmem:             29876 kB
KReclaimable:     796316 kB
Slab:             222248 kB
SReclaimable:      78296 kB
SUnreclaim:       143952 kB
KernelStack:       46116 kB
PageTables:        62444 kB
NFS_Unstable:          0 kB
Bounce:                0 kB
WritebackTmp:          0 kB
CommitLimit:     9202288 kB
Committed_AS:   66036124 kB
VmallocTotal:   263061440 kB
VmallocUsed:      103120 kB
VmallocChunk:          0 kB
Percpu:             7648 kB
CmaTotal:         294912 kB
CmaFree:             112 kB
MemTotal:       12113132 kB
MemFree:         6190760 kB
MemAvailable:    8000656 kB
Buffers:            7684 kB
Cached:          1908952 kB
SwapCached:            0 kB
Active:          1475612 kB
Inactive:        1648508 kB
Active(anon):    1214024 kB
Inactive(anon):    27816 kB
Active(file):     261588 kB
Inactive(file):  1620692 kB
Unevictable:        5532 kB
Mlocked:            5532 kB
SwapTotal:       3145724 kB
SwapFree:        3145724 kB
Dirty:               380 kB
Writeback:             0 kB
AnonPages:       1213228 kB
Mapped:           852084 kB
Shmem:             29876 kB
KReclaimable:     796320 kB
Slab:             222252 kB
SReclaimable:      78300 kB
SUnreclaim:       143952 kB
KernelStack:       46128 kB
PageTables:        62596 kB
NFS_Unstable:          0 kB
Bounce:                0 kB
WritebackTmp:          0 kB
CommitLimit:     9202288 kB
Committed_AS:   66036256 kB
VmallocTotal:   263061440 kB
VmallocUsed:      103088 kB
VmallocChunk:          0 kB
Percpu:             7648 kB
CmaTotal:         294912 kB
CmaFree:             132 kB
MemTotal:       12113132 kB
MemFree:         6191900 kB
MemAvailable:    8001816 kB
Buffers:            7684 kB
Cached:          1908972 kB
SwapCached:            0 kB
Active:          1474952 kB
Inactive:        1648528 kB
Active(anon):    1213364 kB
Inactive(anon):    27816 kB
Active(file):     261588 kB
Inactive(file):  1620712 kB
Unevictable:        5532 kB
Mlocked:            5532 kB
SwapTotal:       3145724 kB
SwapFree:        3145724 kB
Dirty:               428 kB
Writeback:             0 kB
AnonPages:       1212272 kB
Mapped:           852252 kB
Shmem:             29876 kB
KReclaimable:     796320 kB
Slab:             222252 kB
SReclaimable:      78300 kB
SUnreclaim:       143952 kB
KernelStack:       46084 kB
PageTables:        62436 kB
NFS_Unstable:          0 kB
Bounce:                0 kB
WritebackTmp:          0 kB
CommitLimit:     9202288 kB
Committed_AS:   66035840 kB
VmallocTotal:   263061440 kB
VmallocUsed:      103072 kB
VmallocChunk:          0 kB
Percpu:             7648 kB
CmaTotal:         294912 kB
CmaFree:             556 kB
MemTotal:       12113132 kB
MemFree:         6191944 kB
MemAvailable:    8001876 kB
Buffers:            7684 kB
Cached:          1908988 kB
SwapCached:            0 kB
Active:          1475760 kB
Inactive:        1648544 kB
Active(anon):    1214172 kB
Inactive(anon):    27816 kB
Active(file):     261588 kB
Inactive(file):  1620728 kB
Unevictable:        5532 kB
Mlocked:            5532 kB
SwapTotal:       3145724 kB
SwapFree:        3145724 kB
Dirty:               480 kB
Writeback:             0 kB
AnonPages:       1212852 kB
Mapped:           852272 kB
Shmem:             29876 kB
KReclaimable:     796320 kB
Slab:             222252 kB
SReclaimable:      78300 kB
SUnreclaim:       143952 kB
KernelStack:       46096 kB
PageTables:        62412 kB
NFS_Unstable:          0 kB
Bounce:                0 kB
WritebackTmp:          0 kB
CommitLimit:     9202288 kB
Committed_AS:   66035524 kB
VmallocTotal:   263061440 kB
VmallocUsed:      103072 kB
VmallocChunk:          0 kB
Percpu:             7648 kB
CmaTotal:         294912 kB
CmaFree:              68 kB
MemTotal:       12113132 kB
MemFree:         6190776 kB
MemAvailable:    8000716 kB
Buffers:            7684 kB
Cached:          1908996 kB
SwapCached:            0 kB
Active:          1475892 kB
Inactive:        1648552 kB
Active(anon):    1214304 kB
Inactive(anon):    27816 kB
Active(file):     261588 kB
Inactive(file):  1620736 kB
Unevictable:        5532 kB
Mlocked:            5532 kB
SwapTotal:       3145724 kB
SwapFree:        3145724 kB
Dirty:               528 kB
Writeback:             0 kB
AnonPages:       1213308 kB
Mapped:           852252 kB
Shmem:             29876 kB
KReclaimable:     796320 kB
Slab:             222244 kB
SReclaimable:      78300 kB
SUnreclaim:       143944 kB
KernelStack:       46132 kB
PageTables:        62464 kB
NFS_Unstable:          0 kB
Bounce:                0 kB
WritebackTmp:          0 kB
CommitLimit:     9202288 kB
Committed_AS:   66036100 kB
VmallocTotal:   263061440 kB
VmallocUsed:      103088 kB
VmallocChunk:          0 kB
Percpu:             7648 kB
CmaTotal:         294912 kB
CmaFree:              48 kB
MemTotal:       12113132 kB
MemFree:         6199544 kB
MemAvailable:    8009504 kB
Buffers:            7684 kB
Cached:          1909016 kB
SwapCached:            0 kB
Active:          1468128 kB
Inactive:        1648572 kB
Active(anon):    1206540 kB
Inactive(anon):    27816 kB
Active(file):     261588 kB
Inactive(file):  1620756 kB
Unevictable:        5532 kB
Mlocked:            5532 kB
SwapTotal:       3145724 kB
SwapFree:        3145724 kB
Dirty:               572 kB
Writeback:             0 kB
AnonPages:       1205580 kB
Mapped:           852320 kB
Shmem:             29876 kB
KReclaimable:     796320 kB
Slab:             222244 kB
SReclaimable:      78300 kB
SUnreclaim:       143944 kB
KernelStack:       46080 kB
PageTables:        62560 kB
NFS_Unstable:          0 kB
Bounce:                0 kB
WritebackTmp:          0 kB
CommitLimit:     9202288 kB
Committed_AS:   66034780 kB
VmallocTotal:   263061440 kB
VmallocUsed:      103104 kB
VmallocChunk:          0 kB
Percpu:             7648 kB
CmaTotal:         294912 kB
CmaFree:               0 kB
MemTotal:       12113132 kB
MemFree:         6197652 kB
MemAvailable:    8007632 kB
Buffers:            7688 kB
Cached:          1909032 kB
SwapCached:            0 kB
Active:          1469076 kB
Inactive:        1648588 kB
Active(anon):    1207484 kB
Inactive(anon):    27816 kB
Active(file):     261592 kB
Inactive(file):  1620772 kB
Unevictable:        5532 kB
Mlocked:            5532 kB
SwapTotal:       3145724 kB
SwapFree:        3145724 kB
Dirty:               580 kB
Writeback:             0 kB
AnonPages:       1205900 kB
Mapped:           852324 kB
Shmem:             29876 kB
KReclaimable:     796320 kB
Slab:             222236 kB
SReclaimable:      78300 kB
SUnreclaim:       143936 kB
KernelStack:       46148 kB
PageTables:        62520 kB
NFS_Unstable:          0 kB
Bounce:                0 kB
WritebackTmp:          0 kB
CommitLimit:     9202288 kB
Committed_AS:   66036196 kB
VmallocTotal:   263061440 kB
VmallocUsed:      103072 kB
VmallocChunk:          0 kB
Percpu:             7648 kB
CmaTotal:         294912 kB
CmaFree:               0 kB
MemTotal:       12113132 kB
MemFree:         6214308 kB
MemAvailable:    8024316 kB
Buffers:            7688 kB
Cached:          1909060 kB
SwapCached:            0 kB
Active:          1452536 kB
Inactive:        1648612 kB
Active(anon):    1190940 kB
Inactive(anon):    27816 kB
Active(file):     261596 kB
Inactive(file):  1620796 kB
Unevictable:        5532 kB
Mlocked:            5532 kB
SwapTotal:       3145724 kB
SwapFree:        3145724 kB
Dirty:               616 kB
Writeback:             0 kB
AnonPages:       1189728 kB
Mapped:           852320 kB
Shmem:             29876 kB
KReclaimable:     796320 kB
Slab:             222252 kB
SReclaimable:      78300 kB
SUnreclaim:       143952 kB
KernelStack:       46080 kB
PageTables:        62628 kB
NFS_Unstable:          0 kB
Bounce:                0 kB
WritebackTmp:          0 kB
CommitLimit:     9202288 kB
Committed_AS:   66030936 kB
VmallocTotal:   263061440 kB
VmallocUsed:      103072 kB
VmallocChunk:          0 kB
Percpu:             7648 kB
CmaTotal:         294912 kB
CmaFree:               0 kB
MemTotal:       12113132 kB
MemFree:         6214096 kB
MemAvailable:    8024104 kB
Buffers:            7688 kB
Cached:          1909060 kB
SwapCached:            0 kB
Active:          1452912 kB
Inactive:        1648620 kB
Active(anon):    1191324 kB
Inactive(anon):    27816 kB
Active(file):     261588 kB
Inactive(file):  1620804 kB
Unevictable:        5532 kB
Mlocked:            5532 kB
SwapTotal:       3145724 kB
SwapFree:        3145724 kB
Dirty:               620 kB
Writeback:             0 kB
AnonPages:       1190476 kB
Mapped:           852252 kB
Shmem:             29876 kB
KReclaimable:     796320 kB
Slab:             222248 kB
SReclaimable:      78300 kB
SUnreclaim:       143948 kB
KernelStack:       46116 kB
PageTables:        62452 kB
NFS_Unstable:          0 kB
Bounce:                0 kB
WritebackTmp:          0 kB
CommitLimit:     9202288 kB
Committed_AS:   66035716 kB
VmallocTotal:   263061440 kB
VmallocUsed:      103120 kB
VmallocChunk:          0 kB
Percpu:             7648 kB
CmaTotal:         294912 kB
CmaFree:               0 kB
MemTotal:       12113132 kB
MemFree:         6213480 kB
MemAvailable:    8023512 kB
Buffers:            7688 kB
Cached:          1909084 kB
SwapCached:            0 kB
Active:          1453892 kB
Inactive:        1648640 kB
Active(anon):    1192300 kB
Inactive(anon):    27816 kB
Active(file):     261592 kB
Inactive(file):  1620824 kB
Unevictable:        5532 kB
Mlocked:            5532 kB
SwapTotal:       3145724 kB
SwapFree:        3145724 kB
Dirty:               644 kB
Writeback:             0 kB
AnonPages:       1191196 kB
Mapped:           852152 kB
Shmem:             29876 kB
KReclaimable:     796320 kB
Slab:             222248 kB
SReclaimable:      78300 kB
SUnreclaim:       143948 kB
KernelStack:       46096 kB
PageTables:        62604 kB
NFS_Unstable:          0 kB
Bounce:                0 kB
WritebackTmp:          0 kB
CommitLimit:     9202288 kB
Committed_AS:   66036160 kB
VmallocTotal:   263061440 kB
VmallocUsed:      103120 kB
VmallocChunk:          0 kB
Percpu:             7648 kB
CmaTotal:         294912 kB
CmaFree:               0 kB
MemTotal:       12113132 kB
MemFree:         6212152 kB
MemAvailable:    8022200 kB
Buffers:            7688 kB
Cached:          1909100 kB
SwapCached:            0 kB
Active:          1455008 kB
Inactive:        1648656 kB
Active(anon):    1193416 kB
Inactive(anon):    27816 kB
Active(file):     261592 kB
Inactive(file):  1620840 kB
Unevictable:        5532 kB
Mlocked:            5532 kB
SwapTotal:       3145724 kB
SwapFree:        3145724 kB
Dirty:               684 kB
Writeback:             0 kB
AnonPages:       1192324 kB
Mapped:           852252 kB
Shmem:             29876 kB
KReclaimable:     796320 kB
Slab:             222248 kB
SReclaimable:      78300 kB
SUnreclaim:       143948 kB
KernelStack:       46100 kB
PageTables:        62448 kB
NFS_Unstable:          0 kB
Bounce:                0 kB
WritebackTmp:          0 kB
CommitLimit:     9202288 kB
Committed_AS:   66035984 kB
VmallocTotal:   263061440 kB
VmallocUsed:      103104 kB
VmallocChunk:          0 kB
Percpu:             7648 kB
CmaTotal:         294912 kB
CmaFree:               0 kB
MemTotal:       12113132 kB
MemFree:         6213128 kB
MemAvailable:    8023192 kB
Buffers:            7688 kB
Cached:          1909116 kB
SwapCached:            0 kB
Active:          1455116 kB
Inactive:        1648672 kB
Active(anon):    1193524 kB
Inactive(anon):    27816 kB
Active(file):     261592 kB
Inactive(file):  1620856 kB
Unevictable:        5532 kB
Mlocked:            5532 kB
SwapTotal:       3145724 kB
SwapFree:        3145724 kB
Dirty:               700 kB
Writeback:             0 kB
AnonPages:       1192804 kB
Mapped:           852132 kB
Shmem:             29876 kB
KReclaimable:     796320 kB
Slab:             222248 kB
SReclaimable:      78300 kB
SUnreclaim:       143948 kB
KernelStack:       46144 kB
PageTables:        62624 kB
NFS_Unstable:          0 kB
Bounce:                0 kB
WritebackTmp:          0 kB
CommitLimit:     9202288 kB
Committed_AS:   66035720 kB
VmallocTotal:   263061440 kB
VmallocUsed:      103088 kB
VmallocChunk:          0 kB
Percpu:             7648 kB
CmaTotal:         294912 kB
CmaFree:               0 kB
MemTotal:       12113132 kB
MemFree:         6211052 kB
MemAvailable:    8021132 kB
Buffers:            7688 kB
Cached:          1909132 kB
SwapCached:            0 kB
Active:          1455908 kB
Inactive:        1648688 kB
Active(anon):    1194316 kB
Inactive(anon):    27816 kB
Active(file):     261592 kB
Inactive(file):  1620872 kB
Unevictable:        5532 kB
Mlocked:            5532 kB
SwapTotal:       3145724 kB
SwapFree:        3145724 kB
Dirty:               716 kB
Writeback:             0 kB
AnonPages:       1193240 kB
Mapped:           852252 kB
Shmem:             29876 kB
KReclaimable:     796320 kB
Slab:             222248 kB
SReclaimable:      78300 kB
SUnreclaim:       143948 kB
KernelStack:       46100 kB
PageTables:        62468 kB
NFS_Unstable:          0 kB
Bounce:                0 kB
WritebackTmp:          0 kB
CommitLimit:     9202288 kB
Committed_AS:   66035804 kB
VmallocTotal:   263061440 kB
VmallocUsed:      103104 kB
VmallocChunk:          0 kB
Percpu:             7648 kB
CmaTotal:         294912 kB
CmaFree:               0 kB
MemTotal:       12113132 kB
MemFree:         6211096 kB
MemAvailable:    8021176 kB
Buffers:            7688 kB
Cached:          1909132 kB
SwapCached:            0 kB
Active:          1455732 kB
Inactive:        1648688 kB
Active(anon):    1194140 kB
Inactive(anon):    27816 kB
Active(file):     261592 kB
Inactive(file):  1620872 kB
Unevictable:        5532 kB
Mlocked:            5532 kB
SwapTotal:       3145724 kB
SwapFree:        3145724 kB
Dirty:               732 kB
Writeback:             0 kB
AnonPages:       1193400 kB
Mapped:           852344 kB
Shmem:             29876 kB
KReclaimable:     796320 kB
Slab:             222248 kB
SReclaimable:      78300 kB
SUnreclaim:       143948 kB
KernelStack:       46092 kB
PageTables:        62664 kB
NFS_Unstable:          0 kB
Bounce:                0 kB
WritebackTmp:          0 kB
CommitLimit:     9202288 kB
Committed_AS:   66036112 kB
VmallocTotal:   263061440 kB
VmallocUsed:      103088 kB
VmallocChunk:          0 kB
Percpu:             7648 kB
CmaTotal:         294912 kB
CmaFree:              44 kB
MemTotal:       12113132 kB
MemFree:         6210324 kB
MemAvailable:    8020428 kB
Buffers:            7688 kB
Cached:          1909156 kB
SwapCached:            0 kB
Active:          1456212 kB
Inactive:        1648712 kB
Active(anon):    1194620 kB
Inactive(anon):    27816 kB
Active(file):     261592 kB
Inactive(file):  1620896 kB
Unevictable:        5532 kB
Mlocked:            5532 kB
SwapTotal:       3145724 kB
SwapFree:        3145724 kB
Dirty:               760 kB
Writeback:             0 kB
AnonPages:       1193984 kB
Mapped:           852324 kB
Shmem:             29876 kB
KReclaimable:     796320 kB
Slab:             222248 kB
SReclaimable:      78300 kB
SUnreclaim:       143948 kB
KernelStack:       46080 kB
PageTables:        62512 kB
NFS_Unstable:          0 kB
Bounce:                0 kB
WritebackTmp:          0 kB
CommitLimit:     9202288 kB
Committed_AS:   66036080 kB
VmallocTotal:   263061440 kB
VmallocUsed:      103104 kB
VmallocChunk:          0 kB
Percpu:             7648 kB
CmaTotal:         294912 kB
CmaFree:               4 kB
MemTotal:       12113132 kB
MemFree:         6209828 kB
MemAvailable:    8019980 kB
Buffers:            7688 kB
Cached:          1909204 kB
SwapCached:            0 kB
Active:          1457248 kB
Inactive:        1648756 kB
Active(anon):    1195652 kB
Inactive(anon):    27816 kB
Active(file):     261596 kB
Inactive(file):  1620940 kB
Unevictable:        5532 kB
Mlocked:            5532 kB
SwapTotal:       3145724 kB
SwapFree:        3145724 kB
Dirty:               792 kB
Writeback:             0 kB
AnonPages:       1194504 kB
Mapped:           852304 kB
Shmem:             29876 kB
KReclaimable:     796320 kB
Slab:             222248 kB
SReclaimable:      78300 kB
SUnreclaim:       143948 kB
KernelStack:       46096 kB
PageTables:        62540 kB
NFS_Unstable:          0 kB
Bounce:                0 kB
WritebackTmp:          0 kB
CommitLimit:     9202288 kB
Committed_AS:   66035864 kB
VmallocTotal:   263061440 kB
VmallocUsed:      103072 kB
VmallocChunk:          0 kB
Percpu:             7648 kB
CmaTotal:         294912 kB
CmaFree:               8 kB
MemTotal:       12113132 kB
MemFree:         6209788 kB
MemAvailable:    8019924 kB
Buffers:            7688 kB
Cached:          1909188 kB
SwapCached:            0 kB
Active:          1457988 kB
Inactive:        1648744 kB
Active(anon):    1196396 kB
Inactive(anon):    27816 kB
Active(file):     261592 kB
Inactive(file):  1620928 kB
Unevictable:        5532 kB
Mlocked:            5532 kB
SwapTotal:       3145724 kB
SwapFree:        3145724 kB
Dirty:               280 kB
Writeback:             0 kB
AnonPages:       1195236 kB
Mapped:           852252 kB
Shmem:             29876 kB
KReclaimable:     796320 kB
Slab:             222248 kB
SReclaimable:      78300 kB
SUnreclaim:       143948 kB
KernelStack:       46116 kB
PageTables:        62456 kB
NFS_Unstable:          0 kB
Bounce:                0 kB
WritebackTmp:          0 kB
CommitLimit:     9202288 kB
Committed_AS:   66035740 kB
VmallocTotal:   263061440 kB
VmallocUsed:      103088 kB
VmallocChunk:          0 kB
Percpu:             7648 kB
CmaTotal:         294912 kB
CmaFree:               0 kB
MemTotal:       12113132 kB
MemFree:         6209092 kB
MemAvailable:    8019252 kB
Buffers:            7688 kB
Cached:          1909212 kB
SwapCached:            0 kB
Active:          1458484 kB
Inactive:        1648768 kB
Active(anon):    1196892 kB
Inactive(anon):    27816 kB
Active(file):     261592 kB
Inactive(file):  1620952 kB
Unevictable:        5532 kB
Mlocked:            5532 kB
SwapTotal:       3145724 kB
SwapFree:        3145724 kB
Dirty:               212 kB
Writeback:             0 kB
AnonPages:       1195824 kB
Mapped:           852200 kB
Shmem:             29876 kB
KReclaimable:     796320 kB
Slab:             222248 kB
SReclaimable:      78300 kB
SUnreclaim:       143948 kB
KernelStack:       46096 kB
PageTables:        62564 kB
NFS_Unstable:          0 kB
Bounce:                0 kB
WritebackTmp:          0 kB
CommitLimit:     9202288 kB
Committed_AS:   66035936 kB
VmallocTotal:   263061440 kB
VmallocUsed:      103088 kB
VmallocChunk:          0 kB
Percpu:             7648 kB
CmaTotal:         294912 kB
CmaFree:               0 kB
MemTotal:       12113132 kB
MemFree:         6197596 kB
MemAvailable:    8007772 kB
Buffers:            7688 kB
Cached:          1909228 kB
SwapCached:            0 kB
Active:          1473044 kB
Inactive:        1648784 kB
Active(anon):    1211452 kB
Inactive(anon):    27816 kB
Active(file):     261592 kB
Inactive(file):  1620968 kB
Unevictable:        5532 kB
Mlocked:            5532 kB
SwapTotal:       3145724 kB
SwapFree:        3145724 kB
Dirty:               272 kB
Writeback:             0 kB
AnonPages:       1210648 kB
Mapped:           852324 kB
Shmem:             29876 kB
KReclaimable:     796320 kB
Slab:             222248 kB
SReclaimable:      78300 kB
SUnreclaim:       143948 kB
KernelStack:       46080 kB
PageTables:        62508 kB
NFS_Unstable:          0 kB
Bounce:                0 kB
WritebackTmp:          0 kB
CommitLimit:     9202288 kB
Committed_AS:   66035764 kB
VmallocTotal:   263061440 kB
VmallocUsed:      103088 kB
VmallocChunk:          0 kB
Percpu:             7648 kB
CmaTotal:         294912 kB
CmaFree:               0 kB
MemTotal:       12113132 kB
MemFree:         6183600 kB
MemAvailable:    7993792 kB
Buffers:            7688 kB
Cached:          1909244 kB
SwapCached:            0 kB
Active:          1486420 kB
Inactive:        1648800 kB
Active(anon):    1224828 kB
Inactive(anon):    27816 kB
Active(file):     261592 kB
Inactive(file):  1620984 kB
Unevictable:        5532 kB
Mlocked:            5532 kB
SwapTotal:       3145724 kB
SwapFree:        3145724 kB
Dirty:               312 kB
Writeback:             0 kB
AnonPages:       1223840 kB
Mapped:           852324 kB
Shmem:             29876 kB
KReclaimable:     796320 kB
Slab:             222248 kB
SReclaimable:      78300 kB
SUnreclaim:       143948 kB
KernelStack:       46080 kB
PageTables:        62608 kB
NFS_Unstable:          0 kB
Bounce:                0 kB
WritebackTmp:          0 kB
CommitLimit:     9202288 kB
Committed_AS:   66035060 kB
VmallocTotal:   263061440 kB
VmallocUsed:      103088 kB
VmallocChunk:          0 kB
Percpu:             7648 kB
CmaTotal:         294912 kB
CmaFree:               0 kB
MemTotal:       12113132 kB
MemFree:         6162360 kB
MemAvailable:    7972552 kB
Buffers:            7688 kB
Cached:          1909104 kB
SwapCached:            0 kB
Active:          1505180 kB
Inactive:        1648664 kB
Active(anon):    1243588 kB
Inactive(anon):    27680 kB
Active(file):     261592 kB
Inactive(file):  1620984 kB
Unevictable:        5532 kB
Mlocked:            5532 kB
SwapTotal:       3145724 kB
SwapFree:        3145724 kB
Dirty:               332 kB
Writeback:             0 kB
AnonPages:       1241936 kB
Mapped:           852192 kB
Shmem:             29736 kB
KReclaimable:     796320 kB
Slab:             222240 kB
SReclaimable:      78300 kB
SUnreclaim:       143940 kB
KernelStack:       46116 kB
PageTables:        62520 kB
NFS_Unstable:          0 kB
Bounce:                0 kB
WritebackTmp:          0 kB
CommitLimit:     9202288 kB
Committed_AS:   66036100 kB
VmallocTotal:   263061440 kB
VmallocUsed:      103008 kB
VmallocChunk:          0 kB
Percpu:             7648 kB
CmaTotal:         294912 kB
CmaFree:               0 kB
MemTotal:       12113132 kB
MemFree:         6184416 kB
MemAvailable:    7994648 kB
Buffers:            7696 kB
Cached:          1909288 kB
SwapCached:            0 kB
Active:          1482964 kB
Inactive:        1648844 kB
Active(anon):    1221364 kB
Inactive(anon):    27828 kB
Active(file):     261600 kB
Inactive(file):  1621016 kB
Unevictable:        5532 kB
Mlocked:            5532 kB
SwapTotal:       3145724 kB
SwapFree:        3145724 kB
Dirty:               348 kB
Writeback:            52 kB
AnonPages:       1220400 kB
Mapped:           852040 kB
Shmem:             29888 kB
KReclaimable:     796320 kB
Slab:             222232 kB
SReclaimable:      78300 kB
SUnreclaim:       143932 kB
KernelStack:       46064 kB
PageTables:        62520 kB
NFS_Unstable:          0 kB
Bounce:                0 kB
WritebackTmp:          0 kB
CommitLimit:     9202288 kB
Committed_AS:   66033300 kB
VmallocTotal:   263061440 kB
VmallocUsed:      103024 kB
VmallocChunk:          0 kB
Percpu:             7648 kB
CmaTotal:         294912 kB
CmaFree:              28 kB
MemTotal:       12113132 kB
MemFree:         6183744 kB
MemAvailable:    7993996 kB
Buffers:            7696 kB
Cached:          1909308 kB
SwapCached:            0 kB
Active:          1484008 kB
Inactive:        1648864 kB
Active(anon):    1222408 kB
Inactive(anon):    27828 kB
Active(file):     261600 kB
Inactive(file):  1621036 kB
Unevictable:        5532 kB
Mlocked:            5532 kB
SwapTotal:       3145724 kB
SwapFree:        3145724 kB
Dirty:               404 kB
Writeback:             0 kB
AnonPages:       1221136 kB
Mapped:           852424 kB
Shmem:             29888 kB
KReclaimable:     796320 kB
Slab:             222240 kB
SReclaimable:      78300 kB
SUnreclaim:       143940 kB
KernelStack:       46100 kB
PageTables:        62440 kB
NFS_Unstable:          0 kB
Bounce:                0 kB
WritebackTmp:          0 kB
CommitLimit:     9202288 kB
Committed_AS:   66032988 kB
VmallocTotal:   263061440 kB
VmallocUsed:      103072 kB
VmallocChunk:          0 kB
Percpu:             7648 kB
CmaTotal:         294912 kB
CmaFree:               4 kB
MemTotal:       12113132 kB
MemFree:         6183176 kB
MemAvailable:    7993432 kB
Buffers:            7696 kB
Cached:          1909312 kB
SwapCached:            0 kB
Active:          1484432 kB
Inactive:        1648868 kB
Active(anon):    1222832 kB
Inactive(anon):    27828 kB
Active(file):     261600 kB
Inactive(file):  1621040 kB
Unevictable:        5532 kB
Mlocked:            5532 kB
SwapTotal:       3145724 kB
SwapFree:        3145724 kB
Dirty:               408 kB
Writeback:             0 kB
AnonPages:       1221508 kB
Mapped:           852328 kB
Shmem:             29888 kB
KReclaimable:     796320 kB
Slab:             222240 kB
SReclaimable:      78300 kB
SUnreclaim:       143940 kB
KernelStack:       46060 kB
PageTables:        62636 kB
NFS_Unstable:          0 kB
Bounce:                0 kB
WritebackTmp:          0 kB
CommitLimit:     9202288 kB
Committed_AS:   66030092 kB
VmallocTotal:   263061440 kB
VmallocUsed:      103024 kB
VmallocChunk:          0 kB
Percpu:             7648 kB
CmaTotal:         294912 kB
CmaFree:               0 kB
MemTotal:       12113132 kB
MemFree:         6182264 kB
MemAvailable:    7992524 kB
Buffers:            7696 kB
Cached:          1909316 kB
SwapCached:            0 kB
Active:          1484944 kB
Inactive:        1648868 kB
Active(anon):    1223340 kB
Inactive(anon):    27828 kB
Active(file):     261604 kB
Inactive(file):  1621040 kB
Unevictable:        5532 kB
Mlocked:            5532 kB
SwapTotal:       3145724 kB
SwapFree:        3145724 kB
Dirty:               440 kB
Writeback:             0 kB
AnonPages:       1222404 kB
Mapped:           852424 kB
Shmem:             29888 kB
KReclaimable:     796320 kB
Slab:             222232 kB
SReclaimable:      78300 kB
SUnreclaim:       143932 kB
KernelStack:       46100 kB
PageTables:        62452 kB
NFS_Unstable:          0 kB
Bounce:                0 kB
WritebackTmp:          0 kB
CommitLimit:     9202288 kB
Committed_AS:   66030696 kB
VmallocTotal:   263061440 kB
VmallocUsed:      103056 kB
VmallocChunk:          0 kB
Percpu:             7648 kB
CmaTotal:         294912 kB
CmaFree:               0 kB
MemTotal:       12113132 kB
MemFree:         6181020 kB
MemAvailable:    7991312 kB
Buffers:            7696 kB
Cached:          1909348 kB
SwapCached:            0 kB
Active:          1485260 kB
Inactive:        1648900 kB
Active(anon):    1223656 kB
Inactive(anon):    27828 kB
Active(file):     261604 kB
Inactive(file):  1621072 kB
Unevictable:        5532 kB
Mlocked:            5532 kB
SwapTotal:       3145724 kB
SwapFree:        3145724 kB
Dirty:               448 kB
Writeback:             0 kB
AnonPages:       1222556 kB
Mapped:           852492 kB
Shmem:             29888 kB
KReclaimable:     796320 kB
Slab:             222240 kB
SReclaimable:      78300 kB
SUnreclaim:       143940 kB
KernelStack:       46096 kB
PageTables:        62516 kB
NFS_Unstable:          0 kB
Bounce:                0 kB
WritebackTmp:          0 kB
CommitLimit:     9202288 kB
Committed_AS:   66036300 kB
VmallocTotal:   263061440 kB
VmallocUsed:      103040 kB
VmallocChunk:          0 kB
Percpu:             7648 kB
CmaTotal:         294912 kB
CmaFree:               0 kB
MemTotal:       12113132 kB
MemFree:         6192064 kB
MemAvailable:    8002380 kB
Buffers:            7696 kB
Cached:          1909372 kB
SwapCached:            0 kB
Active:          1473852 kB
Inactive:        1648924 kB
Active(anon):    1212248 kB
Inactive(anon):    27828 kB
Active(file):     261604 kB
Inactive(file):  1621096 kB
Unevictable:        5532 kB
Mlocked:            5532 kB
SwapTotal:       3145724 kB
SwapFree:        3145724 kB
Dirty:               484 kB
Writeback:             0 kB
AnonPages:       1211536 kB
Mapped:           852304 kB
Shmem:             29888 kB
KReclaimable:     796320 kB
Slab:             222248 kB
SReclaimable:      78300 kB
SUnreclaim:       143948 kB
KernelStack:       46048 kB
PageTables:        62500 kB
NFS_Unstable:          0 kB
Bounce:                0 kB
WritebackTmp:          0 kB
CommitLimit:     9202288 kB
Committed_AS:   66036372 kB
VmallocTotal:   263061440 kB
VmallocUsed:      103072 kB
VmallocChunk:          0 kB
Percpu:             7648 kB
CmaTotal:         294912 kB
CmaFree:               0 kB
MemTotal:       12113132 kB
MemFree:         6191912 kB
MemAvailable:    8002236 kB
Buffers:            7696 kB
Cached:          1909380 kB
SwapCached:            0 kB
Active:          1475172 kB
Inactive:        1648932 kB
Active(anon):    1213568 kB
Inactive(anon):    27828 kB
Active(file):     261604 kB
Inactive(file):  1621104 kB
Unevictable:        5532 kB
Mlocked:            5532 kB
SwapTotal:       3145724 kB
SwapFree:        3145724 kB
Dirty:               372 kB
Writeback:             0 kB
AnonPages:       1212612 kB
Mapped:           852316 kB
Shmem:             29888 kB
KReclaimable:     796320 kB
Slab:             222244 kB
SReclaimable:      78300 kB
SUnreclaim:       143944 kB
KernelStack:       46080 kB
PageTables:        62548 kB
NFS_Unstable:          0 kB
Bounce:                0 kB
WritebackTmp:          0 kB
CommitLimit:     9202288 kB
Committed_AS:   66035640 kB
VmallocTotal:   263061440 kB
VmallocUsed:      103072 kB
VmallocChunk:          0 kB
Percpu:             7648 kB
CmaTotal:         294912 kB
CmaFree:             128 kB
MemTotal:       12113132 kB
MemFree:         6190880 kB
MemAvailable:    8001224 kB
Buffers:            7696 kB
Cached:          1909400 kB
SwapCached:            0 kB
Active:          1476388 kB
Inactive:        1648952 kB
Active(anon):    1214784 kB
Inactive(anon):    27828 kB
Active(file):     261604 kB
Inactive(file):  1621124 kB
Unevictable:        5532 kB
Mlocked:            5532 kB
SwapTotal:       3145724 kB
SwapFree:        3145724 kB
Dirty:               428 kB
Writeback:             0 kB
AnonPages:       1213780 kB
Mapped:           852440 kB
Shmem:             29888 kB
KReclaimable:     796320 kB
Slab:             222240 kB
SReclaimable:      78300 kB
SUnreclaim:       143940 kB
KernelStack:       46100 kB
PageTables:        62448 kB
NFS_Unstable:          0 kB
Bounce:                0 kB
WritebackTmp:          0 kB
CommitLimit:     9202288 kB
Committed_AS:   66035480 kB
VmallocTotal:   263061440 kB
VmallocUsed:      103104 kB
VmallocChunk:          0 kB
Percpu:             7648 kB
CmaTotal:         294912 kB
CmaFree:              52 kB
MemTotal:       12113132 kB
MemFree:         6210480 kB
MemAvailable:    8020840 kB
Buffers:            7696 kB
Cached:          1909416 kB
SwapCached:            0 kB
Active:          1456264 kB
Inactive:        1648968 kB
Active(anon):    1194660 kB
Inactive(anon):    27828 kB
Active(file):     261604 kB
Inactive(file):  1621140 kB
Unevictable:        5532 kB
Mlocked:            5532 kB
SwapTotal:       3145724 kB
SwapFree:        3145724 kB
Dirty:               488 kB
Writeback:             0 kB
AnonPages:       1193392 kB
Mapped:           852532 kB
Shmem:             29888 kB
KReclaimable:     796320 kB
Slab:             222256 kB
SReclaimable:      78300 kB
SUnreclaim:       143956 kB
KernelStack:       46160 kB
PageTables:        62696 kB
NFS_Unstable:          0 kB
Bounce:                0 kB
WritebackTmp:          0 kB
CommitLimit:     9202288 kB
Committed_AS:   66025660 kB
VmallocTotal:   263061440 kB
VmallocUsed:      103104 kB
VmallocChunk:          0 kB
Percpu:             7648 kB
CmaTotal:         294912 kB
CmaFree:               8 kB
MemTotal:       12113132 kB
MemFree:         6209972 kB
MemAvailable:    8020348 kB
Buffers:            7696 kB
Cached:          1909468 kB
SwapCached:            0 kB
Active:          1458752 kB
Inactive:        1649020 kB
Active(anon):    1197148 kB
Inactive(anon):    27864 kB
Active(file):     261604 kB
Inactive(file):  1621156 kB
Unevictable:        5532 kB
Mlocked:            5532 kB
SwapTotal:       3145724 kB
SwapFree:        3145724 kB
Dirty:               504 kB
Writeback:             0 kB
AnonPages:       1196264 kB
Mapped:           852256 kB
Shmem:             29924 kB
KReclaimable:     796320 kB
Slab:             222252 kB
SReclaimable:      78300 kB
SUnreclaim:       143952 kB
KernelStack:       46000 kB
PageTables:        62568 kB
NFS_Unstable:          0 kB
Bounce:                0 kB
WritebackTmp:          0 kB
CommitLimit:     9202288 kB
Committed_AS:   66034972 kB
VmallocTotal:   263061440 kB
VmallocUsed:      103088 kB
VmallocChunk:          0 kB
Percpu:             7648 kB
CmaTotal:         294912 kB
CmaFree:               0 kB
MemTotal:       12113132 kB
MemFree:         6212132 kB
MemAvailable:    8022524 kB
Buffers:            7696 kB
Cached:          1909484 kB
SwapCached:            0 kB
Active:          1453828 kB
Inactive:        1649036 kB
Active(anon):    1192224 kB
Inactive(anon):    27864 kB
Active(file):     261604 kB
Inactive(file):  1621172 kB
Unevictable:        5532 kB
Mlocked:            5532 kB
SwapTotal:       3145724 kB
SwapFree:        3145724 kB
Dirty:               532 kB
Writeback:             0 kB
AnonPages:       1191256 kB
Mapped:           852380 kB
Shmem:             29924 kB
KReclaimable:     796320 kB
Slab:             222252 kB
SReclaimable:      78300 kB
SUnreclaim:       143952 kB
KernelStack:       46048 kB
PageTables:        62452 kB
NFS_Unstable:          0 kB
Bounce:                0 kB
WritebackTmp:          0 kB
CommitLimit:     9202288 kB
Committed_AS:   66037364 kB
VmallocTotal:   263061440 kB
VmallocUsed:      103040 kB
VmallocChunk:          0 kB
Percpu:             7648 kB
CmaTotal:         294912 kB
CmaFree:               0 kB
MemTotal:       12113132 kB
MemFree:         6211928 kB
MemAvailable:    8022336 kB
Buffers:            7696 kB
Cached:          1909500 kB
SwapCached:            0 kB
Active:          1454740 kB
Inactive:        1649052 kB
Active(anon):    1193136 kB
Inactive(anon):    27864 kB
Active(file):     261604 kB
Inactive(file):  1621188 kB
Unevictable:        5532 kB
Mlocked:            5532 kB
SwapTotal:       3145724 kB
SwapFree:        3145724 kB
Dirty:               572 kB
Writeback:             0 kB
AnonPages:       1192220 kB
Mapped:           852380 kB
Shmem:             29924 kB
KReclaimable:     796320 kB
Slab:             222252 kB
SReclaimable:      78300 kB
SUnreclaim:       143952 kB
KernelStack:       46064 kB
PageTables:        62808 kB
NFS_Unstable:          0 kB
Bounce:                0 kB
WritebackTmp:          0 kB
CommitLimit:     9202288 kB
Committed_AS:   66032400 kB
VmallocTotal:   263061440 kB
VmallocUsed:      103056 kB
VmallocChunk:          0 kB
Percpu:             7648 kB
CmaTotal:         294912 kB
CmaFree:               0 kB
MemTotal:       12113132 kB
MemFree:         6211388 kB
MemAvailable:    8021820 kB
Buffers:            7696 kB
Cached:          1909524 kB
SwapCached:            0 kB
Active:          1455480 kB
Inactive:        1649076 kB
Active(anon):    1193876 kB
Inactive(anon):    27864 kB
Active(file):     261604 kB
Inactive(file):  1621212 kB
Unevictable:        5532 kB
Mlocked:            5532 kB
SwapTotal:       3145724 kB
SwapFree:        3145724 kB
Dirty:               596 kB
Writeback:             0 kB
AnonPages:       1192864 kB
Mapped:           852396 kB
Shmem:             29924 kB
KReclaimable:     796320 kB
Slab:             222260 kB
SReclaimable:      78300 kB
SUnreclaim:       143960 kB
KernelStack:       46112 kB
PageTables:        62620 kB
NFS_Unstable:          0 kB
Bounce:                0 kB
WritebackTmp:          0 kB
CommitLimit:     9202288 kB
Committed_AS:   66032000 kB
VmallocTotal:   263061440 kB
VmallocUsed:      103040 kB
VmallocChunk:          0 kB
Percpu:             7648 kB
CmaTotal:         294912 kB
CmaFree:              20 kB
MemTotal:       12113132 kB
MemFree:         6211208 kB
MemAvailable:    8021652 kB
Buffers:            7696 kB
Cached:          1909536 kB
SwapCached:            0 kB
Active:          1455952 kB
Inactive:        1649088 kB
Active(anon):    1194348 kB
Inactive(anon):    27864 kB
Active(file):     261604 kB
Inactive(file):  1621224 kB
Unevictable:        5532 kB
Mlocked:            5532 kB
SwapTotal:       3145724 kB
SwapFree:        3145724 kB
Dirty:               652 kB
Writeback:             0 kB
AnonPages:       1193392 kB
Mapped:           852396 kB
Shmem:             29924 kB
KReclaimable:     796320 kB
Slab:             222236 kB
SReclaimable:      78300 kB
SUnreclaim:       143936 kB
KernelStack:       46068 kB
PageTables:        62464 kB
NFS_Unstable:          0 kB
Bounce:                0 kB
WritebackTmp:          0 kB
CommitLimit:     9202288 kB
Committed_AS:   66033600 kB
VmallocTotal:   263061440 kB
VmallocUsed:      103056 kB
VmallocChunk:          0 kB
Percpu:             7648 kB
CmaTotal:         294912 kB
CmaFree:               0 kB
MemTotal:       12113132 kB
MemFree:         6209248 kB
MemAvailable:    8019712 kB
Buffers:            7696 kB
Cached:          1909556 kB
SwapCached:            0 kB
Active:          1456912 kB
Inactive:        1649104 kB
Active(anon):    1195304 kB
Inactive(anon):    27864 kB
Active(file):     261608 kB
Inactive(file):  1621240 kB
Unevictable:        5532 kB
Mlocked:            5532 kB
SwapTotal:       3145724 kB
SwapFree:        3145724 kB
Dirty:               676 kB
Writeback:             0 kB
AnonPages:       1194172 kB
Mapped:           852452 kB
Shmem:             29924 kB
KReclaimable:     796320 kB
Slab:             222252 kB
SReclaimable:      78300 kB
SUnreclaim:       143952 kB
KernelStack:       46064 kB
PageTables:        62568 kB
NFS_Unstable:          0 kB
Bounce:                0 kB
WritebackTmp:          0 kB
CommitLimit:     9202288 kB
Committed_AS:   66037140 kB
VmallocTotal:   263061440 kB
VmallocUsed:      103056 kB
VmallocChunk:          0 kB
Percpu:             7648 kB
CmaTotal:         294912 kB
CmaFree:               4 kB
MemTotal:       12113132 kB
MemFree:         6210804 kB
MemAvailable:    8021292 kB
Buffers:            7696 kB
Cached:          1909580 kB
SwapCached:            0 kB
Active:          1455648 kB
Inactive:        1649128 kB
Active(anon):    1194040 kB
Inactive(anon):    27864 kB
Active(file):     261608 kB
Inactive(file):  1621264 kB
Unevictable:        5532 kB
Mlocked:            5532 kB
SwapTotal:       3145724 kB
SwapFree:        3145724 kB
Dirty:               700 kB
Writeback:             0 kB
AnonPages:       1193152 kB
Mapped:           852380 kB
Shmem:             29924 kB
KReclaimable:     796320 kB
Slab:             222236 kB
SReclaimable:      78300 kB
SUnreclaim:       143936 kB
KernelStack:       46052 kB
PageTables:        62788 kB
NFS_Unstable:          0 kB
Bounce:                0 kB
WritebackTmp:          0 kB
CommitLimit:     9202288 kB
Committed_AS:   66034708 kB
VmallocTotal:   263061440 kB
VmallocUsed:      103056 kB
VmallocChunk:          0 kB
Percpu:             7648 kB
CmaTotal:         294912 kB
CmaFree:               8 kB
MemTotal:       12113132 kB
MemFree:         6210348 kB
MemAvailable:    8020856 kB
Buffers:            7700 kB
Cached:          1909592 kB
SwapCached:            0 kB
Active:          1456412 kB
Inactive:        1649140 kB
Active(anon):    1194800 kB
Inactive(anon):    27864 kB
Active(file):     261612 kB
Inactive(file):  1621276 kB
Unevictable:        5532 kB
Mlocked:            5532 kB
SwapTotal:       3145724 kB
SwapFree:        3145724 kB
Dirty:               700 kB
Writeback:             0 kB
AnonPages:       1193856 kB
Mapped:           852432 kB
Shmem:             29924 kB
KReclaimable:     796324 kB
Slab:             222264 kB
SReclaimable:      78304 kB
SUnreclaim:       143960 kB
KernelStack:       46048 kB
PageTables:        62560 kB
NFS_Unstable:          0 kB
Bounce:                0 kB
WritebackTmp:          0 kB
CommitLimit:     9202288 kB
Committed_AS:   66036956 kB
VmallocTotal:   263061440 kB
VmallocUsed:      103056 kB
VmallocChunk:          0 kB
Percpu:             7648 kB
CmaTotal:         294912 kB
CmaFree:               0 kB
MemTotal:       12113132 kB
MemFree:         6209800 kB
MemAvailable:    8020316 kB
Buffers:            7700 kB
Cached:          1909600 kB
SwapCached:            0 kB
Active:          1456744 kB
Inactive:        1649152 kB
Active(anon):    1195136 kB
Inactive(anon):    27864 kB
Active(file):     261608 kB
Inactive(file):  1621288 kB
Unevictable:        5532 kB
Mlocked:            5532 kB
SwapTotal:       3145724 kB
SwapFree:        3145724 kB
Dirty:               708 kB
Writeback:             0 kB
AnonPages:       1193964 kB
Mapped:           852380 kB
Shmem:             29924 kB
KReclaimable:     796324 kB
Slab:             222256 kB
SReclaimable:      78304 kB
SUnreclaim:       143952 kB
KernelStack:       46068 kB
PageTables:        62452 kB
NFS_Unstable:          0 kB
Bounce:                0 kB
WritebackTmp:          0 kB
CommitLimit:     9202288 kB
Committed_AS:   66036844 kB
VmallocTotal:   263061440 kB
VmallocUsed:      103072 kB
VmallocChunk:          0 kB
Percpu:             7648 kB
CmaTotal:         294912 kB
CmaFree:               0 kB
MemTotal:       12113132 kB
MemFree:         6209676 kB
MemAvailable:    8020212 kB
Buffers:            7700 kB
Cached:          1909620 kB
SwapCached:            0 kB
Active:          1457824 kB
Inactive:        1649168 kB
Active(anon):    1196212 kB
Inactive(anon):    27864 kB
Active(file):     261612 kB
Inactive(file):  1621304 kB
Unevictable:        5532 kB
Mlocked:            5532 kB
SwapTotal:       3145724 kB
SwapFree:        3145724 kB
Dirty:               736 kB
Writeback:             0 kB
AnonPages:       1195080 kB
Mapped:           852348 kB
Shmem:             29924 kB
KReclaimable:     796324 kB
Slab:             222248 kB
SReclaimable:      78304 kB
SUnreclaim:       143944 kB
KernelStack:       46048 kB
PageTables:        62608 kB
NFS_Unstable:          0 kB
Bounce:                0 kB
WritebackTmp:          0 kB
CommitLimit:     9202288 kB
Committed_AS:   66036704 kB
VmallocTotal:   263061440 kB
VmallocUsed:      103056 kB
VmallocChunk:          0 kB
Percpu:             7648 kB
CmaTotal:         294912 kB
CmaFree:               0 kB
MemTotal:       12113132 kB
MemFree:         6209476 kB
MemAvailable:    8020028 kB
Buffers:            7700 kB
Cached:          1909636 kB
SwapCached:            0 kB
Active:          1458644 kB
Inactive:        1649184 kB
Active(anon):    1197032 kB
Inactive(anon):    27864 kB
Active(file):     261612 kB
Inactive(file):  1621320 kB
Unevictable:        5532 kB
Mlocked:            5532 kB
SwapTotal:       3145724 kB
SwapFree:        3145724 kB
Dirty:               756 kB
Writeback:             0 kB
AnonPages:       1195940 kB
Mapped:           852380 kB
Shmem:             29924 kB
KReclaimable:     796324 kB
Slab:             222248 kB
SReclaimable:      78304 kB
SUnreclaim:       143944 kB
KernelStack:       46016 kB
PageTables:        62476 kB
NFS_Unstable:          0 kB
Bounce:                0 kB
WritebackTmp:          0 kB
CommitLimit:     9202288 kB
Committed_AS:   66036708 kB
VmallocTotal:   263061440 kB
VmallocUsed:      103040 kB
VmallocChunk:          0 kB
Percpu:             7648 kB
CmaTotal:         294912 kB
CmaFree:               0 kB
MemTotal:       12113132 kB
MemFree:         6209560 kB
MemAvailable:    8020108 kB
Buffers:            7700 kB
Cached:          1909632 kB
SwapCached:            0 kB
Active:          1457904 kB
Inactive:        1649184 kB
Active(anon):    1196296 kB
Inactive(anon):    27864 kB
Active(file):     261608 kB
Inactive(file):  1621320 kB
Unevictable:        5532 kB
Mlocked:            5532 kB
SwapTotal:       3145724 kB
SwapFree:        3145724 kB
Dirty:               764 kB
Writeback:             0 kB
AnonPages:       1195396 kB
Mapped:           852264 kB
Shmem:             29924 kB
KReclaimable:     796324 kB
Slab:             222256 kB
SReclaimable:      78304 kB
SUnreclaim:       143952 kB
KernelStack:       46064 kB
PageTables:        62716 kB
NFS_Unstable:          0 kB
Bounce:                0 kB
WritebackTmp:          0 kB
CommitLimit:     9202288 kB
Committed_AS:   66031604 kB
VmallocTotal:   263061440 kB
VmallocUsed:      103024 kB
VmallocChunk:          0 kB
Percpu:             7648 kB
CmaTotal:         294912 kB
CmaFree:              56 kB
MemTotal:       12113132 kB
MemFree:         6208460 kB
MemAvailable:    8019040 kB
Buffers:            7700 kB
Cached:          1909664 kB
SwapCached:            0 kB
Active:          1458516 kB
Inactive:        1649212 kB
Active(anon):    1196904 kB
Inactive(anon):    27864 kB
Active(file):     261612 kB
Inactive(file):  1621348 kB
Unevictable:        5532 kB
Mlocked:            5532 kB
SwapTotal:       3145724 kB
SwapFree:        3145724 kB
Dirty:               800 kB
Writeback:             0 kB
AnonPages:       1195820 kB
Mapped:           852452 kB
Shmem:             29924 kB
KReclaimable:     796324 kB
Slab:             222280 kB
SReclaimable:      78304 kB
SUnreclaim:       143976 kB
KernelStack:       46084 kB
PageTables:        62516 kB
NFS_Unstable:          0 kB
Bounce:                0 kB
WritebackTmp:          0 kB
CommitLimit:     9202288 kB
Committed_AS:   66032716 kB
VmallocTotal:   263061440 kB
VmallocUsed:      103056 kB
VmallocChunk:          0 kB
Percpu:             7648 kB
CmaTotal:         294912 kB
CmaFree:               0 kB
MemTotal:       12113132 kB
MemFree:         6208476 kB
MemAvailable:    8019072 kB
Buffers:            7700 kB
Cached:          1909680 kB
SwapCached:            0 kB
Active:          1459200 kB
Inactive:        1649228 kB
Active(anon):    1197588 kB
Inactive(anon):    27864 kB
Active(file):     261612 kB
Inactive(file):  1621364 kB
Unevictable:        5532 kB
Mlocked:            5532 kB
SwapTotal:       3145724 kB
SwapFree:        3145724 kB
Dirty:               828 kB
Writeback:             0 kB
AnonPages:       1196840 kB
Mapped:           852260 kB
Shmem:             29924 kB
KReclaimable:     796324 kB
Slab:             222224 kB
SReclaimable:      78304 kB
SUnreclaim:       143920 kB
KernelStack:       46032 kB
PageTables:        62576 kB
NFS_Unstable:          0 kB
Bounce:                0 kB
WritebackTmp:          0 kB
CommitLimit:     9202288 kB
Committed_AS:   66037640 kB
VmallocTotal:   263061440 kB
VmallocUsed:      103072 kB
VmallocChunk:          0 kB
Percpu:             7648 kB
CmaTotal:         294912 kB
CmaFree:               0 kB
MemTotal:       12113132 kB
MemFree:         6207132 kB
MemAvailable:    8017740 kB
Buffers:            7700 kB
Cached:          1909692 kB
SwapCached:            0 kB
Active:          1459716 kB
Inactive:        1649240 kB
Active(anon):    1198104 kB
Inactive(anon):    27864 kB
Active(file):     261612 kB
Inactive(file):  1621376 kB
Unevictable:        5532 kB
Mlocked:            5532 kB
SwapTotal:       3145724 kB
SwapFree:        3145724 kB
Dirty:               844 kB
Writeback:             0 kB
AnonPages:       1197152 kB
Mapped:           852380 kB
Shmem:             29924 kB
KReclaimable:     796324 kB
Slab:             222264 kB
SReclaimable:      78304 kB
SUnreclaim:       143960 kB
KernelStack:       46084 kB
PageTables:        62448 kB
NFS_Unstable:          0 kB
Bounce:                0 kB
WritebackTmp:          0 kB
CommitLimit:     9202288 kB
Committed_AS:   66037424 kB
VmallocTotal:   263061440 kB
VmallocUsed:      103056 kB
VmallocChunk:          0 kB
Percpu:             7648 kB
CmaTotal:         294912 kB
CmaFree:               8 kB
MemTotal:       12113132 kB
MemFree:         6207648 kB
MemAvailable:    8018280 kB
Buffers:            7700 kB
Cached:          1909716 kB
SwapCached:            0 kB
Active:          1460244 kB
Inactive:        1649264 kB
Active(anon):    1198632 kB
Inactive(anon):    27864 kB
Active(file):     261612 kB
Inactive(file):  1621400 kB
Unevictable:        5532 kB
Mlocked:            5532 kB
SwapTotal:       3145724 kB
SwapFree:        3145724 kB
Dirty:               868 kB
Writeback:             0 kB
AnonPages:       1197824 kB
Mapped:           852452 kB
Shmem:             29924 kB
KReclaimable:     796324 kB
Slab:             222232 kB
SReclaimable:      78304 kB
SUnreclaim:       143928 kB
KernelStack:       46080 kB
PageTables:        62536 kB
NFS_Unstable:          0 kB
Bounce:                0 kB
WritebackTmp:          0 kB
CommitLimit:     9202288 kB
Committed_AS:   66032612 kB
VmallocTotal:   263061440 kB
VmallocUsed:      103056 kB
VmallocChunk:          0 kB
Percpu:             7648 kB
CmaTotal:         294912 kB
CmaFree:               4 kB
MemTotal:       12113132 kB
MemFree:         6206040 kB
MemAvailable:    8016684 kB
Buffers:            7700 kB
Cached:          1909728 kB
SwapCached:            0 kB
Active:          1460952 kB
Inactive:        1649276 kB
Active(anon):    1199340 kB
Inactive(anon):    27864 kB
Active(file):     261612 kB
Inactive(file):  1621412 kB
Unevictable:        5532 kB
Mlocked:            5532 kB
SwapTotal:       3145724 kB
SwapFree:        3145724 kB
Dirty:               916 kB
Writeback:             0 kB
AnonPages:       1198068 kB
Mapped:           852256 kB
Shmem:             29924 kB
KReclaimable:     796324 kB
Slab:             222256 kB
SReclaimable:      78304 kB
SUnreclaim:       143952 kB
KernelStack:       46048 kB
PageTables:        62552 kB
NFS_Unstable:          0 kB
Bounce:                0 kB
WritebackTmp:          0 kB
CommitLimit:     9202288 kB
Committed_AS:   66032344 kB
VmallocTotal:   263061440 kB
VmallocUsed:      103072 kB
VmallocChunk:          0 kB
Percpu:             7648 kB
CmaTotal:         294912 kB
CmaFree:               0 kB
MemTotal:       12113132 kB
MemFree:         6205436 kB
MemAvailable:    8016108 kB
Buffers:            7700 kB
Cached:          1909756 kB
SwapCached:            0 kB
Active:          1461368 kB
Inactive:        1649304 kB
Active(anon):    1199756 kB
Inactive(anon):    27864 kB
Active(file):     261612 kB
Inactive(file):  1621440 kB
Unevictable:        5532 kB
Mlocked:            5532 kB
SwapTotal:       3145724 kB
SwapFree:        3145724 kB
Dirty:               948 kB
Writeback:             0 kB
AnonPages:       1198848 kB
Mapped:           852172 kB
Shmem:             29924 kB
KReclaimable:     796324 kB
Slab:             222256 kB
SReclaimable:      78304 kB
SUnreclaim:       143952 kB
KernelStack:       46032 kB
PageTables:        62496 kB
NFS_Unstable:          0 kB
Bounce:                0 kB
WritebackTmp:          0 kB
CommitLimit:     9202288 kB
Committed_AS:   66032392 kB
VmallocTotal:   263061440 kB
VmallocUsed:      103072 kB
VmallocChunk:          0 kB
Percpu:             7648 kB
CmaTotal:         294912 kB
CmaFree:               0 kB
MemTotal:       12113132 kB
MemFree:         6205960 kB
MemAvailable:    8016648 kB
Buffers:            7700 kB
Cached:          1909772 kB
SwapCached:            0 kB
Active:          1459776 kB
Inactive:        1649316 kB
Active(anon):    1198160 kB
Inactive(anon):    27864 kB
Active(file):     261616 kB
Inactive(file):  1621452 kB
Unevictable:        5532 kB
Mlocked:            5532 kB
SwapTotal:       3145724 kB
SwapFree:        3145724 kB
Dirty:               960 kB
Writeback:             0 kB
AnonPages:       1197468 kB
Mapped:           852452 kB
Shmem:             29924 kB
KReclaimable:     796324 kB
Slab:             222236 kB
SReclaimable:      78304 kB
SUnreclaim:       143932 kB
KernelStack:       46032 kB
PageTables:        62512 kB
NFS_Unstable:          0 kB
Bounce:                0 kB
WritebackTmp:          0 kB
CommitLimit:     9202288 kB
Committed_AS:   66037376 kB
VmallocTotal:   263061440 kB
VmallocUsed:      103056 kB
VmallocChunk:          0 kB
Percpu:             7648 kB
CmaTotal:         294912 kB
CmaFree:             120 kB
MemTotal:       12113132 kB
MemFree:         6206764 kB
MemAvailable:    8017468 kB
Buffers:            7700 kB
Cached:          1909788 kB
SwapCached:            0 kB
Active:          1459528 kB
Inactive:        1649336 kB
Active(anon):    1197916 kB
Inactive(anon):    27864 kB
Active(file):     261612 kB
Inactive(file):  1621472 kB
Unevictable:        5532 kB
Mlocked:            5532 kB
SwapTotal:       3145724 kB
SwapFree:        3145724 kB
Dirty:               964 kB
Writeback:            24 kB
AnonPages:       1197068 kB
Mapped:           852260 kB
Shmem:             29924 kB
KReclaimable:     796324 kB
Slab:             222280 kB
SReclaimable:      78304 kB
SUnreclaim:       143976 kB
KernelStack:       46064 kB
PageTables:        62580 kB
NFS_Unstable:          0 kB
Bounce:                0 kB
WritebackTmp:          0 kB
CommitLimit:     9202288 kB
Committed_AS:   66037112 kB
VmallocTotal:   263061440 kB
VmallocUsed:      103040 kB
VmallocChunk:          0 kB
Percpu:             7648 kB
CmaTotal:         294912 kB
CmaFree:               0 kB
MemTotal:       12113132 kB
MemFree:         6180872 kB
MemAvailable:    7991572 kB
Buffers:            7700 kB
Cached:          1909784 kB
SwapCached:            0 kB
Active:          1486996 kB
Inactive:        1649336 kB
Active(anon):    1225388 kB
Inactive(anon):    27864 kB
Active(file):     261608 kB
Inactive(file):  1621472 kB
Unevictable:        5532 kB
Mlocked:            5532 kB
SwapTotal:       3145724 kB
SwapFree:        3145724 kB
Dirty:              1000 kB
Writeback:             0 kB
AnonPages:       1224084 kB
Mapped:           852452 kB
Shmem:             29924 kB
KReclaimable:     796324 kB
Slab:             222272 kB
SReclaimable:      78304 kB
SUnreclaim:       143968 kB
KernelStack:       46016 kB
PageTables:        62520 kB
NFS_Unstable:          0 kB
Bounce:                0 kB
WritebackTmp:          0 kB
CommitLimit:     9202288 kB
Committed_AS:   66037260 kB
VmallocTotal:   263061440 kB
VmallocUsed:      103024 kB
VmallocChunk:          0 kB
Percpu:             7648 kB
CmaTotal:         294912 kB
CmaFree:               0 kB
MemTotal:       12113132 kB
MemFree:         6166856 kB
MemAvailable:    7977584 kB
Buffers:            7700 kB
Cached:          1909812 kB
SwapCached:            0 kB
Active:          1501720 kB
Inactive:        1649360 kB
Active(anon):    1240108 kB
Inactive(anon):    27864 kB
Active(file):     261612 kB
Inactive(file):  1621496 kB
Unevictable:        5532 kB
Mlocked:            5532 kB
SwapTotal:       3145724 kB
SwapFree:        3145724 kB
Dirty:              1032 kB
Writeback:             0 kB
AnonPages:       1234312 kB
Mapped:           852320 kB
Shmem:             29924 kB
KReclaimable:     796324 kB
Slab:             222256 kB
SReclaimable:      78304 kB
SUnreclaim:       143952 kB
KernelStack:       46032 kB
PageTables:        62560 kB
NFS_Unstable:          0 kB
Bounce:                0 kB
WritebackTmp:          0 kB
CommitLimit:     9202288 kB
Committed_AS:   66032316 kB
VmallocTotal:   263061440 kB
VmallocUsed:      103056 kB
VmallocChunk:          0 kB
Percpu:             7648 kB
CmaTotal:         294912 kB
CmaFree:               4 kB
MemTotal:       12113132 kB
MemFree:         6170644 kB
MemAvailable:    7981388 kB
Buffers:            7704 kB
Cached:          1909824 kB
SwapCached:            0 kB
Active:          1497192 kB
Inactive:        1649376 kB
Active(anon):    1235580 kB
Inactive(anon):    27864 kB
Active(file):     261612 kB
Inactive(file):  1621512 kB
Unevictable:        5532 kB
Mlocked:            5532 kB
SwapTotal:       3145724 kB
SwapFree:        3145724 kB
Dirty:              1104 kB
Writeback:             0 kB
AnonPages:       1234496 kB
Mapped:           852444 kB
Shmem:             29924 kB
KReclaimable:     796324 kB
Slab:             222256 kB
SReclaimable:      78304 kB
SUnreclaim:       143952 kB
KernelStack:       46068 kB
PageTables:        62468 kB
NFS_Unstable:          0 kB
Bounce:                0 kB
WritebackTmp:          0 kB
CommitLimit:     9202288 kB
Committed_AS:   66037428 kB
VmallocTotal:   263061440 kB
VmallocUsed:      103040 kB
VmallocChunk:          0 kB
Percpu:             7648 kB
CmaTotal:         294912 kB
CmaFree:               0 kB
MemTotal:       12113132 kB
MemFree:         6170364 kB
MemAvailable:    7981128 kB
Buffers:            7704 kB
Cached:          1909844 kB
SwapCached:            0 kB
Active:          1497192 kB
Inactive:        1649392 kB
Active(anon):    1235576 kB
Inactive(anon):    27864 kB
Active(file):     261616 kB
Inactive(file):  1621528 kB
Unevictable:        5532 kB
Mlocked:            5532 kB
SwapTotal:       3145724 kB
SwapFree:        3145724 kB
Dirty:              1104 kB
Writeback:             0 kB
AnonPages:       1234588 kB
Mapped:           852512 kB
Shmem:             29924 kB
KReclaimable:     796324 kB
Slab:             222264 kB
SReclaimable:      78304 kB
SUnreclaim:       143960 kB
KernelStack:       46016 kB
PageTables:        62516 kB
NFS_Unstable:          0 kB
Bounce:                0 kB
WritebackTmp:          0 kB
CommitLimit:     9202288 kB
Committed_AS:   66043444 kB
VmallocTotal:   263061440 kB
VmallocUsed:      103056 kB
VmallocChunk:          0 kB
Percpu:             7648 kB
CmaTotal:         294912 kB
CmaFree:              28 kB
MemTotal:       12113132 kB
MemFree:         6202864 kB
MemAvailable:    8013624 kB
Buffers:            7704 kB
Cached:          1909840 kB
SwapCached:            0 kB
Active:          1463628 kB
Inactive:        1649392 kB
Active(anon):    1202016 kB
Inactive(anon):    27864 kB
Active(file):     261612 kB
Inactive(file):  1621528 kB
Unevictable:        5532 kB
Mlocked:            5532 kB
SwapTotal:       3145724 kB
SwapFree:        3145724 kB
Dirty:              1108 kB
Writeback:             0 kB
AnonPages:       1200716 kB
Mapped:           852588 kB
Shmem:             29924 kB
KReclaimable:     796324 kB
Slab:             222240 kB
SReclaimable:      78304 kB
SUnreclaim:       143936 kB
KernelStack:       46128 kB
PageTables:        62692 kB
NFS_Unstable:          0 kB
Bounce:                0 kB
WritebackTmp:          0 kB
CommitLimit:     9202288 kB
Committed_AS:   66039500 kB
VmallocTotal:   263061440 kB
VmallocUsed:      103104 kB
VmallocChunk:          0 kB
Percpu:             7648 kB
CmaTotal:         294912 kB
CmaFree:               0 kB
MemTotal:       12113132 kB
MemFree:         6203244 kB
MemAvailable:    8014032 kB
Buffers:            7704 kB
Cached:          1909868 kB
SwapCached:            0 kB
Active:          1462716 kB
Inactive:        1649416 kB
Active(anon):    1201100 kB
Inactive(anon):    27864 kB
Active(file):     261616 kB
Inactive(file):  1621552 kB
Unevictable:        5532 kB
Mlocked:            5532 kB
SwapTotal:       3145724 kB
SwapFree:        3145724 kB
Dirty:              1164 kB
Writeback:             0 kB
AnonPages:       1200456 kB
Mapped:           852276 kB
Shmem:             29924 kB
KReclaimable:     796324 kB
Slab:             222248 kB
SReclaimable:      78304 kB
SUnreclaim:       143944 kB
KernelStack:       46176 kB
PageTables:        62596 kB
NFS_Unstable:          0 kB
Bounce:                0 kB
WritebackTmp:          0 kB
CommitLimit:     9202288 kB
Committed_AS:   66036236 kB
VmallocTotal:   263061440 kB
VmallocUsed:      103136 kB
VmallocChunk:          0 kB
Percpu:             7648 kB
CmaTotal:         294912 kB
CmaFree:             120 kB
MemTotal:       12113132 kB
MemFree:         6202632 kB
MemAvailable:    8013440 kB
Buffers:            7704 kB
Cached:          1909888 kB
SwapCached:            0 kB
Active:          1464004 kB
Inactive:        1649436 kB
Active(anon):    1202388 kB
Inactive(anon):    27864 kB
Active(file):     261616 kB
Inactive(file):  1621572 kB
Unevictable:        5532 kB
Mlocked:            5532 kB
SwapTotal:       3145724 kB
SwapFree:        3145724 kB
Dirty:              1212 kB
Writeback:             0 kB
AnonPages:       1201220 kB
Mapped:           852444 kB
Shmem:             29924 kB
KReclaimable:     796324 kB
Slab:             222272 kB
SReclaimable:      78304 kB
SUnreclaim:       143968 kB
KernelStack:       46164 kB
PageTables:        62472 kB
NFS_Unstable:          0 kB
Bounce:                0 kB
WritebackTmp:          0 kB
CommitLimit:     9202288 kB
Committed_AS:   66035904 kB
VmallocTotal:   263061440 kB
VmallocUsed:      103168 kB
VmallocChunk:          0 kB
Percpu:             7648 kB
CmaTotal:         294912 kB
CmaFree:             132 kB
MemTotal:       12113132 kB
MemFree:         6201976 kB
MemAvailable:    8012804 kB
Buffers:            7704 kB
Cached:          1909908 kB
SwapCached:            0 kB
Active:          1464712 kB
Inactive:        1649456 kB
Active(anon):    1203096 kB
Inactive(anon):    27864 kB
Active(file):     261616 kB
Inactive(file):  1621592 kB
Unevictable:        5532 kB
Mlocked:            5532 kB
SwapTotal:       3145724 kB
SwapFree:        3145724 kB
Dirty:               356 kB
Writeback:           128 kB
AnonPages:       1201604 kB
Mapped:           852464 kB
Shmem:             29924 kB
KReclaimable:     796324 kB
Slab:             222240 kB
SReclaimable:      78304 kB
SUnreclaim:       143936 kB
KernelStack:       46144 kB
PageTables:        62468 kB
NFS_Unstable:          0 kB
Bounce:                0 kB
WritebackTmp:          0 kB
CommitLimit:     9202288 kB
Committed_AS:   66035420 kB
VmallocTotal:   263061440 kB
VmallocUsed:      103184 kB
