MemTotal:        7922396 kB
MemFree:          289208 kB
MemAvailable:    3874036 kB
Buffers:           64908 kB
Cached:          3747136 kB
SwapCached:           84 kB
Active:           767828 kB
Inactive:        4541444 kB
Active(anon):      27260 kB
Inactive(anon):  1494572 kB
Active(file):     740568 kB
Inactive(file):  3046872 kB
Unevictable:        6048 kB
Mlocked:            5608 kB
SwapTotal:       4718584 kB
SwapFree:        4702968 kB
Dirty:             45988 kB
Writeback:             0 kB
AnonPages:       1503268 kB
Mapped:           636620 kB
Shmem:             20108 kB
KReclaimable:     132764 kB
Slab:             309292 kB
SReclaimable:      95928 kB
SUnreclaim:       213364 kB
KernelStack:       46944 kB
ShadowCallStack:   11756 kB
PageTables:        62940 kB
NFS_Unstable:          0 kB
Bounce:                0 kB
WritebackTmp:          0 kB
CommitLimit:     8679780 kB
Committed_AS:   63096144 kB
VmallocTotal:   263061440 kB
VmallocUsed:      128332 kB
VmallocChunk:          0 kB
Percpu:             6216 kB
CmaTotal:         405504 kB
CmaFree:             708 kB
MemTotal:        7922396 kB
MemFree:          211360 kB
MemAvailable:    3718504 kB
Buffers:           65092 kB
Cached:          3676240 kB
SwapCached:           84 kB
Active:           768720 kB
Inactive:        4494960 kB
Active(anon):      27752 kB
Inactive(anon):  1520008 kB
Active(file):     740968 kB
Inactive(file):  2974952 kB
Unevictable:        6048 kB
Mlocked:            5608 kB
SwapTotal:       4718584 kB
SwapFree:        4700408 kB
Dirty:             46452 kB
Writeback:             4 kB
AnonPages:       1528564 kB
Mapped:           661512 kB
Shmem:             20868 kB
KReclaimable:     128628 kB
Slab:             310716 kB
SReclaimable:      95596 kB
SUnreclaim:       215120 kB
KernelStack:       47440 kB
ShadowCallStack:   11900 kB
PageTables:        64220 kB
NFS_Unstable:          0 kB
Bounce:                0 kB
WritebackTmp:          0 kB
CommitLimit:     8679780 kB
Committed_AS:   65827800 kB
VmallocTotal:   263061440 kB
VmallocUsed:      128988 kB
VmallocChunk:          0 kB
Percpu:             6216 kB
CmaTotal:         405504 kB
CmaFree:             708 kB
MemTotal:        7922396 kB
MemFree:          451048 kB
MemAvailable:    3958132 kB
Buffers:           65092 kB
Cached:          3676236 kB
SwapCached:           84 kB
Active:           768740 kB
Inactive:        4253096 kB
Active(anon):      27752 kB
Inactive(anon):  1278184 kB
Active(file):     740988 kB
Inactive(file):  2974912 kB
Unevictable:        6048 kB
Mlocked:            5608 kB
SwapTotal:       4718584 kB
SwapFree:        4700408 kB
Dirty:             46492 kB
Writeback:             0 kB
AnonPages:       1286584 kB
Mapped:           661896 kB
Shmem:             20876 kB
KReclaimable:     128548 kB
Slab:             310812 kB
SReclaimable:      95600 kB
SUnreclaim:       215212 kB
KernelStack:       47488 kB
ShadowCallStack:   11900 kB
PageTables:        64580 kB
NFS_Unstable:          0 kB
Bounce:                0 kB
WritebackTmp:          0 kB
CommitLimit:     8679780 kB
Committed_AS:   65827804 kB
VmallocTotal:   263061440 kB
VmallocUsed:      129032 kB
VmallocChunk:          0 kB
Percpu:             6216 kB
CmaTotal:         405504 kB
CmaFree:             888 kB
MemTotal:        7922396 kB
MemFree:          470044 kB
MemAvailable:    4136484 kB
Buffers:           65092 kB
Cached:          3676468 kB
SwapCached:           84 kB
Active:           768740 kB
Inactive:        4235492 kB
Active(anon):      27748 kB
Inactive(anon):  1260352 kB
Active(file):     740992 kB
Inactive(file):  2975140 kB
Unevictable:        6048 kB
Mlocked:            5608 kB
SwapTotal:       4718584 kB
SwapFree:        4700408 kB
Dirty:             46508 kB
Writeback:             0 kB
AnonPages:       1268632 kB
Mapped:           662824 kB
Shmem:             20876 kB
KReclaimable:     348772 kB
Slab:             310668 kB
SReclaimable:      95728 kB
SUnreclaim:       214940 kB
KernelStack:       47488 kB
ShadowCallStack:   11904 kB
PageTables:        64296 kB
NFS_Unstable:          0 kB
Bounce:                0 kB
WritebackTmp:          0 kB
CommitLimit:     8679780 kB
Committed_AS:   65827804 kB
VmallocTotal:   263061440 kB
VmallocUsed:      129008 kB
VmallocChunk:          0 kB
Percpu:             6216 kB
CmaTotal:         405504 kB
CmaFree:             888 kB
MemTotal:        7922396 kB
MemFree:          470500 kB
MemAvailable:    4136952 kB
Buffers:           65092 kB
Cached:          3676488 kB
SwapCached:           84 kB
Active:           768752 kB
Inactive:        4235436 kB
Active(anon):      27744 kB
Inactive(anon):  1260300 kB
Active(file):     741008 kB
Inactive(file):  2975136 kB
Unevictable:        6048 kB
Mlocked:            5608 kB
SwapTotal:       4718584 kB
SwapFree:        4700408 kB
Dirty:             46540 kB
Writeback:             0 kB
AnonPages:       1268700 kB
Mapped:           663220 kB
Shmem:             20884 kB
KReclaimable:     348772 kB
Slab:             310736 kB
SReclaimable:      95776 kB
SUnreclaim:       214960 kB
KernelStack:       47472 kB
ShadowCallStack:   11904 kB
PageTables:        64076 kB
NFS_Unstable:          0 kB
Bounce:                0 kB
WritebackTmp:          0 kB
CommitLimit:     8679780 kB
Committed_AS:   65827856 kB
VmallocTotal:   263061440 kB
VmallocUsed:      129052 kB
VmallocChunk:          0 kB
Percpu:             6216 kB
CmaTotal:         405504 kB
CmaFree:             888 kB
MemTotal:        7922396 kB
MemFree:          468736 kB
MemAvailable:    4135232 kB
Buffers:           65092 kB
Cached:          3676500 kB
SwapCached:           84 kB
Active:           768760 kB
Inactive:        4235636 kB
Active(anon):      27752 kB
Inactive(anon):  1260488 kB
Active(file):     741008 kB
Inactive(file):  2975148 kB
Unevictable:        6048 kB
Mlocked:            5608 kB
SwapTotal:       4718584 kB
SwapFree:        4700408 kB
Dirty:             46580 kB
Writeback:             0 kB
AnonPages:       1268792 kB
Mapped:           663548 kB
Shmem:             20884 kB
KReclaimable:     348804 kB
Slab:             310948 kB
SReclaimable:      95808 kB
SUnreclaim:       215140 kB
KernelStack:       47488 kB
ShadowCallStack:   11884 kB
PageTables:        64124 kB
NFS_Unstable:          0 kB
Bounce:                0 kB
WritebackTmp:          0 kB
CommitLimit:     8679780 kB
Committed_AS:   65827812 kB
VmallocTotal:   263061440 kB
VmallocUsed:      129012 kB
VmallocChunk:          0 kB
Percpu:             6216 kB
CmaTotal:         405504 kB
CmaFree:             888 kB
MemTotal:        7922396 kB
MemFree:          471032 kB
MemAvailable:    4136804 kB
Buffers:           65104 kB
Cached:          3676500 kB
SwapCached:           84 kB
Active:           768764 kB
Inactive:        4234224 kB
Active(anon):      27748 kB
Inactive(anon):  1259072 kB
Active(file):     741016 kB
Inactive(file):  2975152 kB
Unevictable:        6048 kB
Mlocked:            5608 kB
SwapTotal:       4718584 kB
SwapFree:        4700408 kB
Dirty:               172 kB
Writeback:         29516 kB
AnonPages:       1267460 kB
Mapped:           663852 kB
Shmem:             20884 kB
KReclaimable:     348068 kB
Slab:             311116 kB
SReclaimable:      95840 kB
SUnreclaim:       215276 kB
KernelStack:       47312 kB
ShadowCallStack:   11892 kB
PageTables:        64156 kB
NFS_Unstable:          0 kB
Bounce:                0 kB
WritebackTmp:          0 kB
CommitLimit:     8679780 kB
Committed_AS:   65827676 kB
VmallocTotal:   263061440 kB
VmallocUsed:      128856 kB
VmallocChunk:          0 kB
Percpu:             6216 kB
CmaTotal:         405504 kB
CmaFree:             892 kB
MemTotal:        7922396 kB
MemFree:          475148 kB
MemAvailable:    4141724 kB
Buffers:           65116 kB
Cached:          3676508 kB
SwapCached:           84 kB
Active:           768792 kB
Inactive:        4228608 kB
Active(anon):      27752 kB
Inactive(anon):  1253460 kB
Active(file):     741040 kB
Inactive(file):  2975148 kB
Unevictable:        6048 kB
Mlocked:            5608 kB
SwapTotal:       4718584 kB
SwapFree:        4700408 kB
Dirty:               288 kB
Writeback:             0 kB
AnonPages:       1261960 kB
Mapped:           664368 kB
Shmem:             20884 kB
KReclaimable:     348852 kB
Slab:             311916 kB
SReclaimable:      96624 kB
SUnreclaim:       215292 kB
KernelStack:       47328 kB
ShadowCallStack:   11844 kB
PageTables:        64212 kB
NFS_Unstable:          0 kB
Bounce:                0 kB
WritebackTmp:          0 kB
CommitLimit:     8679780 kB
Committed_AS:   65827600 kB
VmallocTotal:   263061440 kB
VmallocUsed:      128852 kB
VmallocChunk:          0 kB
Percpu:             6216 kB
CmaTotal:         405504 kB
CmaFree:             852 kB
MemTotal:        7922396 kB
MemFree:          475436 kB
MemAvailable:    4141324 kB
Buffers:           65116 kB
Cached:          3676524 kB
SwapCached:           84 kB
Active:           768796 kB
Inactive:        4228936 kB
Active(anon):      27756 kB
Inactive(anon):  1253772 kB
Active(file):     741040 kB
Inactive(file):  2975164 kB
Unevictable:        6048 kB
Mlocked:            5608 kB
SwapTotal:       4718584 kB
SwapFree:        4700408 kB
Dirty:               304 kB
Writeback:             0 kB
AnonPages:       1262068 kB
Mapped:           664532 kB
Shmem:             20884 kB
KReclaimable:     348148 kB
Slab:             312024 kB
SReclaimable:      96688 kB
SUnreclaim:       215336 kB
KernelStack:       47312 kB
ShadowCallStack:   11864 kB
PageTables:        64144 kB
NFS_Unstable:          0 kB
Bounce:                0 kB
WritebackTmp:          0 kB
CommitLimit:     8679780 kB
Committed_AS:   65827548 kB
VmallocTotal:   263061440 kB
VmallocUsed:      128844 kB
VmallocChunk:          0 kB
Percpu:             6216 kB
CmaTotal:         405504 kB
CmaFree:             888 kB
MemTotal:        7922396 kB
MemFree:          473824 kB
MemAvailable:    4139452 kB
Buffers:           65116 kB
Cached:          3676532 kB
SwapCached:           84 kB
Active:           768788 kB
Inactive:        4231348 kB
Active(anon):      27748 kB
Inactive(anon):  1256180 kB
Active(file):     741040 kB
Inactive(file):  2975168 kB
Unevictable:        6048 kB
Mlocked:            5608 kB
SwapTotal:       4718584 kB
SwapFree:        4700408 kB
Dirty:               316 kB
Writeback:             0 kB
AnonPages:       1264356 kB
Mapped:           664828 kB
Shmem:             20888 kB
KReclaimable:     347884 kB
Slab:             311844 kB
SReclaimable:      96736 kB
SUnreclaim:       215108 kB
KernelStack:       47296 kB
ShadowCallStack:   11848 kB
PageTables:        64188 kB
NFS_Unstable:          0 kB
Bounce:                0 kB
WritebackTmp:          0 kB
CommitLimit:     8679780 kB
Committed_AS:   65833892 kB
VmallocTotal:   263061440 kB
VmallocUsed:      128820 kB
VmallocChunk:          0 kB
Percpu:             6216 kB
CmaTotal:         405504 kB
CmaFree:             888 kB
MemTotal:        7922396 kB
MemFree:          472352 kB
MemAvailable:    4138064 kB
Buffers:           65116 kB
Cached:          3676728 kB
SwapCached:           84 kB
Active:           768792 kB
Inactive:        4231264 kB
Active(anon):      27752 kB
Inactive(anon):  1256092 kB
Active(file):     741040 kB
Inactive(file):  2975172 kB
Unevictable:        6048 kB
Mlocked:            5608 kB
SwapTotal:       4718584 kB
SwapFree:        4700408 kB
Dirty:               328 kB
Writeback:             0 kB
AnonPages:       1264156 kB
Mapped:           665128 kB
Shmem:             21080 kB
KReclaimable:     347964 kB
Slab:             311696 kB
SReclaimable:      96816 kB
SUnreclaim:       214880 kB
KernelStack:       47312 kB
ShadowCallStack:   11888 kB
PageTables:        64192 kB
NFS_Unstable:          0 kB
Bounce:                0 kB
WritebackTmp:          0 kB
CommitLimit:     8679780 kB
Committed_AS:   65833892 kB
VmallocTotal:   263061440 kB
VmallocUsed:      128796 kB
VmallocChunk:          0 kB
Percpu:             6216 kB
CmaTotal:         405504 kB
CmaFree:             888 kB
MemTotal:        7922396 kB
MemFree:          471108 kB
MemAvailable:    4136872 kB
Buffers:           65128 kB
Cached:          3676688 kB
SwapCached:           84 kB
Active:           768776 kB
Inactive:        4232588 kB
Active(anon):      27724 kB
Inactive(anon):  1257464 kB
Active(file):     741052 kB
Inactive(file):  2975124 kB
Unevictable:        6048 kB
Mlocked:            5608 kB
SwapTotal:       4718584 kB
SwapFree:        4700408 kB
Dirty:               388 kB
Writeback:             0 kB
AnonPages:       1265636 kB
Mapped:           665696 kB
Shmem:             21088 kB
KReclaimable:     348052 kB
Slab:             311848 kB
SReclaimable:      96820 kB
SUnreclaim:       215028 kB
KernelStack:       47312 kB
ShadowCallStack:   11848 kB
PageTables:        64452 kB
NFS_Unstable:          0 kB
Bounce:                0 kB
WritebackTmp:          0 kB
CommitLimit:     8679780 kB
Committed_AS:   65833896 kB
VmallocTotal:   263061440 kB
VmallocUsed:      128812 kB
VmallocChunk:          0 kB
Percpu:             6216 kB
CmaTotal:         405504 kB
CmaFree:             888 kB
MemTotal:        7922396 kB
MemFree:          471848 kB
MemAvailable:    4137676 kB
Buffers:           65128 kB
Cached:          3676768 kB
SwapCached:           84 kB
Active:           768796 kB
Inactive:        4232188 kB
Active(anon):      27744 kB
Inactive(anon):  1257000 kB
Active(file):     741052 kB
Inactive(file):  2975188 kB
Unevictable:        6048 kB
Mlocked:            5608 kB
SwapTotal:       4718584 kB
SwapFree:        4700408 kB
Dirty:               272 kB
Writeback:           124 kB
AnonPages:       1265124 kB
Mapped:           665704 kB
Shmem:             21104 kB
KReclaimable:     348052 kB
Slab:             311916 kB
SReclaimable:      96884 kB
SUnreclaim:       215032 kB
KernelStack:       47248 kB
ShadowCallStack:   11860 kB
PageTables:        64088 kB
NFS_Unstable:          0 kB
Bounce:                0 kB
WritebackTmp:          0 kB
CommitLimit:     8679780 kB
Committed_AS:   65833716 kB
VmallocTotal:   263061440 kB
VmallocUsed:      128736 kB
VmallocChunk:          0 kB
Percpu:             6216 kB
CmaTotal:         405504 kB
CmaFree:             892 kB
MemTotal:        7922396 kB
MemFree:          439204 kB
MemAvailable:    4135852 kB
Buffers:           65172 kB
Cached:          3694920 kB
SwapCached:           84 kB
Active:           771124 kB
Inactive:        4261808 kB
Active(anon):      27832 kB
Inactive(anon):  1270736 kB
Active(file):     743292 kB
Inactive(file):  2991072 kB
Unevictable:        6048 kB
Mlocked:            5608 kB
SwapTotal:       4718584 kB
SwapFree:        4700408 kB
Dirty:               476 kB
Writeback:             0 kB
AnonPages:       1278960 kB
Mapped:           679496 kB
Shmem:             21176 kB
KReclaimable:     360748 kB
Slab:             312252 kB
SReclaimable:      97192 kB
SUnreclaim:       215060 kB
KernelStack:       47232 kB
ShadowCallStack:   11832 kB
PageTables:        64412 kB
NFS_Unstable:          0 kB
Bounce:                0 kB
WritebackTmp:          0 kB
CommitLimit:     8679780 kB
Committed_AS:   65899608 kB
VmallocTotal:   263061440 kB
VmallocUsed:      128708 kB
VmallocChunk:          0 kB
Percpu:             6216 kB
CmaTotal:         405504 kB
CmaFree:             892 kB
MemTotal:        7922396 kB
MemFree:          498060 kB
MemAvailable:    4475492 kB
Buffers:           65248 kB
Cached:          3753412 kB
SwapCached:          100 kB
Active:           780304 kB
Inactive:        4198536 kB
Active(anon):      27768 kB
Inactive(anon):  1156628 kB
Active(file):     752536 kB
Inactive(file):  3041908 kB
Unevictable:        6048 kB
Mlocked:            5608 kB
SwapTotal:       4718584 kB
SwapFree:        4700408 kB
Dirty:               576 kB
Writeback:             0 kB
AnonPages:       1166164 kB
Mapped:           687372 kB
Shmem:             19656 kB
KReclaimable:     581452 kB
Slab:             311556 kB
SReclaimable:      97544 kB
SUnreclaim:       214012 kB
KernelStack:       45280 kB
ShadowCallStack:   11344 kB
PageTables:        62884 kB
NFS_Unstable:          0 kB
Bounce:                0 kB
WritebackTmp:          0 kB
CommitLimit:     8679780 kB
Committed_AS:   63277540 kB
VmallocTotal:   263061440 kB
VmallocUsed:      126324 kB
VmallocChunk:          0 kB
Percpu:             6216 kB
CmaTotal:         405504 kB
CmaFree:            1080 kB
MemTotal:        7922396 kB
MemFree:          214096 kB
MemAvailable:    4213296 kB
Buffers:           65288 kB
Cached:          3790272 kB
SwapCached:          100 kB
Active:           791308 kB
Inactive:        4490384 kB
Active(anon):      27920 kB
Inactive(anon):  1422428 kB
Active(file):     763388 kB
Inactive(file):  3067956 kB
Unevictable:        6048 kB
Mlocked:            5608 kB
SwapTotal:       4718584 kB
SwapFree:        4699384 kB
Dirty:               920 kB
Writeback:             0 kB
AnonPages:       1432204 kB
Mapped:           688696 kB
Shmem:             19628 kB
KReclaimable:     558128 kB
Slab:             309964 kB
SReclaimable:      96060 kB
SUnreclaim:       213904 kB
KernelStack:       45776 kB
ShadowCallStack:   11468 kB
PageTables:        63540 kB
NFS_Unstable:          0 kB
Bounce:                0 kB
WritebackTmp:          0 kB
CommitLimit:     8679780 kB
Committed_AS:   63537628 kB
VmallocTotal:   263061440 kB
VmallocUsed:      126860 kB
VmallocChunk:          0 kB
Percpu:             6216 kB
CmaTotal:         405504 kB
CmaFree:            1080 kB
MemTotal:        7922396 kB
MemFree:          228360 kB
MemAvailable:    3865716 kB
Buffers:           65300 kB
Cached:          3536192 kB
SwapCached:          100 kB
Active:           819348 kB
Inactive:        4553572 kB
Active(anon):      31536 kB
Inactive(anon):  1764116 kB
Active(file):     787812 kB
Inactive(file):  2789456 kB
Unevictable:        6048 kB
Mlocked:            5608 kB
SwapTotal:       4718584 kB
SwapFree:        4690680 kB
Dirty:              1392 kB
Writeback:             0 kB
AnonPages:       1777432 kB
Mapped:           682700 kB
Shmem:             19672 kB
KReclaimable:     450360 kB
Slab:             309604 kB
SReclaimable:      95832 kB
SUnreclaim:       213772 kB
KernelStack:       46112 kB
ShadowCallStack:   11552 kB
PageTables:        64348 kB
NFS_Unstable:          0 kB
Bounce:                0 kB
WritebackTmp:          0 kB
CommitLimit:     8679780 kB
Committed_AS:   63868600 kB
VmallocTotal:   263061440 kB
VmallocUsed:      127276 kB
VmallocChunk:          0 kB
Percpu:             6216 kB
CmaTotal:         405504 kB
CmaFree:            1080 kB
MemTotal:        7922396 kB
MemFree:          498928 kB
MemAvailable:    3463124 kB
Buffers:           65248 kB
Cached:          3086724 kB
SwapCached:          100 kB
Active:           789296 kB
Inactive:        4101580 kB
Active(anon):      38732 kB
Inactive(anon):  1724572 kB
Active(file):     750564 kB
Inactive(file):  2377008 kB
Unevictable:        6048 kB
Mlocked:            5608 kB
SwapTotal:       4718584 kB
SwapFree:        4666872 kB
Dirty:              1516 kB
Writeback:             4 kB
AnonPages:       1745104 kB
Mapped:           785200 kB
Shmem:             19716 kB
KReclaimable:     211236 kB
Slab:             311200 kB
SReclaimable:      93996 kB
SUnreclaim:       217204 kB
KernelStack:       46112 kB
ShadowCallStack:   11576 kB
PageTables:        64824 kB
NFS_Unstable:          0 kB
Bounce:                0 kB
WritebackTmp:          0 kB
CommitLimit:     8679780 kB
Committed_AS:   64001668 kB
VmallocTotal:   263061440 kB
VmallocUsed:      127348 kB
VmallocChunk:          0 kB
Percpu:             6216 kB
CmaTotal:         405504 kB
CmaFree:          206328 kB
MemTotal:        7922396 kB
MemFree:          410116 kB
MemAvailable:    3360744 kB
Buffers:           65256 kB
Cached:          3063248 kB
SwapCached:          100 kB
Active:           789356 kB
Inactive:        4196420 kB
Active(anon):      38776 kB
Inactive(anon):  1842676 kB
Active(file):     750580 kB
Inactive(file):  2353744 kB
Unevictable:        6048 kB
Mlocked:            5608 kB
SwapTotal:       4718584 kB
SwapFree:        4666872 kB
Dirty:              1572 kB
Writeback:             0 kB
AnonPages:       1863460 kB
Mapped:           785412 kB
Shmem:             19720 kB
KReclaimable:     230596 kB
Slab:             308652 kB
SReclaimable:      91356 kB
SUnreclaim:       217296 kB
KernelStack:       45760 kB
ShadowCallStack:   11464 kB
PageTables:        65152 kB
NFS_Unstable:          0 kB
Bounce:                0 kB
WritebackTmp:          0 kB
CommitLimit:     8679780 kB
Committed_AS:   64298548 kB
VmallocTotal:   263061440 kB
VmallocUsed:      126348 kB
VmallocChunk:          0 kB
Percpu:             6216 kB
CmaTotal:         405504 kB
CmaFree:          155328 kB
MemTotal:        7922396 kB
MemFree:          490248 kB
MemAvailable:    3064652 kB
Buffers:           65264 kB
Cached:          2748036 kB
SwapCached:          100 kB
Active:           790476 kB
Inactive:        3921048 kB
Active(anon):      42980 kB
Inactive(anon):  1879504 kB
Active(file):     747496 kB
Inactive(file):  2041544 kB
Unevictable:        6048 kB
Mlocked:            5608 kB
SwapTotal:       4718584 kB
SwapFree:        4654584 kB
Dirty:              1636 kB
Writeback:             0 kB
AnonPages:       1904236 kB
Mapped:           864984 kB
Shmem:             19708 kB
KReclaimable:     190640 kB
Slab:             308680 kB
SReclaimable:      90180 kB
SUnreclaim:       218500 kB
KernelStack:       45584 kB
ShadowCallStack:   11424 kB
PageTables:        65516 kB
NFS_Unstable:          0 kB
Bounce:                0 kB
WritebackTmp:          0 kB
CommitLimit:     8679780 kB
Committed_AS:   64399572 kB
VmallocTotal:   263061440 kB
VmallocUsed:      126104 kB
VmallocChunk:          0 kB
Percpu:             6216 kB
CmaTotal:         405504 kB
CmaFree:          157004 kB
MemTotal:        7922396 kB
MemFree:          305516 kB
MemAvailable:    2899488 kB
Buffers:           65272 kB
Cached:          2767700 kB
SwapCached:          100 kB
Active:           790628 kB
Inactive:        4105988 kB
Active(anon):      42976 kB
Inactive(anon):  2044936 kB
Active(file):     747652 kB
Inactive(file):  2061052 kB
Unevictable:        6048 kB
Mlocked:            5608 kB
SwapTotal:       4718584 kB
SwapFree:        4654584 kB
Dirty:              1692 kB
Writeback:             0 kB
AnonPages:       2069624 kB
Mapped:           870024 kB
Shmem:             19708 kB
KReclaimable:     190444 kB
Slab:             308704 kB
SReclaimable:      90292 kB
SUnreclaim:       218412 kB
KernelStack:       45936 kB
ShadowCallStack:   11528 kB
PageTables:        65892 kB
NFS_Unstable:          0 kB
Bounce:                0 kB
WritebackTmp:          0 kB
CommitLimit:     8679780 kB
Committed_AS:   64545572 kB
VmallocTotal:   263061440 kB
VmallocUsed:      126592 kB
VmallocChunk:          0 kB
Percpu:             6216 kB
CmaTotal:         405504 kB
CmaFree:               0 kB
MemTotal:        7922396 kB
MemFree:          232580 kB
MemAvailable:    2740304 kB
Buffers:           65216 kB
Cached:          2647188 kB
SwapCached:          100 kB
Active:           789912 kB
Inactive:        4192072 kB
Active(anon):      44736 kB
Inactive(anon):  2249108 kB
Active(file):     745176 kB
Inactive(file):  1942964 kB
Unevictable:        6048 kB
Mlocked:            5608 kB
SwapTotal:       4718584 kB
SwapFree:        4649464 kB
Dirty:              1700 kB
Writeback:             0 kB
AnonPages:       2275580 kB
Mapped:           869980 kB
Shmem:             19712 kB
KReclaimable:     177156 kB
Slab:             307288 kB
SReclaimable:      88828 kB
SUnreclaim:       218460 kB
KernelStack:       45968 kB
ShadowCallStack:   11516 kB
PageTables:        66356 kB
NFS_Unstable:          0 kB
Bounce:                0 kB
WritebackTmp:          0 kB
CommitLimit:     8679780 kB
Committed_AS:   64723420 kB
VmallocTotal:   263061440 kB
VmallocUsed:      126592 kB
VmallocChunk:          0 kB
Percpu:             6216 kB
CmaTotal:         405504 kB
CmaFree:               0 kB
MemTotal:        7922396 kB
MemFree:          230064 kB
MemAvailable:    2702596 kB
Buffers:           65216 kB
Cached:          2614988 kB
SwapCached:          100 kB
Active:           794272 kB
Inactive:        4180144 kB
Active(anon):      49048 kB
Inactive(anon):  2269424 kB
Active(file):     745224 kB
Inactive(file):  1910720 kB
Unevictable:        6048 kB
Mlocked:            5608 kB
SwapTotal:       4718584 kB
SwapFree:        4643832 kB
Dirty:              1704 kB
Writeback:           124 kB
AnonPages:       2300108 kB
Mapped:           875472 kB
Shmem:             19716 kB
KReclaimable:     171164 kB
Slab:             307188 kB
SReclaimable:      88604 kB
SUnreclaim:       218584 kB
KernelStack:       45984 kB
ShadowCallStack:   11516 kB
PageTables:        65876 kB
NFS_Unstable:          0 kB
Bounce:                0 kB
WritebackTmp:          0 kB
CommitLimit:     8679780 kB
Committed_AS:   64723480 kB
VmallocTotal:   263061440 kB
VmallocUsed:      126612 kB
VmallocChunk:          0 kB
Percpu:             6216 kB
CmaTotal:         405504 kB
CmaFree:             120 kB
MemTotal:        7922396 kB
MemFree:          231308 kB
MemAvailable:    2702736 kB
Buffers:           65232 kB
Cached:          2613876 kB
SwapCached:          100 kB
Active:           794472 kB
Inactive:        4179444 kB
Active(anon):      49232 kB
Inactive(anon):  2269844 kB
Active(file):     745240 kB
Inactive(file):  1909600 kB
Unevictable:        6048 kB
Mlocked:            5608 kB
SwapTotal:       4718584 kB
SwapFree:        4643832 kB
Dirty:              1728 kB
Writeback:             0 kB
AnonPages:       2300668 kB
Mapped:           875392 kB
Shmem:             19716 kB
KReclaimable:     171164 kB
Slab:             307228 kB
SReclaimable:      88604 kB
SUnreclaim:       218624 kB
KernelStack:       45936 kB
ShadowCallStack:   11508 kB
PageTables:        66408 kB
NFS_Unstable:          0 kB
Bounce:                0 kB
WritebackTmp:          0 kB
CommitLimit:     8679780 kB
Committed_AS:   64723376 kB
VmallocTotal:   263061440 kB
VmallocUsed:      126544 kB
VmallocChunk:          0 kB
Percpu:             6216 kB
CmaTotal:         405504 kB
CmaFree:               0 kB
MemTotal:        7922396 kB
MemFree:          231704 kB
MemAvailable:    2700676 kB
Buffers:           65248 kB
Cached:          2611588 kB
SwapCached:          104 kB
Active:           794496 kB
Inactive:        4178792 kB
Active(anon):      49248 kB
Inactive(anon):  2271464 kB
Active(file):     745248 kB
Inactive(file):  1907328 kB
Unevictable:        6048 kB
Mlocked:            5608 kB
SwapTotal:       4718584 kB
SwapFree:        4643832 kB
Dirty:              1732 kB
Writeback:             0 kB
AnonPages:       2302544 kB
Mapped:           875876 kB
Shmem:             19720 kB
KReclaimable:     170780 kB
Slab:             307300 kB
SReclaimable:      88604 kB
SUnreclaim:       218696 kB
KernelStack:       45968 kB
ShadowCallStack:   11508 kB
PageTables:        66560 kB
NFS_Unstable:          0 kB
Bounce:                0 kB
WritebackTmp:          0 kB
CommitLimit:     8679780 kB
Committed_AS:   64723376 kB
VmallocTotal:   263061440 kB
VmallocUsed:      126580 kB
VmallocChunk:          0 kB
Percpu:             6216 kB
CmaTotal:         405504 kB
CmaFree:               0 kB
MemTotal:        7922396 kB
MemFree:          182724 kB
MemAvailable:    2529568 kB
Buffers:           65280 kB
Cached:          2530656 kB
SwapCached:          100 kB
Active:           799380 kB
Inactive:        4169804 kB
Active(anon):      53948 kB
Inactive(anon):  2343716 kB
Active(file):     745432 kB
Inactive(file):  1826088 kB
Unevictable:        6048 kB
Mlocked:            5608 kB
SwapTotal:       4718584 kB
SwapFree:        4630520 kB
Dirty:              1768 kB
Writeback:             0 kB
AnonPages:       2379208 kB
Mapped:           877072 kB
Shmem:             19864 kB
KReclaimable:      88636 kB
Slab:             307720 kB
SReclaimable:      88636 kB
SUnreclaim:       219084 kB
KernelStack:       46048 kB
ShadowCallStack:   11532 kB
PageTables:        66516 kB
NFS_Unstable:          0 kB
Bounce:                0 kB
WritebackTmp:          0 kB
CommitLimit:     8679780 kB
Committed_AS:   64723704 kB
VmallocTotal:   263061440 kB
VmallocUsed:      126660 kB
VmallocChunk:          0 kB
Percpu:             6216 kB
CmaTotal:         405504 kB
CmaFree:               0 kB
MemTotal:        7922396 kB
MemFree:          311328 kB
MemAvailable:    2527524 kB
Buffers:           65192 kB
Cached:          2475264 kB
SwapCached:          100 kB
Active:           800632 kB
Inactive:        4039636 kB
Active(anon):      55264 kB
Inactive(anon):  2268892 kB
Active(file):     745368 kB
Inactive(file):  1770744 kB
Unevictable:        6048 kB
Mlocked:            5608 kB
SwapTotal:       4718584 kB
SwapFree:        4627704 kB
Dirty:              1780 kB
Writeback:             0 kB
AnonPages:       2305860 kB
Mapped:           876696 kB
Shmem:             19792 kB
KReclaimable:     222856 kB
Slab:             307380 kB
SReclaimable:      88488 kB
SUnreclaim:       218892 kB
KernelStack:       45952 kB
ShadowCallStack:   11504 kB
PageTables:        66576 kB
NFS_Unstable:          0 kB
Bounce:                0 kB
WritebackTmp:          0 kB
CommitLimit:     8679780 kB
Committed_AS:   64758076 kB
VmallocTotal:   263061440 kB
VmallocUsed:      126544 kB
VmallocChunk:          0 kB
Percpu:             6216 kB
CmaTotal:         405504 kB
CmaFree:             156 kB
MemTotal:        7922396 kB
MemFree:          309204 kB
MemAvailable:    2525456 kB
Buffers:           65192 kB
Cached:          2475196 kB
SwapCached:          100 kB
Active:           800628 kB
Inactive:        4039912 kB
Active(anon):      55260 kB
Inactive(anon):  2269160 kB
Active(file):     745368 kB
Inactive(file):  1770752 kB
Unevictable:        6048 kB
Mlocked:            5608 kB
SwapTotal:       4718584 kB
SwapFree:        4627704 kB
Dirty:              1788 kB
Writeback:             0 kB
AnonPages:       2306028 kB
Mapped:           876572 kB
Shmem:             19716 kB
KReclaimable:     222952 kB
Slab:             307412 kB
SReclaimable:      88568 kB
SUnreclaim:       218844 kB
KernelStack:       45968 kB
ShadowCallStack:   11508 kB
PageTables:        66380 kB
NFS_Unstable:          0 kB
Bounce:                0 kB
WritebackTmp:          0 kB
CommitLimit:     8679780 kB
Committed_AS:   64758076 kB
VmallocTotal:   263061440 kB
VmallocUsed:      126556 kB
VmallocChunk:          0 kB
Percpu:             6216 kB
CmaTotal:         405504 kB
CmaFree:             212 kB
MemTotal:        7922396 kB
MemFree:          308864 kB
MemAvailable:    2525156 kB
Buffers:           65192 kB
Cached:          2475220 kB
SwapCached:          100 kB
Active:           800628 kB
Inactive:        4040380 kB
Active(anon):      55260 kB
Inactive(anon):  2269604 kB
Active(file):     745368 kB
Inactive(file):  1770776 kB
Unevictable:        6048 kB
Mlocked:            5608 kB
SwapTotal:       4718584 kB
SwapFree:        4627704 kB
Dirty:              1800 kB
Writeback:             0 kB
AnonPages:       2306416 kB
Mapped:           876584 kB
Shmem:             19716 kB
KReclaimable:     222984 kB
Slab:             307432 kB
SReclaimable:      88600 kB
SUnreclaim:       218832 kB
KernelStack:       45952 kB
ShadowCallStack:   11508 kB
PageTables:        66384 kB
NFS_Unstable:          0 kB
Bounce:                0 kB
WritebackTmp:          0 kB
CommitLimit:     8679780 kB
Committed_AS:   64758460 kB
VmallocTotal:   263061440 kB
VmallocUsed:      126568 kB
VmallocChunk:          0 kB
Percpu:             6216 kB
CmaTotal:         405504 kB
CmaFree:             212 kB
MemTotal:        7922396 kB
MemFree:          308880 kB
MemAvailable:    2525156 kB
Buffers:           65192 kB
Cached:          2475220 kB
SwapCached:          100 kB
Active:           800640 kB
Inactive:        4041272 kB
Active(anon):      55272 kB
Inactive(anon):  2270496 kB
Active(file):     745368 kB
Inactive(file):  1770776 kB
Unevictable:        6048 kB
Mlocked:            5608 kB
SwapTotal:       4718584 kB
SwapFree:        4627704 kB
Dirty:              1800 kB
Writeback:             0 kB
AnonPages:       2307256 kB
Mapped:           876624 kB
Shmem:             19716 kB
KReclaimable:     222952 kB
Slab:             307448 kB
SReclaimable:      88568 kB
SUnreclaim:       218880 kB
KernelStack:       45968 kB
ShadowCallStack:   11488 kB
PageTables:        66516 kB
NFS_Unstable:          0 kB
Bounce:                0 kB
WritebackTmp:          0 kB
CommitLimit:     8679780 kB
Committed_AS:   64758416 kB
VmallocTotal:   263061440 kB
VmallocUsed:      126516 kB
VmallocChunk:          0 kB
Percpu:             6216 kB
CmaTotal:         405504 kB
CmaFree:             212 kB
MemTotal:        7922396 kB
MemFree:          308316 kB
MemAvailable:    2524612 kB
Buffers:           65200 kB
Cached:          2475232 kB
SwapCached:          100 kB
Active:           800624 kB
Inactive:        4041436 kB
Active(anon):      55256 kB
Inactive(anon):  2270648 kB
Active(file):     745368 kB
Inactive(file):  1770788 kB
Unevictable:        6048 kB
Mlocked:            5608 kB
SwapTotal:       4718584 kB
SwapFree:        4627704 kB
Dirty:              1812 kB
Writeback:             0 kB
AnonPages:       2307940 kB
Mapped:           876756 kB
Shmem:             19724 kB
KReclaimable:     222968 kB
Slab:             307332 kB
SReclaimable:      88584 kB
SUnreclaim:       218748 kB
KernelStack:       45920 kB
ShadowCallStack:   11512 kB
PageTables:        66456 kB
NFS_Unstable:          0 kB
Bounce:                0 kB
WritebackTmp:          0 kB
CommitLimit:     8679780 kB
Committed_AS:   64758480 kB
VmallocTotal:   263061440 kB
VmallocUsed:      126544 kB
VmallocChunk:          0 kB
Percpu:             6216 kB
CmaTotal:         405504 kB
CmaFree:             232 kB
MemTotal:        7922396 kB
MemFree:          304828 kB
MemAvailable:    2521124 kB
Buffers:           65200 kB
Cached:          2475260 kB
SwapCached:          100 kB
Active:           800640 kB
Inactive:        4042048 kB
Active(anon):      55264 kB
Inactive(anon):  2271252 kB
Active(file):     745376 kB
Inactive(file):  1770796 kB
Unevictable:        6048 kB
Mlocked:            5608 kB
SwapTotal:       4718584 kB
SwapFree:        4627704 kB
Dirty:              1820 kB
Writeback:             0 kB
AnonPages:       2308232 kB
Mapped:           877160 kB
Shmem:             19736 kB
KReclaimable:     222936 kB
Slab:             307336 kB
SReclaimable:      88552 kB
SUnreclaim:       218784 kB
KernelStack:       45952 kB
ShadowCallStack:   11512 kB
PageTables:        66460 kB
NFS_Unstable:          0 kB
Bounce:                0 kB
WritebackTmp:          0 kB
CommitLimit:     8679780 kB
Committed_AS:   64758508 kB
VmallocTotal:   263061440 kB
VmallocUsed:      126544 kB
VmallocChunk:          0 kB
Percpu:             6216 kB
CmaTotal:         405504 kB
CmaFree:               0 kB
MemTotal:        7922396 kB
MemFree:          306644 kB
MemAvailable:    2522944 kB
Buffers:           65200 kB
Cached:          2475264 kB
SwapCached:          100 kB
Active:           800656 kB
Inactive:        4041100 kB
Active(anon):      55280 kB
Inactive(anon):  2270300 kB
Active(file):     745376 kB
Inactive(file):  1770800 kB
Unevictable:        6048 kB
Mlocked:            5608 kB
SwapTotal:       4718584 kB
SwapFree:        4627704 kB
Dirty:               268 kB
Writeback:           248 kB
AnonPages:       2307332 kB
Mapped:           877252 kB
Shmem:             19736 kB
KReclaimable:     222936 kB
Slab:             307284 kB
SReclaimable:      88552 kB
SUnreclaim:       218732 kB
KernelStack:       45904 kB
ShadowCallStack:   11544 kB
PageTables:        66400 kB
NFS_Unstable:          0 kB
Bounce:                0 kB
WritebackTmp:          0 kB
CommitLimit:     8679780 kB
Committed_AS:   64758480 kB
VmallocTotal:   263061440 kB
VmallocUsed:      126556 kB
VmallocChunk:          0 kB
Percpu:             6216 kB
CmaTotal:         405504 kB
CmaFree:               0 kB
MemTotal:        7922396 kB
MemFree:          305404 kB
MemAvailable:    2521728 kB
Buffers:           65200 kB
Cached:          2475288 kB
SwapCached:          100 kB
Active:           800632 kB
Inactive:        4041852 kB
Active(anon):      55260 kB
Inactive(anon):  2271024 kB
Active(file):     745372 kB
Inactive(file):  1770828 kB
Unevictable:        6048 kB
Mlocked:            5608 kB
SwapTotal:       4718584 kB
SwapFree:        4627704 kB
Dirty:               140 kB
Writeback:             0 kB
AnonPages:       2307988 kB
Mapped:           877864 kB
Shmem:             19736 kB
KReclaimable:     222936 kB
Slab:             307260 kB
SReclaimable:      88552 kB
SUnreclaim:       218708 kB
KernelStack:       45936 kB
ShadowCallStack:   11508 kB
PageTables:        66484 kB
NFS_Unstable:          0 kB
Bounce:                0 kB
WritebackTmp:          0 kB
CommitLimit:     8679780 kB
Committed_AS:   64758480 kB
VmallocTotal:   263061440 kB
VmallocUsed:      126568 kB
VmallocChunk:          0 kB
Percpu:             6216 kB
CmaTotal:         405504 kB
CmaFree:              44 kB
MemTotal:        7922396 kB
MemFree:          302132 kB
MemAvailable:    2518484 kB
Buffers:           65216 kB
Cached:          2475276 kB
SwapCached:          100 kB
Active:           800636 kB
Inactive:        4043572 kB
Active(anon):      55264 kB
Inactive(anon):  2272740 kB
Active(file):     745372 kB
Inactive(file):  1770832 kB
Unevictable:        6048 kB
Mlocked:            5608 kB
SwapTotal:       4718584 kB
SwapFree:        4627704 kB
Dirty:               144 kB
Writeback:            32 kB
AnonPages:       2309572 kB
Mapped:           878108 kB
Shmem:             19736 kB
KReclaimable:     222984 kB
Slab:             307384 kB
SReclaimable:      88600 kB
SUnreclaim:       218784 kB
KernelStack:       45952 kB
ShadowCallStack:   11500 kB
PageTables:        66404 kB
NFS_Unstable:          0 kB
Bounce:                0 kB
WritebackTmp:          0 kB
CommitLimit:     8679780 kB
Committed_AS:   64758488 kB
VmallocTotal:   263061440 kB
VmallocUsed:      126576 kB
VmallocChunk:          0 kB
Percpu:             6216 kB
CmaTotal:         405504 kB
CmaFree:              44 kB
MemTotal:        7922396 kB
MemFree:          303500 kB
MemAvailable:    2525080 kB
Buffers:           65216 kB
Cached:          2475308 kB
SwapCached:          100 kB
Active:           800652 kB
Inactive:        4043124 kB
Active(anon):      55264 kB
Inactive(anon):  2272284 kB
Active(file):     745388 kB
Inactive(file):  1770840 kB
Unevictable:        6048 kB
Mlocked:            5608 kB
SwapTotal:       4718584 kB
SwapFree:        4627704 kB
Dirty:               260 kB
Writeback:             0 kB
AnonPages:       2309252 kB
Mapped:           877912 kB
Shmem:             19744 kB
KReclaimable:     233392 kB
Slab:             307440 kB
SReclaimable:      88712 kB
SUnreclaim:       218728 kB
KernelStack:       45952 kB
ShadowCallStack:   11512 kB
PageTables:        66428 kB
NFS_Unstable:          0 kB
Bounce:                0 kB
WritebackTmp:          0 kB
CommitLimit:     8679780 kB
Committed_AS:   64758492 kB
VmallocTotal:   263061440 kB
VmallocUsed:      126576 kB
VmallocChunk:          0 kB
Percpu:             6216 kB
CmaTotal:         405504 kB
CmaFree:             104 kB
MemTotal:        7922396 kB
MemFree:          303168 kB
MemAvailable:    2524752 kB
Buffers:           65216 kB
Cached:          2475312 kB
SwapCached:          100 kB
Active:           800652 kB
Inactive:        4043360 kB
Active(anon):      55264 kB
Inactive(anon):  2272516 kB
Active(file):     745388 kB
Inactive(file):  1770844 kB
Unevictable:        6048 kB
Mlocked:            5608 kB
SwapTotal:       4718584 kB
SwapFree:        4627704 kB
Dirty:               264 kB
Writeback:             0 kB
AnonPages:       2309528 kB
Mapped:           877912 kB
Shmem:             19744 kB
KReclaimable:     233392 kB
Slab:             307384 kB
SReclaimable:      88712 kB
SUnreclaim:       218672 kB
KernelStack:       45952 kB
ShadowCallStack:   11532 kB
PageTables:        66320 kB
NFS_Unstable:          0 kB
Bounce:                0 kB
WritebackTmp:          0 kB
CommitLimit:     8679780 kB
Committed_AS:   64758492 kB
VmallocTotal:   263061440 kB
VmallocUsed:      126576 kB
VmallocChunk:          0 kB
Percpu:             6216 kB
CmaTotal:         405504 kB
CmaFree:              76 kB
MemTotal:        7922396 kB
MemFree:          301240 kB
MemAvailable:    2522836 kB
Buffers:           65216 kB
Cached:          2475324 kB
SwapCached:          100 kB
Active:           800652 kB
Inactive:        4044060 kB
Active(anon):      55264 kB
Inactive(anon):  2273204 kB
Active(file):     745388 kB
Inactive(file):  1770856 kB
Unevictable:        6048 kB
Mlocked:            5608 kB
SwapTotal:       4718584 kB
SwapFree:        4627704 kB
Dirty:               280 kB
Writeback:             0 kB
AnonPages:       2310196 kB
Mapped:           877932 kB
Shmem:             19744 kB
KReclaimable:     233392 kB
Slab:             307424 kB
SReclaimable:      88712 kB
SUnreclaim:       218712 kB
KernelStack:       45952 kB
ShadowCallStack:   11512 kB
PageTables:        66428 kB
NFS_Unstable:          0 kB
Bounce:                0 kB
WritebackTmp:          0 kB
CommitLimit:     8679780 kB
Committed_AS:   64758488 kB
VmallocTotal:   263061440 kB
VmallocUsed:      126560 kB
VmallocChunk:          0 kB
Percpu:             6216 kB
CmaTotal:         405504 kB
CmaFree:             104 kB
MemTotal:        7922396 kB
MemFree:          300992 kB
MemAvailable:    2522600 kB
Buffers:           65224 kB
Cached:          2475328 kB
SwapCached:          100 kB
Active:           800652 kB
Inactive:        4044336 kB
Active(anon):      55260 kB
Inactive(anon):  2273472 kB
Active(file):     745392 kB
Inactive(file):  1770864 kB
Unevictable:        6048 kB
Mlocked:            5608 kB
SwapTotal:       4718584 kB
SwapFree:        4627704 kB
Dirty:               288 kB
Writeback:             0 kB
AnonPages:       2310404 kB
Mapped:           878100 kB
Shmem:             19744 kB
KReclaimable:     233392 kB
Slab:             307440 kB
SReclaimable:      88712 kB
SUnreclaim:       218728 kB
KernelStack:       45952 kB
ShadowCallStack:   11504 kB
PageTables:        66388 kB
NFS_Unstable:          0 kB
Bounce:                0 kB
WritebackTmp:          0 kB
CommitLimit:     8679780 kB
Committed_AS:   64758488 kB
VmallocTotal:   263061440 kB
VmallocUsed:      126588 kB
VmallocChunk:          0 kB
Percpu:             6216 kB
CmaTotal:         405504 kB
CmaFree:             116 kB
MemTotal:        7922396 kB
MemFree:          301692 kB
MemAvailable:    2523316 kB
Buffers:           65232 kB
Cached:          2475340 kB
SwapCached:          100 kB
Active:           800668 kB
Inactive:        4044732 kB
Active(anon):      55264 kB
Inactive(anon):  2273864 kB
Active(file):     745404 kB
Inactive(file):  1770868 kB
Unevictable:        6048 kB
Mlocked:            5608 kB
SwapTotal:       4718584 kB
SwapFree:        4627704 kB
Dirty:               300 kB
Writeback:             0 kB
AnonPages:       2310808 kB
Mapped:           877960 kB
Shmem:             19748 kB
KReclaimable:     233392 kB
Slab:             307444 kB
SReclaimable:      88712 kB
SUnreclaim:       218732 kB
KernelStack:       45952 kB
ShadowCallStack:   11512 kB
PageTables:        66448 kB
NFS_Unstable:          0 kB
Bounce:                0 kB
WritebackTmp:          0 kB
CommitLimit:     8679780 kB
Committed_AS:   64758492 kB
VmallocTotal:   263061440 kB
VmallocUsed:      126592 kB
VmallocChunk:          0 kB
Percpu:             6216 kB
CmaTotal:         405504 kB
CmaFree:             104 kB
MemTotal:        7922396 kB
MemFree:          300936 kB
MemAvailable:    2522552 kB
Buffers:           65232 kB
Cached:          2475348 kB
SwapCached:          100 kB
Active:           800656 kB
Inactive:        4045108 kB
Active(anon):      55252 kB
Inactive(anon):  2274232 kB
Active(file):     745404 kB
Inactive(file):  1770876 kB
Unevictable:        6048 kB
Mlocked:            5608 kB
SwapTotal:       4718584 kB
SwapFree:        4627704 kB
Dirty:               312 kB
Writeback:             0 kB
AnonPages:       2311428 kB
Mapped:           877992 kB
Shmem:             19748 kB
KReclaimable:     233360 kB
Slab:             307388 kB
SReclaimable:      88680 kB
SUnreclaim:       218708 kB
KernelStack:       45952 kB
ShadowCallStack:   11508 kB
PageTables:        66368 kB
NFS_Unstable:          0 kB
Bounce:                0 kB
WritebackTmp:          0 kB
CommitLimit:     8679780 kB
Committed_AS:   64758492 kB
VmallocTotal:   263061440 kB
VmallocUsed:      126576 kB
VmallocChunk:          0 kB
Percpu:             6216 kB
CmaTotal:         405504 kB
CmaFree:             104 kB
MemTotal:        7922396 kB
MemFree:          300368 kB
MemAvailable:    2522000 kB
Buffers:           65232 kB
Cached:          2475364 kB
SwapCached:          100 kB
Active:           800668 kB
Inactive:        4045500 kB
Active(anon):      55264 kB
Inactive(anon):  2274608 kB
Active(file):     745404 kB
Inactive(file):  1770892 kB
Unevictable:        6048 kB
Mlocked:            5608 kB
SwapTotal:       4718584 kB
SwapFree:        4627704 kB
Dirty:               328 kB
Writeback:             0 kB
AnonPages:       2311496 kB
Mapped:           877984 kB
Shmem:             19748 kB
KReclaimable:     233360 kB
Slab:             307416 kB
SReclaimable:      88680 kB
SUnreclaim:       218736 kB
KernelStack:       45968 kB
ShadowCallStack:   11516 kB
PageTables:        66428 kB
NFS_Unstable:          0 kB
Bounce:                0 kB
WritebackTmp:          0 kB
CommitLimit:     8679780 kB
Committed_AS:   64758492 kB
VmallocTotal:   263061440 kB
VmallocUsed:      126612 kB
VmallocChunk:          0 kB
Percpu:             6216 kB
CmaTotal:         405504 kB
CmaFree:             104 kB
MemTotal:        7922396 kB
MemFree:          299636 kB
MemAvailable:    2521276 kB
Buffers:           65232 kB
Cached:          2475372 kB
SwapCached:          100 kB
Active:           800668 kB
Inactive:        4045908 kB
Active(anon):      55264 kB
Inactive(anon):  2275008 kB
Active(file):     745404 kB
Inactive(file):  1770900 kB
Unevictable:        6048 kB
Mlocked:            5608 kB
SwapTotal:       4718584 kB
SwapFree:        4627704 kB
Dirty:               336 kB
Writeback:             0 kB
AnonPages:       2311880 kB
Mapped:           878008 kB
Shmem:             19748 kB
KReclaimable:     233360 kB
Slab:             307376 kB
SReclaimable:      88680 kB
SUnreclaim:       218696 kB
KernelStack:       45904 kB
ShadowCallStack:   11540 kB
PageTables:        66480 kB
NFS_Unstable:          0 kB
Bounce:                0 kB
WritebackTmp:          0 kB
CommitLimit:     8679780 kB
Committed_AS:   64758392 kB
VmallocTotal:   263061440 kB
VmallocUsed:      126568 kB
VmallocChunk:          0 kB
Percpu:             6216 kB
CmaTotal:         405504 kB
CmaFree:             104 kB
MemTotal:        7922396 kB
MemFree:          299548 kB
MemAvailable:    2521212 kB
Buffers:           65232 kB
Cached:          2475380 kB
SwapCached:          100 kB
Active:           800664 kB
Inactive:        4046516 kB
Active(anon):      55260 kB
Inactive(anon):  2275608 kB
Active(file):     745404 kB
Inactive(file):  1770908 kB
Unevictable:        6048 kB
Mlocked:            5608 kB
SwapTotal:       4718584 kB
SwapFree:        4627704 kB
Dirty:               376 kB
Writeback:             0 kB
AnonPages:       2312572 kB
Mapped:           877992 kB
Shmem:             19748 kB
KReclaimable:     233388 kB
Slab:             307380 kB
SReclaimable:      88680 kB
SUnreclaim:       218700 kB
KernelStack:       45904 kB
ShadowCallStack:   11500 kB
PageTables:        66472 kB
NFS_Unstable:          0 kB
Bounce:                0 kB
WritebackTmp:          0 kB
CommitLimit:     8679780 kB
Committed_AS:   64758284 kB
VmallocTotal:   263061440 kB
VmallocUsed:      126512 kB
VmallocChunk:          0 kB
Percpu:             6216 kB
CmaTotal:         405504 kB
CmaFree:             104 kB
MemTotal:        7922396 kB
MemFree:          299328 kB
MemAvailable:    2521004 kB
Buffers:           65240 kB
Cached:          2475388 kB
SwapCached:          100 kB
Active:           800680 kB
Inactive:        4046776 kB
Active(anon):      55268 kB
Inactive(anon):  2275864 kB
Active(file):     745412 kB
Inactive(file):  1770912 kB
Unevictable:        6048 kB
Mlocked:            5608 kB
SwapTotal:       4718584 kB
SwapFree:        4627704 kB
Dirty:               400 kB
Writeback:             0 kB
AnonPages:       2312816 kB
Mapped:           878004 kB
Shmem:             19752 kB
KReclaimable:     233388 kB
Slab:             307400 kB
SReclaimable:      88680 kB
SUnreclaim:       218720 kB
KernelStack:       45920 kB
ShadowCallStack:   11492 kB
PageTables:        66448 kB
NFS_Unstable:          0 kB
Bounce:                0 kB
WritebackTmp:          0 kB
CommitLimit:     8679780 kB
Committed_AS:   64758292 kB
VmallocTotal:   263061440 kB
VmallocUsed:      126516 kB
VmallocChunk:          0 kB
Percpu:             6216 kB
CmaTotal:         405504 kB
CmaFree:             104 kB
MemTotal:        7922396 kB
MemFree:          297656 kB
MemAvailable:    2519360 kB
Buffers:           65256 kB
Cached:          2475404 kB
SwapCached:          100 kB
Active:           800696 kB
Inactive:        4048136 kB
Active(anon):      55264 kB
Inactive(anon):  2277216 kB
Active(file):     745432 kB
Inactive(file):  1770920 kB
Unevictable:        6048 kB
Mlocked:            5608 kB
SwapTotal:       4718584 kB
SwapFree:        4627704 kB
Dirty:               444 kB
Writeback:             0 kB
AnonPages:       2314096 kB
Mapped:           878024 kB
Shmem:             19756 kB
KReclaimable:     233388 kB
Slab:             307420 kB
SReclaimable:      88680 kB
SUnreclaim:       218740 kB
KernelStack:       45904 kB
ShadowCallStack:   11500 kB
PageTables:        66420 kB
NFS_Unstable:          0 kB
Bounce:                0 kB
WritebackTmp:          0 kB
CommitLimit:     8679780 kB
Committed_AS:   64758296 kB
VmallocTotal:   263061440 kB
VmallocUsed:      126508 kB
VmallocChunk:          0 kB
Percpu:             6216 kB
CmaTotal:         405504 kB
CmaFree:             104 kB
MemTotal:        7922396 kB
MemFree:          223624 kB
MemAvailable:    2532872 kB
Buffers:           65256 kB
Cached:          2464264 kB
SwapCached:          100 kB
Active:           800940 kB
Inactive:        4080264 kB
Active(anon):      55504 kB
Inactive(anon):  2320444 kB
Active(file):     745436 kB
Inactive(file):  1759820 kB
Unevictable:        6048 kB
Mlocked:            5608 kB
SwapTotal:       4718584 kB
SwapFree:        4625400 kB
Dirty:               456 kB
Writeback:             4 kB
AnonPages:       2357460 kB
Mapped:           878676 kB
Shmem:             19836 kB
KReclaimable:     145972 kB
Slab:             307560 kB
SReclaimable:      88600 kB
SUnreclaim:       218960 kB
KernelStack:       45984 kB
ShadowCallStack:   11512 kB
PageTables:        66644 kB
NFS_Unstable:          0 kB
Bounce:                0 kB
WritebackTmp:          0 kB
CommitLimit:     8679780 kB
Committed_AS:   64758680 kB
VmallocTotal:   263061440 kB
VmallocUsed:      126596 kB
VmallocChunk:          0 kB
Percpu:             6216 kB
CmaTotal:         405504 kB
CmaFree:               0 kB
MemTotal:        7922396 kB
MemFree:          218932 kB
MemAvailable:    2492964 kB
Buffers:           65256 kB
Cached:          2432800 kB
SwapCached:          100 kB
Active:           802036 kB
Inactive:        4085876 kB
Active(anon):      56572 kB
Inactive(anon):  2357704 kB
Active(file):     745464 kB
Inactive(file):  1728172 kB
Unevictable:        6048 kB
Mlocked:            5608 kB
SwapTotal:       4718584 kB
SwapFree:        4621816 kB
Dirty:               464 kB
Writeback:             0 kB
AnonPages:       2395836 kB
Mapped:           878572 kB
Shmem:             19868 kB
KReclaimable:     138784 kB
Slab:             307472 kB
SReclaimable:      88516 kB
SUnreclaim:       218956 kB
KernelStack:       45968 kB
ShadowCallStack:   11516 kB
PageTables:        66636 kB
NFS_Unstable:          0 kB
Bounce:                0 kB
WritebackTmp:          0 kB
CommitLimit:     8679780 kB
Committed_AS:   64758672 kB
VmallocTotal:   263061440 kB
VmallocUsed:      126624 kB
VmallocChunk:          0 kB
Percpu:             6216 kB
CmaTotal:         405504 kB
CmaFree:              84 kB
MemTotal:        7922396 kB
MemFree:          306576 kB
MemAvailable:    2663120 kB
Buffers:           65256 kB
Cached:          2432684 kB
SwapCached:          100 kB
Active:           802036 kB
Inactive:        3998092 kB
Active(anon):      56572 kB
Inactive(anon):  2269908 kB
Active(file):     745464 kB
Inactive(file):  1728184 kB
Unevictable:        6048 kB
Mlocked:            5608 kB
SwapTotal:       4718584 kB
SwapFree:        4621816 kB
Dirty:               104 kB
Writeback:             0 kB
AnonPages:       2308112 kB
Mapped:           877772 kB
Shmem:             19740 kB
KReclaimable:     273168 kB
Slab:             307384 kB
SReclaimable:      88516 kB
SUnreclaim:       218868 kB
KernelStack:       45904 kB
ShadowCallStack:   11492 kB
PageTables:        66524 kB
NFS_Unstable:          0 kB
Bounce:                0 kB
WritebackTmp:          0 kB
CommitLimit:     8679780 kB
Committed_AS:   64758296 kB
VmallocTotal:   263061440 kB
VmallocUsed:      126528 kB
VmallocChunk:          0 kB
Percpu:             6216 kB
CmaTotal:         405504 kB
CmaFree:            6036 kB
MemTotal:        7922396 kB
MemFree:          306792 kB
MemAvailable:    2663340 kB
Buffers:           65256 kB
Cached:          2432696 kB
SwapCached:          100 kB
Active:           802040 kB
Inactive:        3998628 kB
Active(anon):      56576 kB
Inactive(anon):  2270440 kB
Active(file):     745464 kB
Inactive(file):  1728188 kB
Unevictable:        6048 kB
Mlocked:            5608 kB
SwapTotal:       4718584 kB
SwapFree:        4621816 kB
Dirty:               144 kB
Writeback:             0 kB
AnonPages:       2308864 kB
Mapped:           877944 kB
Shmem:             19748 kB
KReclaimable:     273168 kB
Slab:             307396 kB
SReclaimable:      88516 kB
SUnreclaim:       218880 kB
KernelStack:       45920 kB
ShadowCallStack:   11488 kB
PageTables:        66396 kB
NFS_Unstable:          0 kB
Bounce:                0 kB
WritebackTmp:          0 kB
CommitLimit:     8679780 kB
Committed_AS:   64758300 kB
VmallocTotal:   263061440 kB
VmallocUsed:      126516 kB
VmallocChunk:          0 kB
Percpu:             6216 kB
CmaTotal:         405504 kB
CmaFree:            6056 kB
MemTotal:        7922396 kB
MemFree:          305684 kB
MemAvailable:    2662248 kB
Buffers:           65264 kB
Cached:          2432704 kB
SwapCached:          100 kB
Active:           802044 kB
Inactive:        3999252 kB
Active(anon):      56572 kB
Inactive(anon):  2271056 kB
Active(file):     745472 kB
Inactive(file):  1728196 kB
Unevictable:        6048 kB
Mlocked:            5608 kB
SwapTotal:       4718584 kB
SwapFree:        4621816 kB
Dirty:               208 kB
Writeback:             0 kB
AnonPages:       2309308 kB
Mapped:           877692 kB
Shmem:             19748 kB
KReclaimable:     273168 kB
Slab:             307404 kB
SReclaimable:      88516 kB
SUnreclaim:       218888 kB
KernelStack:       45888 kB
ShadowCallStack:   11508 kB
PageTables:        66388 kB
NFS_Unstable:          0 kB
Bounce:                0 kB
WritebackTmp:          0 kB
CommitLimit:     8679780 kB
Committed_AS:   64758300 kB
VmallocTotal:   263061440 kB
VmallocUsed:      126532 kB
VmallocChunk:          0 kB
Percpu:             6216 kB
CmaTotal:         405504 kB
CmaFree:            6056 kB
MemTotal:        7922396 kB
MemFree:          305512 kB
MemAvailable:    2662192 kB
Buffers:           65264 kB
Cached:          2432712 kB
SwapCached:          100 kB
Active:           802052 kB
Inactive:        3999424 kB
Active(anon):      56580 kB
Inactive(anon):  2271224 kB
Active(file):     745472 kB
Inactive(file):  1728200 kB
Unevictable:        6048 kB
Mlocked:            5608 kB
SwapTotal:       4718584 kB
SwapFree:        4621816 kB
Dirty:               216 kB
Writeback:             0 kB
AnonPages:       2309492 kB
Mapped:           877936 kB
Shmem:             19752 kB
KReclaimable:     273280 kB
Slab:             307496 kB
SReclaimable:      88628 kB
SUnreclaim:       218868 kB
KernelStack:       45904 kB
ShadowCallStack:   11500 kB
PageTables:        66444 kB
NFS_Unstable:          0 kB
Bounce:                0 kB
WritebackTmp:          0 kB
CommitLimit:     8679780 kB
Committed_AS:   64758304 kB
VmallocTotal:   263061440 kB
VmallocUsed:      126496 kB
VmallocChunk:          0 kB
Percpu:             6216 kB
CmaTotal:         405504 kB
CmaFree:            6056 kB
MemTotal:        7922396 kB
MemFree:          304800 kB
MemAvailable:    2661540 kB
Buffers:           65264 kB
Cached:          2432724 kB
SwapCached:          100 kB
Active:           802040 kB
Inactive:        3999452 kB
Active(anon):      56568 kB
Inactive(anon):  2271240 kB
Active(file):     745472 kB
Inactive(file):  1728212 kB
Unevictable:        6048 kB
Mlocked:            5608 kB
SwapTotal:       4718584 kB
SwapFree:        4621816 kB
Dirty:               232 kB
Writeback:             0 kB
AnonPages:       2309404 kB
Mapped:           877784 kB
Shmem:             19752 kB
KReclaimable:     273328 kB
Slab:             307544 kB
SReclaimable:      88676 kB
SUnreclaim:       218868 kB
KernelStack:       45872 kB
ShadowCallStack:   11512 kB
PageTables:        66488 kB
NFS_Unstable:          0 kB
Bounce:                0 kB
WritebackTmp:          0 kB
CommitLimit:     8679780 kB
Committed_AS:   64758304 kB
VmallocTotal:   263061440 kB
VmallocUsed:      126516 kB
VmallocChunk:          0 kB
Percpu:             6216 kB
CmaTotal:         405504 kB
CmaFree:            6056 kB
MemTotal:        7922396 kB
MemFree:          303376 kB
MemAvailable:    2660124 kB
Buffers:           65272 kB
Cached:          2432724 kB
SwapCached:          100 kB
Active:           802052 kB
Inactive:        3999644 kB
Active(anon):      56576 kB
Inactive(anon):  2271428 kB
Active(file):     745476 kB
Inactive(file):  1728216 kB
Unevictable:        6048 kB
Mlocked:            5608 kB
SwapTotal:       4718584 kB
SwapFree:        4621816 kB
Dirty:                32 kB
Writeback:            40 kB
AnonPages:       2309856 kB
Mapped:           877820 kB
Shmem:             19752 kB
KReclaimable:     273328 kB
Slab:             307552 kB
SReclaimable:      88676 kB
SUnreclaim:       218876 kB
KernelStack:       45904 kB
ShadowCallStack:   11524 kB
PageTables:        66448 kB
NFS_Unstable:          0 kB
Bounce:                0 kB
WritebackTmp:          0 kB
CommitLimit:     8679780 kB
Committed_AS:   64758308 kB
VmallocTotal:   263061440 kB
VmallocUsed:      126512 kB
VmallocChunk:          0 kB
Percpu:             6216 kB
CmaTotal:         405504 kB
CmaFree:            6056 kB
MemTotal:        7922396 kB
MemFree:          303624 kB
MemAvailable:    2660296 kB
Buffers:           65272 kB
Cached:          2432736 kB
SwapCached:          100 kB
Active:           802060 kB
Inactive:        3999872 kB
Active(anon):      56580 kB
Inactive(anon):  2271648 kB
Active(file):     745480 kB
Inactive(file):  1728224 kB
Unevictable:        6048 kB
Mlocked:            5608 kB
SwapTotal:       4718584 kB
SwapFree:        4621816 kB
Dirty:                84 kB
Writeback:             0 kB
AnonPages:       2309932 kB
Mapped:           878056 kB
Shmem:             19752 kB
KReclaimable:     273240 kB
Slab:             307444 kB
SReclaimable:      88612 kB
SUnreclaim:       218832 kB
KernelStack:       45904 kB
ShadowCallStack:   11496 kB
PageTables:        66508 kB
NFS_Unstable:          0 kB
Bounce:                0 kB
WritebackTmp:          0 kB
CommitLimit:     8679780 kB
Committed_AS:   64758304 kB
VmallocTotal:   263061440 kB
VmallocUsed:      126524 kB
VmallocChunk:          0 kB
Percpu:             6216 kB
CmaTotal:         405504 kB
CmaFree:            6056 kB
MemTotal:        7922396 kB
MemFree:          303040 kB
MemAvailable:    2659728 kB
Buffers:           65288 kB
Cached:          2432736 kB
SwapCached:          100 kB
Active:           802064 kB
Inactive:        4000892 kB
Active(anon):      56576 kB
Inactive(anon):  2272660 kB
Active(file):     745488 kB
Inactive(file):  1728232 kB
Unevictable:        6048 kB
Mlocked:            5608 kB
SwapTotal:       4718584 kB
SwapFree:        4621816 kB
Dirty:               108 kB
Writeback:            16 kB
AnonPages:       2311124 kB
Mapped:           877928 kB
Shmem:             19752 kB
KReclaimable:     273240 kB
Slab:             307488 kB
SReclaimable:      88612 kB
SUnreclaim:       218876 kB
KernelStack:       45872 kB
ShadowCallStack:   11532 kB
PageTables:        66440 kB
NFS_Unstable:          0 kB
Bounce:                0 kB
WritebackTmp:          0 kB
CommitLimit:     8679780 kB
Committed_AS:   64758308 kB
VmallocTotal:   263061440 kB
VmallocUsed:      126528 kB
VmallocChunk:          0 kB
Percpu:             6216 kB
CmaTotal:         405504 kB
CmaFree:            6312 kB
MemTotal:        7922396 kB
MemFree:          303136 kB
MemAvailable:    2659840 kB
Buffers:           65288 kB
Cached:          2432756 kB
SwapCached:          100 kB
Active:           802092 kB
Inactive:        4001196 kB
Active(anon):      56592 kB
Inactive(anon):  2272960 kB
Active(file):     745500 kB
Inactive(file):  1728236 kB
Unevictable:        6048 kB
Mlocked:            5608 kB
SwapTotal:       4718584 kB
SwapFree:        4621816 kB
Dirty:               172 kB
Writeback:             0 kB
AnonPages:       2311244 kB
Mapped:           878048 kB
Shmem:             19756 kB
KReclaimable:     273240 kB
Slab:             307492 kB
SReclaimable:      88612 kB
SUnreclaim:       218880 kB
KernelStack:       45888 kB
ShadowCallStack:   11504 kB
PageTables:        66500 kB
NFS_Unstable:          0 kB
Bounce:                0 kB
WritebackTmp:          0 kB
CommitLimit:     8679780 kB
Committed_AS:   64758308 kB
VmallocTotal:   263061440 kB
VmallocUsed:      126516 kB
VmallocChunk:          0 kB
Percpu:             6216 kB
CmaTotal:         405504 kB
CmaFree:            6312 kB
MemTotal:        7922396 kB
MemFree:          302332 kB
MemAvailable:    2659060 kB
Buffers:           65288 kB
Cached:          2432764 kB
SwapCached:          100 kB
Active:           802076 kB
Inactive:        4001240 kB
Active(anon):      56576 kB
Inactive(anon):  2272996 kB
Active(file):     745500 kB
Inactive(file):  1728244 kB
Unevictable:        6048 kB
Mlocked:            5608 kB
SwapTotal:       4718584 kB
SwapFree:        4621816 kB
Dirty:               180 kB
Writeback:             0 kB
AnonPages:       2311264 kB
Mapped:           877956 kB
Shmem:             19756 kB
KReclaimable:     273256 kB
Slab:             307456 kB
SReclaimable:      88628 kB
SUnreclaim:       218828 kB
KernelStack:       45872 kB
ShadowCallStack:   11496 kB
PageTables:        66456 kB
NFS_Unstable:          0 kB
Bounce:                0 kB
WritebackTmp:          0 kB
CommitLimit:     8679780 kB
Committed_AS:   64758256 kB
VmallocTotal:   263061440 kB
VmallocUsed:      126512 kB
VmallocChunk:          0 kB
Percpu:             6216 kB
CmaTotal:         405504 kB
CmaFree:            6312 kB
MemTotal:        7922396 kB
MemFree:          301828 kB
MemAvailable:    2658580 kB
Buffers:           65288 kB
Cached:          2432772 kB
SwapCached:          100 kB
Active:           802068 kB
Inactive:        4001460 kB
Active(anon):      56568 kB
Inactive(anon):  2273208 kB
Active(file):     745500 kB
Inactive(file):  1728252 kB
Unevictable:        6048 kB
Mlocked:            5608 kB
SwapTotal:       4718584 kB
SwapFree:        4621816 kB
Dirty:               196 kB
Writeback:             0 kB
AnonPages:       2311432 kB
Mapped:           878004 kB
Shmem:             19756 kB
KReclaimable:     273272 kB
Slab:             307492 kB
SReclaimable:      88644 kB
SUnreclaim:       218848 kB
KernelStack:       45840 kB
ShadowCallStack:   11476 kB
PageTables:        66468 kB
NFS_Unstable:          0 kB
Bounce:                0 kB
WritebackTmp:          0 kB
CommitLimit:     8679780 kB
Committed_AS:   64758256 kB
VmallocTotal:   263061440 kB
VmallocUsed:      126480 kB
VmallocChunk:          0 kB
Percpu:             6216 kB
CmaTotal:         405504 kB
CmaFree:            6312 kB
MemTotal:        7922396 kB
MemFree:          303812 kB
MemAvailable:    2660660 kB
Buffers:           65288 kB
Cached:          2432852 kB
SwapCached:          100 kB
Active:           802076 kB
Inactive:        4001148 kB
Active(anon):      56576 kB
Inactive(anon):  2272816 kB
Active(file):     745500 kB
Inactive(file):  1728332 kB
Unevictable:        6048 kB
Mlocked:            5608 kB
SwapTotal:       4718584 kB
SwapFree:        4621816 kB
Dirty:               208 kB
Writeback:             0 kB
AnonPages:       2311116 kB
Mapped:           878128 kB
Shmem:             19756 kB
KReclaimable:     273288 kB
Slab:             307484 kB
SReclaimable:      88660 kB
SUnreclaim:       218824 kB
KernelStack:       45888 kB
ShadowCallStack:   11496 kB
PageTables:        66464 kB
NFS_Unstable:          0 kB
Bounce:                0 kB
WritebackTmp:          0 kB
CommitLimit:     8679780 kB
Committed_AS:   64758256 kB
VmallocTotal:   263061440 kB
VmallocUsed:      126460 kB
VmallocChunk:          0 kB
Percpu:             6216 kB
CmaTotal:         405504 kB
CmaFree:            6568 kB
MemTotal:        7922396 kB
MemFree:          302016 kB
MemAvailable:    2658880 kB
Buffers:           65296 kB
Cached:          2432860 kB
SwapCached:          100 kB
Active:           802092 kB
Inactive:        4001612 kB
Active(anon):      56584 kB
Inactive(anon):  2273272 kB
Active(file):     745508 kB
Inactive(file):  1728340 kB
Unevictable:        6048 kB
Mlocked:            5608 kB
SwapTotal:       4718584 kB
SwapFree:        4621816 kB
Dirty:               236 kB
Writeback:             0 kB
AnonPages:       2311588 kB
Mapped:           878188 kB
Shmem:             19756 kB
KReclaimable:     273288 kB
Slab:             307472 kB
SReclaimable:      88660 kB
SUnreclaim:       218812 kB
KernelStack:       45872 kB
ShadowCallStack:   11468 kB
PageTables:        66396 kB
NFS_Unstable:          0 kB
Bounce:                0 kB
WritebackTmp:          0 kB
CommitLimit:     8679780 kB
Committed_AS:   64758212 kB
VmallocTotal:   263061440 kB
VmallocUsed:      126508 kB
VmallocChunk:          0 kB
Percpu:             6216 kB
CmaTotal:         405504 kB
CmaFree:            6568 kB
MemTotal:        7922396 kB
MemFree:          301668 kB
MemAvailable:    2658540 kB
Buffers:           65296 kB
Cached:          2432868 kB
SwapCached:          100 kB
Active:           802084 kB
Inactive:        4001836 kB
Active(anon):      56576 kB
Inactive(anon):  2273488 kB
Active(file):     745508 kB
Inactive(file):  1728348 kB
Unevictable:        6048 kB
Mlocked:            5608 kB
SwapTotal:       4718584 kB
SwapFree:        4621816 kB
Dirty:               252 kB
Writeback:             0 kB
AnonPages:       2311708 kB
Mapped:           878168 kB
Shmem:             19756 kB
KReclaimable:     273288 kB
Slab:             307504 kB
SReclaimable:      88660 kB
SUnreclaim:       218844 kB
KernelStack:       45872 kB
ShadowCallStack:   11492 kB
PageTables:        66460 kB
NFS_Unstable:          0 kB
Bounce:                0 kB
WritebackTmp:          0 kB
CommitLimit:     8679780 kB
Committed_AS:   64758216 kB
VmallocTotal:   263061440 kB
VmallocUsed:      126460 kB
VmallocChunk:          0 kB
Percpu:             6216 kB
CmaTotal:         405504 kB
CmaFree:            6568 kB
MemTotal:        7922396 kB
MemFree:          301360 kB
MemAvailable:    2658236 kB
Buffers:           65296 kB
Cached:          2432872 kB
SwapCached:          100 kB
Active:           802088 kB
Inactive:        4002312 kB
Active(anon):      56580 kB
Inactive(anon):  2273960 kB
Active(file):     745508 kB
Inactive(file):  1728352 kB
Unevictable:        6048 kB
Mlocked:            5608 kB
SwapTotal:       4718584 kB
SwapFree:        4621816 kB
Dirty:               256 kB
Writeback:             0 kB
AnonPages:       2311940 kB
Mapped:           878280 kB
Shmem:             19756 kB
KReclaimable:     273288 kB
Slab:             307444 kB
SReclaimable:      88660 kB
SUnreclaim:       218784 kB
KernelStack:       45840 kB
ShadowCallStack:   11520 kB
PageTables:        66456 kB
NFS_Unstable:          0 kB
Bounce:                0 kB
WritebackTmp:          0 kB
CommitLimit:     8679780 kB
Committed_AS:   64758216 kB
VmallocTotal:   263061440 kB
VmallocUsed:      126472 kB
VmallocChunk:          0 kB
Percpu:             6216 kB
CmaTotal:         405504 kB
CmaFree:            6568 kB
MemTotal:        7922396 kB
MemFree:          300312 kB
MemAvailable:    2657232 kB
Buffers:           65296 kB
Cached:          2432884 kB
SwapCached:          100 kB
Active:           802084 kB
Inactive:        4002184 kB
Active(anon):      56576 kB
Inactive(anon):  2273820 kB
Active(file):     745508 kB
Inactive(file):  1728364 kB
Unevictable:        6048 kB
Mlocked:            5608 kB
SwapTotal:       4718584 kB
SwapFree:        4621816 kB
Dirty:               280 kB
Writeback:             0 kB
AnonPages:       2312068 kB
Mapped:           878200 kB
Shmem:             19756 kB
KReclaimable:     273320 kB
Slab:             307496 kB
SReclaimable:      88692 kB
SUnreclaim:       218804 kB
KernelStack:       45872 kB
ShadowCallStack:   11492 kB
PageTables:        66464 kB
NFS_Unstable:          0 kB
Bounce:                0 kB
WritebackTmp:          0 kB
CommitLimit:     8679780 kB
Committed_AS:   64758212 kB
VmallocTotal:   263061440 kB
VmallocUsed:      126488 kB
VmallocChunk:          0 kB
Percpu:             6216 kB
CmaTotal:         405504 kB
CmaFree:            6568 kB
MemTotal:        7922396 kB
MemFree:          293404 kB
MemAvailable:    2651128 kB
Buffers:           65312 kB
Cached:          2433644 kB
SwapCached:          100 kB
Active:           802108 kB
Inactive:        4008720 kB
Active(anon):      56584 kB
Inactive(anon):  2279596 kB
Active(file):     745524 kB
Inactive(file):  1729124 kB
Unevictable:        6048 kB
Mlocked:            5608 kB
SwapTotal:       4718584 kB
SwapFree:        4621816 kB
Dirty:               328 kB
Writeback:             0 kB
AnonPages:       2317876 kB
Mapped:           879496 kB
Shmem:             19756 kB
KReclaimable:     273348 kB
Slab:             307560 kB
SReclaimable:      88724 kB
SUnreclaim:       218836 kB
KernelStack:       45904 kB
ShadowCallStack:   11484 kB
PageTables:        66388 kB
NFS_Unstable:          0 kB
Bounce:                0 kB
WritebackTmp:          0 kB
CommitLimit:     8679780 kB
Committed_AS:   64791280 kB
VmallocTotal:   263061440 kB
VmallocUsed:      126480 kB
VmallocChunk:          0 kB
Percpu:             6216 kB
CmaTotal:         405504 kB
CmaFree:            6620 kB
MemTotal:        7922396 kB
MemFree:          285480 kB
MemAvailable:    2646212 kB
Buffers:           65320 kB
Cached:          2436688 kB
SwapCached:          100 kB
Active:           802524 kB
Inactive:        4015816 kB
Active(anon):      56636 kB
Inactive(anon):  2284028 kB
Active(file):     745888 kB
Inactive(file):  1731788 kB
Unevictable:        6048 kB
Mlocked:            5608 kB
SwapTotal:       4718584 kB
SwapFree:        4621816 kB
Dirty:               364 kB
Writeback:             0 kB
AnonPages:       2322416 kB
Mapped:           880488 kB
Shmem:             19780 kB
KReclaimable:     273328 kB
Slab:             307588 kB
SReclaimable:      88708 kB
SUnreclaim:       218880 kB
KernelStack:       45984 kB
ShadowCallStack:   11496 kB
PageTables:        66592 kB
NFS_Unstable:          0 kB
Bounce:                0 kB
WritebackTmp:          0 kB
CommitLimit:     8679780 kB
Committed_AS:   64791748 kB
VmallocTotal:   263061440 kB
VmallocUsed:      126624 kB
VmallocChunk:          0 kB
Percpu:             6216 kB
CmaTotal:         405504 kB
CmaFree:            1860 kB
MemTotal:        7922396 kB
MemFree:          281860 kB
MemAvailable:    2642564 kB
Buffers:           65336 kB
Cached:          2436640 kB
SwapCached:          100 kB
Active:           802560 kB
Inactive:        4016272 kB
Active(anon):      56656 kB
Inactive(anon):  2284544 kB
Active(file):     745904 kB
Inactive(file):  1731728 kB
Unevictable:        6048 kB
Mlocked:            5608 kB
SwapTotal:       4718584 kB
SwapFree:        4621816 kB
Dirty:               408 kB
Writeback:             0 kB
AnonPages:       2322788 kB
Mapped:           880548 kB
Shmem:             19792 kB
KReclaimable:     273344 kB
Slab:             307632 kB
SReclaimable:      88724 kB
SUnreclaim:       218908 kB
KernelStack:       46032 kB
ShadowCallStack:   11524 kB
PageTables:        66340 kB
NFS_Unstable:          0 kB
Bounce:                0 kB
WritebackTmp:          0 kB
CommitLimit:     8679780 kB
Committed_AS:   64791892 kB
VmallocTotal:   263061440 kB
VmallocUsed:      126712 kB
VmallocChunk:          0 kB
Percpu:             6216 kB
CmaTotal:         405504 kB
CmaFree:               0 kB
MemTotal:        7922396 kB
MemFree:          280340 kB
MemAvailable:    2641632 kB
Buffers:           65344 kB
Cached:          2436668 kB
SwapCached:          100 kB
Active:           802548 kB
Inactive:        4017024 kB
Active(anon):      56636 kB
Inactive(anon):  2285272 kB
Active(file):     745912 kB
Inactive(file):  1731752 kB
Unevictable:        6048 kB
Mlocked:            5608 kB
SwapTotal:       4718584 kB
SwapFree:        4621816 kB
Dirty:               464 kB
Writeback:             0 kB
AnonPages:       2323572 kB
Mapped:           880696 kB
Shmem:             19796 kB
KReclaimable:     273900 kB
Slab:             308120 kB
SReclaimable:      89252 kB
SUnreclaim:       218868 kB
KernelStack:       46048 kB
ShadowCallStack:   11528 kB
PageTables:        66504 kB
NFS_Unstable:          0 kB
Bounce:                0 kB
WritebackTmp:          0 kB
CommitLimit:     8679780 kB
Committed_AS:   64791900 kB
VmallocTotal:   263061440 kB
VmallocUsed:      126724 kB
VmallocChunk:          0 kB
Percpu:             6216 kB
CmaTotal:         405504 kB
CmaFree:               4 kB
MemTotal:        7922396 kB
MemFree:          211648 kB
MemAvailable:    2472688 kB
Buffers:           65372 kB
Cached:          2419784 kB
SwapCached:          100 kB
Active:           801020 kB
Inactive:        4086492 kB
Active(anon):      57176 kB
Inactive(anon):  2369696 kB
Active(file):     743844 kB
Inactive(file):  1716796 kB
Unevictable:        6048 kB
Mlocked:            5608 kB
SwapTotal:       4718584 kB
SwapFree:        4617720 kB
Dirty:                92 kB
Writeback:             0 kB
AnonPages:       2408424 kB
Mapped:           881304 kB
Shmem:             19940 kB
KReclaimable:     138792 kB
Slab:             307804 kB
SReclaimable:      88660 kB
SUnreclaim:       219144 kB
KernelStack:       46128 kB
ShadowCallStack:   11560 kB
PageTables:        66656 kB
NFS_Unstable:          0 kB
Bounce:                0 kB
WritebackTmp:          0 kB
CommitLimit:     8679780 kB
Committed_AS:   64792228 kB
VmallocTotal:   263061440 kB
VmallocUsed:      126796 kB
VmallocChunk:          0 kB
Percpu:             6216 kB
CmaTotal:         405504 kB
CmaFree:               0 kB
MemTotal:        7922396 kB
MemFree:          301720 kB
MemAvailable:    2643916 kB
Buffers:           65372 kB
Cached:          2419620 kB
SwapCached:          100 kB
Active:           801056 kB
Inactive:        3996740 kB
Active(anon):      57204 kB
Inactive(anon):  2279948 kB
Active(file):     743852 kB
Inactive(file):  1716792 kB
Unevictable:        6048 kB
Mlocked:            5608 kB
SwapTotal:       4718584 kB
SwapFree:        4617720 kB
Dirty:               136 kB
Writeback:             0 kB
AnonPages:       2318764 kB
Mapped:           880640 kB
Shmem:             19796 kB
KReclaimable:     271824 kB
Slab:             307700 kB
SReclaimable:      88660 kB
SUnreclaim:       219040 kB
KernelStack:       46048 kB
ShadowCallStack:   11536 kB
PageTables:        66472 kB
NFS_Unstable:          0 kB
Bounce:                0 kB
WritebackTmp:          0 kB
CommitLimit:     8679780 kB
Committed_AS:   64791848 kB
VmallocTotal:   263061440 kB
VmallocUsed:      126692 kB
VmallocChunk:          0 kB
Percpu:             6216 kB
CmaTotal:         405504 kB
CmaFree:             824 kB
MemTotal:        7922396 kB
MemFree:          300752 kB
MemAvailable:    2642944 kB
Buffers:           65372 kB
Cached:          2419632 kB
SwapCached:          100 kB
Active:           801056 kB
Inactive:        3996888 kB
Active(anon):      57204 kB
Inactive(anon):  2280084 kB
Active(file):     743852 kB
Inactive(file):  1716804 kB
Unevictable:        6048 kB
Mlocked:            5608 kB
SwapTotal:       4718584 kB
SwapFree:        4617720 kB
Dirty:               152 kB
Writeback:             0 kB
AnonPages:       2319056 kB
Mapped:           880784 kB
Shmem:             19796 kB
KReclaimable:     271808 kB
Slab:             307696 kB
SReclaimable:      88660 kB
SUnreclaim:       219036 kB
KernelStack:       46016 kB
ShadowCallStack:   11552 kB
PageTables:        66464 kB
NFS_Unstable:          0 kB
Bounce:                0 kB
WritebackTmp:          0 kB
CommitLimit:     8679780 kB
Committed_AS:   64791844 kB
VmallocTotal:   263061440 kB
VmallocUsed:      126660 kB
VmallocChunk:          0 kB
Percpu:             6216 kB
CmaTotal:         405504 kB
CmaFree:             836 kB
MemTotal:        7922396 kB
MemFree:          300212 kB
MemAvailable:    2642412 kB
Buffers:           65372 kB
Cached:          2419644 kB
SwapCached:          100 kB
Active:           801056 kB
Inactive:        3997192 kB
Active(anon):      57204 kB
Inactive(anon):  2280380 kB
Active(file):     743852 kB
Inactive(file):  1716812 kB
Unevictable:        6048 kB
Mlocked:            5608 kB
SwapTotal:       4718584 kB
SwapFree:        4617720 kB
Dirty:               172 kB
Writeback:             0 kB
AnonPages:       2319404 kB
Mapped:           880788 kB
Shmem:             19800 kB
KReclaimable:     271808 kB
Slab:             307688 kB
SReclaimable:      88660 kB
SUnreclaim:       219028 kB
KernelStack:       46048 kB
ShadowCallStack:   11536 kB
PageTables:        66516 kB
NFS_Unstable:          0 kB
Bounce:                0 kB
WritebackTmp:          0 kB
CommitLimit:     8679780 kB
Committed_AS:   64791848 kB
VmallocTotal:   263061440 kB
VmallocUsed:      126708 kB
VmallocChunk:          0 kB
Percpu:             6216 kB
CmaTotal:         405504 kB
CmaFree:             824 kB
MemTotal:        7922396 kB
MemFree:          306196 kB
MemAvailable:    2648288 kB
Buffers:           65380 kB
Cached:          2419660 kB
SwapCached:          100 kB
Active:           801060 kB
Inactive:        3991372 kB
Active(anon):      57200 kB
Inactive(anon):  2274548 kB
Active(file):     743860 kB
Inactive(file):  1716824 kB
Unevictable:        6048 kB
Mlocked:            5608 kB
SwapTotal:       4718584 kB
SwapFree:        4617720 kB
Dirty:               308 kB
Writeback:             0 kB
AnonPages:       2313332 kB
Mapped:           880676 kB
Shmem:             19804 kB
KReclaimable:     271680 kB
Slab:             307544 kB
SReclaimable:      88532 kB
SUnreclaim:       219012 kB
KernelStack:       46080 kB
ShadowCallStack:   11544 kB
PageTables:        66544 kB
NFS_Unstable:          0 kB
Bounce:                0 kB
WritebackTmp:          0 kB
CommitLimit:     8679780 kB
Committed_AS:   64791956 kB
VmallocTotal:   263061440 kB
VmallocUsed:      126752 kB
VmallocChunk:          0 kB
Percpu:             6216 kB
CmaTotal:         405504 kB
CmaFree:            2696 kB
MemTotal:        7922396 kB
MemFree:          305956 kB
MemAvailable:    2648100 kB
Buffers:           65380 kB
Cached:          2419664 kB
SwapCached:          100 kB
Active:           801060 kB
Inactive:        3991576 kB
Active(anon):      57200 kB
Inactive(anon):  2274748 kB
Active(file):     743860 kB
Inactive(file):  1716828 kB
Unevictable:        6048 kB
Mlocked:            5608 kB
SwapTotal:       4718584 kB
SwapFree:        4617720 kB
Dirty:               316 kB
Writeback:             0 kB
AnonPages:       2313660 kB
Mapped:           880676 kB
Shmem:             19804 kB
KReclaimable:     271728 kB
Slab:             307564 kB
SReclaimable:      88580 kB
SUnreclaim:       218984 kB
KernelStack:       46080 kB
ShadowCallStack:   11556 kB
PageTables:        66452 kB
NFS_Unstable:          0 kB
Bounce:                0 kB
WritebackTmp:          0 kB
CommitLimit:     8679780 kB
Committed_AS:   64791956 kB
VmallocTotal:   263061440 kB
VmallocUsed:      126736 kB
VmallocChunk:          0 kB
Percpu:             6216 kB
CmaTotal:         405504 kB
CmaFree:            2692 kB
MemTotal:        7922396 kB
MemFree:          316512 kB
MemAvailable:    2658668 kB
Buffers:           65380 kB
Cached:          2418456 kB
SwapCached:          100 kB
Active:           801060 kB
Inactive:        3980412 kB
Active(anon):      57200 kB
Inactive(anon):  2263572 kB
Active(file):     743860 kB
Inactive(file):  1716840 kB
Unevictable:        6048 kB
Mlocked:            5608 kB
SwapTotal:       4718584 kB
SwapFree:        4617720 kB
Dirty:               336 kB
Writeback:             0 kB
AnonPages:       2303596 kB
Mapped:           879820 kB
Shmem:             18584 kB
KReclaimable:     271728 kB
Slab:             307572 kB
SReclaimable:      88580 kB
SUnreclaim:       218992 kB
KernelStack:       46032 kB
ShadowCallStack:   11532 kB
PageTables:        66516 kB
NFS_Unstable:          0 kB
Bounce:                0 kB
WritebackTmp:          0 kB
CommitLimit:     8679780 kB
Committed_AS:   64776232 kB
VmallocTotal:   263061440 kB
VmallocUsed:      126668 kB
VmallocChunk:          0 kB
Percpu:             6216 kB
CmaTotal:         405504 kB
CmaFree:            2872 kB
MemTotal:        7922396 kB
MemFree:          316184 kB
MemAvailable:    2658368 kB
Buffers:           65380 kB
Cached:          2418468 kB
SwapCached:          100 kB
Active:           801032 kB
Inactive:        3980324 kB
Active(anon):      57172 kB
Inactive(anon):  2263472 kB
Active(file):     743860 kB
Inactive(file):  1716852 kB
Unevictable:        6048 kB
Mlocked:            5608 kB
SwapTotal:       4718584 kB
SwapFree:        4617720 kB
Dirty:               360 kB
Writeback:             0 kB
AnonPages:       2303484 kB
Mapped:           879736 kB
Shmem:             18584 kB
KReclaimable:     271744 kB
Slab:             307588 kB
SReclaimable:      88596 kB
SUnreclaim:       218992 kB
KernelStack:       45872 kB
ShadowCallStack:   11492 kB
PageTables:        66520 kB
NFS_Unstable:          0 kB
Bounce:                0 kB
WritebackTmp:          0 kB
CommitLimit:     8679780 kB
Committed_AS:   64775712 kB
VmallocTotal:   263061440 kB
VmallocUsed:      126476 kB
VmallocChunk:          0 kB
Percpu:             6216 kB
CmaTotal:         405504 kB
CmaFree:            2872 kB
MemTotal:        7922396 kB
MemFree:          318648 kB
MemAvailable:    2660880 kB
Buffers:           65396 kB
Cached:          2418472 kB
SwapCached:          100 kB
Active:           801056 kB
Inactive:        3978604 kB
Active(anon):      57180 kB
Inactive(anon):  2261752 kB
Active(file):     743876 kB
Inactive(file):  1716852 kB
Unevictable:        6048 kB
Mlocked:            5608 kB
SwapTotal:       4718584 kB
SwapFree:        4617720 kB
Dirty:               380 kB
Writeback:             4 kB
AnonPages:       2301784 kB
Mapped:           879832 kB
Shmem:             18588 kB
KReclaimable:     271776 kB
Slab:             307620 kB
SReclaimable:      88628 kB
SUnreclaim:       218992 kB
KernelStack:       45808 kB
ShadowCallStack:   11460 kB
PageTables:        66524 kB
NFS_Unstable:          0 kB
Bounce:                0 kB
WritebackTmp:          0 kB
CommitLimit:     8679780 kB
Committed_AS:   64775456 kB
VmallocTotal:   263061440 kB
VmallocUsed:      126340 kB
VmallocChunk:          0 kB
Percpu:             6216 kB
CmaTotal:         405504 kB
CmaFree:            3412 kB
MemTotal:        7922396 kB
MemFree:          320264 kB
MemAvailable:    2662540 kB
Buffers:           65396 kB
Cached:          2418484 kB
SwapCached:          100 kB
Active:           801064 kB
Inactive:        3978512 kB
Active(anon):      57176 kB
Inactive(anon):  2261660 kB
Active(file):     743888 kB
Inactive(file):  1716852 kB
Unevictable:        6048 kB
Mlocked:            5608 kB
SwapTotal:       4718584 kB
SwapFree:        4617720 kB
Dirty:               392 kB
Writeback:             0 kB
AnonPages:       2301680 kB
Mapped:           879836 kB
Shmem:             18588 kB
KReclaimable:     271808 kB
Slab:             307660 kB
SReclaimable:      88660 kB
SUnreclaim:       219000 kB
KernelStack:       45728 kB
ShadowCallStack:   11456 kB
PageTables:        66468 kB
NFS_Unstable:          0 kB
Bounce:                0 kB
WritebackTmp:          0 kB
CommitLimit:     8679780 kB
Committed_AS:   64775248 kB
VmallocTotal:   263061440 kB
VmallocUsed:      126264 kB
VmallocChunk:          0 kB
Percpu:             6216 kB
CmaTotal:         405504 kB
CmaFree:            3480 kB
MemTotal:        7922396 kB
MemFree:          318732 kB
MemAvailable:    2661044 kB
Buffers:           65400 kB
Cached:          2418484 kB
SwapCached:          100 kB
Active:           801064 kB
Inactive:        3978992 kB
Active(anon):      57176 kB
Inactive(anon):  2262136 kB
Active(file):     743888 kB
Inactive(file):  1716856 kB
Unevictable:        6048 kB
Mlocked:            5608 kB
SwapTotal:       4718584 kB
SwapFree:        4617720 kB
Dirty:                80 kB
Writeback:             0 kB
AnonPages:       2301952 kB
Mapped:           879732 kB
Shmem:             18588 kB
KReclaimable:     271840 kB
Slab:             307692 kB
SReclaimable:      88692 kB
SUnreclaim:       219000 kB
KernelStack:       45696 kB
ShadowCallStack:   11484 kB
PageTables:        66532 kB
NFS_Unstable:          0 kB
Bounce:                0 kB
WritebackTmp:          0 kB
CommitLimit:     8679780 kB
Committed_AS:   64775248 kB
VmallocTotal:   263061440 kB
VmallocUsed:      126276 kB
VmallocChunk:          0 kB
Percpu:             6216 kB
CmaTotal:         405504 kB
CmaFree:            3484 kB
MemTotal:        7922396 kB
MemFree:          317840 kB
MemAvailable:    2660072 kB
Buffers:           65400 kB
Cached:          2418500 kB
SwapCached:          100 kB
Active:           801064 kB
Inactive:        3979000 kB
Active(anon):      57172 kB
Inactive(anon):  2262132 kB
Active(file):     743892 kB
Inactive(file):  1716868 kB
Unevictable:        6048 kB
Mlocked:            5608 kB
SwapTotal:       4718584 kB
SwapFree:        4617720 kB
Dirty:               152 kB
Writeback:             0 kB
AnonPages:       2302116 kB
Mapped:           879708 kB
Shmem:             18588 kB
KReclaimable:     271744 kB
Slab:             307628 kB
SReclaimable:      88596 kB
SUnreclaim:       219032 kB
KernelStack:       45680 kB
ShadowCallStack:   11444 kB
PageTables:        66484 kB
NFS_Unstable:          0 kB
Bounce:                0 kB
WritebackTmp:          0 kB
CommitLimit:     8679780 kB
Committed_AS:   64775092 kB
VmallocTotal:   263061440 kB
VmallocUsed:      126252 kB
VmallocChunk:          0 kB
Percpu:             6216 kB
CmaTotal:         405504 kB
CmaFree:            3480 kB
MemTotal:        7922396 kB
MemFree:          318660 kB
MemAvailable:    2660896 kB
Buffers:           65400 kB
Cached:          2418504 kB
SwapCached:          100 kB
Active:           801060 kB
Inactive:        3979060 kB
Active(anon):      57168 kB
Inactive(anon):  2262188 kB
Active(file):     743892 kB
Inactive(file):  1716872 kB
Unevictable:        6048 kB
Mlocked:            5608 kB
SwapTotal:       4718584 kB
SwapFree:        4617720 kB
Dirty:               160 kB
Writeback:             0 kB
AnonPages:       2302172 kB
Mapped:           879708 kB
Shmem:             18588 kB
KReclaimable:     271744 kB
Slab:             307636 kB
SReclaimable:      88596 kB
SUnreclaim:       219040 kB
KernelStack:       45584 kB
ShadowCallStack:   11420 kB
PageTables:        66476 kB
NFS_Unstable:          0 kB
Bounce:                0 kB
WritebackTmp:          0 kB
CommitLimit:     8679780 kB
Committed_AS:   64774808 kB
VmallocTotal:   263061440 kB
VmallocUsed:      126132 kB
VmallocChunk:          0 kB
Percpu:             6216 kB
CmaTotal:         405504 kB
CmaFree:            3484 kB
MemTotal:        7922396 kB
MemFree:          319788 kB
MemAvailable:    2662044 kB
Buffers:           65408 kB
Cached:          2418516 kB
SwapCached:          100 kB
Active:           801064 kB
Inactive:        3978460 kB
Active(anon):      57164 kB
Inactive(anon):  2261576 kB
Active(file):     743900 kB
Inactive(file):  1716884 kB
Unevictable:        6048 kB
Mlocked:            5608 kB
SwapTotal:       4718584 kB
SwapFree:        4617720 kB
Dirty:               264 kB
Writeback:             0 kB
AnonPages:       2301608 kB
Mapped:           879724 kB
Shmem:             18588 kB
KReclaimable:     271744 kB
Slab:             307636 kB
SReclaimable:      88596 kB
SUnreclaim:       219040 kB
KernelStack:       45392 kB
ShadowCallStack:   11372 kB
PageTables:        66384 kB
NFS_Unstable:          0 kB
Bounce:                0 kB
WritebackTmp:          0 kB
CommitLimit:     8679780 kB
Committed_AS:   64774264 kB
VmallocTotal:   263061440 kB
VmallocUsed:      125908 kB
VmallocChunk:          0 kB
Percpu:             6216 kB
CmaTotal:         405504 kB
CmaFree:            3484 kB
MemTotal:        7922396 kB
MemFree:          319528 kB
MemAvailable:    2661792 kB
Buffers:           65408 kB
Cached:          2418524 kB
SwapCached:          100 kB
Active:           801068 kB
Inactive:        3978592 kB
Active(anon):      57168 kB
Inactive(anon):  2261700 kB
Active(file):     743900 kB
Inactive(file):  1716892 kB
Unevictable:        6048 kB
Mlocked:            5608 kB
SwapTotal:       4718584 kB
SwapFree:        4617720 kB
Dirty:               276 kB
Writeback:             0 kB
AnonPages:       2301704 kB
Mapped:           879716 kB
Shmem:             18588 kB
KReclaimable:     271744 kB
Slab:             307636 kB
SReclaimable:      88596 kB
SUnreclaim:       219040 kB
KernelStack:       45392 kB
ShadowCallStack:   11372 kB
PageTables:        66416 kB
NFS_Unstable:          0 kB
Bounce:                0 kB
WritebackTmp:          0 kB
CommitLimit:     8679780 kB
Committed_AS:   64774156 kB
VmallocTotal:   263061440 kB
VmallocUsed:      125876 kB
VmallocChunk:          0 kB
Percpu:             6216 kB
CmaTotal:         405504 kB
CmaFree:            3520 kB
MemTotal:        7922396 kB
MemFree:          319036 kB
MemAvailable:    2661332 kB
Buffers:           65416 kB
Cached:          2418532 kB
SwapCached:          100 kB
Active:           801076 kB
Inactive:        3979196 kB
Active(anon):      57168 kB
Inactive(anon):  2262296 kB
Active(file):     743908 kB
Inactive(file):  1716900 kB
Unevictable:        6048 kB
Mlocked:            5608 kB
SwapTotal:       4718584 kB
SwapFree:        4617720 kB
Dirty:                52 kB
Writeback:             0 kB
AnonPages:       2302416 kB
Mapped:           879708 kB
Shmem:             18588 kB
KReclaimable:     271760 kB
Slab:             307664 kB
SReclaimable:      88612 kB
SUnreclaim:       219052 kB
KernelStack:       45344 kB
ShadowCallStack:   11388 kB
PageTables:        66264 kB
NFS_Unstable:          0 kB
Bounce:                0 kB
WritebackTmp:          0 kB
CommitLimit:     8679780 kB
Committed_AS:   64774052 kB
VmallocTotal:   263061440 kB
VmallocUsed:      125836 kB
VmallocChunk:          0 kB
Percpu:             6216 kB
CmaTotal:         405504 kB
CmaFree:            3512 kB
MemTotal:        7922396 kB
MemFree:          318412 kB
MemAvailable:    2660768 kB
Buffers:           65416 kB
Cached:          2418552 kB
SwapCached:          100 kB
Active:           801072 kB
Inactive:        3979416 kB
Active(anon):      57164 kB
Inactive(anon):  2262504 kB
Active(file):     743908 kB
Inactive(file):  1716912 kB
Unevictable:        6048 kB
Mlocked:            5608 kB
SwapTotal:       4718584 kB
SwapFree:        4617720 kB
Dirty:               156 kB
Writeback:             0 kB
AnonPages:       2302604 kB
Mapped:           879728 kB
Shmem:             18596 kB
KReclaimable:     271808 kB
Slab:             307720 kB
SReclaimable:      88660 kB
SUnreclaim:       219060 kB
KernelStack:       45328 kB
ShadowCallStack:   11376 kB
PageTables:        66384 kB
NFS_Unstable:          0 kB
Bounce:                0 kB
WritebackTmp:          0 kB
CommitLimit:     8679780 kB
Committed_AS:   64774060 kB
VmallocTotal:   263061440 kB
VmallocUsed:      125832 kB
VmallocChunk:          0 kB
Percpu:             6216 kB
CmaTotal:         405504 kB
CmaFree:            3520 kB
MemTotal:        7922396 kB
MemFree:          318872 kB
MemAvailable:    2661248 kB
Buffers:           65416 kB
Cached:          2418556 kB
SwapCached:          100 kB
Active:           801084 kB
Inactive:        3979204 kB
Active(anon):      57164 kB
Inactive(anon):  2262300 kB
Active(file):     743920 kB
Inactive(file):  1716904 kB
Unevictable:        6048 kB
Mlocked:            5608 kB
SwapTotal:       4718584 kB
SwapFree:        4617720 kB
Dirty:               200 kB
Writeback:             0 kB
AnonPages:       2302404 kB
Mapped:           879764 kB
Shmem:             18596 kB
KReclaimable:     271824 kB
Slab:             307732 kB
SReclaimable:      88676 kB
SUnreclaim:       219056 kB
KernelStack:       45328 kB
ShadowCallStack:   11352 kB
PageTables:        66364 kB
NFS_Unstable:          0 kB
Bounce:                0 kB
WritebackTmp:          0 kB
CommitLimit:     8679780 kB
Committed_AS:   64774064 kB
VmallocTotal:   263061440 kB
VmallocUsed:      125832 kB
VmallocChunk:          0 kB
Percpu:             6216 kB
CmaTotal:         405504 kB
CmaFree:            3652 kB
MemTotal:        7922396 kB
MemFree:          317768 kB
MemAvailable:    2660180 kB
Buffers:           65424 kB
Cached:          2418568 kB
SwapCached:          100 kB
Active:           801096 kB
Inactive:        3979636 kB
Active(anon):      57168 kB
Inactive(anon):  2262720 kB
Active(file):     743928 kB
Inactive(file):  1716916 kB
Unevictable:        6048 kB
Mlocked:            5608 kB
SwapTotal:       4718584 kB
SwapFree:        4617720 kB
Dirty:               284 kB
Writeback:             0 kB
AnonPages:       2302720 kB
Mapped:           879732 kB
Shmem:             18596 kB
KReclaimable:     271840 kB
Slab:             307748 kB
SReclaimable:      88692 kB
SUnreclaim:       219056 kB
KernelStack:       45344 kB
ShadowCallStack:   11352 kB
PageTables:        66448 kB
NFS_Unstable:          0 kB
Bounce:                0 kB
WritebackTmp:          0 kB
CommitLimit:     8679780 kB
Committed_AS:   64774060 kB
VmallocTotal:   263061440 kB
VmallocUsed:      125852 kB
VmallocChunk:          0 kB
Percpu:             6216 kB
CmaTotal:         405504 kB
CmaFree:            3652 kB
MemTotal:        7922396 kB
MemFree:          316484 kB
MemAvailable:    2658920 kB
Buffers:           65440 kB
Cached:          2418576 kB
SwapCached:          100 kB
Active:           801104 kB
Inactive:        3981052 kB
Active(anon):      57160 kB
Inactive(anon):  2264128 kB
Active(file):     743944 kB
Inactive(file):  1716924 kB
Unevictable:        6048 kB
Mlocked:            5608 kB
SwapTotal:       4718584 kB
SwapFree:        4617720 kB
Dirty:               320 kB
Writeback:             0 kB
AnonPages:       2304180 kB
Mapped:           879716 kB
Shmem:             18596 kB
KReclaimable:     271840 kB
Slab:             307744 kB
SReclaimable:      88692 kB
SUnreclaim:       219052 kB
KernelStack:       45360 kB
ShadowCallStack:   11360 kB
PageTables:        66444 kB
NFS_Unstable:          0 kB
Bounce:                0 kB
WritebackTmp:          0 kB
CommitLimit:     8679780 kB
Committed_AS:   64774064 kB
VmallocTotal:   263061440 kB
VmallocUsed:      125800 kB
VmallocChunk:          0 kB
Percpu:             6216 kB
CmaTotal:         405504 kB
CmaFree:            3656 kB
MemTotal:        7922396 kB
MemFree:          316352 kB
MemAvailable:    2658792 kB
Buffers:           65440 kB
Cached:          2418580 kB
SwapCached:          100 kB
Active:           801120 kB
Inactive:        3981376 kB
Active(anon):      57176 kB
Inactive(anon):  2264448 kB
Active(file):     743944 kB
Inactive(file):  1716928 kB
Unevictable:        6048 kB
Mlocked:            5608 kB
SwapTotal:       4718584 kB
SwapFree:        4617720 kB
Dirty:               324 kB
Writeback:             0 kB
AnonPages:       2304408 kB
Mapped:           879796 kB
Shmem:             18596 kB
KReclaimable:     271840 kB
Slab:             307744 kB
SReclaimable:      88692 kB
SUnreclaim:       219052 kB
KernelStack:       45344 kB
ShadowCallStack:   11352 kB
PageTables:        66548 kB
NFS_Unstable:          0 kB
Bounce:                0 kB
WritebackTmp:          0 kB
CommitLimit:     8679780 kB
Committed_AS:   64774060 kB
VmallocTotal:   263061440 kB
VmallocUsed:      125832 kB
VmallocChunk:          0 kB
Percpu:             6216 kB
CmaTotal:         405504 kB
CmaFree:            3652 kB
MemTotal:        7922396 kB
MemFree:          239332 kB
MemAvailable:    2499948 kB
Buffers:           65440 kB
Cached:          2418696 kB
SwapCached:          100 kB
Active:           801112 kB
Inactive:        4060616 kB
Active(anon):      57168 kB
Inactive(anon):  2343680 kB
Active(file):     743944 kB
Inactive(file):  1716936 kB
Unevictable:        6048 kB
Mlocked:            5608 kB
SwapTotal:       4718584 kB
SwapFree:        4617720 kB
Dirty:               104 kB
Writeback:             0 kB
AnonPages:       2383584 kB
Mapped:           880436 kB
Shmem:             18704 kB
KReclaimable:     137464 kB
Slab:             307780 kB
SReclaimable:      88692 kB
SUnreclaim:       219088 kB
KernelStack:       45424 kB
ShadowCallStack:   11380 kB
PageTables:        66552 kB
NFS_Unstable:          0 kB
Bounce:                0 kB
WritebackTmp:          0 kB
CommitLimit:     8679780 kB
Committed_AS:   64774444 kB
VmallocTotal:   263061440 kB
VmallocUsed:      125896 kB
VmallocChunk:          0 kB
Percpu:             6216 kB
CmaTotal:         405504 kB
CmaFree:               0 kB
MemTotal:        7922396 kB
MemFree:          265304 kB
MemAvailable:    2541792 kB
Buffers:           65440 kB
Cached:          2418740 kB
SwapCached:          100 kB
Active:           801108 kB
Inactive:        4031312 kB
Active(anon):      57164 kB
Inactive(anon):  2314368 kB
Active(file):     743944 kB
Inactive(file):  1716944 kB
Unevictable:        6048 kB
Mlocked:            5608 kB
SwapTotal:       4718584 kB
SwapFree:        4617720 kB
Dirty:               120 kB
Writeback:             0 kB
AnonPages:       2354264 kB
Mapped:           880468 kB
Shmem:             18740 kB
KReclaimable:     169188 kB
Slab:             307784 kB
SReclaimable:      88692 kB
SUnreclaim:       219092 kB
KernelStack:       45328 kB
ShadowCallStack:   11360 kB
PageTables:        66460 kB
NFS_Unstable:          0 kB
Bounce:                0 kB
WritebackTmp:          0 kB
CommitLimit:     8679780 kB
Committed_AS:   64774076 kB
VmallocTotal:   263061440 kB
VmallocUsed:      125852 kB
VmallocChunk:          0 kB
Percpu:             6216 kB
CmaTotal:         405504 kB
CmaFree:             972 kB
MemTotal:        7922396 kB
MemFree:          315764 kB
MemAvailable:    2658240 kB
Buffers:           65440 kB
Cached:          2418608 kB
SwapCached:          100 kB
Active:           801112 kB
Inactive:        3981868 kB
Active(anon):      57168 kB
Inactive(anon):  2264912 kB
Active(file):     743944 kB
Inactive(file):  1716956 kB
Unevictable:        6048 kB
Mlocked:            5608 kB
SwapTotal:       4718584 kB
SwapFree:        4617720 kB
Dirty:               152 kB
Writeback:             0 kB
AnonPages:       2304960 kB
