MemTotal:        5980404 kB
MemFree:          596360 kB
MemAvailable:    3180108 kB
Buffers:            5128 kB
Cached:          2018636 kB
SwapCached:            0 kB
Active:          1713340 kB
Inactive:        1509180 kB
Active(anon):    1153476 kB
Inactive(anon):    72096 kB
Active(file):     559864 kB
Inactive(file):  1437084 kB
Unevictable:        5596 kB
Mlocked:            5596 kB
SwapTotal:       3670008 kB
SwapFree:        3670008 kB
Dirty:             43136 kB
Writeback:             0 kB
AnonPages:       1204652 kB
Mapped:           738060 kB
Shmem:             22048 kB
KReclaimable:    1149232 kB
Slab:             206920 kB
SReclaimable:      49888 kB
SUnreclaim:       157032 kB
KernelStack:       47088 kB
PageTables:        59840 kB
NFS_Unstable:          0 kB
Bounce:                0 kB
WritebackTmp:          0 kB
CommitLimit:     6660208 kB
Committed_AS:   71770080 kB
VmallocTotal:   263061440 kB
VmallocUsed:       87480 kB
VmallocChunk:          0 kB
Percpu:             7552 kB
CmaTotal:         315392 kB
CmaFree:               0 kB
MemTotal:        5980404 kB
MemFree:          556300 kB
MemAvailable:    3140260 kB
Buffers:            5128 kB
Cached:          2018740 kB
SwapCached:            0 kB
Active:          1752512 kB
Inactive:        1509164 kB
Active(anon):    1192300 kB
Inactive(anon):    72084 kB
Active(file):     560212 kB
Inactive(file):  1437080 kB
Unevictable:        5596 kB
Mlocked:            5596 kB
SwapTotal:       3670008 kB
SwapFree:        3670008 kB
Dirty:             43064 kB
Writeback:             0 kB
AnonPages:       1243424 kB
Mapped:           805488 kB
Shmem:             22024 kB
KReclaimable:    1149100 kB
Slab:             207528 kB
SReclaimable:      50016 kB
SUnreclaim:       157512 kB
KernelStack:       47860 kB
PageTables:        60840 kB
NFS_Unstable:          0 kB
Bounce:                0 kB
WritebackTmp:          0 kB
CommitLimit:     6660208 kB
Committed_AS:   73154736 kB
VmallocTotal:   263061440 kB
VmallocUsed:       88256 kB
VmallocChunk:          0 kB
Percpu:             7552 kB
CmaTotal:         315392 kB
CmaFree:               0 kB
MemTotal:        5980404 kB
MemFree:          567672 kB
MemAvailable:    3151824 kB
Buffers:            5128 kB
Cached:          2018340 kB
SwapCached:            0 kB
Active:          1736960 kB
Inactive:        1508560 kB
Active(anon):    1176544 kB
Inactive(anon):    72004 kB
Active(file):     560416 kB
Inactive(file):  1436556 kB
Unevictable:        5596 kB
Mlocked:            5596 kB
SwapTotal:       3670008 kB
SwapFree:        3670008 kB
Dirty:             43236 kB
Writeback:             0 kB
AnonPages:       1227276 kB
Mapped:           809420 kB
Shmem:             21944 kB
KReclaimable:    1149612 kB
Slab:             207872 kB
SReclaimable:      50108 kB
SUnreclaim:       157764 kB
KernelStack:       48352 kB
PageTables:        61120 kB
NFS_Unstable:          0 kB
Bounce:                0 kB
WritebackTmp:          0 kB
CommitLimit:     6660208 kB
Committed_AS:   73186808 kB
VmallocTotal:   263061440 kB
VmallocUsed:       88768 kB
VmallocChunk:          0 kB
Percpu:             7552 kB
CmaTotal:         315392 kB
CmaFree:             164 kB
MemTotal:        5980404 kB
MemFree:          429748 kB
MemAvailable:    3052452 kB
Buffers:            5128 kB
Cached:          2018272 kB
SwapCached:            0 kB
Active:          1946268 kB
Inactive:        1437460 kB
Active(anon):    1314820 kB
Inactive(anon):    72024 kB
Active(file):     631448 kB
Inactive(file):  1365436 kB
Unevictable:        5596 kB
Mlocked:            5596 kB
SwapTotal:       3670008 kB
SwapFree:        3670008 kB
Dirty:             43256 kB
Writeback:             0 kB
AnonPages:       1365896 kB
Mapped:           825820 kB
Shmem:             21964 kB
KReclaimable:    1188252 kB
Slab:             207888 kB
SReclaimable:      50108 kB
SUnreclaim:       157780 kB
KernelStack:       48568 kB
PageTables:        61500 kB
NFS_Unstable:          0 kB
Bounce:                0 kB
WritebackTmp:          0 kB
CommitLimit:     6660208 kB
Committed_AS:   73373624 kB
VmallocTotal:   263061440 kB
VmallocUsed:       88992 kB
VmallocChunk:          0 kB
Percpu:             7552 kB
CmaTotal:         315392 kB
CmaFree:              68 kB
MemTotal:        5980404 kB
MemFree:          234320 kB
MemAvailable:    2856172 kB
Buffers:            5128 kB
Cached:          2018284 kB
SwapCached:            0 kB
Active:          2167004 kB
Inactive:        1410584 kB
Active(anon):    1508672 kB
Inactive(anon):    72024 kB
Active(file):     658332 kB
Inactive(file):  1338560 kB
Unevictable:        5596 kB
Mlocked:            5596 kB
SwapTotal:       3670008 kB
SwapFree:        3670008 kB
Dirty:             43276 kB
Writeback:             0 kB
AnonPages:       1559632 kB
Mapped:           825968 kB
Shmem:             21968 kB
KReclaimable:    1187392 kB
Slab:             207948 kB
SReclaimable:      50124 kB
SUnreclaim:       157824 kB
KernelStack:       48544 kB
PageTables:        62148 kB
NFS_Unstable:          0 kB
Bounce:                0 kB
WritebackTmp:          0 kB
CommitLimit:     6660208 kB
Committed_AS:   73572520 kB
VmallocTotal:   263061440 kB
VmallocUsed:       88928 kB
VmallocChunk:          0 kB
Percpu:             7552 kB
CmaTotal:         315392 kB
CmaFree:               0 kB
MemTotal:        5980404 kB
MemFree:          373588 kB
MemAvailable:    2723620 kB
Buffers:            5128 kB
Cached:          2006888 kB
SwapCached:            0 kB
Active:          2155408 kB
Inactive:        1347840 kB
Active(anon):    1439776 kB
Inactive(anon):    77984 kB
Active(file):     715632 kB
Inactive(file):  1269856 kB
Unevictable:        5596 kB
Mlocked:            5596 kB
SwapTotal:       3670008 kB
SwapFree:        3670008 kB
Dirty:             43292 kB
Writeback:             0 kB
AnonPages:       1496996 kB
Mapped:           827388 kB
Shmem:             21976 kB
KReclaimable:     926976 kB
Slab:             207272 kB
SReclaimable:      49252 kB
SUnreclaim:       158020 kB
KernelStack:       48576 kB
PageTables:        62048 kB
NFS_Unstable:          0 kB
Bounce:                0 kB
WritebackTmp:          0 kB
CommitLimit:     6660208 kB
Committed_AS:   73514208 kB
VmallocTotal:   263061440 kB
VmallocUsed:       88976 kB
VmallocChunk:          0 kB
Percpu:             7552 kB
CmaTotal:         315392 kB
CmaFree:               4 kB
MemTotal:        5980404 kB
MemFree:          342352 kB
MemAvailable:    2584908 kB
Buffers:            5128 kB
Cached:          2007308 kB
SwapCached:            0 kB
Active:          2193928 kB
Inactive:        1344480 kB
Active(anon):    1474516 kB
Inactive(anon):    78576 kB
Active(file):     719412 kB
Inactive(file):  1265904 kB
Unevictable:        5596 kB
Mlocked:            5596 kB
SwapTotal:       3670008 kB
SwapFree:        3670008 kB
Dirty:             43324 kB
Writeback:           168 kB
AnonPages:       1531624 kB
Mapped:           829812 kB
Shmem:             22568 kB
KReclaimable:     819672 kB
Slab:             207632 kB
SReclaimable:      49412 kB
SUnreclaim:       158220 kB
KernelStack:       48800 kB
PageTables:        62356 kB
NFS_Unstable:          0 kB
Bounce:                0 kB
WritebackTmp:          0 kB
CommitLimit:     6660208 kB
Committed_AS:   73555764 kB
VmallocTotal:   263061440 kB
VmallocUsed:       89264 kB
VmallocChunk:          0 kB
Percpu:             7552 kB
CmaTotal:         315392 kB
CmaFree:               0 kB
MemTotal:        5980404 kB
MemFree:          274904 kB
MemAvailable:    2382948 kB
Buffers:            5128 kB
Cached:          2005708 kB
SwapCached:            0 kB
Active:          2277648 kB
Inactive:        1320948 kB
Active(anon):    1536300 kB
Inactive(anon):    76980 kB
Active(file):     741348 kB
Inactive(file):  1243968 kB
Unevictable:        5596 kB
Mlocked:            5596 kB
SwapTotal:       3670008 kB
SwapFree:        3670008 kB
Dirty:             43408 kB
Writeback:             0 kB
AnonPages:       1593340 kB
Mapped:           842392 kB
Shmem:             20968 kB
KReclaimable:     685160 kB
Slab:             207900 kB
SReclaimable:      49476 kB
SUnreclaim:       158424 kB
KernelStack:       48956 kB
PageTables:        62872 kB
NFS_Unstable:          0 kB
Bounce:                0 kB
WritebackTmp:          0 kB
CommitLimit:     6660208 kB
Committed_AS:   73631012 kB
VmallocTotal:   263061440 kB
VmallocUsed:       89280 kB
VmallocChunk:          0 kB
Percpu:             7552 kB
CmaTotal:         315392 kB
CmaFree:               0 kB
MemTotal:        5980404 kB
MemFree:          319420 kB
MemAvailable:    2254140 kB
Buffers:            5132 kB
Cached:          1972904 kB
SwapCached:            0 kB
Active:          2510292 kB
Inactive:        1214448 kB
Active(anon):    1671832 kB
Inactive(anon):   100248 kB
Active(file):     838460 kB
Inactive(file):  1114200 kB
Unevictable:        5596 kB
Mlocked:            5596 kB
SwapTotal:       3670008 kB
SwapFree:        3669752 kB
Dirty:             43440 kB
Writeback:             0 kB
AnonPages:       1752340 kB
Mapped:           830496 kB
Shmem:             20980 kB
KReclaimable:     544492 kB
Slab:             207784 kB
SReclaimable:      49264 kB
SUnreclaim:       158520 kB
KernelStack:       48972 kB
PageTables:        63204 kB
NFS_Unstable:          0 kB
Bounce:                0 kB
WritebackTmp:          0 kB
CommitLimit:     6660208 kB
Committed_AS:   73798284 kB
VmallocTotal:   263061440 kB
VmallocUsed:       89312 kB
VmallocChunk:          0 kB
Percpu:             7552 kB
CmaTotal:         315392 kB
CmaFree:              24 kB
MemTotal:        5980404 kB
MemFree:          300364 kB
MemAvailable:    1972456 kB
Buffers:            5132 kB
Cached:          1973020 kB
SwapCached:            0 kB
Active:          2480740 kB
Inactive:        1213868 kB
Active(anon):    1641352 kB
Inactive(anon):   100436 kB
Active(file):     839388 kB
Inactive(file):  1113432 kB
Unevictable:        5596 kB
Mlocked:            5596 kB
SwapTotal:       3670008 kB
SwapFree:        3669752 kB
Dirty:             43440 kB
Writeback:             0 kB
AnonPages:       1722064 kB
Mapped:           842280 kB
Shmem:             20780 kB
KReclaimable:     236292 kB
Slab:             207744 kB
SReclaimable:      49040 kB
SUnreclaim:       158704 kB
KernelStack:       48960 kB
PageTables:        63408 kB
NFS_Unstable:          0 kB
Bounce:                0 kB
WritebackTmp:          0 kB
CommitLimit:     6660208 kB
Committed_AS:   73763588 kB
VmallocTotal:   263061440 kB
VmallocUsed:       89312 kB
VmallocChunk:          0 kB
Percpu:             7552 kB
CmaTotal:         315392 kB
CmaFree:              48 kB
MemTotal:        5980404 kB
MemFree:          299372 kB
MemAvailable:    1971416 kB
Buffers:            5132 kB
Cached:          1973028 kB
SwapCached:            0 kB
Active:          2481412 kB
Inactive:        1213812 kB
Active(anon):    1641960 kB
Inactive(anon):   100436 kB
Active(file):     839452 kB
Inactive(file):  1113376 kB
Unevictable:        5596 kB
Mlocked:            5596 kB
SwapTotal:       3670008 kB
SwapFree:        3669752 kB
Dirty:             43452 kB
Writeback:             0 kB
AnonPages:       1722584 kB
Mapped:           843292 kB
Shmem:             20780 kB
KReclaimable:     236180 kB
Slab:             207988 kB
SReclaimable:      49040 kB
SUnreclaim:       158948 kB
KernelStack:       48972 kB
PageTables:        63264 kB
NFS_Unstable:          0 kB
Bounce:                0 kB
WritebackTmp:          0 kB
CommitLimit:     6660208 kB
Committed_AS:   73759764 kB
VmallocTotal:   263061440 kB
VmallocUsed:       89312 kB
VmallocChunk:          0 kB
Percpu:             7552 kB
CmaTotal:         315392 kB
CmaFree:               0 kB
MemTotal:        5980404 kB
MemFree:          297828 kB
MemAvailable:    1969880 kB
Buffers:            5132 kB
Cached:          1973020 kB
SwapCached:            0 kB
Active:          2483036 kB
Inactive:        1213800 kB
Active(anon):    1643580 kB
Inactive(anon):   100420 kB
Active(file):     839456 kB
Inactive(file):  1113380 kB
Unevictable:        5596 kB
Mlocked:            5596 kB
SwapTotal:       3670008 kB
SwapFree:        3669752 kB
Dirty:             43464 kB
Writeback:            12 kB
AnonPages:       1724112 kB
Mapped:           843168 kB
Shmem:             20764 kB
KReclaimable:     236180 kB
Slab:             208012 kB
SReclaimable:      49040 kB
SUnreclaim:       158972 kB
KernelStack:       48836 kB
PageTables:        63400 kB
NFS_Unstable:          0 kB
Bounce:                0 kB
WritebackTmp:          0 kB
CommitLimit:     6660208 kB
Committed_AS:   73753860 kB
VmallocTotal:   263061440 kB
VmallocUsed:       89264 kB
VmallocChunk:          0 kB
Percpu:             7552 kB
CmaTotal:         315392 kB
CmaFree:               0 kB
MemTotal:        5980404 kB
MemFree:          296564 kB
MemAvailable:    1968624 kB
Buffers:            5132 kB
Cached:          1973028 kB
SwapCached:            0 kB
Active:          2483736 kB
Inactive:        1213740 kB
Active(anon):    1644212 kB
Inactive(anon):   100420 kB
Active(file):     839524 kB
Inactive(file):  1113320 kB
Unevictable:        5596 kB
Mlocked:            5596 kB
SwapTotal:       3670008 kB
SwapFree:        3669752 kB
Dirty:             43468 kB
Writeback:             0 kB
AnonPages:       1724888 kB
Mapped:           843340 kB
Shmem:             20764 kB
KReclaimable:     236180 kB
Slab:             207976 kB
SReclaimable:      49040 kB
SUnreclaim:       158936 kB
KernelStack:       48832 kB
PageTables:        63248 kB
NFS_Unstable:          0 kB
Bounce:                0 kB
WritebackTmp:          0 kB
CommitLimit:     6660208 kB
Committed_AS:   73750408 kB
VmallocTotal:   263061440 kB
VmallocUsed:       89264 kB
VmallocChunk:          0 kB
Percpu:             7552 kB
CmaTotal:         315392 kB
CmaFree:               0 kB
MemTotal:        5980404 kB
MemFree:          295812 kB
MemAvailable:    1968024 kB
Buffers:            5132 kB
Cached:          1973044 kB
SwapCached:            0 kB
Active:          2485152 kB
Inactive:        1213696 kB
Active(anon):    1645568 kB
Inactive(anon):   100424 kB
Active(file):     839584 kB
Inactive(file):  1113272 kB
Unevictable:        5596 kB
Mlocked:            5596 kB
SwapTotal:       3670008 kB
SwapFree:        3669752 kB
Dirty:             43480 kB
Writeback:             0 kB
AnonPages:       1726512 kB
Mapped:           843228 kB
Shmem:             20768 kB
KReclaimable:     236464 kB
Slab:             208300 kB
SReclaimable:      49324 kB
SUnreclaim:       158976 kB
KernelStack:       48816 kB
PageTables:        63364 kB
NFS_Unstable:          0 kB
Bounce:                0 kB
WritebackTmp:          0 kB
CommitLimit:     6660208 kB
Committed_AS:   73748788 kB
VmallocTotal:   263061440 kB
VmallocUsed:       89248 kB
VmallocChunk:          0 kB
Percpu:             7552 kB
CmaTotal:         315392 kB
CmaFree:               0 kB
MemTotal:        5980404 kB
MemFree:          294388 kB
MemAvailable:    1966620 kB
Buffers:            5132 kB
Cached:          1973056 kB
SwapCached:            0 kB
Active:          2485520 kB
Inactive:        1213704 kB
Active(anon):    1645932 kB
Inactive(anon):   100424 kB
Active(file):     839588 kB
Inactive(file):  1113280 kB
Unevictable:        5596 kB
Mlocked:            5596 kB
SwapTotal:       3670008 kB
SwapFree:        3669752 kB
Dirty:             43488 kB
Writeback:             0 kB
AnonPages:       1726668 kB
Mapped:           843408 kB
Shmem:             20768 kB
KReclaimable:     236480 kB
Slab:             208288 kB
SReclaimable:      49340 kB
SUnreclaim:       158948 kB
KernelStack:       48860 kB
PageTables:        63300 kB
NFS_Unstable:          0 kB
Bounce:                0 kB
WritebackTmp:          0 kB
CommitLimit:     6660208 kB
Committed_AS:   73749572 kB
VmallocTotal:   263061440 kB
VmallocUsed:       89280 kB
VmallocChunk:          0 kB
Percpu:             7552 kB
CmaTotal:         315392 kB
CmaFree:               0 kB
MemTotal:        5980404 kB
MemFree:          293552 kB
MemAvailable:    1965924 kB
Buffers:            5132 kB
Cached:          1973196 kB
SwapCached:            0 kB
Active:          2486828 kB
Inactive:        1213716 kB
Active(anon):    1647112 kB
Inactive(anon):   100424 kB
Active(file):     839716 kB
Inactive(file):  1113292 kB
Unevictable:        5596 kB
Mlocked:            5596 kB
SwapTotal:       3670008 kB
SwapFree:        3669752 kB
Dirty:             43500 kB
Writeback:             0 kB
AnonPages:       1727652 kB
Mapped:           843312 kB
Shmem:             20768 kB
KReclaimable:     236480 kB
Slab:             208320 kB
SReclaimable:      49340 kB
SUnreclaim:       158980 kB
KernelStack:       48864 kB
PageTables:        63420 kB
NFS_Unstable:          0 kB
Bounce:                0 kB
WritebackTmp:          0 kB
CommitLimit:     6660208 kB
Committed_AS:   73749088 kB
VmallocTotal:   263061440 kB
VmallocUsed:       89280 kB
VmallocChunk:          0 kB
Percpu:             7552 kB
CmaTotal:         315392 kB
CmaFree:               0 kB
MemTotal:        5980404 kB
MemFree:          291464 kB
MemAvailable:    1963852 kB
Buffers:            5132 kB
Cached:          1973204 kB
SwapCached:            0 kB
Active:          2487156 kB
Inactive:        1213720 kB
Active(anon):    1647436 kB
Inactive(anon):   100424 kB
Active(file):     839720 kB
Inactive(file):  1113296 kB
Unevictable:        5596 kB
Mlocked:            5596 kB
SwapTotal:       3670008 kB
SwapFree:        3669752 kB
Dirty:             43512 kB
Writeback:             0 kB
AnonPages:       1728320 kB
Mapped:           843484 kB
Shmem:             20768 kB
KReclaimable:     236496 kB
Slab:             208312 kB
SReclaimable:      49356 kB
SUnreclaim:       158956 kB
KernelStack:       48884 kB
PageTables:        63412 kB
NFS_Unstable:          0 kB
Bounce:                0 kB
WritebackTmp:          0 kB
CommitLimit:     6660208 kB
Committed_AS:   73751812 kB
VmallocTotal:   263061440 kB
VmallocUsed:       89296 kB
VmallocChunk:          0 kB
Percpu:             7552 kB
CmaTotal:         315392 kB
CmaFree:               0 kB
MemTotal:        5980404 kB
MemFree:          292212 kB
MemAvailable:    1964704 kB
Buffers:            5132 kB
Cached:          1973300 kB
SwapCached:            0 kB
Active:          2486348 kB
Inactive:        1213616 kB
Active(anon):    1646428 kB
Inactive(anon):   100424 kB
Active(file):     839920 kB
Inactive(file):  1113192 kB
Unevictable:        5596 kB
Mlocked:            5596 kB
SwapTotal:       3670008 kB
SwapFree:        3669752 kB
Dirty:               340 kB
Writeback:           180 kB
AnonPages:       1727076 kB
Mapped:           843372 kB
Shmem:             20768 kB
KReclaimable:     236512 kB
Slab:             208560 kB
SReclaimable:      49372 kB
SUnreclaim:       159188 kB
KernelStack:       48832 kB
PageTables:        63328 kB
NFS_Unstable:          0 kB
Bounce:                0 kB
WritebackTmp:          0 kB
CommitLimit:     6660208 kB
Committed_AS:   73751864 kB
VmallocTotal:   263061440 kB
VmallocUsed:       89344 kB
VmallocChunk:          0 kB
Percpu:             7552 kB
CmaTotal:         315392 kB
CmaFree:               0 kB
MemTotal:        5980404 kB
MemFree:          299148 kB
MemAvailable:    1971660 kB
Buffers:            5132 kB
Cached:          1973304 kB
SwapCached:            0 kB
Active:          2477916 kB
Inactive:        1213616 kB
Active(anon):    1637992 kB
Inactive(anon):   100424 kB
Active(file):     839924 kB
Inactive(file):  1113192 kB
Unevictable:        5596 kB
Mlocked:            5596 kB
SwapTotal:       3670008 kB
SwapFree:        3669752 kB
Dirty:               360 kB
Writeback:             0 kB
AnonPages:       1718732 kB
Mapped:           843496 kB
Shmem:             20768 kB
KReclaimable:     236544 kB
Slab:             208336 kB
SReclaimable:      49404 kB
SUnreclaim:       158932 kB
KernelStack:       48872 kB
PageTables:        63216 kB
NFS_Unstable:          0 kB
Bounce:                0 kB
WritebackTmp:          0 kB
CommitLimit:     6660208 kB
Committed_AS:   73751548 kB
VmallocTotal:   263061440 kB
VmallocUsed:       89264 kB
VmallocChunk:          0 kB
Percpu:             7552 kB
CmaTotal:         315392 kB
CmaFree:             300 kB
MemTotal:        5980404 kB
MemFree:          298436 kB
MemAvailable:    1970948 kB
Buffers:            5132 kB
Cached:          1973316 kB
SwapCached:            0 kB
Active:          2480080 kB
Inactive:        1213364 kB
Active(anon):    1639892 kB
Inactive(anon):   100428 kB
Active(file):     840188 kB
Inactive(file):  1112936 kB
Unevictable:        5596 kB
Mlocked:            5596 kB
SwapTotal:       3670008 kB
SwapFree:        3669752 kB
Dirty:               396 kB
Writeback:             0 kB
AnonPages:       1720580 kB
Mapped:           844112 kB
Shmem:             20772 kB
KReclaimable:     236528 kB
Slab:             208380 kB
SReclaimable:      49388 kB
SUnreclaim:       158992 kB
KernelStack:       48764 kB
PageTables:        63368 kB
NFS_Unstable:          0 kB
Bounce:                0 kB
WritebackTmp:          0 kB
CommitLimit:     6660208 kB
Committed_AS:   73751284 kB
VmallocTotal:   263061440 kB
VmallocUsed:       89264 kB
VmallocChunk:          0 kB
Percpu:             7552 kB
CmaTotal:         315392 kB
CmaFree:               0 kB
MemTotal:        5980404 kB
MemFree:          297860 kB
MemAvailable:    1970384 kB
Buffers:            5132 kB
Cached:          1973328 kB
SwapCached:            0 kB
Active:          2480496 kB
Inactive:        1213376 kB
Active(anon):    1640308 kB
Inactive(anon):   100428 kB
Active(file):     840188 kB
Inactive(file):  1112948 kB
Unevictable:        5596 kB
Mlocked:            5596 kB
SwapTotal:       3670008 kB
SwapFree:        3669752 kB
Dirty:               408 kB
Writeback:             0 kB
AnonPages:       1721044 kB
Mapped:           844196 kB
Shmem:             20772 kB
KReclaimable:     236528 kB
Slab:             208388 kB
SReclaimable:      49388 kB
SUnreclaim:       159000 kB
KernelStack:       48828 kB
PageTables:        63428 kB
NFS_Unstable:          0 kB
Bounce:                0 kB
WritebackTmp:          0 kB
CommitLimit:     6660208 kB
Committed_AS:   73751208 kB
VmallocTotal:   263061440 kB
VmallocUsed:       89264 kB
VmallocChunk:          0 kB
Percpu:             7552 kB
CmaTotal:         315392 kB
CmaFree:               0 kB
MemTotal:        5980404 kB
MemFree:          297856 kB
MemAvailable:    1970388 kB
Buffers:            5132 kB
Cached:          1973336 kB
SwapCached:            0 kB
Active:          2481216 kB
Inactive:        1213324 kB
Active(anon):    1640968 kB
Inactive(anon):   100428 kB
Active(file):     840248 kB
Inactive(file):  1112896 kB
Unevictable:        5596 kB
Mlocked:            5596 kB
SwapTotal:       3670008 kB
SwapFree:        3669752 kB
Dirty:               460 kB
Writeback:             0 kB
AnonPages:       1721580 kB
Mapped:           844268 kB
Shmem:             20772 kB
KReclaimable:     236528 kB
Slab:             208320 kB
SReclaimable:      49388 kB
SUnreclaim:       158932 kB
KernelStack:       48732 kB
PageTables:        63508 kB
NFS_Unstable:          0 kB
Bounce:                0 kB
WritebackTmp:          0 kB
CommitLimit:     6660208 kB
Committed_AS:   73748500 kB
VmallocTotal:   263061440 kB
VmallocUsed:       89248 kB
VmallocChunk:          0 kB
Percpu:             7552 kB
CmaTotal:         315392 kB
CmaFree:               0 kB
MemTotal:        5980404 kB
MemFree:          298632 kB
MemAvailable:    1971164 kB
Buffers:            5132 kB
Cached:          1973336 kB
SwapCached:            0 kB
Active:          2480764 kB
Inactive:        1213324 kB
Active(anon):    1640516 kB
Inactive(anon):   100428 kB
Active(file):     840248 kB
Inactive(file):  1112896 kB
Unevictable:        5596 kB
Mlocked:            5596 kB
SwapTotal:       3670008 kB
SwapFree:        3669752 kB
Dirty:               460 kB
Writeback:             0 kB
AnonPages:       1721200 kB
Mapped:           844208 kB
Shmem:             20772 kB
KReclaimable:     236528 kB
Slab:             208368 kB
SReclaimable:      49388 kB
SUnreclaim:       158980 kB
KernelStack:       48684 kB
PageTables:        63268 kB
NFS_Unstable:          0 kB
Bounce:                0 kB
WritebackTmp:          0 kB
CommitLimit:     6660208 kB
Committed_AS:   73749552 kB
VmallocTotal:   263061440 kB
VmallocUsed:       89152 kB
VmallocChunk:          0 kB
Percpu:             7552 kB
CmaTotal:         315392 kB
CmaFree:             132 kB
MemTotal:        5980404 kB
MemFree:          297592 kB
MemAvailable:    1970448 kB
Buffers:            5136 kB
Cached:          1973336 kB
SwapCached:            0 kB
Active:          2480500 kB
Inactive:        1213324 kB
Active(anon):    1640252 kB
Inactive(anon):   100424 kB
Active(file):     840248 kB
Inactive(file):  1112900 kB
Unevictable:        5596 kB
Mlocked:            5596 kB
SwapTotal:       3670008 kB
SwapFree:        3669752 kB
Dirty:               472 kB
Writeback:             0 kB
AnonPages:       1720888 kB
Mapped:           844416 kB
Shmem:             20772 kB
KReclaimable:     237168 kB
Slab:             209008 kB
SReclaimable:      50028 kB
SUnreclaim:       158980 kB
KernelStack:       48572 kB
PageTables:        63256 kB
NFS_Unstable:          0 kB
Bounce:                0 kB
WritebackTmp:          0 kB
CommitLimit:     6660208 kB
Committed_AS:   73750416 kB
VmallocTotal:   263061440 kB
VmallocUsed:       89024 kB
VmallocChunk:          0 kB
Percpu:             7552 kB
CmaTotal:         315392 kB
CmaFree:               0 kB
MemTotal:        5980404 kB
MemFree:          299796 kB
MemAvailable:    1972848 kB
Buffers:            5136 kB
Cached:          1973364 kB
SwapCached:            0 kB
Active:          2478744 kB
Inactive:        1213348 kB
Active(anon):    1638492 kB
Inactive(anon):   100424 kB
Active(file):     840252 kB
Inactive(file):  1112924 kB
Unevictable:        5596 kB
Mlocked:            5596 kB
SwapTotal:       3670008 kB
SwapFree:        3669752 kB
Dirty:               484 kB
Writeback:            12 kB
AnonPages:       1719272 kB
Mapped:           844328 kB
Shmem:             20772 kB
KReclaimable:     237504 kB
Slab:             209336 kB
SReclaimable:      50364 kB
SUnreclaim:       158972 kB
KernelStack:       48496 kB
PageTables:        63312 kB
NFS_Unstable:          0 kB
Bounce:                0 kB
WritebackTmp:          0 kB
CommitLimit:     6660208 kB
Committed_AS:   73749188 kB
VmallocTotal:   263061440 kB
VmallocUsed:       88992 kB
VmallocChunk:          0 kB
Percpu:             7552 kB
CmaTotal:         315392 kB
CmaFree:             212 kB
MemTotal:        5980404 kB
MemFree:          299308 kB
MemAvailable:    1972364 kB
Buffers:            5136 kB
Cached:          1973368 kB
SwapCached:            0 kB
Active:          2479164 kB
Inactive:        1213352 kB
Active(anon):    1638912 kB
Inactive(anon):   100424 kB
Active(file):     840252 kB
Inactive(file):  1112928 kB
Unevictable:        5596 kB
Mlocked:            5596 kB
SwapTotal:       3670008 kB
SwapFree:        3669752 kB
Dirty:               488 kB
Writeback:             0 kB
AnonPages:       1719632 kB
Mapped:           844468 kB
Shmem:             20772 kB
KReclaimable:     237504 kB
Slab:             209336 kB
SReclaimable:      50364 kB
SUnreclaim:       158972 kB
KernelStack:       48536 kB
PageTables:        63160 kB
NFS_Unstable:          0 kB
Bounce:                0 kB
WritebackTmp:          0 kB
CommitLimit:     6660208 kB
Committed_AS:   73749112 kB
VmallocTotal:   263061440 kB
VmallocUsed:       89008 kB
VmallocChunk:          0 kB
Percpu:             7552 kB
CmaTotal:         315392 kB
CmaFree:               0 kB
MemTotal:        5980404 kB
MemFree:          298480 kB
MemAvailable:    1971540 kB
Buffers:            5136 kB
Cached:          1973372 kB
SwapCached:            0 kB
Active:          2479244 kB
Inactive:        1213356 kB
Active(anon):    1638992 kB
Inactive(anon):   100424 kB
Active(file):     840252 kB
Inactive(file):  1112932 kB
Unevictable:        5596 kB
Mlocked:            5596 kB
SwapTotal:       3670008 kB
SwapFree:        3669752 kB
Dirty:               492 kB
Writeback:             0 kB
AnonPages:       1719872 kB
Mapped:           844544 kB
Shmem:             20772 kB
KReclaimable:     237504 kB
Slab:             209336 kB
SReclaimable:      50364 kB
SUnreclaim:       158972 kB
KernelStack:       48536 kB
PageTables:        63156 kB
NFS_Unstable:          0 kB
Bounce:                0 kB
WritebackTmp:          0 kB
CommitLimit:     6660208 kB
Committed_AS:   73750048 kB
VmallocTotal:   263061440 kB
VmallocUsed:       89008 kB
VmallocChunk:          0 kB
Percpu:             7552 kB
CmaTotal:         315392 kB
CmaFree:               4 kB
MemTotal:        5980404 kB
MemFree:          297680 kB
MemAvailable:    1970764 kB
Buffers:            5136 kB
Cached:          1973392 kB
SwapCached:            0 kB
Active:          2479848 kB
Inactive:        1213376 kB
Active(anon):    1639596 kB
Inactive(anon):   100436 kB
Active(file):     840252 kB
Inactive(file):  1112940 kB
Unevictable:        5596 kB
Mlocked:            5596 kB
SwapTotal:       3670008 kB
SwapFree:        3669752 kB
Dirty:               504 kB
Writeback:             0 kB
AnonPages:       1720156 kB
Mapped:           844652 kB
Shmem:             20784 kB
KReclaimable:     237536 kB
Slab:             209368 kB
SReclaimable:      50396 kB
SUnreclaim:       158972 kB
KernelStack:       48604 kB
PageTables:        63304 kB
NFS_Unstable:          0 kB
Bounce:                0 kB
WritebackTmp:          0 kB
CommitLimit:     6660208 kB
Committed_AS:   73749652 kB
VmallocTotal:   263061440 kB
VmallocUsed:       89040 kB
VmallocChunk:          0 kB
Percpu:             7552 kB
CmaTotal:         315392 kB
CmaFree:               0 kB
MemTotal:        5980404 kB
MemFree:          297460 kB
MemAvailable:    1970568 kB
Buffers:            5136 kB
Cached:          1973400 kB
SwapCached:            0 kB
Active:          2479844 kB
Inactive:        1213384 kB
Active(anon):    1639592 kB
Inactive(anon):   100436 kB
Active(file):     840252 kB
Inactive(file):  1112948 kB
Unevictable:        5596 kB
Mlocked:            5596 kB
SwapTotal:       3670008 kB
SwapFree:        3669752 kB
Dirty:               512 kB
Writeback:             0 kB
AnonPages:       1720572 kB
Mapped:           844496 kB
Shmem:             20784 kB
KReclaimable:     237568 kB
Slab:             209400 kB
SReclaimable:      50428 kB
SUnreclaim:       158972 kB
KernelStack:       48608 kB
PageTables:        63324 kB
NFS_Unstable:          0 kB
Bounce:                0 kB
WritebackTmp:          0 kB
CommitLimit:     6660208 kB
Committed_AS:   73749368 kB
VmallocTotal:   263061440 kB
VmallocUsed:       89040 kB
VmallocChunk:          0 kB
Percpu:             7552 kB
CmaTotal:         315392 kB
CmaFree:               0 kB
MemTotal:        5980404 kB
MemFree:          296852 kB
MemAvailable:    1969968 kB
Buffers:            5136 kB
Cached:          1973408 kB
SwapCached:            0 kB
Active:          2480244 kB
Inactive:        1213392 kB
Active(anon):    1639992 kB
Inactive(anon):   100436 kB
Active(file):     840252 kB
Inactive(file):  1112956 kB
Unevictable:        5596 kB
Mlocked:            5596 kB
SwapTotal:       3670008 kB
SwapFree:        3669752 kB
Dirty:               520 kB
Writeback:             0 kB
AnonPages:       1720744 kB
Mapped:           844524 kB
Shmem:             20784 kB
KReclaimable:     237568 kB
Slab:             209400 kB
SReclaimable:      50428 kB
SUnreclaim:       158972 kB
KernelStack:       48632 kB
PageTables:        63180 kB
NFS_Unstable:          0 kB
Bounce:                0 kB
WritebackTmp:          0 kB
CommitLimit:     6660208 kB
Committed_AS:   73749184 kB
VmallocTotal:   263061440 kB
VmallocUsed:       89040 kB
VmallocChunk:          0 kB
Percpu:             7552 kB
CmaTotal:         315392 kB
CmaFree:              28 kB
MemTotal:        5980404 kB
MemFree:          296792 kB
MemAvailable:    1969912 kB
Buffers:            5136 kB
Cached:          1973420 kB
SwapCached:            0 kB
Active:          2481128 kB
Inactive:        1213212 kB
Active(anon):    1640684 kB
Inactive(anon):   100436 kB
Active(file):     840444 kB
Inactive(file):  1112776 kB
Unevictable:        5596 kB
Mlocked:            5596 kB
SwapTotal:       3670008 kB
SwapFree:        3669752 kB
Dirty:               532 kB
Writeback:             0 kB
AnonPages:       1721320 kB
Mapped:           844444 kB
Shmem:             20784 kB
KReclaimable:     237552 kB
Slab:             209376 kB
SReclaimable:      50412 kB
SUnreclaim:       158964 kB
KernelStack:       48560 kB
PageTables:        63276 kB
NFS_Unstable:          0 kB
Bounce:                0 kB
WritebackTmp:          0 kB
CommitLimit:     6660208 kB
Committed_AS:   73749084 kB
VmallocTotal:   263061440 kB
VmallocUsed:       89040 kB
VmallocChunk:          0 kB
Percpu:             7552 kB
CmaTotal:         315392 kB
CmaFree:               0 kB
MemTotal:        5980404 kB
MemFree:          296792 kB
MemAvailable:    1970048 kB
Buffers:            5136 kB
Cached:          1973556 kB
SwapCached:            0 kB
Active:          2481284 kB
Inactive:        1213344 kB
Active(anon):    1640836 kB
Inactive(anon):   100436 kB
Active(file):     840448 kB
Inactive(file):  1112908 kB
Unevictable:        5596 kB
Mlocked:            5596 kB
SwapTotal:       3670008 kB
SwapFree:        3669752 kB
Dirty:               536 kB
Writeback:             0 kB
AnonPages:       1721568 kB
Mapped:           844616 kB
Shmem:             20784 kB
KReclaimable:     237552 kB
Slab:             209376 kB
SReclaimable:      50412 kB
SUnreclaim:       158964 kB
KernelStack:       48588 kB
PageTables:        63232 kB
NFS_Unstable:          0 kB
Bounce:                0 kB
WritebackTmp:          0 kB
CommitLimit:     6660208 kB
Committed_AS:   73748820 kB
VmallocTotal:   263061440 kB
VmallocUsed:       89040 kB
VmallocChunk:          0 kB
Percpu:             7552 kB
CmaTotal:         315392 kB
CmaFree:               4 kB
MemTotal:        5980404 kB
MemFree:          296716 kB
MemAvailable:    1969976 kB
Buffers:            5136 kB
Cached:          1973560 kB
SwapCached:            0 kB
Active:          2481816 kB
Inactive:        1213280 kB
Active(anon):    1641300 kB
Inactive(anon):   100436 kB
Active(file):     840516 kB
Inactive(file):  1112844 kB
Unevictable:        5596 kB
Mlocked:            5596 kB
SwapTotal:       3670008 kB
SwapFree:        3669752 kB
Dirty:               540 kB
Writeback:             0 kB
AnonPages:       1722264 kB
Mapped:           844624 kB
Shmem:             20784 kB
KReclaimable:     237552 kB
Slab:             209376 kB
SReclaimable:      50412 kB
SUnreclaim:       158964 kB
KernelStack:       48648 kB
PageTables:        63236 kB
NFS_Unstable:          0 kB
Bounce:                0 kB
WritebackTmp:          0 kB
CommitLimit:     6660208 kB
Committed_AS:   73748564 kB
VmallocTotal:   263061440 kB
VmallocUsed:       89040 kB
VmallocChunk:          0 kB
Percpu:             7552 kB
CmaTotal:         315392 kB
CmaFree:               0 kB
MemTotal:        5980404 kB
MemFree:          296032 kB
MemAvailable:    1969308 kB
Buffers:            5136 kB
Cached:          1973576 kB
SwapCached:            0 kB
Active:          2481784 kB
Inactive:        1213296 kB
Active(anon):    1641268 kB
Inactive(anon):   100436 kB
Active(file):     840516 kB
Inactive(file):  1112860 kB
Unevictable:        5596 kB
Mlocked:            5596 kB
SwapTotal:       3670008 kB
SwapFree:        3669752 kB
Dirty:               600 kB
Writeback:             0 kB
AnonPages:       1721928 kB
Mapped:           844468 kB
Shmem:             20784 kB
KReclaimable:     237552 kB
Slab:             209376 kB
SReclaimable:      50412 kB
SUnreclaim:       158964 kB
KernelStack:       48544 kB
PageTables:        63260 kB
NFS_Unstable:          0 kB
Bounce:                0 kB
WritebackTmp:          0 kB
CommitLimit:     6660208 kB
Committed_AS:   73748176 kB
VmallocTotal:   263061440 kB
VmallocUsed:       89024 kB
VmallocChunk:          0 kB
Percpu:             7552 kB
CmaTotal:         315392 kB
CmaFree:               0 kB
MemTotal:        5980404 kB
MemFree:          296392 kB
MemAvailable:    1969672 kB
Buffers:            5136 kB
Cached:          1973580 kB
SwapCached:            0 kB
Active:          2481460 kB
Inactive:        1213236 kB
Active(anon):    1640880 kB
Inactive(anon):   100436 kB
Active(file):     840580 kB
Inactive(file):  1112800 kB
Unevictable:        5596 kB
Mlocked:            5596 kB
SwapTotal:       3670008 kB
SwapFree:        3669752 kB
Dirty:               604 kB
Writeback:             0 kB
AnonPages:       1721716 kB
Mapped:           844480 kB
Shmem:             20784 kB
KReclaimable:     237552 kB
Slab:             209376 kB
SReclaimable:      50412 kB
SUnreclaim:       158964 kB
KernelStack:       48576 kB
PageTables:        63196 kB
NFS_Unstable:          0 kB
Bounce:                0 kB
WritebackTmp:          0 kB
CommitLimit:     6660208 kB
Committed_AS:   73745876 kB
VmallocTotal:   263061440 kB
VmallocUsed:       89008 kB
VmallocChunk:          0 kB
Percpu:             7552 kB
CmaTotal:         315392 kB
CmaFree:               0 kB
MemTotal:        5980404 kB
MemFree:          295616 kB
MemAvailable:    1968992 kB
Buffers:            5136 kB
Cached:          1973676 kB
SwapCached:            0 kB
Active:          2481160 kB
Inactive:        1213248 kB
Active(anon):    1640496 kB
Inactive(anon):   100436 kB
Active(file):     840664 kB
Inactive(file):  1112812 kB
Unevictable:        5596 kB
Mlocked:            5596 kB
SwapTotal:       3670008 kB
SwapFree:        3669752 kB
Dirty:               616 kB
Writeback:             0 kB
AnonPages:       1721304 kB
Mapped:           844480 kB
Shmem:             20784 kB
KReclaimable:     237552 kB
Slab:             209376 kB
SReclaimable:      50412 kB
SUnreclaim:       158964 kB
KernelStack:       48560 kB
PageTables:        63252 kB
NFS_Unstable:          0 kB
Bounce:                0 kB
WritebackTmp:          0 kB
CommitLimit:     6660208 kB
Committed_AS:   73745480 kB
VmallocTotal:   263061440 kB
VmallocUsed:       89024 kB
VmallocChunk:          0 kB
Percpu:             7552 kB
CmaTotal:         315392 kB
CmaFree:              28 kB
MemTotal:        5980404 kB
MemFree:          295908 kB
MemAvailable:    1969284 kB
Buffers:            5136 kB
Cached:          1973676 kB
SwapCached:            0 kB
Active:          2481488 kB
Inactive:        1213248 kB
Active(anon):    1640824 kB
Inactive(anon):   100436 kB
Active(file):     840664 kB
Inactive(file):  1112812 kB
Unevictable:        5596 kB
Mlocked:            5596 kB
SwapTotal:       3670008 kB
SwapFree:        3669752 kB
Dirty:               616 kB
Writeback:             0 kB
AnonPages:       1721720 kB
Mapped:           844592 kB
Shmem:             20784 kB
KReclaimable:     237552 kB
Slab:             209388 kB
SReclaimable:      50412 kB
SUnreclaim:       158976 kB
KernelStack:       48600 kB
PageTables:        63180 kB
NFS_Unstable:          0 kB
Bounce:                0 kB
WritebackTmp:          0 kB
CommitLimit:     6660208 kB
Committed_AS:   73746564 kB
VmallocTotal:   263061440 kB
VmallocUsed:       89040 kB
VmallocChunk:          0 kB
Percpu:             7552 kB
CmaTotal:         315392 kB
CmaFree:               0 kB
MemTotal:        5980404 kB
MemFree:          296168 kB
MemAvailable:    1969552 kB
Buffers:            5136 kB
Cached:          1973684 kB
SwapCached:            0 kB
Active:          2481352 kB
Inactive:        1213256 kB
Active(anon):    1640688 kB
Inactive(anon):   100436 kB
Active(file):     840664 kB
Inactive(file):  1112820 kB
Unevictable:        5596 kB
Mlocked:            5596 kB
SwapTotal:       3670008 kB
SwapFree:        3669752 kB
Dirty:               624 kB
Writeback:             0 kB
AnonPages:       1720828 kB
Mapped:           844668 kB
Shmem:             20784 kB
KReclaimable:     237552 kB
Slab:             209388 kB
SReclaimable:      50412 kB
SUnreclaim:       158976 kB
KernelStack:       48572 kB
PageTables:        63228 kB
NFS_Unstable:          0 kB
Bounce:                0 kB
WritebackTmp:          0 kB
CommitLimit:     6660208 kB
Committed_AS:   73746308 kB
VmallocTotal:   263061440 kB
VmallocUsed:       89040 kB
VmallocChunk:          0 kB
Percpu:             7552 kB
CmaTotal:         315392 kB
CmaFree:               0 kB
MemTotal:        5980404 kB
MemFree:          295040 kB
MemAvailable:    1968500 kB
Buffers:            5140 kB
Cached:          1973756 kB
SwapCached:            0 kB
Active:          2481300 kB
Inactive:        1213332 kB
Active(anon):    1640636 kB
Inactive(anon):   100436 kB
Active(file):     840664 kB
Inactive(file):  1112896 kB
Unevictable:        5596 kB
Mlocked:            5596 kB
SwapTotal:       3670008 kB
SwapFree:        3669752 kB
Dirty:               636 kB
Writeback:             0 kB
AnonPages:       1721268 kB
Mapped:           844680 kB
Shmem:             20784 kB
KReclaimable:     237552 kB
Slab:             209388 kB
SReclaimable:      50412 kB
SUnreclaim:       158976 kB
KernelStack:       48588 kB
PageTables:        63232 kB
NFS_Unstable:          0 kB
Bounce:                0 kB
WritebackTmp:          0 kB
CommitLimit:     6660208 kB
Committed_AS:   73747400 kB
VmallocTotal:   263061440 kB
VmallocUsed:       89040 kB
VmallocChunk:          0 kB
Percpu:             7552 kB
CmaTotal:         315392 kB
CmaFree:               0 kB
MemTotal:        5980404 kB
MemFree:          295176 kB
MemAvailable:    1968660 kB
Buffers:            5140 kB
Cached:          1973788 kB
SwapCached:            0 kB
Active:          2481656 kB
Inactive:        1213360 kB
Active(anon):    1640988 kB
Inactive(anon):   100444 kB
Active(file):     840668 kB
Inactive(file):  1112916 kB
Unevictable:        5596 kB
Mlocked:            5596 kB
SwapTotal:       3670008 kB
SwapFree:        3669752 kB
Dirty:               640 kB
Writeback:             0 kB
AnonPages:       1721732 kB
Mapped:           844536 kB
Shmem:             20792 kB
KReclaimable:     237552 kB
Slab:             209388 kB
SReclaimable:      50412 kB
SUnreclaim:       158976 kB
KernelStack:       48528 kB
PageTables:        63268 kB
NFS_Unstable:          0 kB
Bounce:                0 kB
WritebackTmp:          0 kB
CommitLimit:     6660208 kB
Committed_AS:   73747704 kB
VmallocTotal:   263061440 kB
VmallocUsed:       89024 kB
VmallocChunk:          0 kB
Percpu:             7552 kB
CmaTotal:         315392 kB
CmaFree:               0 kB
MemTotal:        5980404 kB
MemFree:          295632 kB
MemAvailable:    1969116 kB
Buffers:            5140 kB
Cached:          1973788 kB
SwapCached:            0 kB
Active:          2481736 kB
Inactive:        1213360 kB
Active(anon):    1641068 kB
Inactive(anon):   100444 kB
Active(file):     840668 kB
Inactive(file):  1112916 kB
Unevictable:        5596 kB
Mlocked:            5596 kB
SwapTotal:       3670008 kB
SwapFree:        3669752 kB
Dirty:               640 kB
Writeback:             0 kB
AnonPages:       1721620 kB
Mapped:           844544 kB
Shmem:             20792 kB
KReclaimable:     237552 kB
Slab:             209388 kB
SReclaimable:      50412 kB
SUnreclaim:       158976 kB
KernelStack:       48588 kB
PageTables:        63248 kB
NFS_Unstable:          0 kB
Bounce:                0 kB
WritebackTmp:          0 kB
CommitLimit:     6660208 kB
Committed_AS:   73747324 kB
VmallocTotal:   263061440 kB
VmallocUsed:       89024 kB
VmallocChunk:          0 kB
Percpu:             7552 kB
CmaTotal:         315392 kB
CmaFree:               0 kB
MemTotal:        5980404 kB
MemFree:          294608 kB
MemAvailable:    1968108 kB
Buffers:            5140 kB
Cached:          1973796 kB
SwapCached:            0 kB
Active:          2482040 kB
Inactive:        1213368 kB
Active(anon):    1641372 kB
Inactive(anon):   100444 kB
Active(file):     840668 kB
Inactive(file):  1112924 kB
Unevictable:        5596 kB
Mlocked:            5596 kB
SwapTotal:       3670008 kB
SwapFree:        3669752 kB
Dirty:               648 kB
Writeback:             0 kB
AnonPages:       1721688 kB
Mapped:           844716 kB
Shmem:             20792 kB
KReclaimable:     237568 kB
Slab:             209408 kB
SReclaimable:      50428 kB
SUnreclaim:       158980 kB
KernelStack:       48588 kB
PageTables:        63240 kB
NFS_Unstable:          0 kB
Bounce:                0 kB
WritebackTmp:          0 kB
CommitLimit:     6660208 kB
Committed_AS:   73746652 kB
VmallocTotal:   263061440 kB
VmallocUsed:       89024 kB
VmallocChunk:          0 kB
Percpu:             7552 kB
CmaTotal:         315392 kB
CmaFree:               0 kB
MemTotal:        5980404 kB
MemFree:          294552 kB
MemAvailable:    1968060 kB
Buffers:            5140 kB
Cached:          1973804 kB
SwapCached:            0 kB
Active:          2482076 kB
Inactive:        1213376 kB
Active(anon):    1641408 kB
Inactive(anon):   100444 kB
Active(file):     840668 kB
Inactive(file):  1112932 kB
Unevictable:        5596 kB
Mlocked:            5596 kB
SwapTotal:       3670008 kB
SwapFree:        3669752 kB
Dirty:               428 kB
Writeback:             0 kB
AnonPages:       1722132 kB
Mapped:           844660 kB
Shmem:             20792 kB
KReclaimable:     237568 kB
Slab:             209404 kB
SReclaimable:      50428 kB
SUnreclaim:       158976 kB
KernelStack:       48524 kB
PageTables:        63176 kB
NFS_Unstable:          0 kB
Bounce:                0 kB
WritebackTmp:          0 kB
CommitLimit:     6660208 kB
Committed_AS:   73746296 kB
VmallocTotal:   263061440 kB
VmallocUsed:       89024 kB
VmallocChunk:          0 kB
Percpu:             7552 kB
CmaTotal:         315392 kB
CmaFree:               0 kB
MemTotal:        5980404 kB
MemFree:          294520 kB
MemAvailable:    1968040 kB
Buffers:            5140 kB
Cached:          1973816 kB
SwapCached:            0 kB
Active:          2482156 kB
Inactive:        1213388 kB
Active(anon):    1641488 kB
Inactive(anon):   100444 kB
Active(file):     840668 kB
Inactive(file):  1112944 kB
Unevictable:        5596 kB
Mlocked:            5596 kB
SwapTotal:       3670008 kB
SwapFree:        3669752 kB
Dirty:               428 kB
Writeback:             0 kB
AnonPages:       1722204 kB
Mapped:           844572 kB
Shmem:             20792 kB
KReclaimable:     237568 kB
Slab:             209400 kB
SReclaimable:      50428 kB
SUnreclaim:       158972 kB
KernelStack:       48560 kB
PageTables:        63316 kB
NFS_Unstable:          0 kB
Bounce:                0 kB
WritebackTmp:          0 kB
CommitLimit:     6660208 kB
Committed_AS:   73746204 kB
VmallocTotal:   263061440 kB
VmallocUsed:       89024 kB
VmallocChunk:          0 kB
Percpu:             7552 kB
CmaTotal:         315392 kB
CmaFree:               0 kB
MemTotal:        5980404 kB
MemFree:          294464 kB
MemAvailable:    1967984 kB
Buffers:            5140 kB
Cached:          1973816 kB
SwapCached:            0 kB
Active:          2482336 kB
Inactive:        1213388 kB
Active(anon):    1641668 kB
Inactive(anon):   100444 kB
Active(file):     840668 kB
Inactive(file):  1112944 kB
Unevictable:        5596 kB
Mlocked:            5596 kB
SwapTotal:       3670008 kB
SwapFree:        3669752 kB
Dirty:               428 kB
Writeback:             0 kB
AnonPages:       1722364 kB
Mapped:           844820 kB
Shmem:             20792 kB
KReclaimable:     237568 kB
Slab:             209400 kB
SReclaimable:      50428 kB
SUnreclaim:       158972 kB
KernelStack:       48560 kB
PageTables:        63356 kB
NFS_Unstable:          0 kB
Bounce:                0 kB
WritebackTmp:          0 kB
CommitLimit:     6660208 kB
Committed_AS:   73745772 kB
VmallocTotal:   263061440 kB
VmallocUsed:       89024 kB
VmallocChunk:          0 kB
Percpu:             7552 kB
CmaTotal:         315392 kB
CmaFree:               0 kB
MemTotal:        5980404 kB
MemFree:          295216 kB
MemAvailable:    1968744 kB
Buffers:            5140 kB
Cached:          1973828 kB
SwapCached:            0 kB
Active:          2482684 kB
Inactive:        1213400 kB
Active(anon):    1642016 kB
Inactive(anon):   100448 kB
Active(file):     840668 kB
Inactive(file):  1112952 kB
Unevictable:        5596 kB
Mlocked:            5596 kB
SwapTotal:       3670008 kB
SwapFree:        3669752 kB
Dirty:               452 kB
Writeback:             0 kB
AnonPages:       1722708 kB
Mapped:           844760 kB
Shmem:             20796 kB
KReclaimable:     237568 kB
Slab:             209400 kB
SReclaimable:      50428 kB
SUnreclaim:       158972 kB
KernelStack:       48544 kB
PageTables:        63296 kB
NFS_Unstable:          0 kB
Bounce:                0 kB
WritebackTmp:          0 kB
CommitLimit:     6660208 kB
Committed_AS:   73745596 kB
VmallocTotal:   263061440 kB
VmallocUsed:       89024 kB
VmallocChunk:          0 kB
Percpu:             7552 kB
CmaTotal:         315392 kB
CmaFree:               0 kB
MemTotal:        5980404 kB
MemFree:          294388 kB
MemAvailable:    1967916 kB
Buffers:            5140 kB
Cached:          1973836 kB
SwapCached:            0 kB
Active:          2482936 kB
Inactive:        1213408 kB
Active(anon):    1642268 kB
Inactive(anon):   100448 kB
Active(file):     840668 kB
Inactive(file):  1112960 kB
Unevictable:        5596 kB
Mlocked:            5596 kB
SwapTotal:       3670008 kB
SwapFree:        3669752 kB
Dirty:               460 kB
Writeback:             0 kB
AnonPages:       1722488 kB
Mapped:           844828 kB
Shmem:             20796 kB
KReclaimable:     237552 kB
Slab:             209376 kB
SReclaimable:      50412 kB
SUnreclaim:       158964 kB
KernelStack:       48560 kB
PageTables:        63304 kB
NFS_Unstable:          0 kB
Bounce:                0 kB
WritebackTmp:          0 kB
CommitLimit:     6660208 kB
Committed_AS:   73745248 kB
VmallocTotal:   263061440 kB
VmallocUsed:       89024 kB
VmallocChunk:          0 kB
Percpu:             7552 kB
CmaTotal:         315392 kB
CmaFree:               0 kB
MemTotal:        5980404 kB
MemFree:          293452 kB
MemAvailable:    1966992 kB
Buffers:            5140 kB
Cached:          1973852 kB
SwapCached:            0 kB
Active:          2483504 kB
Inactive:        1213424 kB
Active(anon):    1642836 kB
Inactive(anon):   100452 kB
Active(file):     840668 kB
Inactive(file):  1112972 kB
Unevictable:        5596 kB
Mlocked:            5596 kB
SwapTotal:       3670008 kB
SwapFree:        3669752 kB
Dirty:               360 kB
Writeback:             0 kB
AnonPages:       1723532 kB
Mapped:           844608 kB
Shmem:             20800 kB
KReclaimable:     237552 kB
Slab:             209372 kB
SReclaimable:      50412 kB
SUnreclaim:       158960 kB
KernelStack:       48576 kB
PageTables:        63336 kB
NFS_Unstable:          0 kB
Bounce:                0 kB
WritebackTmp:          0 kB
CommitLimit:     6660208 kB
Committed_AS:   73745292 kB
VmallocTotal:   263061440 kB
VmallocUsed:       89040 kB
VmallocChunk:          0 kB
Percpu:             7552 kB
CmaTotal:         315392 kB
CmaFree:               0 kB
MemTotal:        5980404 kB
MemFree:          292936 kB
MemAvailable:    1966476 kB
Buffers:            5140 kB
Cached:          1973856 kB
SwapCached:            0 kB
Active:          2483792 kB
Inactive:        1213300 kB
Active(anon):    1642996 kB
Inactive(anon):   100456 kB
Active(file):     840796 kB
Inactive(file):  1112844 kB
Unevictable:        5596 kB
Mlocked:            5596 kB
SwapTotal:       3670008 kB
SwapFree:        3669752 kB
Dirty:               392 kB
Writeback:             0 kB
AnonPages:       1723880 kB
Mapped:           844784 kB
Shmem:             20804 kB
KReclaimable:     237552 kB
Slab:             209372 kB
SReclaimable:      50412 kB
SUnreclaim:       158960 kB
KernelStack:       48544 kB
PageTables:        63264 kB
NFS_Unstable:          0 kB
Bounce:                0 kB
WritebackTmp:          0 kB
CommitLimit:     6660208 kB
Committed_AS:   73744516 kB
VmallocTotal:   263061440 kB
VmallocUsed:       89040 kB
VmallocChunk:          0 kB
Percpu:             7552 kB
CmaTotal:         315392 kB
CmaFree:               0 kB
MemTotal:        5980404 kB
MemFree:          293364 kB
MemAvailable:    1966920 kB
Buffers:            5140 kB
Cached:          1973872 kB
SwapCached:            0 kB
Active:          2484108 kB
Inactive:        1213312 kB
Active(anon):    1643308 kB
Inactive(anon):   100456 kB
Active(file):     840800 kB
Inactive(file):  1112856 kB
Unevictable:        5596 kB
Mlocked:            5596 kB
SwapTotal:       3670008 kB
SwapFree:        3669752 kB
Dirty:               436 kB
Writeback:             0 kB
AnonPages:       1723824 kB
Mapped:           844828 kB
Shmem:             20804 kB
KReclaimable:     237552 kB
Slab:             209372 kB
SReclaimable:      50412 kB
SUnreclaim:       158960 kB
KernelStack:       48600 kB
PageTables:        63436 kB
NFS_Unstable:          0 kB
Bounce:                0 kB
WritebackTmp:          0 kB
CommitLimit:     6660208 kB
Committed_AS:   73744836 kB
VmallocTotal:   263061440 kB
VmallocUsed:       89040 kB
VmallocChunk:          0 kB
Percpu:             7552 kB
CmaTotal:         315392 kB
CmaFree:               0 kB
MemTotal:        5980404 kB
MemFree:          292060 kB
MemAvailable:    1965620 kB
Buffers:            5140 kB
Cached:          1973876 kB
SwapCached:            0 kB
Active:          2485188 kB
Inactive:        1213312 kB
Active(anon):    1644384 kB
Inactive(anon):   100456 kB
Active(file):     840804 kB
Inactive(file):  1112856 kB
Unevictable:        5596 kB
Mlocked:            5596 kB
SwapTotal:       3670008 kB
SwapFree:        3669752 kB
Dirty:               440 kB
Writeback:             0 kB
AnonPages:       1725224 kB
Mapped:           844804 kB
Shmem:             20804 kB
KReclaimable:     237552 kB
Slab:             209376 kB
SReclaimable:      50412 kB
SUnreclaim:       158964 kB
KernelStack:       48544 kB
PageTables:        63304 kB
NFS_Unstable:          0 kB
Bounce:                0 kB
WritebackTmp:          0 kB
CommitLimit:     6660208 kB
Committed_AS:   73744844 kB
VmallocTotal:   263061440 kB
VmallocUsed:       89040 kB
VmallocChunk:          0 kB
Percpu:             7552 kB
CmaTotal:         315392 kB
CmaFree:               0 kB
MemTotal:        5980404 kB
MemFree:          292384 kB
MemAvailable:    1965952 kB
Buffers:            5140 kB
Cached:          1973884 kB
SwapCached:            0 kB
Active:          2485236 kB
Inactive:        1213320 kB
Active(anon):    1644432 kB
Inactive(anon):   100456 kB
Active(file):     840804 kB
Inactive(file):  1112864 kB
Unevictable:        5596 kB
Mlocked:            5596 kB
SwapTotal:       3670008 kB
SwapFree:        3669752 kB
Dirty:               452 kB
Writeback:             0 kB
AnonPages:       1725204 kB
Mapped:           844812 kB
Shmem:             20804 kB
KReclaimable:     237552 kB
Slab:             209376 kB
SReclaimable:      50412 kB
SUnreclaim:       158964 kB
KernelStack:       48516 kB
PageTables:        63232 kB
NFS_Unstable:          0 kB
Bounce:                0 kB
WritebackTmp:          0 kB
CommitLimit:     6660208 kB
Committed_AS:   73737508 kB
VmallocTotal:   263061440 kB
VmallocUsed:       88960 kB
VmallocChunk:          0 kB
Percpu:             7552 kB
CmaTotal:         315392 kB
CmaFree:              20 kB
MemTotal:        5980404 kB
MemFree:          291392 kB
MemAvailable:    1964968 kB
Buffers:            5140 kB
Cached:          1973892 kB
SwapCached:            0 kB
Active:          2485608 kB
Inactive:        1213208 kB
Active(anon):    1644684 kB
Inactive(anon):   100456 kB
Active(file):     840924 kB
Inactive(file):  1112752 kB
Unevictable:        5596 kB
Mlocked:            5596 kB
SwapTotal:       3670008 kB
SwapFree:        3669752 kB
Dirty:               344 kB
Writeback:             0 kB
AnonPages:       1725196 kB
Mapped:           844820 kB
Shmem:             20804 kB
KReclaimable:     237552 kB
Slab:             209376 kB
SReclaimable:      50412 kB
SUnreclaim:       158964 kB
KernelStack:       48596 kB
PageTables:        63364 kB
NFS_Unstable:          0 kB
Bounce:                0 kB
WritebackTmp:          0 kB
CommitLimit:     6660208 kB
Committed_AS:   73742344 kB
VmallocTotal:   263061440 kB
VmallocUsed:       88944 kB
VmallocChunk:          0 kB
Percpu:             7552 kB
CmaTotal:         315392 kB
CmaFree:               8 kB
MemTotal:        5980404 kB
MemFree:          290444 kB
MemAvailable:    1964028 kB
Buffers:            5144 kB
Cached:          1973900 kB
SwapCached:            0 kB
Active:          2485628 kB
Inactive:        1213208 kB
Active(anon):    1644692 kB
Inactive(anon):   100460 kB
Active(file):     840936 kB
Inactive(file):  1112748 kB
Unevictable:        5596 kB
Mlocked:            5596 kB
SwapTotal:       3670008 kB
SwapFree:        3669752 kB
Dirty:               432 kB
Writeback:             0 kB
AnonPages:       1725268 kB
Mapped:           844748 kB
Shmem:             20808 kB
KReclaimable:     237552 kB
Slab:             209380 kB
SReclaimable:      50412 kB
SUnreclaim:       158968 kB
KernelStack:       48452 kB
PageTables:        63456 kB
NFS_Unstable:          0 kB
Bounce:                0 kB
WritebackTmp:          0 kB
CommitLimit:     6660208 kB
Committed_AS:   73742188 kB
VmallocTotal:   263061440 kB
VmallocUsed:       88848 kB
VmallocChunk:          0 kB
Percpu:             7552 kB
CmaTotal:         315392 kB
CmaFree:              12 kB
MemTotal:        5980404 kB
MemFree:          290384 kB
MemAvailable:    1963984 kB
Buffers:            5144 kB
Cached:          1973916 kB
SwapCached:            0 kB
Active:          2485724 kB
Inactive:        1213220 kB
Active(anon):    1644784 kB
Inactive(anon):   100460 kB
Active(file):     840940 kB
Inactive(file):  1112760 kB
Unevictable:        5596 kB
Mlocked:            5596 kB
SwapTotal:       3670008 kB
SwapFree:        3669752 kB
Dirty:               436 kB
Writeback:             0 kB
AnonPages:       1725408 kB
Mapped:           844916 kB
Shmem:             20808 kB
KReclaimable:     237552 kB
Slab:             209376 kB
SReclaimable:      50412 kB
SUnreclaim:       158964 kB
KernelStack:       48448 kB
PageTables:        63276 kB
NFS_Unstable:          0 kB
Bounce:                0 kB
WritebackTmp:          0 kB
CommitLimit:     6660208 kB
Committed_AS:   73744448 kB
VmallocTotal:   263061440 kB
VmallocUsed:       88848 kB
VmallocChunk:          0 kB
Percpu:             7552 kB
CmaTotal:         315392 kB
CmaFree:               0 kB
MemTotal:        5980404 kB
MemFree:          290584 kB
MemAvailable:    1964196 kB
Buffers:            5144 kB
Cached:          1973936 kB
SwapCached:            0 kB
Active:          2486080 kB
Inactive:        1213236 kB
Active(anon):    1645140 kB
Inactive(anon):   100464 kB
Active(file):     840940 kB
Inactive(file):  1112772 kB
Unevictable:        5596 kB
Mlocked:            5596 kB
SwapTotal:       3670008 kB
SwapFree:        3669752 kB
Dirty:               456 kB
Writeback:             0 kB
AnonPages:       1725736 kB
Mapped:           844760 kB
Shmem:             20816 kB
KReclaimable:     237552 kB
Slab:             209376 kB
SReclaimable:      50412 kB
SUnreclaim:       158964 kB
KernelStack:       48404 kB
PageTables:        63388 kB
NFS_Unstable:          0 kB
Bounce:                0 kB
WritebackTmp:          0 kB
CommitLimit:     6660208 kB
Committed_AS:   73743524 kB
VmallocTotal:   263061440 kB
VmallocUsed:       88768 kB
VmallocChunk:          0 kB
Percpu:             7552 kB
CmaTotal:         315392 kB
CmaFree:               0 kB
MemTotal:        5980404 kB
MemFree:          289684 kB
MemAvailable:    1963304 kB
Buffers:            5144 kB
Cached:          1973944 kB
SwapCached:            0 kB
Active:          2486116 kB
Inactive:        1213244 kB
Active(anon):    1645176 kB
Inactive(anon):   100464 kB
Active(file):     840940 kB
Inactive(file):  1112780 kB
Unevictable:        5596 kB
Mlocked:            5596 kB
SwapTotal:       3670008 kB
SwapFree:        3669752 kB
Dirty:               464 kB
Writeback:             0 kB
AnonPages:       1726012 kB
Mapped:           844900 kB
Shmem:             20816 kB
KReclaimable:     237552 kB
Slab:             209372 kB
SReclaimable:      50412 kB
SUnreclaim:       158960 kB
KernelStack:       48448 kB
PageTables:        63580 kB
NFS_Unstable:          0 kB
Bounce:                0 kB
WritebackTmp:          0 kB
CommitLimit:     6660208 kB
Committed_AS:   73744832 kB
VmallocTotal:   263061440 kB
VmallocUsed:       88816 kB
VmallocChunk:          0 kB
Percpu:             7552 kB
CmaTotal:         315392 kB
CmaFree:               0 kB
MemTotal:        5980404 kB
MemFree:          288800 kB
MemAvailable:    1962424 kB
Buffers:            5144 kB
Cached:          1973948 kB
SwapCached:            0 kB
Active:          2486752 kB
Inactive:        1213248 kB
Active(anon):    1645812 kB
Inactive(anon):   100464 kB
Active(file):     840940 kB
Inactive(file):  1112784 kB
Unevictable:        5596 kB
Mlocked:            5596 kB
SwapTotal:       3670008 kB
SwapFree:        3669752 kB
Dirty:               344 kB
Writeback:             0 kB
AnonPages:       1726284 kB
Mapped:           844860 kB
Shmem:             20816 kB
KReclaimable:     237552 kB
Slab:             209372 kB
SReclaimable:      50412 kB
SUnreclaim:       158960 kB
KernelStack:       48384 kB
PageTables:        63280 kB
NFS_Unstable:          0 kB
Bounce:                0 kB
WritebackTmp:          0 kB
CommitLimit:     6660208 kB
Committed_AS:   73745072 kB
VmallocTotal:   263061440 kB
VmallocUsed:       88816 kB
VmallocChunk:          0 kB
Percpu:             7552 kB
CmaTotal:         315392 kB
CmaFree:               0 kB
MemTotal:        5980404 kB
MemFree:          294312 kB
MemAvailable:    1967944 kB
Buffers:            5144 kB
Cached:          1973976 kB
SwapCached:            0 kB
Active:          2480216 kB
Inactive:        1213216 kB
Active(anon):    1639216 kB
Inactive(anon):   100484 kB
Active(file):     841000 kB
Inactive(file):  1112732 kB
Unevictable:        5596 kB
Mlocked:            5596 kB
SwapTotal:       3670008 kB
SwapFree:        3669752 kB
Dirty:               428 kB
Writeback:             0 kB
AnonPages:       1720076 kB
Mapped:           844812 kB
Shmem:             20836 kB
KReclaimable:     237552 kB
Slab:             209372 kB
SReclaimable:      50412 kB
SUnreclaim:       158960 kB
KernelStack:       48304 kB
PageTables:        63260 kB
NFS_Unstable:          0 kB
Bounce:                0 kB
WritebackTmp:          0 kB
CommitLimit:     6660208 kB
Committed_AS:   73742428 kB
VmallocTotal:   263061440 kB
VmallocUsed:       88736 kB
VmallocChunk:          0 kB
Percpu:             7552 kB
CmaTotal:         315392 kB
CmaFree:             120 kB
MemTotal:        5980404 kB
MemFree:          295392 kB
MemAvailable:    1969028 kB
Buffers:            5144 kB
Cached:          1973980 kB
SwapCached:            0 kB
Active:          2479936 kB
Inactive:        1213220 kB
Active(anon):    1638936 kB
Inactive(anon):   100484 kB
Active(file):     841000 kB
Inactive(file):  1112736 kB
Unevictable:        5596 kB
Mlocked:            5596 kB
SwapTotal:       3670008 kB
SwapFree:        3669752 kB
Dirty:               432 kB
Writeback:             0 kB
AnonPages:       1719756 kB
Mapped:           844980 kB
Shmem:             20836 kB
KReclaimable:     237552 kB
Slab:             209368 kB
SReclaimable:      50412 kB
SUnreclaim:       158956 kB
KernelStack:       48192 kB
PageTables:        63112 kB
NFS_Unstable:          0 kB
Bounce:                0 kB
WritebackTmp:          0 kB
CommitLimit:     6660208 kB
Committed_AS:   73741164 kB
VmallocTotal:   263061440 kB
VmallocUsed:       88640 kB
VmallocChunk:          0 kB
Percpu:             7552 kB
CmaTotal:         315392 kB
CmaFree:             388 kB
MemTotal:        5980404 kB
MemFree:          294492 kB
MemAvailable:    1968140 kB
Buffers:            5144 kB
Cached:          1973992 kB
SwapCached:            0 kB
Active:          2480544 kB
Inactive:        1213232 kB
Active(anon):    1639544 kB
Inactive(anon):   100484 kB
Active(file):     841000 kB
Inactive(file):  1112748 kB
Unevictable:        5596 kB
Mlocked:            5596 kB
SwapTotal:       3670008 kB
SwapFree:        3669752 kB
Dirty:               444 kB
Writeback:             0 kB
AnonPages:       1720344 kB
Mapped:           844844 kB
Shmem:             20836 kB
KReclaimable:     237552 kB
Slab:             209372 kB
SReclaimable:      50412 kB
SUnreclaim:       158960 kB
KernelStack:       48208 kB
PageTables:        63348 kB
NFS_Unstable:          0 kB
Bounce:                0 kB
WritebackTmp:          0 kB
CommitLimit:     6660208 kB
Committed_AS:   73742440 kB
VmallocTotal:   263061440 kB
VmallocUsed:       88640 kB
VmallocChunk:          0 kB
Percpu:             7552 kB
CmaTotal:         315392 kB
CmaFree:               0 kB
MemTotal:        5980404 kB
MemFree:          295216 kB
MemAvailable:    1968868 kB
Buffers:            5144 kB
Cached:          1973996 kB
SwapCached:            0 kB
Active:          2480488 kB
Inactive:        1213236 kB
Active(anon):    1639488 kB
Inactive(anon):   100484 kB
Active(file):     841000 kB
Inactive(file):  1112752 kB
Unevictable:        5596 kB
Mlocked:            5596 kB
SwapTotal:       3670008 kB
SwapFree:        3669752 kB
Dirty:               448 kB
Writeback:             0 kB
AnonPages:       1720300 kB
Mapped:           844964 kB
Shmem:             20836 kB
KReclaimable:     237552 kB
Slab:             209368 kB
SReclaimable:      50412 kB
SUnreclaim:       158956 kB
KernelStack:       48192 kB
PageTables:        63320 kB
NFS_Unstable:          0 kB
Bounce:                0 kB
WritebackTmp:          0 kB
CommitLimit:     6660208 kB
Committed_AS:   73740684 kB
VmallocTotal:   263061440 kB
VmallocUsed:       88624 kB
VmallocChunk:          0 kB
Percpu:             7552 kB
CmaTotal:         315392 kB
CmaFree:              72 kB
MemTotal:        5980404 kB
MemFree:          294092 kB
MemAvailable:    1967752 kB
Buffers:            5144 kB
Cached:          1974004 kB
SwapCached:            0 kB
Active:          2480612 kB
Inactive:        1213184 kB
Active(anon):    1639552 kB
Inactive(anon):   100484 kB
Active(file):     841060 kB
Inactive(file):  1112700 kB
Unevictable:        5596 kB
Mlocked:            5596 kB
SwapTotal:       3670008 kB
SwapFree:        3669752 kB
Dirty:               348 kB
Writeback:             0 kB
AnonPages:       1720304 kB
Mapped:           844848 kB
Shmem:             20836 kB
KReclaimable:     237552 kB
Slab:             209372 kB
SReclaimable:      50412 kB
SUnreclaim:       158960 kB
KernelStack:       48208 kB
PageTables:        63340 kB
NFS_Unstable:          0 kB
Bounce:                0 kB
WritebackTmp:          0 kB
CommitLimit:     6660208 kB
Committed_AS:   73741768 kB
VmallocTotal:   263061440 kB
VmallocUsed:       88640 kB
VmallocChunk:          0 kB
Percpu:             7552 kB
CmaTotal:         315392 kB
CmaFree:               0 kB
MemTotal:        5980404 kB
MemFree:          295316 kB
MemAvailable:    1968992 kB
Buffers:            5144 kB
Cached:          1974024 kB
SwapCached:            0 kB
Active:          2480996 kB
Inactive:        1213204 kB
Active(anon):    1639936 kB
Inactive(anon):   100488 kB
Active(file):     841060 kB
Inactive(file):  1112716 kB
Unevictable:        5596 kB
Mlocked:            5596 kB
SwapTotal:       3670008 kB
SwapFree:        3669752 kB
Dirty:               484 kB
Writeback:             0 kB
AnonPages:       1720540 kB
Mapped:           844964 kB
Shmem:             20840 kB
KReclaimable:     237552 kB
Slab:             209372 kB
SReclaimable:      50412 kB
SUnreclaim:       158960 kB
KernelStack:       48144 kB
PageTables:        63356 kB
NFS_Unstable:          0 kB
Bounce:                0 kB
WritebackTmp:          0 kB
CommitLimit:     6660208 kB
Committed_AS:   73741548 kB
VmallocTotal:   263061440 kB
VmallocUsed:       88592 kB
VmallocChunk:          0 kB
Percpu:             7552 kB
CmaTotal:         315392 kB
CmaFree:             160 kB
MemTotal:        5980404 kB
MemFree:          295088 kB
MemAvailable:    1968772 kB
Buffers:            5144 kB
Cached:          1974032 kB
SwapCached:            0 kB
Active:          2481396 kB
Inactive:        1213212 kB
Active(anon):    1640336 kB
Inactive(anon):   100488 kB
Active(file):     841060 kB
Inactive(file):  1112724 kB
Unevictable:        5596 kB
Mlocked:            5596 kB
SwapTotal:       3670008 kB
SwapFree:        3669752 kB
Dirty:               512 kB
Writeback:             0 kB
AnonPages:       1720700 kB
Mapped:           844872 kB
Shmem:             20840 kB
KReclaimable:     237552 kB
Slab:             209372 kB
SReclaimable:      50412 kB
SUnreclaim:       158960 kB
KernelStack:       48192 kB
PageTables:        63396 kB
NFS_Unstable:          0 kB
Bounce:                0 kB
WritebackTmp:          0 kB
CommitLimit:     6660208 kB
Committed_AS:   73738948 kB
VmallocTotal:   263061440 kB
VmallocUsed:       88576 kB
VmallocChunk:          0 kB
Percpu:             7552 kB
CmaTotal:         315392 kB
CmaFree:               0 kB
MemTotal:        5980404 kB
MemFree:          294844 kB
MemAvailable:    1968528 kB
Buffers:            5144 kB
Cached:          1974032 kB
SwapCached:            0 kB
Active:          2480940 kB
Inactive:        1213224 kB
Active(anon):    1639892 kB
Inactive(anon):   100488 kB
Active(file):     841048 kB
Inactive(file):  1112736 kB
Unevictable:        5596 kB
Mlocked:            5596 kB
SwapTotal:       3670008 kB
SwapFree:        3669752 kB
Dirty:               528 kB
Writeback:             0 kB
AnonPages:       1720504 kB
Mapped:           844876 kB
Shmem:             20840 kB
KReclaimable:     237552 kB
Slab:             209372 kB
SReclaimable:      50412 kB
SUnreclaim:       158960 kB
KernelStack:       48208 kB
PageTables:        63344 kB
NFS_Unstable:          0 kB
Bounce:                0 kB
WritebackTmp:          0 kB
CommitLimit:     6660208 kB
Committed_AS:   73740876 kB
VmallocTotal:   263061440 kB
VmallocUsed:       88592 kB
VmallocChunk:          0 kB
Percpu:             7552 kB
CmaTotal:         315392 kB
CmaFree:               0 kB
MemTotal:        5980404 kB
MemFree:          296468 kB
MemAvailable:    1970156 kB
Buffers:            5144 kB
Cached:          1974036 kB
SwapCached:            0 kB
Active:          2479564 kB
Inactive:        1213164 kB
Active(anon):    1638452 kB
Inactive(anon):   100488 kB
Active(file):     841112 kB
Inactive(file):  1112676 kB
Unevictable:        5596 kB
Mlocked:            5596 kB
SwapTotal:       3670008 kB
SwapFree:        3669752 kB
Dirty:               532 kB
Writeback:             0 kB
AnonPages:       1718836 kB
Mapped:           845204 kB
Shmem:             20840 kB
KReclaimable:     237552 kB
Slab:             209368 kB
SReclaimable:      50412 kB
SUnreclaim:       158956 kB
KernelStack:       48084 kB
PageTables:        62896 kB
NFS_Unstable:          0 kB
Bounce:                0 kB
WritebackTmp:          0 kB
CommitLimit:     6660208 kB
Committed_AS:   73738564 kB
VmallocTotal:   263061440 kB
VmallocUsed:       88544 kB
VmallocChunk:          0 kB
Percpu:             7552 kB
CmaTotal:         315392 kB
CmaFree:              24 kB
MemTotal:        5980404 kB
MemFree:          296032 kB
MemAvailable:    1969728 kB
Buffers:            5144 kB
Cached:          1974044 kB
SwapCached:            0 kB
Active:          2479552 kB
Inactive:        1213172 kB
Active(anon):    1638440 kB
Inactive(anon):   100488 kB
Active(file):     841112 kB
Inactive(file):  1112684 kB
Unevictable:        5596 kB
Mlocked:            5596 kB
SwapTotal:       3670008 kB
SwapFree:        3669752 kB
Dirty:               540 kB
Writeback:             0 kB
AnonPages:       1719036 kB
Mapped:           844896 kB
Shmem:             20840 kB
KReclaimable:     237552 kB
Slab:             209368 kB
SReclaimable:      50412 kB
SUnreclaim:       158956 kB
KernelStack:       48096 kB
PageTables:        63468 kB
NFS_Unstable:          0 kB
Bounce:                0 kB
WritebackTmp:          0 kB
CommitLimit:     6660208 kB
Committed_AS:   73738376 kB
VmallocTotal:   263061440 kB
VmallocUsed:       88512 kB
VmallocChunk:          0 kB
Percpu:             7552 kB
CmaTotal:         315392 kB
CmaFree:               0 kB
MemTotal:        5980404 kB
MemFree:          297108 kB
MemAvailable:    1970824 kB
Buffers:            5148 kB
Cached:          1974060 kB
SwapCached:            0 kB
Active:          2479136 kB
Inactive:        1213188 kB
Active(anon):    1638020 kB
Inactive(anon):   100488 kB
Active(file):     841116 kB
Inactive(file):  1112700 kB
Unevictable:        5596 kB
Mlocked:            5596 kB
SwapTotal:       3670008 kB
SwapFree:        3669752 kB
Dirty:               392 kB
Writeback:             0 kB
AnonPages:       1718692 kB
Mapped:           845032 kB
Shmem:             20840 kB
KReclaimable:     237552 kB
Slab:             209368 kB
SReclaimable:      50412 kB
SUnreclaim:       158956 kB
KernelStack:       48064 kB
PageTables:        63376 kB
NFS_Unstable:          0 kB
Bounce:                0 kB
WritebackTmp:          0 kB
CommitLimit:     6660208 kB
Committed_AS:   73737728 kB
VmallocTotal:   263061440 kB
VmallocUsed:       88512 kB
VmallocChunk:          0 kB
Percpu:             7552 kB
CmaTotal:         315392 kB
CmaFree:              52 kB
MemTotal:        5980404 kB
MemFree:          297324 kB
MemAvailable:    1972580 kB
Buffers:            5148 kB
Cached:          1974064 kB
SwapCached:            0 kB
Active:          2442072 kB
Inactive:        1212684 kB
Active(anon):    1600448 kB
Inactive(anon):   100488 kB
Active(file):     841624 kB
Inactive(file):  1112196 kB
Unevictable:        5596 kB
Mlocked:            5596 kB
SwapTotal:       3670008 kB
SwapFree:        3669752 kB
Dirty:               400 kB
Writeback:             0 kB
AnonPages:       1681120 kB
Mapped:           832360 kB
Shmem:             20840 kB
KReclaimable:     240620 kB
Slab:             209364 kB
SReclaimable:      50412 kB
SUnreclaim:       158952 kB
KernelStack:       48032 kB
PageTables:        63388 kB
NFS_Unstable:          0 kB
Bounce:                0 kB
WritebackTmp:          0 kB
CommitLimit:     6660208 kB
Committed_AS:   73719920 kB
VmallocTotal:   263061440 kB
VmallocUsed:       88528 kB
VmallocChunk:          0 kB
Percpu:             7552 kB
CmaTotal:         315392 kB
CmaFree:              84 kB
MemTotal:        5980404 kB
MemFree:          296948 kB
MemAvailable:    1972212 kB
Buffers:            5148 kB
Cached:          1974072 kB
SwapCached:            0 kB
Active:          2442048 kB
Inactive:        1212692 kB
Active(anon):    1600424 kB
Inactive(anon):   100488 kB
Active(file):     841624 kB
Inactive(file):  1112204 kB
Unevictable:        5596 kB
Mlocked:            5596 kB
SwapTotal:       3670008 kB
SwapFree:        3669752 kB
Dirty:               424 kB
Writeback:             0 kB
AnonPages:       1681100 kB
Mapped:           832448 kB
Shmem:             20840 kB
KReclaimable:     240620 kB
Slab:             209364 kB
SReclaimable:      50412 kB
SUnreclaim:       158952 kB
KernelStack:       48048 kB
PageTables:        63196 kB
NFS_Unstable:          0 kB
Bounce:                0 kB
WritebackTmp:          0 kB
CommitLimit:     6660208 kB
Committed_AS:   73719624 kB
VmallocTotal:   263061440 kB
VmallocUsed:       88496 kB
VmallocChunk:          0 kB
Percpu:             7552 kB
CmaTotal:         315392 kB
CmaFree:               0 kB
MemTotal:        5980404 kB
MemFree:          298372 kB
MemAvailable:    1973644 kB
Buffers:            5148 kB
Cached:          1974080 kB
SwapCached:            0 kB
Active:          2442420 kB
Inactive:        1212700 kB
Active(anon):    1600796 kB
Inactive(anon):   100488 kB
Active(file):     841624 kB
Inactive(file):  1112212 kB
Unevictable:        5596 kB
Mlocked:            5596 kB
SwapTotal:       3670008 kB
SwapFree:        3669752 kB
Dirty:               432 kB
Writeback:             0 kB
AnonPages:       1681312 kB
Mapped:           832532 kB
Shmem:             20840 kB
KReclaimable:     240620 kB
Slab:             209364 kB
SReclaimable:      50412 kB
SUnreclaim:       158952 kB
KernelStack:       48060 kB
PageTables:        63124 kB
NFS_Unstable:          0 kB
Bounce:                0 kB
WritebackTmp:          0 kB
CommitLimit:     6660208 kB
Committed_AS:   73719064 kB
VmallocTotal:   263061440 kB
VmallocUsed:       88432 kB
VmallocChunk:          0 kB
Percpu:             7552 kB
CmaTotal:         315392 kB
CmaFree:               0 kB
MemTotal:        5980404 kB
MemFree:          299272 kB
MemAvailable:    1974548 kB
Buffers:            5148 kB
Cached:          1974084 kB
SwapCached:            0 kB
Active:          2442128 kB
Inactive:        1212704 kB
Active(anon):    1600504 kB
Inactive(anon):   100488 kB
Active(file):     841624 kB
Inactive(file):  1112216 kB
Unevictable:        5596 kB
Mlocked:            5596 kB
SwapTotal:       3670008 kB
SwapFree:        3669752 kB
Dirty:               436 kB
Writeback:             0 kB
AnonPages:       1681376 kB
Mapped:           832396 kB
Shmem:             20840 kB
KReclaimable:     240620 kB
Slab:             209364 kB
SReclaimable:      50412 kB
SUnreclaim:       158952 kB
KernelStack:       48012 kB
PageTables:        63564 kB
NFS_Unstable:          0 kB
Bounce:                0 kB
WritebackTmp:          0 kB
CommitLimit:     6660208 kB
Committed_AS:   73720020 kB
VmallocTotal:   263061440 kB
VmallocUsed:       88464 kB
VmallocChunk:          0 kB
Percpu:             7552 kB
CmaTotal:         315392 kB
CmaFree:              72 kB
MemTotal:        5980404 kB
MemFree:          297904 kB
MemAvailable:    1973192 kB
Buffers:            5148 kB
Cached:          1974096 kB
SwapCached:            0 kB
Active:          2442652 kB
Inactive:        1212716 kB
Active(anon):    1601028 kB
Inactive(anon):   100488 kB
Active(file):     841624 kB
Inactive(file):  1112228 kB
Unevictable:        5596 kB
Mlocked:            5596 kB
SwapTotal:       3670008 kB
SwapFree:        3669752 kB
Dirty:               368 kB
Writeback:            12 kB
AnonPages:       1681456 kB
Mapped:           832144 kB
Shmem:             20840 kB
KReclaimable:     240620 kB
Slab:             209364 kB
SReclaimable:      50412 kB
SUnreclaim:       158952 kB
KernelStack:       47952 kB
PageTables:        63488 kB
NFS_Unstable:          0 kB
Bounce:                0 kB
WritebackTmp:          0 kB
CommitLimit:     6660208 kB
Committed_AS:   73721968 kB
VmallocTotal:   263061440 kB
VmallocUsed:       88448 kB
VmallocChunk:          0 kB
Percpu:             7552 kB
CmaTotal:         315392 kB
CmaFree:             132 kB
MemTotal:        5980404 kB
MemFree:          298340 kB
MemAvailable:    1973640 kB
Buffers:            5148 kB
Cached:          1974108 kB
SwapCached:            0 kB
Active:          2442356 kB
Inactive:        1212728 kB
Active(anon):    1600732 kB
Inactive(anon):   100488 kB
Active(file):     841624 kB
Inactive(file):  1112240 kB
Unevictable:        5596 kB
Mlocked:            5596 kB
SwapTotal:       3670008 kB
SwapFree:        3669752 kB
Dirty:               404 kB
Writeback:             0 kB
AnonPages:       1681308 kB
Mapped:           832508 kB
Shmem:             20840 kB
KReclaimable:     240620 kB
Slab:             209364 kB
SReclaimable:      50412 kB
SUnreclaim:       158952 kB
KernelStack:       48016 kB
PageTables:        63216 kB
NFS_Unstable:          0 kB
Bounce:                0 kB
WritebackTmp:          0 kB
CommitLimit:     6660208 kB
Committed_AS:   73721872 kB
VmallocTotal:   263061440 kB
VmallocUsed:       88432 kB
VmallocChunk:          0 kB
Percpu:             7552 kB
CmaTotal:         315392 kB
CmaFree:              24 kB
MemTotal:        5980404 kB
MemFree:          297516 kB
MemAvailable:    1972824 kB
Buffers:            5148 kB
Cached:          1974120 kB
SwapCached:            0 kB
Active:          2443372 kB
Inactive:        1212740 kB
Active(anon):    1601748 kB
Inactive(anon):   100492 kB
Active(file):     841624 kB
Inactive(file):  1112248 kB
Unevictable:        5596 kB
Mlocked:            5596 kB
SwapTotal:       3670008 kB
SwapFree:        3669752 kB
Dirty:               412 kB
Writeback:             0 kB
AnonPages:       1682436 kB
Mapped:           832736 kB
Shmem:             20844 kB
KReclaimable:     240620 kB
Slab:             209364 kB
SReclaimable:      50412 kB
SUnreclaim:       158952 kB
KernelStack:       47964 kB
PageTables:        63116 kB
NFS_Unstable:          0 kB
Bounce:                0 kB
WritebackTmp:          0 kB
CommitLimit:     6660208 kB
Committed_AS:   73722056 kB
VmallocTotal:   263061440 kB
VmallocUsed:       88432 kB
VmallocChunk:          0 kB
Percpu:             7552 kB
CmaTotal:         315392 kB
CmaFree:              24 kB
MemTotal:        5980404 kB
MemFree:          244720 kB
MemAvailable:    2059396 kB
Buffers:            5148 kB
Cached:          1974132 kB
SwapCached:            0 kB
Active:          2495264 kB
Inactive:        1212744 kB
Active(anon):    1653632 kB
Inactive(anon):   100492 kB
Active(file):     841632 kB
Inactive(file):  1112252 kB
Unevictable:        5596 kB
Mlocked:            5596 kB
SwapTotal:       3670008 kB
SwapFree:        3669752 kB
Dirty:               412 kB
Writeback:             0 kB
AnonPages:       1734412 kB
Mapped:           830436 kB
Shmem:             20844 kB
KReclaimable:     423224 kB
Slab:             209368 kB
SReclaimable:      50412 kB
SUnreclaim:       158956 kB
KernelStack:       47964 kB
PageTables:        63392 kB
NFS_Unstable:          0 kB
Bounce:                0 kB
WritebackTmp:          0 kB
CommitLimit:     6660208 kB
Committed_AS:   73775852 kB
VmallocTotal:   263061440 kB
VmallocUsed:       88368 kB
VmallocChunk:          0 kB
Percpu:             7552 kB
CmaTotal:         315392 kB
CmaFree:               0 kB
MemTotal:        5980404 kB
MemFree:          276080 kB
MemAvailable:    1970036 kB
Buffers:            5148 kB
Cached:          1974276 kB
SwapCached:            0 kB
Active:          2462736 kB
Inactive:        1212820 kB
Active(anon):    1621036 kB
Inactive(anon):   100492 kB
Active(file):     841700 kB
Inactive(file):  1112328 kB
Unevictable:        5596 kB
Mlocked:            5596 kB
SwapTotal:       3670008 kB
SwapFree:        3669752 kB
Dirty:               420 kB
Writeback:             0 kB
AnonPages:       1701780 kB
Mapped:           833100 kB
Shmem:             20844 kB
KReclaimable:     277608 kB
Slab:             209376 kB
SReclaimable:      50412 kB
SUnreclaim:       158964 kB
KernelStack:       47984 kB
PageTables:        63240 kB
NFS_Unstable:          0 kB
Bounce:                0 kB
WritebackTmp:          0 kB
CommitLimit:     6660208 kB
Committed_AS:   73745608 kB
VmallocTotal:   263061440 kB
VmallocUsed:       88352 kB
VmallocChunk:          0 kB
Percpu:             7552 kB
CmaTotal:         315392 kB
CmaFree:               0 kB
MemTotal:        5980404 kB
MemFree:          276444 kB
MemAvailable:    1970404 kB
Buffers:            5148 kB
Cached:          1974280 kB
SwapCached:            0 kB
Active:          2462480 kB
Inactive:        1212824 kB
Active(anon):    1620780 kB
Inactive(anon):   100492 kB
Active(file):     841700 kB
Inactive(file):  1112332 kB
Unevictable:        5596 kB
Mlocked:            5596 kB
SwapTotal:       3670008 kB
SwapFree:        3669752 kB
Dirty:               364 kB
Writeback:             0 kB
AnonPages:       1701212 kB
Mapped:           833324 kB
Shmem:             20844 kB
KReclaimable:     277608 kB
Slab:             209376 kB
SReclaimable:      50412 kB
SUnreclaim:       158964 kB
KernelStack:       47944 kB
PageTables:        63140 kB
NFS_Unstable:          0 kB
Bounce:                0 kB
WritebackTmp:          0 kB
CommitLimit:     6660208 kB
Committed_AS:   73738928 kB
VmallocTotal:   263061440 kB
VmallocUsed:       88336 kB
VmallocChunk:          0 kB
Percpu:             7552 kB
CmaTotal:         315392 kB
CmaFree:               0 kB
MemTotal:        5980404 kB
MemFree:          277036 kB
MemAvailable:    1971008 kB
Buffers:            5148 kB
Cached:          1974292 kB
SwapCached:            0 kB
Active:          2462556 kB
Inactive:        1212836 kB
Active(anon):    1620856 kB
Inactive(anon):   100492 kB
Active(file):     841700 kB
Inactive(file):  1112344 kB
Unevictable:        5596 kB
Mlocked:            5596 kB
SwapTotal:       3670008 kB
SwapFree:        3669752 kB
Dirty:               408 kB
Writeback:             0 kB
AnonPages:       1701616 kB
Mapped:           833220 kB
Shmem:             20844 kB
KReclaimable:     277608 kB
Slab:             209376 kB
SReclaimable:      50412 kB
SUnreclaim:       158964 kB
KernelStack:       47972 kB
PageTables:        63388 kB
NFS_Unstable:          0 kB
Bounce:                0 kB
WritebackTmp:          0 kB
CommitLimit:     6660208 kB
Committed_AS:   73736448 kB
VmallocTotal:   263061440 kB
VmallocUsed:       88320 kB
VmallocChunk:          0 kB
Percpu:             7552 kB
CmaTotal:         315392 kB
CmaFree:               0 kB
MemTotal:        5980404 kB
MemFree:          276084 kB
MemAvailable:    1970064 kB
Buffers:            5148 kB
Cached:          1974300 kB
SwapCached:            0 kB
Active:          2463208 kB
Inactive:        1212708 kB
Active(anon):    1621372 kB
Inactive(anon):   100492 kB
Active(file):     841836 kB
Inactive(file):  1112216 kB
Unevictable:        5596 kB
Mlocked:            5596 kB
SwapTotal:       3670008 kB
SwapFree:        3669752 kB
Dirty:               420 kB
Writeback:             8 kB
AnonPages:       1702144 kB
Mapped:           833092 kB
Shmem:             20844 kB
KReclaimable:     277608 kB
Slab:             209376 kB
SReclaimable:      50412 kB
SUnreclaim:       158964 kB
KernelStack:       47936 kB
PageTables:        63404 kB
NFS_Unstable:          0 kB
Bounce:                0 kB
WritebackTmp:          0 kB
CommitLimit:     6660208 kB
Committed_AS:   73742692 kB
VmallocTotal:   263061440 kB
VmallocUsed:       88384 kB
VmallocChunk:          0 kB
Percpu:             7552 kB
CmaTotal:         315392 kB
CmaFree:             212 kB
MemTotal:        5980404 kB
MemFree:          276036 kB
MemAvailable:    1970024 kB
Buffers:            5148 kB
Cached:          1974308 kB
SwapCached:            0 kB
Active:          2463356 kB
Inactive:        1212716 kB
Active(anon):    1621520 kB
Inactive(anon):   100492 kB
Active(file):     841836 kB
Inactive(file):  1112224 kB
Unevictable:        5596 kB
Mlocked:            5596 kB
SwapTotal:       3670008 kB
SwapFree:        3669752 kB
Dirty:               448 kB
Writeback:             0 kB
AnonPages:       1702348 kB
Mapped:           833240 kB
Shmem:             20844 kB
KReclaimable:     277608 kB
Slab:             209376 kB
SReclaimable:      50412 kB
SUnreclaim:       158964 kB
KernelStack:       47952 kB
PageTables:        63392 kB
NFS_Unstable:          0 kB
Bounce:                0 kB
WritebackTmp:          0 kB
CommitLimit:     6660208 kB
Committed_AS:   73741944 kB
VmallocTotal:   263061440 kB
VmallocUsed:       88384 kB
VmallocChunk:          0 kB
Percpu:             7552 kB
CmaTotal:         315392 kB
CmaFree:              28 kB
MemTotal:        5980404 kB
MemFree:          276820 kB
MemAvailable:    1970816 kB
Buffers:            5148 kB
Cached:          1974316 kB
SwapCached:            0 kB
Active:          2463620 kB
Inactive:        1212724 kB
Active(anon):    1621784 kB
Inactive(anon):   100492 kB
Active(file):     841836 kB
Inactive(file):  1112232 kB
Unevictable:        5596 kB
Mlocked:            5596 kB
SwapTotal:       3670008 kB
SwapFree:        3669752 kB
Dirty:               460 kB
Writeback:             0 kB
AnonPages:       1702416 kB
Mapped:           833312 kB
Shmem:             20844 kB
KReclaimable:     277608 kB
Slab:             209376 kB
SReclaimable:      50412 kB
SUnreclaim:       158964 kB
KernelStack:       47916 kB
PageTables:        63272 kB
NFS_Unstable:          0 kB
Bounce:                0 kB
WritebackTmp:          0 kB
CommitLimit:     6660208 kB
Committed_AS:   73741212 kB
VmallocTotal:   263061440 kB
VmallocUsed:       88416 kB
VmallocChunk:          0 kB
Percpu:             7552 kB
CmaTotal:         315392 kB
CmaFree:              36 kB
MemTotal:        5980404 kB
MemFree:          276132 kB
MemAvailable:    1970152 kB
Buffers:            5152 kB
Cached:          1974336 kB
SwapCached:            0 kB
Active:          2463612 kB
Inactive:        1212744 kB
Active(anon):    1621772 kB
Inactive(anon):   100492 kB
Active(file):     841840 kB
Inactive(file):  1112252 kB
Unevictable:        5596 kB
Mlocked:            5596 kB
SwapTotal:       3670008 kB
SwapFree:        3669752 kB
Dirty:               380 kB
Writeback:             0 kB
AnonPages:       1702332 kB
Mapped:           833096 kB
Shmem:             20844 kB
KReclaimable:     277608 kB
Slab:             209376 kB
SReclaimable:      50412 kB
SUnreclaim:       158964 kB
KernelStack:       47920 kB
PageTables:        63264 kB
NFS_Unstable:          0 kB
Bounce:                0 kB
WritebackTmp:          0 kB
CommitLimit:     6660208 kB
Committed_AS:   73739860 kB
VmallocTotal:   263061440 kB
VmallocUsed:       88400 kB
VmallocChunk:          0 kB
Percpu:             7552 kB
CmaTotal:         315392 kB
CmaFree:               4 kB
MemTotal:        5980404 kB
MemFree:          277232 kB
MemAvailable:    1971252 kB
Buffers:            5152 kB
Cached:          1974336 kB
SwapCached:            0 kB
Active:          2463648 kB
Inactive:        1212612 kB
Active(anon):    1621676 kB
Inactive(anon):   100492 kB
Active(file):     841972 kB
Inactive(file):  1112120 kB
Unevictable:        5596 kB
Mlocked:            5596 kB
SwapTotal:       3670008 kB
SwapFree:        3669752 kB
Dirty:               396 kB
Writeback:             0 kB
AnonPages:       1702544 kB
Mapped:           833016 kB
Shmem:             20844 kB
KReclaimable:     277608 kB
Slab:             209376 kB
SReclaimable:      50412 kB
SUnreclaim:       158964 kB
KernelStack:       47952 kB
PageTables:        63520 kB
NFS_Unstable:          0 kB
Bounce:                0 kB
WritebackTmp:          0 kB
CommitLimit:     6660208 kB
Committed_AS:   73739164 kB
VmallocTotal:   263061440 kB
VmallocUsed:       88384 kB
VmallocChunk:          0 kB
Percpu:             7552 kB
CmaTotal:         315392 kB
CmaFree:               0 kB
MemTotal:        5980404 kB
MemFree:          275408 kB
MemAvailable:    1969444 kB
Buffers:            5152 kB
Cached:          1974356 kB
SwapCached:            0 kB
Active:          2464452 kB
Inactive:        1212632 kB
Active(anon):    1622480 kB
Inactive(anon):   100496 kB
Active(file):     841972 kB
Inactive(file):  1112136 kB
Unevictable:        5596 kB
Mlocked:            5596 kB
SwapTotal:       3670008 kB
SwapFree:        3669752 kB
Dirty:               412 kB
Writeback:             0 kB
AnonPages:       1703208 kB
Mapped:           833176 kB
Shmem:             20848 kB
KReclaimable:     277608 kB
Slab:             209376 kB
SReclaimable:      50412 kB
SUnreclaim:       158964 kB
KernelStack:       47956 kB
PageTables:        63544 kB
NFS_Unstable:          0 kB
Bounce:                0 kB
WritebackTmp:          0 kB
CommitLimit:     6660208 kB
Committed_AS:   73741908 kB
VmallocTotal:   263061440 kB
VmallocUsed:       88400 kB
VmallocChunk:          0 kB
Percpu:             7552 kB
CmaTotal:         315392 kB
CmaFree:               0 kB
MemTotal:        5980404 kB
MemFree:          275072 kB
MemAvailable:    1969108 kB
Buffers:            5152 kB
Cached:          1974356 kB
SwapCached:            0 kB
Active:          2464780 kB
Inactive:        1212632 kB
Active(anon):    1622808 kB
Inactive(anon):   100496 kB
Active(file):     841972 kB
Inactive(file):  1112136 kB
Unevictable:        5596 kB
Mlocked:            5596 kB
SwapTotal:       3670008 kB
SwapFree:        3669752 kB
Dirty:               412 kB
Writeback:             0 kB
AnonPages:       1703416 kB
Mapped:           833272 kB
Shmem:             20848 kB
KReclaimable:     277608 kB
Slab:             209376 kB
SReclaimable:      50412 kB
SUnreclaim:       158964 kB
KernelStack:       47900 kB
PageTables:        63836 kB
NFS_Unstable:          0 kB
Bounce:                0 kB
WritebackTmp:          0 kB
CommitLimit:     6660208 kB
Committed_AS:   73741780 kB
VmallocTotal:   263061440 kB
VmallocUsed:       88384 kB
VmallocChunk:          0 kB
Percpu:             7552 kB
CmaTotal:         315392 kB
CmaFree:               0 kB
MemTotal:        5980404 kB
MemFree:          275956 kB
MemAvailable:    1969996 kB
Buffers:            5152 kB
Cached:          1974360 kB
SwapCached:            0 kB
Active:          2464380 kB
Inactive:        1212636 kB
Active(anon):    1622408 kB
Inactive(anon):   100496 kB
Active(file):     841972 kB
Inactive(file):  1112140 kB
Unevictable:        5596 kB
Mlocked:            5596 kB
SwapTotal:       3670008 kB
SwapFree:        3669752 kB
Dirty:               416 kB
Writeback:             0 kB
AnonPages:       1703252 kB
Mapped:           833104 kB
Shmem:             20848 kB
KReclaimable:     277608 kB
Slab:             209376 kB
SReclaimable:      50412 kB
SUnreclaim:       158964 kB
KernelStack:       47972 kB
PageTables:        63368 kB
NFS_Unstable:          0 kB
Bounce:                0 kB
WritebackTmp:          0 kB
CommitLimit:     6660208 kB
Committed_AS:   73737164 kB
VmallocTotal:   263061440 kB
VmallocUsed:       88384 kB
VmallocChunk:          0 kB
Percpu:             7552 kB
CmaTotal:         315392 kB
CmaFree:               0 kB
MemTotal:        5980404 kB
MemFree:          274956 kB
MemAvailable:    1969004 kB
Buffers:            5152 kB
Cached:          1974368 kB
SwapCached:            0 kB
Active:          2464676 kB
Inactive:        1212644 kB
Active(anon):    1622704 kB
Inactive(anon):   100496 kB
Active(file):     841972 kB
Inactive(file):  1112148 kB
Unevictable:        5596 kB
Mlocked:            5596 kB
SwapTotal:       3670008 kB
SwapFree:        3669752 kB
Dirty:               368 kB
Writeback:             0 kB
AnonPages:       1703228 kB
Mapped:           833176 kB
Shmem:             20848 kB
KReclaimable:     277608 kB
Slab:             209376 kB
SReclaimable:      50412 kB
SUnreclaim:       158964 kB
KernelStack:       47888 kB
PageTables:        63236 kB
NFS_Unstable:          0 kB
Bounce:                0 kB
WritebackTmp:          0 kB
CommitLimit:     6660208 kB
Committed_AS:   73739780 kB
VmallocTotal:   263061440 kB
VmallocUsed:       88368 kB
VmallocChunk:          0 kB
Percpu:             7552 kB
CmaTotal:         315392 kB
CmaFree:               0 kB
MemTotal:        5980404 kB
MemFree:          275100 kB
MemAvailable:    1969156 kB
Buffers:            5152 kB
Cached:          1974376 kB
SwapCached:            0 kB
Active:          2464792 kB
Inactive:        1212652 kB
Active(anon):    1622820 kB
Inactive(anon):   100496 kB
Active(file):     841972 kB
Inactive(file):  1112156 kB
Unevictable:        5596 kB
Mlocked:            5596 kB
SwapTotal:       3670008 kB
SwapFree:        3669752 kB
Dirty:               400 kB
Writeback:             0 kB
AnonPages:       1703452 kB
Mapped:           833104 kB
Shmem:             20848 kB
KReclaimable:     277608 kB
Slab:             209376 kB
SReclaimable:      50412 kB
SUnreclaim:       158964 kB
KernelStack:       47932 kB
PageTables:        63504 kB
NFS_Unstable:          0 kB
Bounce:                0 kB
WritebackTmp:          0 kB
CommitLimit:     6660208 kB
Committed_AS:   73739720 kB
VmallocTotal:   263061440 kB
VmallocUsed:       88400 kB
VmallocChunk:          0 kB
Percpu:             7552 kB
CmaTotal:         315392 kB
CmaFree:              12 kB
MemTotal:        5980404 kB
MemFree:          274640 kB
MemAvailable:    1968704 kB
Buffers:            5152 kB
Cached:          1974384 kB
SwapCached:            0 kB
Active:          2465220 kB
Inactive:        1212660 kB
Active(anon):    1623248 kB
Inactive(anon):   100496 kB
Active(file):     841972 kB
Inactive(file):  1112164 kB
Unevictable:        5596 kB
Mlocked:            5596 kB
SwapTotal:       3670008 kB
SwapFree:        3669752 kB
Dirty:               408 kB
Writeback:             0 kB
AnonPages:       1703996 kB
Mapped:           833328 kB
Shmem:             20848 kB
KReclaimable:     277608 kB
Slab:             209376 kB
SReclaimable:      50412 kB
SUnreclaim:       158964 kB
KernelStack:       47960 kB
PageTables:        63060 kB
NFS_Unstable:          0 kB
Bounce:                0 kB
WritebackTmp:          0 kB
CommitLimit:     6660208 kB
Committed_AS:   73740812 kB
VmallocTotal:   263061440 kB
VmallocUsed:       88416 kB
VmallocChunk:          0 kB
Percpu:             7552 kB
CmaTotal:         315392 kB
CmaFree:               0 kB
MemTotal:        5980404 kB
MemFree:          274500 kB
MemAvailable:    1968568 kB
Buffers:            5152 kB
Cached:          1974396 kB
SwapCached:            0 kB
Active:          2465744 kB
Inactive:        1212672 kB
Active(anon):    1623772 kB
Inactive(anon):   100504 kB
Active(file):     841972 kB
Inactive(file):  1112168 kB
Unevictable:        5596 kB
Mlocked:            5596 kB
SwapTotal:       3670008 kB
SwapFree:        3669752 kB
Dirty:               412 kB
Writeback:             0 kB
AnonPages:       1704508 kB
Mapped:           833104 kB
Shmem:             20856 kB
KReclaimable:     277608 kB
Slab:             209376 kB
SReclaimable:      50412 kB
SUnreclaim:       158964 kB
KernelStack:       47936 kB
PageTables:        63440 kB
NFS_Unstable:          0 kB
Bounce:                0 kB
WritebackTmp:          0 kB
CommitLimit:     6660208 kB
Committed_AS:   73739464 kB
VmallocTotal:   263061440 kB
VmallocUsed:       88384 kB
VmallocChunk:          0 kB
Percpu:             7552 kB
CmaTotal:         315392 kB
CmaFree:               0 kB
MemTotal:        5980404 kB
MemFree:          274044 kB
MemAvailable:    1968116 kB
Buffers:            5152 kB
Cached:          1974400 kB
SwapCached:            0 kB
Active:          2466136 kB
Inactive:        1212676 kB
Active(anon):    1624164 kB
Inactive(anon):   100504 kB
Active(file):     841972 kB
Inactive(file):  1112172 kB
Unevictable:        5596 kB
Mlocked:            5596 kB
SwapTotal:       3670008 kB
SwapFree:        3669752 kB
Dirty:               416 kB
Writeback:             0 kB
AnonPages:       1705084 kB
Mapped:           833116 kB
Shmem:             20856 kB
KReclaimable:     277608 kB
Slab:             209376 kB
SReclaimable:      50412 kB
SUnreclaim:       158964 kB
KernelStack:       47912 kB
PageTables:        62992 kB
NFS_Unstable:          0 kB
Bounce:                0 kB
WritebackTmp:          0 kB
CommitLimit:     6660208 kB
Committed_AS:   73736896 kB
VmallocTotal:   263061440 kB
VmallocUsed:       88352 kB
VmallocChunk:          0 kB
Percpu:             7552 kB
CmaTotal:         315392 kB
CmaFree:               0 kB
MemTotal:        5980404 kB
MemFree:          274624 kB
MemAvailable:    1968708 kB
Buffers:            5152 kB
Cached:          1974412 kB
SwapCached:            0 kB
Active:          2466284 kB
Inactive:        1212688 kB
Active(anon):    1624312 kB
Inactive(anon):   100504 kB
Active(file):     841972 kB
Inactive(file):  1112184 kB
Unevictable:        5596 kB
Mlocked:            5596 kB
SwapTotal:       3670008 kB
SwapFree:        3669752 kB
Dirty:               468 kB
Writeback:             0 kB
AnonPages:       1704636 kB
Mapped:           833300 kB
Shmem:             20856 kB
KReclaimable:     277608 kB
Slab:             209376 kB
SReclaimable:      50412 kB
SUnreclaim:       158964 kB
KernelStack:       47924 kB
PageTables:        63228 kB
NFS_Unstable:          0 kB
Bounce:                0 kB
WritebackTmp:          0 kB
CommitLimit:     6660208 kB
Committed_AS:   73741212 kB
VmallocTotal:   263061440 kB
VmallocUsed:       88352 kB
