MemTotal:        5980404 kB
MemFree:         1236328 kB
MemAvailable:    2921844 kB
Buffers:            6544 kB
Cached:          1696124 kB
SwapCached:            0 kB
Active:          1255484 kB
Inactive:        1470724 kB
Active(anon):    1029852 kB
Inactive(anon):    20976 kB
Active(file):     225632 kB
Inactive(file):  1449748 kB
Unevictable:        5576 kB
Mlocked:            5576 kB
SwapTotal:       3670008 kB
SwapFree:        3670008 kB
Dirty:               340 kB
Writeback:             0 kB
AnonPages:       1029156 kB
Mapped:           783492 kB
Shmem:             22752 kB
KReclaimable:     572568 kB
Slab:             222120 kB
SReclaimable:      68712 kB
SUnreclaim:       153408 kB
KernelStack:       43364 kB
PageTables:        55220 kB
NFS_Unstable:          0 kB
Bounce:                0 kB
WritebackTmp:          0 kB
CommitLimit:     6660208 kB
Committed_AS:   61497196 kB
VmallocTotal:   263061440 kB
VmallocUsed:       83696 kB
VmallocChunk:          0 kB
Percpu:             7648 kB
CmaTotal:         315392 kB
CmaFree:               4 kB
MemTotal:        5980404 kB
MemFree:         1235560 kB
MemAvailable:    2921076 kB
Buffers:            6544 kB
Cached:          1696124 kB
SwapCached:            0 kB
Active:          1256232 kB
Inactive:        1470724 kB
Active(anon):    1030600 kB
Inactive(anon):    20976 kB
Active(file):     225632 kB
Inactive(file):  1449748 kB
Unevictable:        5576 kB
Mlocked:            5576 kB
SwapTotal:       3670008 kB
SwapFree:        3670008 kB
Dirty:               340 kB
Writeback:             0 kB
AnonPages:       1030224 kB
Mapped:           781280 kB
Shmem:             22752 kB
KReclaimable:     572568 kB
Slab:             222112 kB
SReclaimable:      68712 kB
SUnreclaim:       153400 kB
KernelStack:       43376 kB
PageTables:        55696 kB
NFS_Unstable:          0 kB
Bounce:                0 kB
WritebackTmp:          0 kB
CommitLimit:     6660208 kB
Committed_AS:   61500048 kB
VmallocTotal:   263061440 kB
VmallocUsed:       83696 kB
VmallocChunk:          0 kB
Percpu:             7648 kB
CmaTotal:         315392 kB
CmaFree:               0 kB
MemTotal:        5980404 kB
MemFree:         1234516 kB
MemAvailable:    2920032 kB
Buffers:            6548 kB
Cached:          1696120 kB
SwapCached:            0 kB
Active:          1256656 kB
Inactive:        1470724 kB
Active(anon):    1031024 kB
Inactive(anon):    20976 kB
Active(file):     225632 kB
Inactive(file):  1449748 kB
Unevictable:        5576 kB
Mlocked:            5576 kB
SwapTotal:       3670008 kB
SwapFree:        3670008 kB
Dirty:               340 kB
Writeback:             0 kB
AnonPages:       1030116 kB
Mapped:           781264 kB
Shmem:             22752 kB
KReclaimable:     572568 kB
Slab:             222128 kB
SReclaimable:      68712 kB
SUnreclaim:       153416 kB
KernelStack:       43312 kB
PageTables:        55432 kB
NFS_Unstable:          0 kB
Bounce:                0 kB
WritebackTmp:          0 kB
CommitLimit:     6660208 kB
Committed_AS:   61500260 kB
VmallocTotal:   263061440 kB
VmallocUsed:       83696 kB
VmallocChunk:          0 kB
Percpu:             7648 kB
CmaTotal:         315392 kB
CmaFree:               0 kB
MemTotal:        5980404 kB
MemFree:         1234020 kB
MemAvailable:    2919552 kB
Buffers:            6548 kB
Cached:          1696136 kB
SwapCached:            0 kB
Active:          1257224 kB
Inactive:        1470736 kB
Active(anon):    1031588 kB
Inactive(anon):    20976 kB
Active(file):     225636 kB
Inactive(file):  1449760 kB
Unevictable:        5576 kB
Mlocked:            5576 kB
SwapTotal:       3670008 kB
SwapFree:        3670008 kB
Dirty:               332 kB
Writeback:             0 kB
AnonPages:       1030796 kB
Mapped:           781624 kB
Shmem:             22752 kB
KReclaimable:     572568 kB
Slab:             222136 kB
SReclaimable:      68712 kB
SUnreclaim:       153424 kB
KernelStack:       43392 kB
PageTables:        55736 kB
NFS_Unstable:          0 kB
Bounce:                0 kB
WritebackTmp:          0 kB
CommitLimit:     6660208 kB
Committed_AS:   61500360 kB
VmallocTotal:   263061440 kB
VmallocUsed:       83680 kB
VmallocChunk:          0 kB
Percpu:             7648 kB
CmaTotal:         315392 kB
CmaFree:               8 kB
MemTotal:        5980404 kB
MemFree:         1233852 kB
MemAvailable:    2919384 kB
Buffers:            6548 kB
Cached:          1696136 kB
SwapCached:            0 kB
Active:          1257460 kB
Inactive:        1470736 kB
Active(anon):    1031824 kB
Inactive(anon):    20976 kB
Active(file):     225636 kB
Inactive(file):  1449760 kB
Unevictable:        5576 kB
Mlocked:            5576 kB
SwapTotal:       3670008 kB
SwapFree:        3670008 kB
Dirty:               332 kB
Writeback:             0 kB
AnonPages:       1031192 kB
Mapped:           781492 kB
Shmem:             22752 kB
KReclaimable:     572568 kB
Slab:             222104 kB
SReclaimable:      68712 kB
SUnreclaim:       153392 kB
KernelStack:       43328 kB
PageTables:        55492 kB
NFS_Unstable:          0 kB
Bounce:                0 kB
WritebackTmp:          0 kB
CommitLimit:     6660208 kB
Committed_AS:   61500084 kB
VmallocTotal:   263061440 kB
VmallocUsed:       83696 kB
VmallocChunk:          0 kB
Percpu:             7648 kB
CmaTotal:         315392 kB
CmaFree:               0 kB
MemTotal:        5980404 kB
MemFree:         1235408 kB
MemAvailable:    2920940 kB
Buffers:            6548 kB
Cached:          1696136 kB
SwapCached:            0 kB
Active:          1256008 kB
Inactive:        1470736 kB
Active(anon):    1030372 kB
Inactive(anon):    20976 kB
Active(file):     225636 kB
Inactive(file):  1449760 kB
Unevictable:        5576 kB
Mlocked:            5576 kB
SwapTotal:       3670008 kB
SwapFree:        3670008 kB
Dirty:               332 kB
Writeback:             0 kB
AnonPages:       1029592 kB
Mapped:           781352 kB
Shmem:             22752 kB
KReclaimable:     572568 kB
Slab:             222120 kB
SReclaimable:      68712 kB
SUnreclaim:       153408 kB
KernelStack:       43392 kB
PageTables:        55484 kB
NFS_Unstable:          0 kB
Bounce:                0 kB
WritebackTmp:          0 kB
CommitLimit:     6660208 kB
Committed_AS:   61500464 kB
VmallocTotal:   263061440 kB
VmallocUsed:       83712 kB
VmallocChunk:          0 kB
Percpu:             7648 kB
CmaTotal:         315392 kB
CmaFree:              64 kB
MemTotal:        5980404 kB
MemFree:         1235168 kB
MemAvailable:    2920700 kB
Buffers:            6548 kB
Cached:          1696136 kB
SwapCached:            0 kB
Active:          1256012 kB
Inactive:        1470736 kB
Active(anon):    1030376 kB
Inactive(anon):    20976 kB
Active(file):     225636 kB
Inactive(file):  1449760 kB
Unevictable:        5576 kB
Mlocked:            5576 kB
SwapTotal:       3670008 kB
SwapFree:        3670008 kB
Dirty:               332 kB
Writeback:             0 kB
AnonPages:       1029764 kB
Mapped:           781492 kB
Shmem:             22752 kB
KReclaimable:     572568 kB
Slab:             222104 kB
SReclaimable:      68712 kB
SUnreclaim:       153392 kB
KernelStack:       43360 kB
PageTables:        55676 kB
NFS_Unstable:          0 kB
Bounce:                0 kB
WritebackTmp:          0 kB
CommitLimit:     6660208 kB
Committed_AS:   61499044 kB
VmallocTotal:   263061440 kB
VmallocUsed:       83664 kB
VmallocChunk:          0 kB
Percpu:             7648 kB
CmaTotal:         315392 kB
CmaFree:               0 kB
MemTotal:        5980404 kB
MemFree:         1233944 kB
MemAvailable:    2919468 kB
Buffers:            6548 kB
Cached:          1696132 kB
SwapCached:            0 kB
Active:          1256348 kB
Inactive:        1470736 kB
Active(anon):    1030716 kB
Inactive(anon):    20980 kB
Active(file):     225632 kB
Inactive(file):  1449756 kB
Unevictable:        5576 kB
Mlocked:            5576 kB
SwapTotal:       3670008 kB
SwapFree:        3670008 kB
Dirty:               344 kB
Writeback:             0 kB
AnonPages:       1029984 kB
Mapped:           781372 kB
Shmem:             22756 kB
KReclaimable:     572568 kB
Slab:             222120 kB
SReclaimable:      68712 kB
SUnreclaim:       153408 kB
KernelStack:       43360 kB
PageTables:        55776 kB
NFS_Unstable:          0 kB
Bounce:                0 kB
WritebackTmp:          0 kB
CommitLimit:     6660208 kB
Committed_AS:   61500924 kB
VmallocTotal:   263061440 kB
VmallocUsed:       83696 kB
VmallocChunk:          0 kB
Percpu:             7648 kB
CmaTotal:         315392 kB
CmaFree:               0 kB
MemTotal:        5980404 kB
MemFree:         1235400 kB
MemAvailable:    2920924 kB
Buffers:            6548 kB
Cached:          1696132 kB
SwapCached:            0 kB
Active:          1255296 kB
Inactive:        1470736 kB
Active(anon):    1029664 kB
Inactive(anon):    20980 kB
Active(file):     225632 kB
Inactive(file):  1449756 kB
Unevictable:        5576 kB
Mlocked:            5576 kB
SwapTotal:       3670008 kB
SwapFree:        3670008 kB
Dirty:               340 kB
Writeback:             0 kB
AnonPages:       1028756 kB
Mapped:           781208 kB
Shmem:             22756 kB
KReclaimable:     572568 kB
Slab:             222104 kB
SReclaimable:      68712 kB
SUnreclaim:       153392 kB
KernelStack:       43360 kB
PageTables:        55648 kB
NFS_Unstable:          0 kB
Bounce:                0 kB
WritebackTmp:          0 kB
CommitLimit:     6660208 kB
Committed_AS:   61500640 kB
VmallocTotal:   263061440 kB
VmallocUsed:       83696 kB
VmallocChunk:          0 kB
Percpu:             7648 kB
CmaTotal:         315392 kB
CmaFree:               0 kB
MemTotal:        5980404 kB
MemFree:         1235276 kB
MemAvailable:    2920808 kB
Buffers:            6548 kB
Cached:          1696140 kB
SwapCached:            0 kB
Active:          1255376 kB
Inactive:        1470740 kB
Active(anon):    1029740 kB
Inactive(anon):    20980 kB
Active(file):     225636 kB
Inactive(file):  1449760 kB
Unevictable:        5576 kB
Mlocked:            5576 kB
SwapTotal:       3670008 kB
SwapFree:        3670008 kB
Dirty:               348 kB
Writeback:             0 kB
AnonPages:       1029024 kB
Mapped:           781496 kB
Shmem:             22756 kB
KReclaimable:     572568 kB
Slab:             222128 kB
SReclaimable:      68712 kB
SUnreclaim:       153416 kB
KernelStack:       43312 kB
PageTables:        55768 kB
NFS_Unstable:          0 kB
Bounce:                0 kB
WritebackTmp:          0 kB
CommitLimit:     6660208 kB
Committed_AS:   61500964 kB
VmallocTotal:   263061440 kB
VmallocUsed:       83680 kB
VmallocChunk:          0 kB
Percpu:             7648 kB
CmaTotal:         315392 kB
CmaFree:               0 kB
MemTotal:        5980404 kB
MemFree:         1234640 kB
MemAvailable:    2920172 kB
Buffers:            6548 kB
Cached:          1696148 kB
SwapCached:            0 kB
Active:          1256072 kB
Inactive:        1470748 kB
Active(anon):    1030436 kB
Inactive(anon):    20988 kB
Active(file):     225636 kB
Inactive(file):  1449760 kB
Unevictable:        5576 kB
Mlocked:            5576 kB
SwapTotal:       3670008 kB
SwapFree:        3670008 kB
Dirty:               332 kB
Writeback:             0 kB
AnonPages:       1029640 kB
Mapped:           781520 kB
Shmem:             22764 kB
KReclaimable:     572568 kB
Slab:             222120 kB
SReclaimable:      68712 kB
SUnreclaim:       153408 kB
KernelStack:       43376 kB
PageTables:        55500 kB
NFS_Unstable:          0 kB
Bounce:                0 kB
WritebackTmp:          0 kB
CommitLimit:     6660208 kB
Committed_AS:   61500292 kB
VmallocTotal:   263061440 kB
VmallocUsed:       83680 kB
VmallocChunk:          0 kB
Percpu:             7648 kB
CmaTotal:         315392 kB
CmaFree:               0 kB
MemTotal:        5980404 kB
MemFree:         1241772 kB
MemAvailable:    2927308 kB
Buffers:            6548 kB
Cached:          1696148 kB
SwapCached:            0 kB
Active:          1247432 kB
Inactive:        1470748 kB
Active(anon):    1021796 kB
Inactive(anon):    20988 kB
Active(file):     225636 kB
Inactive(file):  1449760 kB
Unevictable:        5576 kB
Mlocked:            5576 kB
SwapTotal:       3670008 kB
SwapFree:        3670008 kB
Dirty:               332 kB
Writeback:             0 kB
AnonPages:       1020920 kB
Mapped:           781480 kB
Shmem:             22764 kB
KReclaimable:     572572 kB
Slab:             222136 kB
SReclaimable:      68716 kB
SUnreclaim:       153420 kB
KernelStack:       43376 kB
PageTables:        55720 kB
NFS_Unstable:          0 kB
Bounce:                0 kB
WritebackTmp:          0 kB
CommitLimit:     6660208 kB
Committed_AS:   61501488 kB
VmallocTotal:   263061440 kB
VmallocUsed:       83680 kB
VmallocChunk:          0 kB
Percpu:             7648 kB
CmaTotal:         315392 kB
CmaFree:             728 kB
MemTotal:        5980404 kB
MemFree:         1242264 kB
MemAvailable:    2927800 kB
Buffers:            6548 kB
Cached:          1696148 kB
SwapCached:            0 kB
Active:          1247332 kB
Inactive:        1470748 kB
Active(anon):    1021696 kB
Inactive(anon):    20988 kB
Active(file):     225636 kB
Inactive(file):  1449760 kB
Unevictable:        5576 kB
Mlocked:            5576 kB
SwapTotal:       3670008 kB
SwapFree:        3670008 kB
Dirty:               344 kB
Writeback:             0 kB
AnonPages:       1021152 kB
Mapped:           781488 kB
Shmem:             22764 kB
KReclaimable:     572572 kB
Slab:             222096 kB
SReclaimable:      68716 kB
SUnreclaim:       153380 kB
KernelStack:       43344 kB
PageTables:        55696 kB
NFS_Unstable:          0 kB
Bounce:                0 kB
WritebackTmp:          0 kB
CommitLimit:     6660208 kB
Committed_AS:   61497196 kB
VmallocTotal:   263061440 kB
VmallocUsed:       83648 kB
VmallocChunk:          0 kB
Percpu:             7648 kB
CmaTotal:         315392 kB
CmaFree:             444 kB
MemTotal:        5980404 kB
MemFree:         1242740 kB
MemAvailable:    2928284 kB
Buffers:            6548 kB
Cached:          1696156 kB
SwapCached:            0 kB
Active:          1247084 kB
Inactive:        1470752 kB
Active(anon):    1021444 kB
Inactive(anon):    20988 kB
Active(file):     225640 kB
Inactive(file):  1449764 kB
Unevictable:        5576 kB
Mlocked:            5576 kB
SwapTotal:       3670008 kB
SwapFree:        3670008 kB
Dirty:               348 kB
Writeback:             0 kB
AnonPages:       1020904 kB
Mapped:           781276 kB
Shmem:             22764 kB
KReclaimable:     572572 kB
Slab:             222120 kB
SReclaimable:      68716 kB
SUnreclaim:       153404 kB
KernelStack:       43312 kB
PageTables:        55624 kB
NFS_Unstable:          0 kB
Bounce:                0 kB
WritebackTmp:          0 kB
CommitLimit:     6660208 kB
Committed_AS:   61501776 kB
VmallocTotal:   263061440 kB
VmallocUsed:       83664 kB
VmallocChunk:          0 kB
Percpu:             7648 kB
CmaTotal:         315392 kB
CmaFree:             584 kB
MemTotal:        5980404 kB
MemFree:         1241580 kB
MemAvailable:    2927116 kB
Buffers:            6548 kB
Cached:          1696148 kB
SwapCached:            0 kB
Active:          1247476 kB
Inactive:        1470748 kB
Active(anon):    1021840 kB
Inactive(anon):    20988 kB
Active(file):     225636 kB
Inactive(file):  1449760 kB
Unevictable:        5576 kB
Mlocked:            5576 kB
SwapTotal:       3670008 kB
SwapFree:        3670008 kB
Dirty:               344 kB
Writeback:             0 kB
AnonPages:       1021256 kB
Mapped:           781504 kB
Shmem:             22764 kB
KReclaimable:     572572 kB
Slab:             222112 kB
SReclaimable:      68716 kB
SUnreclaim:       153396 kB
KernelStack:       43328 kB
PageTables:        55748 kB
NFS_Unstable:          0 kB
Bounce:                0 kB
WritebackTmp:          0 kB
CommitLimit:     6660208 kB
Committed_AS:   61498684 kB
VmallocTotal:   263061440 kB
VmallocUsed:       83680 kB
VmallocChunk:          0 kB
Percpu:             7648 kB
CmaTotal:         315392 kB
CmaFree:               0 kB
MemTotal:        5980404 kB
MemFree:         1241452 kB
MemAvailable:    2926988 kB
Buffers:            6548 kB
Cached:          1696148 kB
SwapCached:            0 kB
Active:          1247816 kB
Inactive:        1470748 kB
Active(anon):    1022180 kB
Inactive(anon):    20988 kB
Active(file):     225636 kB
Inactive(file):  1449760 kB
Unevictable:        5576 kB
Mlocked:            5576 kB
SwapTotal:       3670008 kB
SwapFree:        3670008 kB
Dirty:               336 kB
Writeback:             0 kB
AnonPages:       1021620 kB
Mapped:           781276 kB
Shmem:             22764 kB
KReclaimable:     572572 kB
Slab:             222144 kB
SReclaimable:      68716 kB
SUnreclaim:       153428 kB
KernelStack:       43280 kB
PageTables:        55492 kB
NFS_Unstable:          0 kB
Bounce:                0 kB
WritebackTmp:          0 kB
CommitLimit:     6660208 kB
Committed_AS:   61499464 kB
VmallocTotal:   263061440 kB
VmallocUsed:       83664 kB
VmallocChunk:          0 kB
Percpu:             7648 kB
CmaTotal:         315392 kB
CmaFree:               0 kB
MemTotal:        5980404 kB
MemFree:         1241272 kB
MemAvailable:    2926808 kB
Buffers:            6548 kB
Cached:          1696148 kB
SwapCached:            0 kB
Active:          1248336 kB
Inactive:        1470748 kB
Active(anon):    1022700 kB
Inactive(anon):    20988 kB
Active(file):     225636 kB
Inactive(file):  1449760 kB
Unevictable:        5576 kB
Mlocked:            5576 kB
SwapTotal:       3670008 kB
SwapFree:        3670008 kB
Dirty:               336 kB
Writeback:             0 kB
AnonPages:       1022096 kB
Mapped:           781504 kB
Shmem:             22764 kB
KReclaimable:     572572 kB
Slab:             222136 kB
SReclaimable:      68716 kB
SUnreclaim:       153420 kB
KernelStack:       43312 kB
PageTables:        55696 kB
NFS_Unstable:          0 kB
Bounce:                0 kB
WritebackTmp:          0 kB
CommitLimit:     6660208 kB
Committed_AS:   61497756 kB
VmallocTotal:   263061440 kB
VmallocUsed:       83632 kB
VmallocChunk:          0 kB
Percpu:             7648 kB
CmaTotal:         315392 kB
CmaFree:               0 kB
MemTotal:        5980404 kB
MemFree:         1241096 kB
MemAvailable:    2926636 kB
Buffers:            6556 kB
Cached:          1696148 kB
SwapCached:            0 kB
Active:          1248428 kB
Inactive:        1470752 kB
Active(anon):    1022792 kB
Inactive(anon):    20988 kB
Active(file):     225636 kB
Inactive(file):  1449764 kB
Unevictable:        5576 kB
Mlocked:            5576 kB
SwapTotal:       3670008 kB
SwapFree:        3670008 kB
Dirty:               328 kB
Writeback:             0 kB
AnonPages:       1021928 kB
Mapped:           781444 kB
Shmem:             22764 kB
KReclaimable:     572572 kB
Slab:             222104 kB
SReclaimable:      68716 kB
SUnreclaim:       153388 kB
KernelStack:       43308 kB
PageTables:        55664 kB
NFS_Unstable:          0 kB
Bounce:                0 kB
WritebackTmp:          0 kB
CommitLimit:     6660208 kB
Committed_AS:   61500240 kB
VmallocTotal:   263061440 kB
VmallocUsed:       83616 kB
VmallocChunk:          0 kB
Percpu:             7648 kB
CmaTotal:         315392 kB
CmaFree:               0 kB
MemTotal:        5980404 kB
MemFree:         1241956 kB
MemAvailable:    2927516 kB
Buffers:            6556 kB
Cached:          1696164 kB
SwapCached:            0 kB
Active:          1248940 kB
Inactive:        1470764 kB
Active(anon):    1023296 kB
Inactive(anon):    20988 kB
Active(file):     225644 kB
Inactive(file):  1449776 kB
Unevictable:        5576 kB
Mlocked:            5576 kB
SwapTotal:       3670008 kB
SwapFree:        3670008 kB
Dirty:               332 kB
Writeback:             0 kB
AnonPages:       1022872 kB
Mapped:           781292 kB
Shmem:             22764 kB
KReclaimable:     572572 kB
Slab:             222120 kB
SReclaimable:      68716 kB
SUnreclaim:       153404 kB
KernelStack:       43312 kB
PageTables:        55652 kB
NFS_Unstable:          0 kB
Bounce:                0 kB
WritebackTmp:          0 kB
CommitLimit:     6660208 kB
Committed_AS:   61500972 kB
VmallocTotal:   263061440 kB
VmallocUsed:       83616 kB
VmallocChunk:          0 kB
Percpu:             7648 kB
CmaTotal:         315392 kB
CmaFree:               0 kB
MemTotal:        5980404 kB
MemFree:         1241676 kB
MemAvailable:    2927236 kB
Buffers:            6556 kB
Cached:          1696164 kB
SwapCached:            0 kB
Active:          1249168 kB
Inactive:        1470764 kB
Active(anon):    1023524 kB
Inactive(anon):    20988 kB
Active(file):     225644 kB
Inactive(file):  1449776 kB
Unevictable:        5576 kB
Mlocked:            5576 kB
SwapTotal:       3670008 kB
SwapFree:        3670008 kB
Dirty:               364 kB
Writeback:             0 kB
AnonPages:       1023104 kB
Mapped:           781504 kB
Shmem:             22764 kB
KReclaimable:     572572 kB
Slab:             222120 kB
SReclaimable:      68716 kB
SUnreclaim:       153404 kB
KernelStack:       43280 kB
PageTables:        55420 kB
NFS_Unstable:          0 kB
Bounce:                0 kB
WritebackTmp:          0 kB
CommitLimit:     6660208 kB
Committed_AS:   61497288 kB
VmallocTotal:   263061440 kB
VmallocUsed:       83616 kB
VmallocChunk:          0 kB
Percpu:             7648 kB
CmaTotal:         315392 kB
CmaFree:               0 kB
MemTotal:        5980404 kB
MemFree:         1240364 kB
MemAvailable:    2925924 kB
Buffers:            6556 kB
Cached:          1696164 kB
SwapCached:            0 kB
Active:          1250092 kB
Inactive:        1470764 kB
Active(anon):    1024448 kB
Inactive(anon):    20988 kB
Active(file):     225644 kB
Inactive(file):  1449776 kB
Unevictable:        5576 kB
Mlocked:            5576 kB
SwapTotal:       3670008 kB
SwapFree:        3670008 kB
Dirty:               416 kB
Writeback:             0 kB
AnonPages:       1023712 kB
Mapped:           781440 kB
Shmem:             22764 kB
KReclaimable:     572572 kB
Slab:             222128 kB
SReclaimable:      68716 kB
SUnreclaim:       153412 kB
KernelStack:       43328 kB
PageTables:        55616 kB
NFS_Unstable:          0 kB
Bounce:                0 kB
WritebackTmp:          0 kB
CommitLimit:     6660208 kB
Committed_AS:   61501612 kB
VmallocTotal:   263061440 kB
VmallocUsed:       83648 kB
VmallocChunk:          0 kB
Percpu:             7648 kB
CmaTotal:         315392 kB
CmaFree:              28 kB
MemTotal:        5980404 kB
MemFree:         1236332 kB
MemAvailable:    2921892 kB
Buffers:            6556 kB
Cached:          1696180 kB
SwapCached:            0 kB
Active:          1254208 kB
Inactive:        1470736 kB
Active(anon):    1028520 kB
Inactive(anon):    21004 kB
Active(file):     225688 kB
Inactive(file):  1449732 kB
Unevictable:        5576 kB
Mlocked:            5576 kB
SwapTotal:       3670008 kB
SwapFree:        3670008 kB
Dirty:               864 kB
Writeback:             0 kB
AnonPages:       1027820 kB
Mapped:           794856 kB
Shmem:             22780 kB
KReclaimable:     572572 kB
Slab:             222120 kB
SReclaimable:      68716 kB
SUnreclaim:       153404 kB
KernelStack:       43568 kB
PageTables:        55620 kB
NFS_Unstable:          0 kB
Bounce:                0 kB
WritebackTmp:          0 kB
CommitLimit:     6660208 kB
Committed_AS:   61500944 kB
VmallocTotal:   263061440 kB
VmallocUsed:       83952 kB
VmallocChunk:          0 kB
Percpu:             7648 kB
CmaTotal:         315392 kB
CmaFree:               0 kB
MemTotal:        5980404 kB
MemFree:         1234252 kB
MemAvailable:    2919820 kB
Buffers:            6556 kB
Cached:          1696228 kB
SwapCached:            0 kB
Active:          1256028 kB
Inactive:        1470784 kB
Active(anon):    1030340 kB
Inactive(anon):    21044 kB
Active(file):     225688 kB
Inactive(file):  1449740 kB
Unevictable:        5576 kB
Mlocked:            5576 kB
SwapTotal:       3670008 kB
SwapFree:        3670008 kB
Dirty:               588 kB
Writeback:             0 kB
AnonPages:       1029376 kB
Mapped:           795056 kB
Shmem:             22820 kB
KReclaimable:     572572 kB
Slab:             222112 kB
SReclaimable:      68716 kB
SUnreclaim:       153396 kB
KernelStack:       43696 kB
PageTables:        55780 kB
NFS_Unstable:          0 kB
Bounce:                0 kB
WritebackTmp:          0 kB
CommitLimit:     6660208 kB
Committed_AS:   61498976 kB
VmallocTotal:   263061440 kB
VmallocUsed:       84032 kB
VmallocChunk:          0 kB
Percpu:             7648 kB
CmaTotal:         315392 kB
CmaFree:               0 kB
MemTotal:        5980404 kB
MemFree:         1232928 kB
MemAvailable:    2918496 kB
Buffers:            6556 kB
Cached:          1696232 kB
SwapCached:            0 kB
Active:          1257748 kB
Inactive:        1470788 kB
Active(anon):    1032060 kB
Inactive(anon):    21048 kB
Active(file):     225688 kB
Inactive(file):  1449740 kB
Unevictable:        5576 kB
Mlocked:            5576 kB
SwapTotal:       3670008 kB
SwapFree:        3670008 kB
Dirty:               588 kB
Writeback:             0 kB
AnonPages:       1031136 kB
Mapped:           794892 kB
Shmem:             22824 kB
KReclaimable:     572572 kB
Slab:             222112 kB
SReclaimable:      68716 kB
SUnreclaim:       153396 kB
KernelStack:       43664 kB
PageTables:        55916 kB
NFS_Unstable:          0 kB
Bounce:                0 kB
WritebackTmp:          0 kB
CommitLimit:     6660208 kB
Committed_AS:   61500832 kB
VmallocTotal:   263061440 kB
VmallocUsed:       84048 kB
VmallocChunk:          0 kB
Percpu:             7648 kB
CmaTotal:         315392 kB
CmaFree:               0 kB
MemTotal:        5980404 kB
MemFree:         1231688 kB
MemAvailable:    2917264 kB
Buffers:            6556 kB
Cached:          1696240 kB
SwapCached:            0 kB
Active:          1258000 kB
Inactive:        1470792 kB
Active(anon):    1032308 kB
Inactive(anon):    21048 kB
Active(file):     225692 kB
Inactive(file):  1449744 kB
Unevictable:        5576 kB
Mlocked:            5576 kB
SwapTotal:       3670008 kB
SwapFree:        3670008 kB
Dirty:               596 kB
Writeback:             0 kB
AnonPages:       1031476 kB
Mapped:           795060 kB
Shmem:             22824 kB
KReclaimable:     572572 kB
Slab:             222128 kB
SReclaimable:      68716 kB
SUnreclaim:       153412 kB
KernelStack:       43664 kB
PageTables:        55460 kB
NFS_Unstable:          0 kB
Bounce:                0 kB
WritebackTmp:          0 kB
CommitLimit:     6660208 kB
Committed_AS:   61498328 kB
VmallocTotal:   263061440 kB
VmallocUsed:       84064 kB
VmallocChunk:          0 kB
Percpu:             7648 kB
CmaTotal:         315392 kB
CmaFree:              20 kB
MemTotal:        5980404 kB
MemFree:         1231316 kB
MemAvailable:    2916884 kB
Buffers:            6556 kB
Cached:          1696232 kB
SwapCached:            0 kB
Active:          1258944 kB
Inactive:        1470788 kB
Active(anon):    1033256 kB
Inactive(anon):    21048 kB
Active(file):     225688 kB
Inactive(file):  1449740 kB
Unevictable:        5576 kB
Mlocked:            5576 kB
SwapTotal:       3670008 kB
SwapFree:        3670008 kB
Dirty:               344 kB
Writeback:             0 kB
AnonPages:       1032664 kB
Mapped:           794872 kB
Shmem:             22824 kB
KReclaimable:     572572 kB
Slab:             222128 kB
SReclaimable:      68716 kB
SUnreclaim:       153412 kB
KernelStack:       43740 kB
PageTables:        55604 kB
NFS_Unstable:          0 kB
Bounce:                0 kB
WritebackTmp:          0 kB
CommitLimit:     6660208 kB
Committed_AS:   61500400 kB
VmallocTotal:   263061440 kB
VmallocUsed:       84112 kB
VmallocChunk:          0 kB
Percpu:             7648 kB
CmaTotal:         315392 kB
CmaFree:               0 kB
MemTotal:        5980404 kB
MemFree:         1230776 kB
MemAvailable:    2916352 kB
Buffers:            6556 kB
Cached:          1696240 kB
SwapCached:            0 kB
Active:          1259028 kB
Inactive:        1470796 kB
Active(anon):    1033340 kB
Inactive(anon):    21048 kB
Active(file):     225688 kB
Inactive(file):  1449748 kB
Unevictable:        5576 kB
Mlocked:            5576 kB
SwapTotal:       3670008 kB
SwapFree:        3670008 kB
Dirty:               400 kB
Writeback:             0 kB
AnonPages:       1032820 kB
Mapped:           794896 kB
Shmem:             22824 kB
KReclaimable:     572572 kB
Slab:             222112 kB
SReclaimable:      68716 kB
SUnreclaim:       153396 kB
KernelStack:       43792 kB
PageTables:        55816 kB
NFS_Unstable:          0 kB
Bounce:                0 kB
WritebackTmp:          0 kB
CommitLimit:     6660208 kB
Committed_AS:   61499436 kB
VmallocTotal:   263061440 kB
VmallocUsed:       84080 kB
VmallocChunk:          0 kB
Percpu:             7648 kB
CmaTotal:         315392 kB
CmaFree:               0 kB
MemTotal:        5980404 kB
MemFree:         1230336 kB
MemAvailable:    2915912 kB
Buffers:            6556 kB
Cached:          1696240 kB
SwapCached:            0 kB
Active:          1259232 kB
Inactive:        1470796 kB
Active(anon):    1033544 kB
Inactive(anon):    21048 kB
Active(file):     225688 kB
Inactive(file):  1449748 kB
Unevictable:        5576 kB
Mlocked:            5576 kB
SwapTotal:       3670008 kB
SwapFree:        3670008 kB
Dirty:               400 kB
Writeback:             0 kB
AnonPages:       1032900 kB
Mapped:           794996 kB
Shmem:             22824 kB
KReclaimable:     572572 kB
Slab:             222096 kB
SReclaimable:      68716 kB
SUnreclaim:       153380 kB
KernelStack:       43760 kB
PageTables:        55616 kB
NFS_Unstable:          0 kB
Bounce:                0 kB
WritebackTmp:          0 kB
CommitLimit:     6660208 kB
Committed_AS:   61502756 kB
VmallocTotal:   263061440 kB
VmallocUsed:       84112 kB
VmallocChunk:          0 kB
Percpu:             7648 kB
CmaTotal:         315392 kB
CmaFree:               0 kB
MemTotal:        5980404 kB
MemFree:         1231148 kB
MemAvailable:    2916724 kB
Buffers:            6556 kB
Cached:          1696244 kB
SwapCached:            0 kB
Active:          1259256 kB
Inactive:        1470800 kB
Active(anon):    1033568 kB
Inactive(anon):    21052 kB
Active(file):     225688 kB
Inactive(file):  1449748 kB
Unevictable:        5576 kB
Mlocked:            5576 kB
SwapTotal:       3670008 kB
SwapFree:        3670008 kB
Dirty:               400 kB
Writeback:             0 kB
AnonPages:       1032916 kB
Mapped:           795236 kB
Shmem:             22828 kB
KReclaimable:     572572 kB
Slab:             222128 kB
SReclaimable:      68716 kB
SUnreclaim:       153412 kB
KernelStack:       43760 kB
PageTables:        55960 kB
NFS_Unstable:          0 kB
Bounce:                0 kB
WritebackTmp:          0 kB
CommitLimit:     6660208 kB
Committed_AS:   61501636 kB
VmallocTotal:   263061440 kB
VmallocUsed:       84144 kB
VmallocChunk:          0 kB
Percpu:             7648 kB
CmaTotal:         315392 kB
CmaFree:               0 kB
MemTotal:        5980404 kB
MemFree:         1231408 kB
MemAvailable:    2916984 kB
Buffers:            6556 kB
Cached:          1696252 kB
SwapCached:            0 kB
Active:          1259684 kB
Inactive:        1470808 kB
Active(anon):    1033996 kB
Inactive(anon):    21060 kB
Active(file):     225688 kB
Inactive(file):  1449748 kB
Unevictable:        5576 kB
Mlocked:            5576 kB
SwapTotal:       3670008 kB
SwapFree:        3670008 kB
Dirty:               400 kB
Writeback:             0 kB
AnonPages:       1033408 kB
Mapped:           794828 kB
Shmem:             22836 kB
KReclaimable:     572572 kB
Slab:             222088 kB
SReclaimable:      68716 kB
SUnreclaim:       153372 kB
KernelStack:       43744 kB
PageTables:        55612 kB
NFS_Unstable:          0 kB
Bounce:                0 kB
WritebackTmp:          0 kB
CommitLimit:     6660208 kB
Committed_AS:   61502400 kB
VmallocTotal:   263061440 kB
VmallocUsed:       84176 kB
VmallocChunk:          0 kB
Percpu:             7648 kB
CmaTotal:         315392 kB
CmaFree:               0 kB
MemTotal:        5980404 kB
MemFree:         1231108 kB
MemAvailable:    2916684 kB
Buffers:            6556 kB
Cached:          1696252 kB
SwapCached:            0 kB
Active:          1259836 kB
Inactive:        1470808 kB
Active(anon):    1034148 kB
Inactive(anon):    21060 kB
Active(file):     225688 kB
Inactive(file):  1449748 kB
Unevictable:        5576 kB
Mlocked:            5576 kB
SwapTotal:       3670008 kB
SwapFree:        3670008 kB
Dirty:               404 kB
Writeback:             0 kB
AnonPages:       1033380 kB
Mapped:           794844 kB
Shmem:             22836 kB
KReclaimable:     572572 kB
Slab:             222120 kB
SReclaimable:      68716 kB
SUnreclaim:       153404 kB
KernelStack:       43760 kB
PageTables:        55668 kB
NFS_Unstable:          0 kB
Bounce:                0 kB
WritebackTmp:          0 kB
CommitLimit:     6660208 kB
Committed_AS:   61503480 kB
VmallocTotal:   263061440 kB
VmallocUsed:       84144 kB
VmallocChunk:          0 kB
Percpu:             7648 kB
CmaTotal:         315392 kB
CmaFree:               0 kB
MemTotal:        5980404 kB
MemFree:         1229920 kB
MemAvailable:    2915496 kB
Buffers:            6556 kB
Cached:          1696256 kB
SwapCached:            0 kB
Active:          1260532 kB
Inactive:        1470812 kB
Active(anon):    1034844 kB
Inactive(anon):    21064 kB
Active(file):     225688 kB
Inactive(file):  1449748 kB
Unevictable:        5576 kB
Mlocked:            5576 kB
SwapTotal:       3670008 kB
SwapFree:        3670008 kB
Dirty:               360 kB
Writeback:             0 kB
AnonPages:       1034156 kB
Mapped:           795076 kB
Shmem:             22840 kB
KReclaimable:     572572 kB
Slab:             222104 kB
SReclaimable:      68716 kB
SUnreclaim:       153388 kB
KernelStack:       43792 kB
PageTables:        55676 kB
NFS_Unstable:          0 kB
Bounce:                0 kB
WritebackTmp:          0 kB
CommitLimit:     6660208 kB
Committed_AS:   61506084 kB
VmallocTotal:   263061440 kB
VmallocUsed:       84160 kB
VmallocChunk:          0 kB
Percpu:             7648 kB
CmaTotal:         315392 kB
CmaFree:               0 kB
MemTotal:        5980404 kB
MemFree:         1229560 kB
MemAvailable:    2915148 kB
Buffers:            6560 kB
Cached:          1696264 kB
SwapCached:            0 kB
Active:          1261112 kB
Inactive:        1470820 kB
Active(anon):    1035420 kB
Inactive(anon):    21064 kB
Active(file):     225692 kB
Inactive(file):  1449756 kB
Unevictable:        5576 kB
Mlocked:            5576 kB
SwapTotal:       3670008 kB
SwapFree:        3670008 kB
Dirty:               360 kB
Writeback:             0 kB
AnonPages:       1034464 kB
Mapped:           795092 kB
Shmem:             22840 kB
KReclaimable:     572572 kB
Slab:             222112 kB
SReclaimable:      68716 kB
SUnreclaim:       153396 kB
KernelStack:       43760 kB
PageTables:        55580 kB
NFS_Unstable:          0 kB
Bounce:                0 kB
WritebackTmp:          0 kB
CommitLimit:     6660208 kB
Committed_AS:   61504768 kB
VmallocTotal:   263061440 kB
VmallocUsed:       84144 kB
VmallocChunk:          0 kB
Percpu:             7648 kB
CmaTotal:         315392 kB
CmaFree:               0 kB
MemTotal:        5980404 kB
MemFree:         1229480 kB
MemAvailable:    2915072 kB
Buffers:            6560 kB
Cached:          1696268 kB
SwapCached:            0 kB
Active:          1260464 kB
Inactive:        1470824 kB
Active(anon):    1034772 kB
Inactive(anon):    21064 kB
Active(file):     225692 kB
Inactive(file):  1449760 kB
Unevictable:        5576 kB
Mlocked:            5576 kB
SwapTotal:       3670008 kB
SwapFree:        3670008 kB
Dirty:               364 kB
Writeback:             0 kB
AnonPages:       1034124 kB
Mapped:           795076 kB
Shmem:             22840 kB
KReclaimable:     572572 kB
Slab:             222096 kB
SReclaimable:      68716 kB
SUnreclaim:       153380 kB
KernelStack:       43760 kB
PageTables:        55592 kB
NFS_Unstable:          0 kB
Bounce:                0 kB
WritebackTmp:          0 kB
CommitLimit:     6660208 kB
Committed_AS:   61502564 kB
VmallocTotal:   263061440 kB
VmallocUsed:       84144 kB
VmallocChunk:          0 kB
Percpu:             7648 kB
CmaTotal:         315392 kB
CmaFree:             128 kB
MemTotal:        5980404 kB
MemFree:         1229472 kB
MemAvailable:    2915064 kB
Buffers:            6560 kB
Cached:          1696268 kB
SwapCached:            0 kB
Active:          1260916 kB
Inactive:        1470824 kB
Active(anon):    1035224 kB
Inactive(anon):    21064 kB
Active(file):     225692 kB
Inactive(file):  1449760 kB
Unevictable:        5576 kB
Mlocked:            5576 kB
SwapTotal:       3670008 kB
SwapFree:        3670008 kB
Dirty:               364 kB
Writeback:             0 kB
AnonPages:       1034512 kB
Mapped:           795104 kB
Shmem:             22840 kB
KReclaimable:     572572 kB
Slab:             222104 kB
SReclaimable:      68716 kB
SUnreclaim:       153388 kB
KernelStack:       43840 kB
PageTables:        55784 kB
NFS_Unstable:          0 kB
Bounce:                0 kB
WritebackTmp:          0 kB
CommitLimit:     6660208 kB
Committed_AS:   61502748 kB
VmallocTotal:   263061440 kB
VmallocUsed:       84128 kB
VmallocChunk:          0 kB
Percpu:             7648 kB
CmaTotal:         315392 kB
CmaFree:               0 kB
MemTotal:        5980404 kB
MemFree:         1227948 kB
MemAvailable:    2913556 kB
Buffers:            6560 kB
Cached:          1696284 kB
SwapCached:            0 kB
Active:          1261532 kB
Inactive:        1470832 kB
Active(anon):    1035832 kB
Inactive(anon):    21064 kB
Active(file):     225700 kB
Inactive(file):  1449768 kB
Unevictable:        5576 kB
Mlocked:            5576 kB
SwapTotal:       3670008 kB
SwapFree:        3670008 kB
Dirty:               376 kB
Writeback:             0 kB
AnonPages:       1035108 kB
Mapped:           795076 kB
Shmem:             22840 kB
KReclaimable:     572572 kB
Slab:             222096 kB
SReclaimable:      68716 kB
SUnreclaim:       153380 kB
KernelStack:       43776 kB
PageTables:        55712 kB
NFS_Unstable:          0 kB
Bounce:                0 kB
WritebackTmp:          0 kB
CommitLimit:     6660208 kB
Committed_AS:   61505180 kB
VmallocTotal:   263061440 kB
VmallocUsed:       84128 kB
VmallocChunk:          0 kB
Percpu:             7648 kB
CmaTotal:         315392 kB
CmaFree:               0 kB
MemTotal:        5980404 kB
MemFree:         1227764 kB
MemAvailable:    2913356 kB
Buffers:            6560 kB
Cached:          1696268 kB
SwapCached:            0 kB
Active:          1261592 kB
Inactive:        1470824 kB
Active(anon):    1035900 kB
Inactive(anon):    21064 kB
Active(file):     225692 kB
Inactive(file):  1449760 kB
Unevictable:        5576 kB
Mlocked:            5576 kB
SwapTotal:       3670008 kB
SwapFree:        3670008 kB
Dirty:               364 kB
Writeback:             0 kB
AnonPages:       1035184 kB
Mapped:           795012 kB
Shmem:             22840 kB
KReclaimable:     572572 kB
Slab:             222112 kB
SReclaimable:      68716 kB
SUnreclaim:       153396 kB
KernelStack:       43776 kB
PageTables:        55644 kB
NFS_Unstable:          0 kB
Bounce:                0 kB
WritebackTmp:          0 kB
CommitLimit:     6660208 kB
Committed_AS:   61503368 kB
VmallocTotal:   263061440 kB
VmallocUsed:       84144 kB
VmallocChunk:          0 kB
Percpu:             7648 kB
CmaTotal:         315392 kB
CmaFree:               0 kB
MemTotal:        5980404 kB
MemFree:         1228132 kB
MemAvailable:    2913720 kB
Buffers:            6560 kB
Cached:          1696268 kB
SwapCached:            0 kB
Active:          1261996 kB
Inactive:        1470824 kB
Active(anon):    1036304 kB
Inactive(anon):    21064 kB
Active(file):     225692 kB
Inactive(file):  1449760 kB
Unevictable:        5576 kB
Mlocked:            5576 kB
SwapTotal:       3670008 kB
SwapFree:        3670008 kB
Dirty:               384 kB
Writeback:             0 kB
AnonPages:       1036228 kB
Mapped:           795344 kB
Shmem:             22840 kB
KReclaimable:     572568 kB
Slab:             222092 kB
SReclaimable:      68712 kB
SUnreclaim:       153380 kB
KernelStack:       43792 kB
PageTables:        55852 kB
NFS_Unstable:          0 kB
Bounce:                0 kB
WritebackTmp:          0 kB
CommitLimit:     6660208 kB
Committed_AS:   61506284 kB
VmallocTotal:   263061440 kB
VmallocUsed:       84128 kB
VmallocChunk:          0 kB
Percpu:             7648 kB
CmaTotal:         315392 kB
CmaFree:               0 kB
MemTotal:        5980404 kB
MemFree:         1227864 kB
MemAvailable:    2913452 kB
Buffers:            6560 kB
Cached:          1696268 kB
SwapCached:            0 kB
Active:          1262156 kB
Inactive:        1470824 kB
Active(anon):    1036464 kB
Inactive(anon):    21064 kB
Active(file):     225692 kB
Inactive(file):  1449760 kB
Unevictable:        5576 kB
Mlocked:            5576 kB
SwapTotal:       3670008 kB
SwapFree:        3670008 kB
Dirty:               424 kB
Writeback:             0 kB
AnonPages:       1035836 kB
Mapped:           795116 kB
Shmem:             22840 kB
KReclaimable:     572568 kB
Slab:             222140 kB
SReclaimable:      68712 kB
SUnreclaim:       153428 kB
KernelStack:       43776 kB
PageTables:        55636 kB
NFS_Unstable:          0 kB
Bounce:                0 kB
WritebackTmp:          0 kB
CommitLimit:     6660208 kB
Committed_AS:   61503364 kB
VmallocTotal:   263061440 kB
VmallocUsed:       84112 kB
VmallocChunk:          0 kB
Percpu:             7648 kB
CmaTotal:         315392 kB
CmaFree:               0 kB
MemTotal:        5980404 kB
MemFree:         1228208 kB
MemAvailable:    2913796 kB
Buffers:            6560 kB
Cached:          1696268 kB
SwapCached:            0 kB
Active:          1262316 kB
Inactive:        1470824 kB
Active(anon):    1036624 kB
Inactive(anon):    21064 kB
Active(file):     225692 kB
Inactive(file):  1449760 kB
Unevictable:        5576 kB
Mlocked:            5576 kB
SwapTotal:       3670008 kB
SwapFree:        3670008 kB
Dirty:               428 kB
Writeback:             0 kB
AnonPages:       1036176 kB
Mapped:           795116 kB
Shmem:             22840 kB
KReclaimable:     572568 kB
Slab:             222108 kB
SReclaimable:      68712 kB
SUnreclaim:       153396 kB
KernelStack:       43808 kB
PageTables:        55932 kB
NFS_Unstable:          0 kB
Bounce:                0 kB
WritebackTmp:          0 kB
CommitLimit:     6660208 kB
Committed_AS:   61502928 kB
VmallocTotal:   263061440 kB
VmallocUsed:       84112 kB
VmallocChunk:          0 kB
Percpu:             7648 kB
CmaTotal:         315392 kB
CmaFree:               0 kB
MemTotal:        5980404 kB
MemFree:         1226264 kB
MemAvailable:    2911852 kB
Buffers:            6560 kB
Cached:          1696272 kB
SwapCached:            0 kB
Active:          1262544 kB
Inactive:        1470828 kB
Active(anon):    1036852 kB
Inactive(anon):    21068 kB
Active(file):     225692 kB
Inactive(file):  1449760 kB
Unevictable:        5576 kB
Mlocked:            5576 kB
SwapTotal:       3670008 kB
SwapFree:        3670008 kB
Dirty:               428 kB
Writeback:             0 kB
AnonPages:       1036540 kB
Mapped:           795184 kB
Shmem:             22844 kB
KReclaimable:     572568 kB
Slab:             222104 kB
SReclaimable:      68712 kB
SUnreclaim:       153392 kB
KernelStack:       43776 kB
PageTables:        55752 kB
NFS_Unstable:          0 kB
Bounce:                0 kB
WritebackTmp:          0 kB
CommitLimit:     6660208 kB
Committed_AS:   61504448 kB
VmallocTotal:   263061440 kB
VmallocUsed:       84144 kB
VmallocChunk:          0 kB
Percpu:             7648 kB
CmaTotal:         315392 kB
CmaFree:               0 kB
MemTotal:        5980404 kB
MemFree:         1226620 kB
MemAvailable:    2912208 kB
Buffers:            6560 kB
Cached:          1696272 kB
SwapCached:            0 kB
Active:          1262924 kB
Inactive:        1470828 kB
Active(anon):    1037232 kB
Inactive(anon):    21068 kB
Active(file):     225692 kB
Inactive(file):  1449760 kB
Unevictable:        5576 kB
Mlocked:            5576 kB
SwapTotal:       3670008 kB
SwapFree:        3670008 kB
Dirty:               344 kB
Writeback:             0 kB
AnonPages:       1036464 kB
Mapped:           794892 kB
Shmem:             22844 kB
KReclaimable:     572568 kB
Slab:             222120 kB
SReclaimable:      68712 kB
SUnreclaim:       153408 kB
KernelStack:       43760 kB
PageTables:        55500 kB
NFS_Unstable:          0 kB
Bounce:                0 kB
WritebackTmp:          0 kB
CommitLimit:     6660208 kB
Committed_AS:   61503784 kB
VmallocTotal:   263061440 kB
VmallocUsed:       84112 kB
VmallocChunk:          0 kB
Percpu:             7648 kB
CmaTotal:         315392 kB
CmaFree:               0 kB
MemTotal:        5980404 kB
MemFree:         1225796 kB
MemAvailable:    2911392 kB
Buffers:            6560 kB
Cached:          1696280 kB
SwapCached:            0 kB
Active:          1263120 kB
Inactive:        1470836 kB
Active(anon):    1037428 kB
Inactive(anon):    21068 kB
Active(file):     225692 kB
Inactive(file):  1449768 kB
Unevictable:        5576 kB
Mlocked:            5576 kB
SwapTotal:       3670008 kB
SwapFree:        3670008 kB
Dirty:               360 kB
Writeback:             0 kB
AnonPages:       1036724 kB
Mapped:           794956 kB
Shmem:             22844 kB
KReclaimable:     572568 kB
Slab:             222096 kB
SReclaimable:      68712 kB
SUnreclaim:       153384 kB
KernelStack:       43760 kB
PageTables:        55676 kB
NFS_Unstable:          0 kB
Bounce:                0 kB
WritebackTmp:          0 kB
CommitLimit:     6660208 kB
Committed_AS:   61502052 kB
VmallocTotal:   263061440 kB
VmallocUsed:       84128 kB
VmallocChunk:          0 kB
Percpu:             7648 kB
CmaTotal:         315392 kB
CmaFree:              24 kB
MemTotal:        5980404 kB
MemFree:         1225428 kB
MemAvailable:    2911024 kB
Buffers:            6560 kB
Cached:          1696280 kB
SwapCached:            0 kB
Active:          1263604 kB
Inactive:        1470836 kB
Active(anon):    1037912 kB
Inactive(anon):    21068 kB
Active(file):     225692 kB
Inactive(file):  1449768 kB
Unevictable:        5576 kB
Mlocked:            5576 kB
SwapTotal:       3670008 kB
SwapFree:        3670008 kB
Dirty:               400 kB
Writeback:             0 kB
AnonPages:       1037200 kB
Mapped:           794892 kB
Shmem:             22844 kB
KReclaimable:     572568 kB
Slab:             222100 kB
SReclaimable:      68712 kB
SUnreclaim:       153388 kB
KernelStack:       43760 kB
PageTables:        55716 kB
NFS_Unstable:          0 kB
Bounce:                0 kB
WritebackTmp:          0 kB
CommitLimit:     6660208 kB
Committed_AS:   61502952 kB
VmallocTotal:   263061440 kB
VmallocUsed:       84128 kB
VmallocChunk:          0 kB
Percpu:             7648 kB
CmaTotal:         315392 kB
CmaFree:               0 kB
MemTotal:        5980404 kB
MemFree:         1224876 kB
MemAvailable:    2910472 kB
Buffers:            6560 kB
Cached:          1696280 kB
SwapCached:            0 kB
Active:          1263172 kB
Inactive:        1470836 kB
Active(anon):    1037480 kB
Inactive(anon):    21068 kB
Active(file):     225692 kB
Inactive(file):  1449768 kB
Unevictable:        5576 kB
Mlocked:            5576 kB
SwapTotal:       3670008 kB
SwapFree:        3670008 kB
Dirty:               400 kB
Writeback:             0 kB
AnonPages:       1036860 kB
Mapped:           794892 kB
Shmem:             22844 kB
KReclaimable:     572568 kB
Slab:             222076 kB
SReclaimable:      68712 kB
SUnreclaim:       153364 kB
KernelStack:       43792 kB
PageTables:        55564 kB
NFS_Unstable:          0 kB
Bounce:                0 kB
WritebackTmp:          0 kB
CommitLimit:     6660208 kB
Committed_AS:   61497980 kB
VmallocTotal:   263061440 kB
VmallocUsed:       84128 kB
VmallocChunk:          0 kB
Percpu:             7648 kB
CmaTotal:         315392 kB
CmaFree:               0 kB
MemTotal:        5980404 kB
MemFree:         1225268 kB
MemAvailable:    2910864 kB
Buffers:            6560 kB
Cached:          1696280 kB
SwapCached:            0 kB
Active:          1263608 kB
Inactive:        1470836 kB
Active(anon):    1037916 kB
Inactive(anon):    21068 kB
Active(file):     225692 kB
Inactive(file):  1449768 kB
Unevictable:        5576 kB
Mlocked:            5576 kB
SwapTotal:       3670008 kB
SwapFree:        3670008 kB
Dirty:               400 kB
Writeback:             0 kB
AnonPages:       1037320 kB
Mapped:           795120 kB
Shmem:             22844 kB
KReclaimable:     572568 kB
Slab:             222108 kB
SReclaimable:      68712 kB
SUnreclaim:       153396 kB
KernelStack:       43744 kB
PageTables:        55648 kB
NFS_Unstable:          0 kB
Bounce:                0 kB
WritebackTmp:          0 kB
CommitLimit:     6660208 kB
Committed_AS:   61498736 kB
VmallocTotal:   263061440 kB
VmallocUsed:       84112 kB
VmallocChunk:          0 kB
Percpu:             7648 kB
CmaTotal:         315392 kB
CmaFree:               0 kB
MemTotal:        5980404 kB
MemFree:         1224304 kB
MemAvailable:    2909900 kB
Buffers:            6560 kB
Cached:          1696280 kB
SwapCached:            0 kB
Active:          1264048 kB
Inactive:        1470836 kB
Active(anon):    1038356 kB
Inactive(anon):    21068 kB
Active(file):     225692 kB
Inactive(file):  1449768 kB
Unevictable:        5576 kB
Mlocked:            5576 kB
SwapTotal:       3670008 kB
SwapFree:        3670008 kB
Dirty:               376 kB
Writeback:             0 kB
AnonPages:       1037732 kB
Mapped:           795200 kB
Shmem:             22844 kB
KReclaimable:     572568 kB
Slab:             222124 kB
SReclaimable:      68712 kB
SUnreclaim:       153412 kB
KernelStack:       43728 kB
PageTables:        55596 kB
NFS_Unstable:          0 kB
Bounce:                0 kB
WritebackTmp:          0 kB
CommitLimit:     6660208 kB
Committed_AS:   61501000 kB
VmallocTotal:   263061440 kB
VmallocUsed:       84096 kB
VmallocChunk:          0 kB
Percpu:             7648 kB
CmaTotal:         315392 kB
CmaFree:               0 kB
MemTotal:        5980404 kB
MemFree:         1232376 kB
MemAvailable:    2917972 kB
Buffers:            6560 kB
Cached:          1696280 kB
SwapCached:            0 kB
Active:          1255924 kB
Inactive:        1470836 kB
Active(anon):    1030232 kB
Inactive(anon):    21068 kB
Active(file):     225692 kB
Inactive(file):  1449768 kB
Unevictable:        5576 kB
Mlocked:            5576 kB
SwapTotal:       3670008 kB
SwapFree:        3670008 kB
Dirty:               408 kB
Writeback:             0 kB
AnonPages:       1029436 kB
Mapped:           781632 kB
Shmem:             22844 kB
KReclaimable:     572568 kB
Slab:             222076 kB
SReclaimable:      68712 kB
SUnreclaim:       153364 kB
KernelStack:       43824 kB
PageTables:        55768 kB
NFS_Unstable:          0 kB
Bounce:                0 kB
WritebackTmp:          0 kB
CommitLimit:     6660208 kB
Committed_AS:   61499500 kB
VmallocTotal:   263061440 kB
VmallocUsed:       84096 kB
VmallocChunk:          0 kB
Percpu:             7648 kB
CmaTotal:         315392 kB
CmaFree:             168 kB
MemTotal:        5980404 kB
MemFree:         1231700 kB
MemAvailable:    2917316 kB
Buffers:            6564 kB
Cached:          1696296 kB
SwapCached:            0 kB
Active:          1256324 kB
Inactive:        1470852 kB
Active(anon):    1030628 kB
Inactive(anon):    21068 kB
Active(file):     225696 kB
Inactive(file):  1449784 kB
Unevictable:        5576 kB
Mlocked:            5576 kB
SwapTotal:       3670008 kB
SwapFree:        3670008 kB
Dirty:               436 kB
Writeback:             0 kB
AnonPages:       1030144 kB
Mapped:           781712 kB
Shmem:             22844 kB
KReclaimable:     572568 kB
Slab:             222108 kB
SReclaimable:      68712 kB
SUnreclaim:       153396 kB
KernelStack:       43740 kB
PageTables:        55816 kB
NFS_Unstable:          0 kB
Bounce:                0 kB
WritebackTmp:          0 kB
CommitLimit:     6660208 kB
Committed_AS:   61500652 kB
VmallocTotal:   263061440 kB
VmallocUsed:       84080 kB
VmallocChunk:          0 kB
Percpu:             7648 kB
CmaTotal:         315392 kB
CmaFree:             128 kB
MemTotal:        5980404 kB
MemFree:         1232792 kB
MemAvailable:    2918400 kB
Buffers:            6564 kB
Cached:          1696288 kB
SwapCached:            0 kB
Active:          1256188 kB
Inactive:        1470848 kB
Active(anon):    1030496 kB
Inactive(anon):    21068 kB
Active(file):     225692 kB
Inactive(file):  1449780 kB
Unevictable:        5576 kB
Mlocked:            5576 kB
SwapTotal:       3670008 kB
SwapFree:        3670008 kB
Dirty:               436 kB
Writeback:             0 kB
AnonPages:       1030104 kB
Mapped:           781484 kB
Shmem:             22844 kB
KReclaimable:     572568 kB
Slab:             222108 kB
SReclaimable:      68712 kB
SUnreclaim:       153396 kB
KernelStack:       43756 kB
PageTables:        55824 kB
NFS_Unstable:          0 kB
Bounce:                0 kB
WritebackTmp:          0 kB
CommitLimit:     6660208 kB
Committed_AS:   61500540 kB
VmallocTotal:   263061440 kB
VmallocUsed:       84048 kB
VmallocChunk:          0 kB
Percpu:             7648 kB
CmaTotal:         315392 kB
CmaFree:               0 kB
MemTotal:        5980404 kB
MemFree:         1231980 kB
MemAvailable:    2917596 kB
Buffers:            6564 kB
Cached:          1696296 kB
SwapCached:            0 kB
Active:          1257032 kB
Inactive:        1470852 kB
Active(anon):    1031336 kB
Inactive(anon):    21068 kB
Active(file):     225696 kB
Inactive(file):  1449784 kB
Unevictable:        5576 kB
Mlocked:            5576 kB
SwapTotal:       3670008 kB
SwapFree:        3670008 kB
Dirty:               452 kB
Writeback:             0 kB
AnonPages:       1030648 kB
Mapped:           781548 kB
Shmem:             22844 kB
KReclaimable:     572568 kB
Slab:             222092 kB
SReclaimable:      68712 kB
SUnreclaim:       153380 kB
KernelStack:       43744 kB
PageTables:        55668 kB
NFS_Unstable:          0 kB
Bounce:                0 kB
WritebackTmp:          0 kB
CommitLimit:     6660208 kB
Committed_AS:   61501768 kB
VmallocTotal:   263061440 kB
VmallocUsed:       84080 kB
VmallocChunk:          0 kB
Percpu:             7648 kB
CmaTotal:         315392 kB
CmaFree:               0 kB
MemTotal:        5980404 kB
MemFree:         1231708 kB
MemAvailable:    2917324 kB
Buffers:            6564 kB
Cached:          1696296 kB
SwapCached:            0 kB
Active:          1257112 kB
Inactive:        1470852 kB
Active(anon):    1031416 kB
Inactive(anon):    21068 kB
Active(file):     225696 kB
Inactive(file):  1449784 kB
Unevictable:        5576 kB
Mlocked:            5576 kB
SwapTotal:       3670008 kB
SwapFree:        3670008 kB
Dirty:               384 kB
Writeback:             0 kB
AnonPages:       1031008 kB
Mapped:           781828 kB
Shmem:             22844 kB
KReclaimable:     572568 kB
Slab:             222132 kB
SReclaimable:      68712 kB
SUnreclaim:       153420 kB
KernelStack:       43728 kB
PageTables:        55672 kB
NFS_Unstable:          0 kB
Bounce:                0 kB
WritebackTmp:          0 kB
CommitLimit:     6660208 kB
Committed_AS:   61501324 kB
VmallocTotal:   263061440 kB
VmallocUsed:       84064 kB
VmallocChunk:          0 kB
Percpu:             7648 kB
CmaTotal:         315392 kB
CmaFree:               0 kB
MemTotal:        5980404 kB
MemFree:         1231760 kB
MemAvailable:    2917376 kB
Buffers:            6564 kB
Cached:          1696296 kB
SwapCached:            0 kB
Active:          1257740 kB
Inactive:        1470852 kB
Active(anon):    1032044 kB
Inactive(anon):    21068 kB
Active(file):     225696 kB
Inactive(file):  1449784 kB
Unevictable:        5576 kB
Mlocked:            5576 kB
SwapTotal:       3670008 kB
SwapFree:        3670008 kB
Dirty:               384 kB
Writeback:             0 kB
AnonPages:       1031316 kB
Mapped:           781728 kB
Shmem:             22844 kB
KReclaimable:     572568 kB
Slab:             222108 kB
SReclaimable:      68712 kB
SUnreclaim:       153396 kB
KernelStack:       43712 kB
PageTables:        55536 kB
NFS_Unstable:          0 kB
Bounce:                0 kB
WritebackTmp:          0 kB
CommitLimit:     6660208 kB
Committed_AS:   61497172 kB
VmallocTotal:   263061440 kB
VmallocUsed:       84032 kB
VmallocChunk:          0 kB
Percpu:             7648 kB
CmaTotal:         315392 kB
CmaFree:               0 kB
MemTotal:        5980404 kB
MemFree:         1231424 kB
MemAvailable:    2917040 kB
Buffers:            6564 kB
Cached:          1696296 kB
SwapCached:            0 kB
Active:          1258080 kB
Inactive:        1470852 kB
Active(anon):    1032384 kB
Inactive(anon):    21068 kB
Active(file):     225696 kB
Inactive(file):  1449784 kB
Unevictable:        5576 kB
Mlocked:            5576 kB
SwapTotal:       3670008 kB
SwapFree:        3670008 kB
Dirty:               384 kB
Writeback:             0 kB
AnonPages:       1031616 kB
Mapped:           781688 kB
Shmem:             22844 kB
KReclaimable:     572568 kB
Slab:             222116 kB
SReclaimable:      68712 kB
SUnreclaim:       153404 kB
KernelStack:       43680 kB
PageTables:        55536 kB
NFS_Unstable:          0 kB
Bounce:                0 kB
WritebackTmp:          0 kB
CommitLimit:     6660208 kB
Committed_AS:   61499196 kB
VmallocTotal:   263061440 kB
VmallocUsed:       84016 kB
VmallocChunk:          0 kB
Percpu:             7648 kB
CmaTotal:         315392 kB
CmaFree:               0 kB
MemTotal:        5980404 kB
MemFree:         1231448 kB
MemAvailable:    2917064 kB
Buffers:            6564 kB
Cached:          1696300 kB
SwapCached:            0 kB
Active:          1258356 kB
Inactive:        1470856 kB
Active(anon):    1032660 kB
Inactive(anon):    21072 kB
Active(file):     225696 kB
Inactive(file):  1449784 kB
Unevictable:        5576 kB
Mlocked:            5576 kB
SwapTotal:       3670008 kB
SwapFree:        3670008 kB
Dirty:               388 kB
Writeback:             0 kB
AnonPages:       1031680 kB
Mapped:           781716 kB
Shmem:             22848 kB
KReclaimable:     572568 kB
Slab:             222100 kB
SReclaimable:      68712 kB
SUnreclaim:       153388 kB
KernelStack:       43680 kB
PageTables:        55612 kB
NFS_Unstable:          0 kB
Bounce:                0 kB
WritebackTmp:          0 kB
CommitLimit:     6660208 kB
Committed_AS:   61498708 kB
VmallocTotal:   263061440 kB
VmallocUsed:       84032 kB
VmallocChunk:          0 kB
Percpu:             7648 kB
CmaTotal:         315392 kB
CmaFree:               0 kB
MemTotal:        5980404 kB
MemFree:         1231220 kB
MemAvailable:    2916840 kB
Buffers:            6564 kB
Cached:          1696304 kB
SwapCached:            0 kB
Active:          1257896 kB
Inactive:        1470860 kB
Active(anon):    1032200 kB
Inactive(anon):    21072 kB
Active(file):     225696 kB
Inactive(file):  1449788 kB
Unevictable:        5576 kB
Mlocked:            5576 kB
SwapTotal:       3670008 kB
SwapFree:        3670008 kB
Dirty:               388 kB
Writeback:             0 kB
AnonPages:       1031696 kB
Mapped:           781532 kB
Shmem:             22848 kB
KReclaimable:     572568 kB
Slab:             222100 kB
SReclaimable:      68712 kB
SUnreclaim:       153388 kB
KernelStack:       43728 kB
PageTables:        55760 kB
NFS_Unstable:          0 kB
Bounce:                0 kB
WritebackTmp:          0 kB
CommitLimit:     6660208 kB
Committed_AS:   61497032 kB
VmallocTotal:   263061440 kB
VmallocUsed:       84032 kB
VmallocChunk:          0 kB
Percpu:             7648 kB
CmaTotal:         315392 kB
CmaFree:               0 kB
MemTotal:        5980404 kB
MemFree:         1230956 kB
MemAvailable:    2916576 kB
Buffers:            6564 kB
Cached:          1696304 kB
SwapCached:            0 kB
Active:          1258484 kB
Inactive:        1470860 kB
Active(anon):    1032788 kB
Inactive(anon):    21072 kB
Active(file):     225696 kB
Inactive(file):  1449788 kB
Unevictable:        5576 kB
Mlocked:            5576 kB
SwapTotal:       3670008 kB
SwapFree:        3670008 kB
Dirty:               356 kB
Writeback:             0 kB
AnonPages:       1032164 kB
Mapped:           781716 kB
Shmem:             22848 kB
KReclaimable:     572568 kB
Slab:             222148 kB
SReclaimable:      68712 kB
SUnreclaim:       153436 kB
KernelStack:       43680 kB
PageTables:        55612 kB
NFS_Unstable:          0 kB
Bounce:                0 kB
WritebackTmp:          0 kB
CommitLimit:     6660208 kB
Committed_AS:   61498604 kB
VmallocTotal:   263061440 kB
VmallocUsed:       84064 kB
VmallocChunk:          0 kB
Percpu:             7648 kB
CmaTotal:         315392 kB
CmaFree:               0 kB
MemTotal:        5980404 kB
MemFree:         1230160 kB
MemAvailable:    2915792 kB
Buffers:            6564 kB
Cached:          1696316 kB
SwapCached:            0 kB
Active:          1258732 kB
Inactive:        1470872 kB
Active(anon):    1033036 kB
Inactive(anon):    21072 kB
Active(file):     225696 kB
Inactive(file):  1449800 kB
Unevictable:        5576 kB
Mlocked:            5576 kB
SwapTotal:       3670008 kB
SwapFree:        3670008 kB
Dirty:               372 kB
Writeback:             0 kB
AnonPages:       1032412 kB
Mapped:           781488 kB
Shmem:             22848 kB
KReclaimable:     572568 kB
Slab:             222100 kB
SReclaimable:      68712 kB
SUnreclaim:       153388 kB
KernelStack:       43664 kB
PageTables:        55476 kB
NFS_Unstable:          0 kB
Bounce:                0 kB
WritebackTmp:          0 kB
CommitLimit:     6660208 kB
Committed_AS:   61497668 kB
VmallocTotal:   263061440 kB
VmallocUsed:       84064 kB
VmallocChunk:          0 kB
Percpu:             7648 kB
CmaTotal:         315392 kB
CmaFree:               0 kB
MemTotal:        5980404 kB
MemFree:         1231880 kB
MemAvailable:    2917512 kB
Buffers:            6564 kB
Cached:          1696320 kB
SwapCached:            0 kB
Active:          1259188 kB
Inactive:        1470876 kB
Active(anon):    1033492 kB
Inactive(anon):    21076 kB
Active(file):     225696 kB
Inactive(file):  1449800 kB
Unevictable:        5576 kB
Mlocked:            5576 kB
SwapTotal:       3670008 kB
SwapFree:        3670008 kB
Dirty:               440 kB
Writeback:             0 kB
AnonPages:       1032968 kB
Mapped:           781720 kB
Shmem:             22852 kB
KReclaimable:     572568 kB
Slab:             222100 kB
SReclaimable:      68712 kB
SUnreclaim:       153388 kB
KernelStack:       43616 kB
PageTables:        55592 kB
NFS_Unstable:          0 kB
Bounce:                0 kB
WritebackTmp:          0 kB
CommitLimit:     6660208 kB
Committed_AS:   61497472 kB
VmallocTotal:   263061440 kB
VmallocUsed:       84032 kB
VmallocChunk:          0 kB
Percpu:             7648 kB
CmaTotal:         315392 kB
CmaFree:               0 kB
MemTotal:        5980404 kB
MemFree:         1231024 kB
MemAvailable:    2916656 kB
Buffers:            6564 kB
Cached:          1696320 kB
SwapCached:            0 kB
Active:          1259736 kB
Inactive:        1470872 kB
Active(anon):    1034036 kB
Inactive(anon):    21076 kB
Active(file):     225700 kB
Inactive(file):  1449796 kB
Unevictable:        5576 kB
Mlocked:            5576 kB
SwapTotal:       3670008 kB
SwapFree:        3670008 kB
Dirty:               484 kB
Writeback:             0 kB
AnonPages:       1033528 kB
Mapped:           781492 kB
Shmem:             22852 kB
KReclaimable:     572568 kB
Slab:             222108 kB
SReclaimable:      68712 kB
SUnreclaim:       153396 kB
KernelStack:       43712 kB
PageTables:        55668 kB
NFS_Unstable:          0 kB
Bounce:                0 kB
WritebackTmp:          0 kB
CommitLimit:     6660208 kB
Committed_AS:   61495432 kB
VmallocTotal:   263061440 kB
VmallocUsed:       83984 kB
VmallocChunk:          0 kB
Percpu:             7648 kB
CmaTotal:         315392 kB
CmaFree:               0 kB
MemTotal:        5980404 kB
MemFree:         1230680 kB
MemAvailable:    2916312 kB
Buffers:            6564 kB
Cached:          1696320 kB
SwapCached:            0 kB
Active:          1260112 kB
Inactive:        1470872 kB
Active(anon):    1034412 kB
Inactive(anon):    21076 kB
Active(file):     225700 kB
Inactive(file):  1449796 kB
Unevictable:        5576 kB
Mlocked:            5576 kB
SwapTotal:       3670008 kB
SwapFree:        3670008 kB
Dirty:               484 kB
Writeback:             0 kB
AnonPages:       1033636 kB
Mapped:           781492 kB
Shmem:             22852 kB
KReclaimable:     572568 kB
Slab:             222124 kB
SReclaimable:      68712 kB
SUnreclaim:       153412 kB
KernelStack:       43696 kB
PageTables:        55608 kB
NFS_Unstable:          0 kB
Bounce:                0 kB
WritebackTmp:          0 kB
CommitLimit:     6660208 kB
Committed_AS:   61497232 kB
VmallocTotal:   263061440 kB
VmallocUsed:       84032 kB
VmallocChunk:          0 kB
Percpu:             7648 kB
CmaTotal:         315392 kB
CmaFree:               0 kB
MemTotal:        5980404 kB
MemFree:         1230288 kB
MemAvailable:    2915920 kB
Buffers:            6564 kB
Cached:          1696320 kB
SwapCached:            0 kB
Active:          1260492 kB
Inactive:        1470872 kB
Active(anon):    1034792 kB
Inactive(anon):    21076 kB
Active(file):     225700 kB
Inactive(file):  1449796 kB
Unevictable:        5576 kB
Mlocked:            5576 kB
SwapTotal:       3670008 kB
SwapFree:        3670008 kB
Dirty:               356 kB
Writeback:             0 kB
AnonPages:       1034052 kB
Mapped:           781600 kB
Shmem:             22852 kB
KReclaimable:     572568 kB
Slab:             222076 kB
SReclaimable:      68712 kB
SUnreclaim:       153364 kB
KernelStack:       43696 kB
PageTables:        55684 kB
NFS_Unstable:          0 kB
Bounce:                0 kB
WritebackTmp:          0 kB
CommitLimit:     6660208 kB
Committed_AS:   61499252 kB
VmallocTotal:   263061440 kB
VmallocUsed:       84016 kB
VmallocChunk:          0 kB
Percpu:             7648 kB
CmaTotal:         315392 kB
CmaFree:               0 kB
MemTotal:        5980404 kB
MemFree:         1230516 kB
MemAvailable:    2916164 kB
Buffers:            6568 kB
Cached:          1696332 kB
SwapCached:            0 kB
Active:          1260860 kB
Inactive:        1470884 kB
Active(anon):    1035156 kB
Inactive(anon):    21076 kB
Active(file):     225704 kB
Inactive(file):  1449808 kB
Unevictable:        5576 kB
Mlocked:            5576 kB
SwapTotal:       3670008 kB
SwapFree:        3670008 kB
Dirty:               384 kB
Writeback:             0 kB
AnonPages:       1034540 kB
Mapped:           781880 kB
Shmem:             22852 kB
KReclaimable:     572568 kB
Slab:             222108 kB
SReclaimable:      68712 kB
SUnreclaim:       153396 kB
KernelStack:       43680 kB
PageTables:        55548 kB
NFS_Unstable:          0 kB
Bounce:                0 kB
WritebackTmp:          0 kB
CommitLimit:     6660208 kB
Committed_AS:   61499748 kB
VmallocTotal:   263061440 kB
VmallocUsed:       84032 kB
VmallocChunk:          0 kB
Percpu:             7648 kB
CmaTotal:         315392 kB
CmaFree:               0 kB
MemTotal:        5980404 kB
MemFree:         1228488 kB
MemAvailable:    2914136 kB
Buffers:            6568 kB
Cached:          1696332 kB
SwapCached:            0 kB
Active:          1260656 kB
Inactive:        1470884 kB
Active(anon):    1034952 kB
Inactive(anon):    21076 kB
Active(file):     225704 kB
Inactive(file):  1449808 kB
Unevictable:        5576 kB
Mlocked:            5576 kB
SwapTotal:       3670008 kB
SwapFree:        3670008 kB
Dirty:               384 kB
Writeback:             0 kB
AnonPages:       1034124 kB
Mapped:           781784 kB
Shmem:             22852 kB
KReclaimable:     572568 kB
Slab:             222060 kB
SReclaimable:      68712 kB
SUnreclaim:       153348 kB
KernelStack:       43648 kB
PageTables:        55564 kB
NFS_Unstable:          0 kB
Bounce:                0 kB
WritebackTmp:          0 kB
CommitLimit:     6660208 kB
Committed_AS:   61497864 kB
VmallocTotal:   263061440 kB
VmallocUsed:       84048 kB
VmallocChunk:          0 kB
Percpu:             7648 kB
CmaTotal:         315392 kB
CmaFree:               0 kB
MemTotal:        5980404 kB
MemFree:         1227696 kB
MemAvailable:    2913348 kB
Buffers:            6568 kB
Cached:          1696336 kB
SwapCached:            0 kB
Active:          1261300 kB
Inactive:        1470888 kB
Active(anon):    1035596 kB
Inactive(anon):    21076 kB
Active(file):     225704 kB
Inactive(file):  1449812 kB
Unevictable:        5576 kB
Mlocked:            5576 kB
SwapTotal:       3670008 kB
SwapFree:        3670008 kB
Dirty:               388 kB
Writeback:             0 kB
AnonPages:       1034672 kB
Mapped:           781756 kB
Shmem:             22852 kB
KReclaimable:     572568 kB
Slab:             222108 kB
SReclaimable:      68712 kB
SUnreclaim:       153396 kB
KernelStack:       43712 kB
PageTables:        55632 kB
NFS_Unstable:          0 kB
Bounce:                0 kB
WritebackTmp:          0 kB
CommitLimit:     6660208 kB
Committed_AS:   61500104 kB
VmallocTotal:   263061440 kB
VmallocUsed:       84048 kB
VmallocChunk:          0 kB
Percpu:             7648 kB
CmaTotal:         315392 kB
CmaFree:               0 kB
MemTotal:        5980404 kB
MemFree:         1226532 kB
MemAvailable:    2912184 kB
Buffers:            6568 kB
Cached:          1696340 kB
SwapCached:            0 kB
Active:          1261344 kB
Inactive:        1470892 kB
Active(anon):    1035640 kB
Inactive(anon):    21080 kB
Active(file):     225704 kB
Inactive(file):  1449812 kB
Unevictable:        5576 kB
Mlocked:            5576 kB
SwapTotal:       3670008 kB
SwapFree:        3670008 kB
Dirty:               388 kB
Writeback:             0 kB
AnonPages:       1034868 kB
Mapped:           781856 kB
Shmem:             22856 kB
KReclaimable:     572568 kB
Slab:             222132 kB
SReclaimable:      68712 kB
SUnreclaim:       153420 kB
KernelStack:       43632 kB
PageTables:        55692 kB
NFS_Unstable:          0 kB
Bounce:                0 kB
WritebackTmp:          0 kB
CommitLimit:     6660208 kB
Committed_AS:   61499768 kB
VmallocTotal:   263061440 kB
VmallocUsed:       84032 kB
VmallocChunk:          0 kB
Percpu:             7648 kB
CmaTotal:         315392 kB
CmaFree:               0 kB
MemTotal:        5980404 kB
MemFree:         1226888 kB
MemAvailable:    2912540 kB
Buffers:            6568 kB
Cached:          1696340 kB
SwapCached:            0 kB
Active:          1261940 kB
Inactive:        1470892 kB
Active(anon):    1036236 kB
Inactive(anon):    21080 kB
Active(file):     225704 kB
Inactive(file):  1449812 kB
Unevictable:        5576 kB
Mlocked:            5576 kB
SwapTotal:       3670008 kB
SwapFree:        3670008 kB
Dirty:               372 kB
Writeback:             0 kB
AnonPages:       1035400 kB
Mapped:           781856 kB
Shmem:             22856 kB
KReclaimable:     572568 kB
Slab:             222300 kB
SReclaimable:      68712 kB
SUnreclaim:       153588 kB
KernelStack:       43696 kB
PageTables:        55608 kB
NFS_Unstable:          0 kB
Bounce:                0 kB
WritebackTmp:          0 kB
CommitLimit:     6660208 kB
Committed_AS:   61502308 kB
VmallocTotal:   263061440 kB
VmallocUsed:       84096 kB
VmallocChunk:          0 kB
Percpu:             7648 kB
CmaTotal:         315392 kB
CmaFree:              36 kB
MemTotal:        5980404 kB
MemFree:         1227148 kB
MemAvailable:    2912792 kB
Buffers:            6568 kB
Cached:          1696332 kB
SwapCached:            0 kB
Active:          1261948 kB
Inactive:        1470888 kB
Active(anon):    1036248 kB
Inactive(anon):    21080 kB
Active(file):     225700 kB
Inactive(file):  1449808 kB
Unevictable:        5576 kB
Mlocked:            5576 kB
SwapTotal:       3670008 kB
SwapFree:        3670008 kB
Dirty:               368 kB
Writeback:             0 kB
AnonPages:       1035548 kB
Mapped:           781856 kB
Shmem:             22856 kB
KReclaimable:     572568 kB
Slab:             222204 kB
SReclaimable:      68712 kB
SUnreclaim:       153492 kB
KernelStack:       43728 kB
PageTables:        55608 kB
NFS_Unstable:          0 kB
Bounce:                0 kB
WritebackTmp:          0 kB
CommitLimit:     6660208 kB
Committed_AS:   61499168 kB
VmallocTotal:   263061440 kB
VmallocUsed:       84080 kB
VmallocChunk:          0 kB
Percpu:             7648 kB
CmaTotal:         315392 kB
CmaFree:               0 kB
MemTotal:        5980404 kB
MemFree:         1227908 kB
MemAvailable:    2913560 kB
Buffers:            6568 kB
Cached:          1696340 kB
SwapCached:            0 kB
Active:          1261568 kB
Inactive:        1470892 kB
Active(anon):    1035864 kB
Inactive(anon):    21080 kB
Active(file):     225704 kB
Inactive(file):  1449812 kB
Unevictable:        5576 kB
Mlocked:            5576 kB
SwapTotal:       3670008 kB
SwapFree:        3670008 kB
Dirty:               372 kB
Writeback:             0 kB
AnonPages:       1035376 kB
Mapped:           781688 kB
Shmem:             22856 kB
KReclaimable:     572568 kB
Slab:             222188 kB
SReclaimable:      68712 kB
SUnreclaim:       153476 kB
KernelStack:       43696 kB
PageTables:        55500 kB
NFS_Unstable:          0 kB
Bounce:                0 kB
WritebackTmp:          0 kB
CommitLimit:     6660208 kB
Committed_AS:   61499144 kB
VmallocTotal:   263061440 kB
VmallocUsed:       84080 kB
VmallocChunk:          0 kB
Percpu:             7648 kB
CmaTotal:         315392 kB
CmaFree:               0 kB
MemTotal:        5980404 kB
MemFree:         1227572 kB
MemAvailable:    2913224 kB
Buffers:            6568 kB
Cached:          1696340 kB
SwapCached:            0 kB
Active:          1262072 kB
Inactive:        1470892 kB
Active(anon):    1036368 kB
Inactive(anon):    21080 kB
Active(file):     225704 kB
Inactive(file):  1449812 kB
Unevictable:        5576 kB
Mlocked:            5576 kB
SwapTotal:       3670008 kB
SwapFree:        3670008 kB
Dirty:               372 kB
Writeback:             0 kB
AnonPages:       1035628 kB
Mapped:           781856 kB
Shmem:             22856 kB
KReclaimable:     572568 kB
Slab:             222196 kB
SReclaimable:      68712 kB
SUnreclaim:       153484 kB
KernelStack:       43724 kB
PageTables:        55844 kB
NFS_Unstable:          0 kB
Bounce:                0 kB
WritebackTmp:          0 kB
CommitLimit:     6660208 kB
Committed_AS:   61496628 kB
VmallocTotal:   263061440 kB
VmallocUsed:       84064 kB
VmallocChunk:          0 kB
Percpu:             7648 kB
CmaTotal:         315392 kB
CmaFree:              24 kB
MemTotal:        5980404 kB
MemFree:         1227632 kB
MemAvailable:    2913284 kB
Buffers:            6568 kB
Cached:          1696340 kB
SwapCached:            0 kB
Active:          1262544 kB
Inactive:        1470892 kB
Active(anon):    1036840 kB
Inactive(anon):    21080 kB
Active(file):     225704 kB
Inactive(file):  1449812 kB
Unevictable:        5576 kB
Mlocked:            5576 kB
SwapTotal:       3670008 kB
SwapFree:        3670008 kB
Dirty:               372 kB
Writeback:             0 kB
AnonPages:       1036004 kB
Mapped:           781928 kB
Shmem:             22856 kB
KReclaimable:     572568 kB
Slab:             222148 kB
SReclaimable:      68712 kB
SUnreclaim:       153436 kB
KernelStack:       43680 kB
PageTables:        55840 kB
NFS_Unstable:          0 kB
Bounce:                0 kB
WritebackTmp:          0 kB
CommitLimit:     6660208 kB
Committed_AS:   61495776 kB
VmallocTotal:   263061440 kB
VmallocUsed:       84080 kB
VmallocChunk:          0 kB
Percpu:             7648 kB
CmaTotal:         315392 kB
CmaFree:               0 kB
MemTotal:        5980404 kB
MemFree:         1227880 kB
MemAvailable:    2913532 kB
Buffers:            6568 kB
Cached:          1696340 kB
SwapCached:            0 kB
Active:          1262312 kB
Inactive:        1470892 kB
Active(anon):    1036608 kB
Inactive(anon):    21080 kB
Active(file):     225704 kB
Inactive(file):  1449812 kB
Unevictable:        5576 kB
Mlocked:            5576 kB
SwapTotal:       3670008 kB
SwapFree:        3670008 kB
Dirty:               376 kB
Writeback:             0 kB
AnonPages:       1036040 kB
Mapped:           781856 kB
Shmem:             22856 kB
KReclaimable:     572568 kB
Slab:             222204 kB
SReclaimable:      68712 kB
SUnreclaim:       153492 kB
KernelStack:       43712 kB
PageTables:        55500 kB
NFS_Unstable:          0 kB
Bounce:                0 kB
WritebackTmp:          0 kB
CommitLimit:     6660208 kB
Committed_AS:   61496028 kB
VmallocTotal:   263061440 kB
VmallocUsed:       84064 kB
VmallocChunk:          0 kB
Percpu:             7648 kB
CmaTotal:         315392 kB
CmaFree:               0 kB
MemTotal:        5980404 kB
MemFree:         1226992 kB
MemAvailable:    2912644 kB
Buffers:            6568 kB
Cached:          1696340 kB
SwapCached:            0 kB
Active:          1262696 kB
Inactive:        1470892 kB
Active(anon):    1036992 kB
Inactive(anon):    21080 kB
Active(file):     225704 kB
Inactive(file):  1449812 kB
Unevictable:        5576 kB
Mlocked:            5576 kB
SwapTotal:       3670008 kB
SwapFree:        3670008 kB
Dirty:               400 kB
Writeback:             0 kB
AnonPages:       1036316 kB
Mapped:           781856 kB
Shmem:             22856 kB
KReclaimable:     572568 kB
Slab:             222244 kB
SReclaimable:      68712 kB
SUnreclaim:       153532 kB
KernelStack:       43680 kB
PageTables:        55608 kB
NFS_Unstable:          0 kB
Bounce:                0 kB
WritebackTmp:          0 kB
CommitLimit:     6660208 kB
Committed_AS:   61497220 kB
VmallocTotal:   263061440 kB
VmallocUsed:       84048 kB
VmallocChunk:          0 kB
Percpu:             7648 kB
CmaTotal:         315392 kB
CmaFree:               0 kB
MemTotal:        5980404 kB
MemFree:         1226352 kB
MemAvailable:    2912004 kB
Buffers:            6568 kB
Cached:          1696340 kB
SwapCached:            0 kB
Active:          1263024 kB
Inactive:        1470892 kB
Active(anon):    1037320 kB
Inactive(anon):    21080 kB
Active(file):     225704 kB
Inactive(file):  1449812 kB
Unevictable:        5576 kB
Mlocked:            5576 kB
SwapTotal:       3670008 kB
SwapFree:        3670008 kB
Dirty:               404 kB
Writeback:             0 kB
AnonPages:       1036744 kB
Mapped:           781856 kB
Shmem:             22856 kB
KReclaimable:     572568 kB
Slab:             222132 kB
SReclaimable:      68712 kB
SUnreclaim:       153420 kB
KernelStack:       43712 kB
PageTables:        55612 kB
NFS_Unstable:          0 kB
Bounce:                0 kB
WritebackTmp:          0 kB
CommitLimit:     6660208 kB
Committed_AS:   61496844 kB
VmallocTotal:   263061440 kB
VmallocUsed:       84032 kB
VmallocChunk:          0 kB
Percpu:             7648 kB
CmaTotal:         315392 kB
CmaFree:               0 kB
MemTotal:        5980404 kB
MemFree:         1226316 kB
MemAvailable:    2911964 kB
Buffers:            6568 kB
Cached:          1696336 kB
SwapCached:            0 kB
Active:          1263276 kB
Inactive:        1470892 kB
Active(anon):    1037576 kB
Inactive(anon):    21080 kB
Active(file):     225700 kB
Inactive(file):  1449812 kB
Unevictable:        5576 kB
Mlocked:            5576 kB
SwapTotal:       3670008 kB
SwapFree:        3670008 kB
Dirty:               396 kB
Writeback:             0 kB
AnonPages:       1037156 kB
Mapped:           781628 kB
Shmem:             22856 kB
KReclaimable:     572568 kB
Slab:             222092 kB
SReclaimable:      68712 kB
SUnreclaim:       153380 kB
KernelStack:       43728 kB
PageTables:        55616 kB
NFS_Unstable:          0 kB
Bounce:                0 kB
WritebackTmp:          0 kB
CommitLimit:     6660208 kB
Committed_AS:   61493676 kB
VmallocTotal:   263061440 kB
VmallocUsed:       84000 kB
VmallocChunk:          0 kB
Percpu:             7648 kB
CmaTotal:         315392 kB
CmaFree:               0 kB
MemTotal:        5980404 kB
MemFree:         1227036 kB
MemAvailable:    2912688 kB
Buffers:            6568 kB
Cached:          1696340 kB
SwapCached:            0 kB
Active:          1263728 kB
Inactive:        1470892 kB
Active(anon):    1038024 kB
Inactive(anon):    21080 kB
Active(file):     225704 kB
Inactive(file):  1449812 kB
Unevictable:        5576 kB
Mlocked:            5576 kB
SwapTotal:       3670008 kB
SwapFree:        3670008 kB
Dirty:               404 kB
Writeback:             0 kB
AnonPages:       1037176 kB
Mapped:           781856 kB
Shmem:             22856 kB
KReclaimable:     572568 kB
Slab:             222100 kB
SReclaimable:      68712 kB
SUnreclaim:       153388 kB
KernelStack:       43696 kB
PageTables:        55648 kB
NFS_Unstable:          0 kB
Bounce:                0 kB
WritebackTmp:          0 kB
CommitLimit:     6660208 kB
Committed_AS:   61494668 kB
VmallocTotal:   263061440 kB
VmallocUsed:       84016 kB
VmallocChunk:          0 kB
Percpu:             7648 kB
CmaTotal:         315392 kB
CmaFree:               0 kB
MemTotal:        5980404 kB
MemFree:         1226600 kB
MemAvailable:    2912252 kB
Buffers:            6568 kB
Cached:          1696340 kB
SwapCached:            0 kB
Active:          1263860 kB
Inactive:        1470892 kB
Active(anon):    1038156 kB
Inactive(anon):    21080 kB
Active(file):     225704 kB
Inactive(file):  1449812 kB
Unevictable:        5576 kB
Mlocked:            5576 kB
SwapTotal:       3670008 kB
SwapFree:        3670008 kB
Dirty:               384 kB
Writeback:             0 kB
AnonPages:       1037432 kB
Mapped:           781780 kB
Shmem:             22856 kB
KReclaimable:     572568 kB
Slab:             222084 kB
SReclaimable:      68712 kB
SUnreclaim:       153372 kB
KernelStack:       43680 kB
PageTables:        55556 kB
NFS_Unstable:          0 kB
Bounce:                0 kB
WritebackTmp:          0 kB
CommitLimit:     6660208 kB
Committed_AS:   61499408 kB
VmallocTotal:   263061440 kB
VmallocUsed:       84000 kB
VmallocChunk:          0 kB
Percpu:             7648 kB
CmaTotal:         315392 kB
CmaFree:               0 kB
MemTotal:        5980404 kB
MemFree:         1226648 kB
MemAvailable:    2912300 kB
Buffers:            6568 kB
Cached:          1696340 kB
SwapCached:            0 kB
Active:          1264212 kB
Inactive:        1470892 kB
Active(anon):    1038508 kB
Inactive(anon):    21080 kB
Active(file):     225704 kB
Inactive(file):  1449812 kB
Unevictable:        5576 kB
Mlocked:            5576 kB
SwapTotal:       3670008 kB
SwapFree:        3670008 kB
Dirty:               384 kB
Writeback:             0 kB
AnonPages:       1037524 kB
Mapped:           782016 kB
Shmem:             22856 kB
KReclaimable:     572568 kB
Slab:             222140 kB
SReclaimable:      68712 kB
SUnreclaim:       153428 kB
KernelStack:       43680 kB
PageTables:        55628 kB
NFS_Unstable:          0 kB
Bounce:                0 kB
WritebackTmp:          0 kB
CommitLimit:     6660208 kB
Committed_AS:   61494120 kB
VmallocTotal:   263061440 kB
VmallocUsed:       84016 kB
VmallocChunk:          0 kB
Percpu:             7648 kB
CmaTotal:         315392 kB
CmaFree:               0 kB
MemTotal:        5980404 kB
MemFree:         1226120 kB
MemAvailable:    2911788 kB
Buffers:            6572 kB
Cached:          1696352 kB
SwapCached:            0 kB
Active:          1264636 kB
Inactive:        1470904 kB
Active(anon):    1038928 kB
Inactive(anon):    21080 kB
Active(file):     225708 kB
Inactive(file):  1449824 kB
Unevictable:        5576 kB
Mlocked:            5576 kB
SwapTotal:       3670008 kB
SwapFree:        3670008 kB
Dirty:               380 kB
Writeback:             0 kB
AnonPages:       1038136 kB
Mapped:           781856 kB
Shmem:             22856 kB
KReclaimable:     572568 kB
Slab:             222076 kB
SReclaimable:      68712 kB
SUnreclaim:       153364 kB
KernelStack:       43696 kB
PageTables:        55520 kB
NFS_Unstable:          0 kB
Bounce:                0 kB
WritebackTmp:          0 kB
CommitLimit:     6660208 kB
Committed_AS:   61498920 kB
VmallocTotal:   263061440 kB
VmallocUsed:       84032 kB
VmallocChunk:          0 kB
Percpu:             7648 kB
CmaTotal:         315392 kB
CmaFree:               0 kB
MemTotal:        5980404 kB
MemFree:         1225572 kB
MemAvailable:    2911240 kB
Buffers:            6572 kB
Cached:          1696352 kB
SwapCached:            0 kB
Active:          1264708 kB
Inactive:        1470904 kB
Active(anon):    1039000 kB
Inactive(anon):    21080 kB
Active(file):     225708 kB
Inactive(file):  1449824 kB
Unevictable:        5576 kB
Mlocked:            5576 kB
SwapTotal:       3670008 kB
SwapFree:        3670008 kB
Dirty:               384 kB
Writeback:             0 kB
AnonPages:       1038204 kB
Mapped:           781856 kB
Shmem:             22856 kB
KReclaimable:     572568 kB
Slab:             222116 kB
SReclaimable:      68712 kB
SUnreclaim:       153404 kB
KernelStack:       43696 kB
PageTables:        55616 kB
NFS_Unstable:          0 kB
Bounce:                0 kB
WritebackTmp:          0 kB
CommitLimit:     6660208 kB
Committed_AS:   61495856 kB
VmallocTotal:   263061440 kB
VmallocUsed:       84080 kB
VmallocChunk:          0 kB
Percpu:             7648 kB
CmaTotal:         315392 kB
CmaFree:               0 kB
MemTotal:        5980404 kB
MemFree:         1224452 kB
MemAvailable:    2910112 kB
Buffers:            6572 kB
Cached:          1696344 kB
SwapCached:            0 kB
Active:          1265084 kB
Inactive:        1470900 kB
Active(anon):    1039380 kB
Inactive(anon):    21080 kB
Active(file):     225704 kB
Inactive(file):  1449820 kB
Unevictable:        5576 kB
Mlocked:            5576 kB
SwapTotal:       3670008 kB
SwapFree:        3670008 kB
Dirty:               376 kB
Writeback:             0 kB
AnonPages:       1038840 kB
Mapped:           781880 kB
Shmem:             22856 kB
KReclaimable:     572568 kB
Slab:             222068 kB
SReclaimable:      68712 kB
SUnreclaim:       153356 kB
KernelStack:       43724 kB
PageTables:        55740 kB
NFS_Unstable:          0 kB
Bounce:                0 kB
WritebackTmp:          0 kB
CommitLimit:     6660208 kB
Committed_AS:   61497264 kB
VmallocTotal:   263061440 kB
VmallocUsed:       84080 kB
VmallocChunk:          0 kB
Percpu:             7648 kB
CmaTotal:         315392 kB
CmaFree:               0 kB
MemTotal:        5980404 kB
MemFree:         1224580 kB
MemAvailable:    2910248 kB
Buffers:            6572 kB
Cached:          1696352 kB
SwapCached:            0 kB
Active:          1265092 kB
Inactive:        1470904 kB
Active(anon):    1039384 kB
Inactive(anon):    21080 kB
Active(file):     225708 kB
Inactive(file):  1449824 kB
Unevictable:        5576 kB
Mlocked:            5576 kB
SwapTotal:       3670008 kB
SwapFree:        3670008 kB
Dirty:               380 kB
Writeback:             0 kB
AnonPages:       1038884 kB
Mapped:           781816 kB
Shmem:             22856 kB
KReclaimable:     572568 kB
Slab:             222108 kB
SReclaimable:      68712 kB
SUnreclaim:       153396 kB
KernelStack:       43712 kB
PageTables:        55644 kB
NFS_Unstable:          0 kB
Bounce:                0 kB
WritebackTmp:          0 kB
CommitLimit:     6660208 kB
Committed_AS:   61498356 kB
VmallocTotal:   263061440 kB
VmallocUsed:       84048 kB
VmallocChunk:          0 kB
Percpu:             7648 kB
CmaTotal:         315392 kB
CmaFree:               0 kB
MemTotal:        5980404 kB
MemFree:         1224664 kB
MemAvailable:    2910332 kB
Buffers:            6572 kB
Cached:          1696368 kB
SwapCached:            0 kB
Active:          1265500 kB
Inactive:        1470920 kB
Active(anon):    1039792 kB
Inactive(anon):    21096 kB
Active(file):     225708 kB
Inactive(file):  1449824 kB
Unevictable:        5576 kB
Mlocked:            5576 kB
SwapTotal:       3670008 kB
SwapFree:        3670008 kB
Dirty:               380 kB
Writeback:             0 kB
AnonPages:       1039120 kB
Mapped:           781708 kB
Shmem:             22872 kB
KReclaimable:     572568 kB
Slab:             222068 kB
SReclaimable:      68712 kB
SUnreclaim:       153356 kB
KernelStack:       43616 kB
PageTables:        55672 kB
NFS_Unstable:          0 kB
Bounce:                0 kB
WritebackTmp:          0 kB
CommitLimit:     6660208 kB
Committed_AS:   61500728 kB
VmallocTotal:   263061440 kB
VmallocUsed:       83984 kB
VmallocChunk:          0 kB
Percpu:             7648 kB
CmaTotal:         315392 kB
CmaFree:               0 kB
MemTotal:        5980404 kB
MemFree:         1223292 kB
MemAvailable:    2908960 kB
Buffers:            6572 kB
Cached:          1696368 kB
SwapCached:            0 kB
Active:          1266528 kB
Inactive:        1470920 kB
Active(anon):    1040820 kB
Inactive(anon):    21096 kB
Active(file):     225708 kB
Inactive(file):  1449824 kB
Unevictable:        5576 kB
Mlocked:            5576 kB
SwapTotal:       3670008 kB
SwapFree:        3670008 kB
Dirty:               412 kB
Writeback:             0 kB
AnonPages:       1039724 kB
Mapped:           781848 kB
Shmem:             22872 kB
KReclaimable:     572568 kB
Slab:             222140 kB
SReclaimable:      68712 kB
SUnreclaim:       153428 kB
KernelStack:       43600 kB
PageTables:        55364 kB
NFS_Unstable:          0 kB
Bounce:                0 kB
WritebackTmp:          0 kB
CommitLimit:     6660208 kB
Committed_AS:   61498792 kB
VmallocTotal:   263061440 kB
VmallocUsed:       83968 kB
VmallocChunk:          0 kB
Percpu:             7648 kB
CmaTotal:         315392 kB
CmaFree:               0 kB
MemTotal:        5980404 kB
MemFree:         1222964 kB
MemAvailable:    2908632 kB
Buffers:            6572 kB
Cached:          1696368 kB
SwapCached:            0 kB
Active:          1266888 kB
Inactive:        1470920 kB
Active(anon):    1041180 kB
Inactive(anon):    21096 kB
Active(file):     225708 kB
Inactive(file):  1449824 kB
Unevictable:        5576 kB
Mlocked:            5576 kB
SwapTotal:       3670008 kB
SwapFree:        3670008 kB
Dirty:               412 kB
Writeback:             0 kB
AnonPages:       1040348 kB
Mapped:           782000 kB
Shmem:             22872 kB
KReclaimable:     572568 kB
Slab:             222100 kB
SReclaimable:      68712 kB
SUnreclaim:       153388 kB
KernelStack:       43632 kB
PageTables:        55888 kB
NFS_Unstable:          0 kB
Bounce:                0 kB
WritebackTmp:          0 kB
CommitLimit:     6660208 kB
Committed_AS:   61499344 kB
VmallocTotal:   263061440 kB
VmallocUsed:       83920 kB
VmallocChunk:          0 kB
Percpu:             7648 kB
CmaTotal:         315392 kB
CmaFree:               0 kB
MemTotal:        5980404 kB
MemFree:         1223328 kB
MemAvailable:    2909004 kB
Buffers:            6572 kB
Cached:          1696376 kB
SwapCached:            0 kB
Active:          1266816 kB
Inactive:        1470924 kB
Active(anon):    1041104 kB
Inactive(anon):    21096 kB
Active(file):     225712 kB
Inactive(file):  1449828 kB
Unevictable:        5576 kB
Mlocked:            5576 kB
SwapTotal:       3670008 kB
SwapFree:        3670008 kB
Dirty:               420 kB
Writeback:             0 kB
AnonPages:       1040564 kB
Mapped:           781812 kB
Shmem:             22872 kB
KReclaimable:     572568 kB
Slab:             222108 kB
SReclaimable:      68712 kB
SUnreclaim:       153396 kB
KernelStack:       43524 kB
PageTables:        55596 kB
NFS_Unstable:          0 kB
Bounce:                0 kB
WritebackTmp:          0 kB
CommitLimit:     6660208 kB
Committed_AS:   61498300 kB
VmallocTotal:   263061440 kB
VmallocUsed:       83904 kB
VmallocChunk:          0 kB
Percpu:             7648 kB
CmaTotal:         315392 kB
CmaFree:               0 kB
MemTotal:        5980404 kB
MemFree:         1224156 kB
MemAvailable:    2909824 kB
Buffers:            6572 kB
Cached:          1696368 kB
SwapCached:            0 kB
Active:          1266816 kB
Inactive:        1470920 kB
Active(anon):    1041108 kB
Inactive(anon):    21096 kB
Active(file):     225708 kB
Inactive(file):  1449824 kB
Unevictable:        5576 kB
Mlocked:            5576 kB
SwapTotal:       3670008 kB
SwapFree:        3670008 kB
Dirty:               412 kB
Writeback:             0 kB
AnonPages:       1040364 kB
Mapped:           781936 kB
Shmem:             22872 kB
KReclaimable:     572568 kB
Slab:             222116 kB
SReclaimable:      68712 kB
SUnreclaim:       153404 kB
KernelStack:       43440 kB
PageTables:        55448 kB
NFS_Unstable:          0 kB
Bounce:                0 kB
WritebackTmp:          0 kB
CommitLimit:     6660208 kB
Committed_AS:   61498084 kB
VmallocTotal:   263061440 kB
VmallocUsed:       83776 kB
VmallocChunk:          0 kB
Percpu:             7648 kB
CmaTotal:         315392 kB
CmaFree:               0 kB
MemTotal:        5980404 kB
MemFree:         1224004 kB
MemAvailable:    2909676 kB
Buffers:            6572 kB
Cached:          1696372 kB
SwapCached:            0 kB
Active:          1266508 kB
Inactive:        1470924 kB
Active(anon):    1040800 kB
Inactive(anon):    21096 kB
Active(file):     225708 kB
Inactive(file):  1449828 kB
Unevictable:        5576 kB
Mlocked:            5576 kB
SwapTotal:       3670008 kB
SwapFree:        3670008 kB
Dirty:               432 kB
Writeback:             0 kB
AnonPages:       1040444 kB
Mapped:           781936 kB
Shmem:             22872 kB
KReclaimable:     572568 kB
Slab:             222076 kB
SReclaimable:      68712 kB
SUnreclaim:       153364 kB
KernelStack:       43360 kB
PageTables:        55592 kB
NFS_Unstable:          0 kB
Bounce:                0 kB
WritebackTmp:          0 kB
CommitLimit:     6660208 kB
Committed_AS:   61500048 kB
VmallocTotal:   263061440 kB
VmallocUsed:       83744 kB
VmallocChunk:          0 kB
Percpu:             7648 kB
CmaTotal:         315392 kB
CmaFree:               0 kB
MemTotal:        5980404 kB
MemFree:         1223576 kB
MemAvailable:    2909248 kB
Buffers:            6572 kB
Cached:          1696372 kB
SwapCached:            0 kB
Active:          1267260 kB
Inactive:        1470924 kB
Active(anon):    1041552 kB
Inactive(anon):    21096 kB
Active(file):     225708 kB
Inactive(file):  1449828 kB
Unevictable:        5576 kB
Mlocked:            5576 kB
SwapTotal:       3670008 kB
SwapFree:        3670008 kB
Dirty:               432 kB
Writeback:             0 kB
AnonPages:       1041004 kB
Mapped:           781936 kB
Shmem:             22872 kB
KReclaimable:     572568 kB
Slab:             222100 kB
SReclaimable:      68712 kB
SUnreclaim:       153388 kB
KernelStack:       43392 kB
PageTables:        55712 kB
NFS_Unstable:          0 kB
Bounce:                0 kB
WritebackTmp:          0 kB
CommitLimit:     6660208 kB
Committed_AS:   61500640 kB
VmallocTotal:   263061440 kB
VmallocUsed:       83728 kB
VmallocChunk:          0 kB
Percpu:             7648 kB
CmaTotal:         315392 kB
CmaFree:               0 kB
MemTotal:        5980404 kB
MemFree:         1223300 kB
MemAvailable:    2908972 kB
Buffers:            6572 kB
Cached:          1696376 kB
SwapCached:            0 kB
Active:          1267688 kB
Inactive:        1470928 kB
Active(anon):    1041980 kB
Inactive(anon):    21100 kB
Active(file):     225708 kB
Inactive(file):  1449828 kB
Unevictable:        5576 kB
Mlocked:            5576 kB
SwapTotal:       3670008 kB
SwapFree:        3670008 kB
Dirty:               432 kB
Writeback:             0 kB
AnonPages:       1041272 kB
Mapped:           782004 kB
Shmem:             22876 kB
KReclaimable:     572568 kB
Slab:             222076 kB
SReclaimable:      68712 kB
SUnreclaim:       153364 kB
KernelStack:       43376 kB
PageTables:        55624 kB
NFS_Unstable:          0 kB
Bounce:                0 kB
WritebackTmp:          0 kB
CommitLimit:     6660208 kB
Committed_AS:   61499156 kB
VmallocTotal:   263061440 kB
VmallocUsed:       83664 kB
VmallocChunk:          0 kB
Percpu:             7648 kB
CmaTotal:         315392 kB
CmaFree:               0 kB
MemTotal:        5980404 kB
MemFree:         1225296 kB
MemAvailable:    2910968 kB
Buffers:            6572 kB
Cached:          1696376 kB
SwapCached:            0 kB
Active:          1264156 kB
Inactive:        1470928 kB
Active(anon):    1038448 kB
Inactive(anon):    21100 kB
Active(file):     225708 kB
Inactive(file):  1449828 kB
Unevictable:        5576 kB
Mlocked:            5576 kB
SwapTotal:       3670008 kB
SwapFree:        3670008 kB
Dirty:               432 kB
Writeback:             0 kB
AnonPages:       1037884 kB
Mapped:           781900 kB
Shmem:             22876 kB
KReclaimable:     572568 kB
Slab:             222124 kB
SReclaimable:      68712 kB
SUnreclaim:       153412 kB
KernelStack:       43360 kB
PageTables:        55348 kB
NFS_Unstable:          0 kB
Bounce:                0 kB
WritebackTmp:          0 kB
CommitLimit:     6660208 kB
Committed_AS:   61497420 kB
VmallocTotal:   263061440 kB
VmallocUsed:       83664 kB
VmallocChunk:          0 kB
Percpu:             7648 kB
CmaTotal:         315392 kB
CmaFree:              32 kB
MemTotal:        5980404 kB
MemFree:         1226416 kB
MemAvailable:    2912088 kB
Buffers:            6572 kB
Cached:          1696376 kB
SwapCached:            0 kB
Active:          1264336 kB
Inactive:        1470928 kB
Active(anon):    1038628 kB
Inactive(anon):    21100 kB
Active(file):     225708 kB
Inactive(file):  1449828 kB
Unevictable:        5576 kB
Mlocked:            5576 kB
SwapTotal:       3670008 kB
SwapFree:        3670008 kB
Dirty:               388 kB
Writeback:             0 kB
AnonPages:       1037836 kB
Mapped:           781940 kB
Shmem:             22876 kB
KReclaimable:     572568 kB
Slab:             222092 kB
SReclaimable:      68712 kB
SUnreclaim:       153380 kB
KernelStack:       43328 kB
PageTables:        55684 kB
NFS_Unstable:          0 kB
Bounce:                0 kB
WritebackTmp:          0 kB
CommitLimit:     6660208 kB
Committed_AS:   61500008 kB
VmallocTotal:   263061440 kB
VmallocUsed:       83696 kB
VmallocChunk:          0 kB
Percpu:             7648 kB
CmaTotal:         315392 kB
CmaFree:             128 kB
MemTotal:        5980404 kB
MemFree:         1233988 kB
MemAvailable:    2919672 kB
Buffers:            6580 kB
Cached:          1696380 kB
SwapCached:            0 kB
Active:          1256120 kB
Inactive:        1470936 kB
Active(anon):    1030408 kB
Inactive(anon):    21100 kB
Active(file):     225712 kB
Inactive(file):  1449836 kB
Unevictable:        5576 kB
Mlocked:            5576 kB
SwapTotal:       3670008 kB
SwapFree:        3670008 kB
Dirty:               376 kB
Writeback:             0 kB
AnonPages:       1029620 kB
Mapped:           782000 kB
Shmem:             22876 kB
KReclaimable:     572568 kB
Slab:             222100 kB
SReclaimable:      68712 kB
SUnreclaim:       153388 kB
KernelStack:       43360 kB
PageTables:        55668 kB
NFS_Unstable:          0 kB
Bounce:                0 kB
WritebackTmp:          0 kB
CommitLimit:     6660208 kB
Committed_AS:   61492524 kB
VmallocTotal:   263061440 kB
VmallocUsed:       83728 kB
VmallocChunk:          0 kB
Percpu:             7648 kB
CmaTotal:         315392 kB
CmaFree:             452 kB
MemTotal:        5980404 kB
MemFree:         1234344 kB
MemAvailable:    2920040 kB
Buffers:            6580 kB
Cached:          1696404 kB
SwapCached:            0 kB
Active:          1256280 kB
Inactive:        1470956 kB
Active(anon):    1030564 kB
Inactive(anon):    21112 kB
Active(file):     225716 kB
Inactive(file):  1449844 kB
Unevictable:        5576 kB
Mlocked:            5576 kB
SwapTotal:       3670008 kB
SwapFree:        3670008 kB
Dirty:               404 kB
Writeback:             0 kB
AnonPages:       1029832 kB
Mapped:           781952 kB
Shmem:             22888 kB
KReclaimable:     572568 kB
Slab:             222124 kB
SReclaimable:      68712 kB
SUnreclaim:       153412 kB
KernelStack:       43344 kB
PageTables:        55596 kB
NFS_Unstable:          0 kB
Bounce:                0 kB
WritebackTmp:          0 kB
CommitLimit:     6660208 kB
Committed_AS:   61493036 kB
VmallocTotal:   263061440 kB
VmallocUsed:       83680 kB
