MemTotal:       12113136 kB
MemFree:         5954380 kB
MemAvailable:    7641448 kB
Buffers:            5828 kB
Cached:          2069344 kB
SwapCached:            0 kB
Active:          2096012 kB
Inactive:        1760592 kB
Active(anon):    1790200 kB
Inactive(anon):    29844 kB
Active(file):     305812 kB
Inactive(file):  1730748 kB
Unevictable:        5588 kB
Mlocked:            5588 kB
SwapTotal:       3145724 kB
SwapFree:        3145724 kB
Dirty:               416 kB
Writeback:             0 kB
AnonPages:       1787228 kB
Mapped:          1005064 kB
Shmem:             34072 kB
KReclaimable:     519212 kB
Slab:             237456 kB
SReclaimable:      83880 kB
SUnreclaim:       153576 kB
KernelStack:       50320 kB
PageTables:        70476 kB
NFS_Unstable:          0 kB
Bounce:                0 kB
WritebackTmp:          0 kB
CommitLimit:     9202292 kB
Committed_AS:   79954940 kB
VmallocTotal:   263061440 kB
VmallocUsed:      107552 kB
VmallocChunk:          0 kB
Percpu:             7680 kB
CmaTotal:         294912 kB
CmaFree:               0 kB
MemTotal:       12113136 kB
MemFree:         5954764 kB
MemAvailable:    7641876 kB
Buffers:            5828 kB
Cached:          2069388 kB
SwapCached:            0 kB
Active:          2095932 kB
Inactive:        1760616 kB
Active(anon):    1790100 kB
Inactive(anon):    29844 kB
Active(file):     305832 kB
Inactive(file):  1730772 kB
Unevictable:        5588 kB
Mlocked:            5588 kB
SwapTotal:       3145724 kB
SwapFree:        3145724 kB
Dirty:               460 kB
Writeback:             0 kB
AnonPages:       1786836 kB
Mapped:          1005068 kB
Shmem:             34072 kB
KReclaimable:     519212 kB
Slab:             237400 kB
SReclaimable:      83880 kB
SUnreclaim:       153520 kB
KernelStack:       50288 kB
PageTables:        70264 kB
NFS_Unstable:          0 kB
Bounce:                0 kB
WritebackTmp:          0 kB
CommitLimit:     9202292 kB
Committed_AS:   79957020 kB
VmallocTotal:   263061440 kB
VmallocUsed:      107584 kB
VmallocChunk:          0 kB
Percpu:             7680 kB
CmaTotal:         294912 kB
CmaFree:               0 kB
MemTotal:       12113136 kB
MemFree:         5955484 kB
MemAvailable:    7642636 kB
Buffers:            5832 kB
Cached:          2069416 kB
SwapCached:            0 kB
Active:          2094376 kB
Inactive:        1760640 kB
Active(anon):    1788540 kB
Inactive(anon):    29844 kB
Active(file):     305836 kB
Inactive(file):  1730796 kB
Unevictable:        5588 kB
Mlocked:            5588 kB
SwapTotal:       3145724 kB
SwapFree:        3145724 kB
Dirty:               272 kB
Writeback:             4 kB
AnonPages:       1785232 kB
Mapped:          1004804 kB
Shmem:             34072 kB
KReclaimable:     519224 kB
Slab:             237428 kB
SReclaimable:      83892 kB
SUnreclaim:       153536 kB
KernelStack:       50304 kB
PageTables:        70356 kB
NFS_Unstable:          0 kB
Bounce:                0 kB
WritebackTmp:          0 kB
CommitLimit:     9202292 kB
Committed_AS:   79958656 kB
VmallocTotal:   263061440 kB
VmallocUsed:      107552 kB
VmallocChunk:          0 kB
Percpu:             7680 kB
CmaTotal:         294912 kB
CmaFree:               0 kB
MemTotal:       12113136 kB
MemFree:         5954536 kB
MemAvailable:    7641704 kB
Buffers:            5832 kB
Cached:          2069432 kB
SwapCached:            0 kB
Active:          2094932 kB
Inactive:        1760660 kB
Active(anon):    1789096 kB
Inactive(anon):    29848 kB
Active(file):     305836 kB
Inactive(file):  1730812 kB
Unevictable:        5588 kB
Mlocked:            5588 kB
SwapTotal:       3145724 kB
SwapFree:        3145724 kB
Dirty:               368 kB
Writeback:             0 kB
AnonPages:       1785988 kB
Mapped:          1004956 kB
Shmem:             34076 kB
KReclaimable:     519224 kB
Slab:             237420 kB
SReclaimable:      83892 kB
SUnreclaim:       153528 kB
KernelStack:       50272 kB
PageTables:        70324 kB
NFS_Unstable:          0 kB
Bounce:                0 kB
WritebackTmp:          0 kB
CommitLimit:     9202292 kB
Committed_AS:   79964484 kB
VmallocTotal:   263061440 kB
VmallocUsed:      107600 kB
VmallocChunk:          0 kB
Percpu:             7680 kB
CmaTotal:         294912 kB
CmaFree:               0 kB
MemTotal:       12113136 kB
MemFree:         5958636 kB
MemAvailable:    7645720 kB
Buffers:            5832 kB
Cached:          2069448 kB
SwapCached:            0 kB
Active:          2091812 kB
Inactive:        1760676 kB
Active(anon):    1785976 kB
Inactive(anon):    29848 kB
Active(file):     305836 kB
Inactive(file):  1730828 kB
Unevictable:        5588 kB
Mlocked:            5588 kB
SwapTotal:       3145724 kB
SwapFree:        3145724 kB
Dirty:               396 kB
Writeback:             0 kB
AnonPages:       1782940 kB
Mapped:          1005044 kB
Shmem:             34076 kB
KReclaimable:     519124 kB
Slab:             237432 kB
SReclaimable:      83892 kB
SUnreclaim:       153540 kB
KernelStack:       50288 kB
PageTables:        70308 kB
NFS_Unstable:          0 kB
Bounce:                0 kB
WritebackTmp:          0 kB
CommitLimit:     9202292 kB
Committed_AS:   79962452 kB
VmallocTotal:   263061440 kB
VmallocUsed:      107584 kB
VmallocChunk:          0 kB
Percpu:             7680 kB
CmaTotal:         294912 kB
CmaFree:               0 kB
MemTotal:       12113136 kB
MemFree:         5972280 kB
MemAvailable:    7659508 kB
Buffers:            5832 kB
Cached:          2069464 kB
SwapCached:            0 kB
Active:          2078108 kB
Inactive:        1760680 kB
Active(anon):    1772260 kB
Inactive(anon):    29852 kB
Active(file):     305848 kB
Inactive(file):  1730828 kB
Unevictable:        5588 kB
Mlocked:            5588 kB
SwapTotal:       3145724 kB
SwapFree:        3145724 kB
Dirty:               416 kB
Writeback:             0 kB
AnonPages:       1768720 kB
Mapped:          1005484 kB
Shmem:             34080 kB
KReclaimable:     519256 kB
Slab:             237556 kB
SReclaimable:      83924 kB
SUnreclaim:       153632 kB
KernelStack:       50560 kB
PageTables:        70316 kB
NFS_Unstable:          0 kB
Bounce:                0 kB
WritebackTmp:          0 kB
CommitLimit:     9202292 kB
Committed_AS:   79963320 kB
VmallocTotal:   263061440 kB
VmallocUsed:      107808 kB
VmallocChunk:          0 kB
Percpu:             7680 kB
CmaTotal:         294912 kB
CmaFree:               0 kB
MemTotal:       12113136 kB
MemFree:         5971744 kB
MemAvailable:    7658972 kB
Buffers:            5832 kB
Cached:          2069472 kB
SwapCached:            0 kB
Active:          2078040 kB
Inactive:        1760688 kB
Active(anon):    1772192 kB
Inactive(anon):    29852 kB
Active(file):     305848 kB
Inactive(file):  1730836 kB
Unevictable:        5588 kB
Mlocked:            5588 kB
SwapTotal:       3145724 kB
SwapFree:        3145724 kB
Dirty:               460 kB
Writeback:             0 kB
AnonPages:       1769068 kB
Mapped:          1005032 kB
Shmem:             34080 kB
KReclaimable:     519248 kB
Slab:             237524 kB
SReclaimable:      83916 kB
SUnreclaim:       153608 kB
KernelStack:       50544 kB
PageTables:        70368 kB
NFS_Unstable:          0 kB
Bounce:                0 kB
WritebackTmp:          0 kB
CommitLimit:     9202292 kB
Committed_AS:   79955292 kB
VmallocTotal:   263061440 kB
VmallocUsed:      107808 kB
VmallocChunk:          0 kB
Percpu:             7680 kB
CmaTotal:         294912 kB
CmaFree:               0 kB
MemTotal:       12113136 kB
MemFree:         5991460 kB
MemAvailable:    7666864 kB
Buffers:            5832 kB
Cached:          2069640 kB
SwapCached:            0 kB
Active:          2058376 kB
Inactive:        1760816 kB
Active(anon):    1752528 kB
Inactive(anon):    29976 kB
Active(file):     305848 kB
Inactive(file):  1730840 kB
Unevictable:        5588 kB
Mlocked:            5588 kB
SwapTotal:       3145724 kB
SwapFree:        3145724 kB
Dirty:               472 kB
Writeback:             0 kB
AnonPages:       1749340 kB
Mapped:          1005188 kB
Shmem:             34244 kB
KReclaimable:     507420 kB
Slab:             237500 kB
SReclaimable:      83924 kB
SUnreclaim:       153576 kB
KernelStack:       50576 kB
PageTables:        70308 kB
NFS_Unstable:          0 kB
Bounce:                0 kB
WritebackTmp:          0 kB
CommitLimit:     9202292 kB
Committed_AS:   79957952 kB
VmallocTotal:   263061440 kB
VmallocUsed:      107840 kB
VmallocChunk:          0 kB
Percpu:             7680 kB
CmaTotal:         294912 kB
CmaFree:               0 kB
MemTotal:       12113136 kB
MemFree:         5991568 kB
MemAvailable:    7666992 kB
Buffers:            5832 kB
Cached:          2069660 kB
SwapCached:            0 kB
Active:          2058440 kB
Inactive:        1760836 kB
Active(anon):    1752592 kB
Inactive(anon):    29976 kB
Active(file):     305848 kB
Inactive(file):  1730860 kB
Unevictable:        5588 kB
Mlocked:            5588 kB
SwapTotal:       3145724 kB
SwapFree:        3145724 kB
Dirty:               508 kB
Writeback:             0 kB
AnonPages:       1749632 kB
Mapped:          1005160 kB
Shmem:             34244 kB
KReclaimable:     507420 kB
Slab:             237532 kB
SReclaimable:      83924 kB
SUnreclaim:       153608 kB
KernelStack:       50560 kB
PageTables:        70540 kB
NFS_Unstable:          0 kB
Bounce:                0 kB
WritebackTmp:          0 kB
CommitLimit:     9202292 kB
Committed_AS:   79962396 kB
VmallocTotal:   263061440 kB
VmallocUsed:      107856 kB
VmallocChunk:          0 kB
Percpu:             7680 kB
CmaTotal:         294912 kB
CmaFree:              28 kB
MemTotal:       12113136 kB
MemFree:         5997448 kB
MemAvailable:    7673008 kB
Buffers:            5832 kB
Cached:          2069668 kB
SwapCached:            0 kB
Active:          2052640 kB
Inactive:        1760844 kB
Active(anon):    1746792 kB
Inactive(anon):    29976 kB
Active(file):     305848 kB
Inactive(file):  1730868 kB
Unevictable:        5588 kB
Mlocked:            5588 kB
SwapTotal:       3145724 kB
SwapFree:        3145724 kB
Dirty:               196 kB
Writeback:             0 kB
AnonPages:       1743368 kB
Mapped:          1005348 kB
Shmem:             34244 kB
KReclaimable:     507548 kB
Slab:             237576 kB
SReclaimable:      83924 kB
SUnreclaim:       153652 kB
KernelStack:       50576 kB
PageTables:        70436 kB
NFS_Unstable:          0 kB
Bounce:                0 kB
WritebackTmp:          0 kB
CommitLimit:     9202292 kB
Committed_AS:   79963000 kB
VmallocTotal:   263061440 kB
VmallocUsed:      107856 kB
VmallocChunk:          0 kB
Percpu:             7680 kB
CmaTotal:         294912 kB
CmaFree:               0 kB
MemTotal:       12113136 kB
MemFree:         5995128 kB
MemAvailable:    7670384 kB
Buffers:            5832 kB
Cached:          2069788 kB
SwapCached:            0 kB
Active:          2054184 kB
Inactive:        1760948 kB
Active(anon):    1748336 kB
Inactive(anon):    30064 kB
Active(file):     305848 kB
Inactive(file):  1730884 kB
Unevictable:        5588 kB
Mlocked:            5588 kB
SwapTotal:       3145724 kB
SwapFree:        3145724 kB
Dirty:               236 kB
Writeback:             0 kB
AnonPages:       1745120 kB
Mapped:          1005816 kB
Shmem:             34348 kB
KReclaimable:     507228 kB
Slab:             237548 kB
SReclaimable:      83924 kB
SUnreclaim:       153624 kB
KernelStack:       50560 kB
PageTables:        70360 kB
NFS_Unstable:          0 kB
Bounce:                0 kB
WritebackTmp:          0 kB
CommitLimit:     9202292 kB
Committed_AS:   79963896 kB
VmallocTotal:   263061440 kB
VmallocUsed:      107840 kB
VmallocChunk:          0 kB
Percpu:             7680 kB
CmaTotal:         294912 kB
CmaFree:               0 kB
MemTotal:       12113136 kB
MemFree:         5985088 kB
MemAvailable:    7639604 kB
Buffers:            5832 kB
Cached:          2076248 kB
SwapCached:            0 kB
Active:          2058004 kB
Inactive:        1767340 kB
Active(anon):    1752144 kB
Inactive(anon):    36464 kB
Active(file):     305860 kB
Inactive(file):  1730876 kB
Unevictable:        5588 kB
Mlocked:            5588 kB
SwapTotal:       3145724 kB
SwapFree:        3145724 kB
Dirty:               784 kB
Writeback:             0 kB
AnonPages:       1748996 kB
Mapped:          1012964 kB
Shmem:             40804 kB
KReclaimable:     486484 kB
Slab:             237964 kB
SReclaimable:      83980 kB
SUnreclaim:       153984 kB
KernelStack:       50816 kB
PageTables:        70784 kB
NFS_Unstable:          0 kB
Bounce:                0 kB
WritebackTmp:          0 kB
CommitLimit:     9202292 kB
Committed_AS:   79980544 kB
VmallocTotal:   263061440 kB
VmallocUsed:      107920 kB
VmallocChunk:          0 kB
Percpu:             7680 kB
CmaTotal:         294912 kB
CmaFree:               0 kB
MemTotal:       12113136 kB
MemFree:         5982748 kB
MemAvailable:    7637292 kB
Buffers:            5832 kB
Cached:          2076296 kB
SwapCached:            0 kB
Active:          2058380 kB
Inactive:        1767388 kB
Active(anon):    1752520 kB
Inactive(anon):    36480 kB
Active(file):     305860 kB
Inactive(file):  1730908 kB
Unevictable:        5588 kB
Mlocked:            5588 kB
SwapTotal:       3145724 kB
SwapFree:        3145724 kB
Dirty:               832 kB
Writeback:             0 kB
AnonPages:       1748888 kB
Mapped:          1013068 kB
Shmem:             40820 kB
KReclaimable:     486480 kB
Slab:             237916 kB
SReclaimable:      83964 kB
SUnreclaim:       153952 kB
KernelStack:       50804 kB
PageTables:        70560 kB
NFS_Unstable:          0 kB
Bounce:                0 kB
WritebackTmp:          0 kB
CommitLimit:     9202292 kB
Committed_AS:   79987440 kB
VmallocTotal:   263061440 kB
VmallocUsed:      107952 kB
VmallocChunk:          0 kB
Percpu:             7680 kB
CmaTotal:         294912 kB
CmaFree:               0 kB
MemTotal:       12113136 kB
MemFree:         5990768 kB
MemAvailable:    7645336 kB
Buffers:            5832 kB
Cached:          2072004 kB
SwapCached:            0 kB
Active:          2055288 kB
Inactive:        1763096 kB
Active(anon):    1749428 kB
Inactive(anon):    32172 kB
Active(file):     305860 kB
Inactive(file):  1730924 kB
Unevictable:        5588 kB
Mlocked:            5588 kB
SwapTotal:       3145724 kB
SwapFree:        3145724 kB
Dirty:              1000 kB
Writeback:             0 kB
AnonPages:       1745940 kB
Mapped:          1009236 kB
Shmem:             36512 kB
KReclaimable:     486488 kB
Slab:             237936 kB
SReclaimable:      83972 kB
SUnreclaim:       153964 kB
KernelStack:       50768 kB
PageTables:        70656 kB
NFS_Unstable:          0 kB
Bounce:                0 kB
WritebackTmp:          0 kB
CommitLimit:     9202292 kB
Committed_AS:   79977652 kB
VmallocTotal:   263061440 kB
VmallocUsed:      107968 kB
VmallocChunk:          0 kB
Percpu:             7680 kB
CmaTotal:         294912 kB
CmaFree:               0 kB
MemTotal:       12113136 kB
MemFree:         5988196 kB
MemAvailable:    7638000 kB
Buffers:            5832 kB
Cached:          2072060 kB
SwapCached:            0 kB
Active:          2057972 kB
Inactive:        1763140 kB
Active(anon):    1752108 kB
Inactive(anon):    32204 kB
Active(file):     305864 kB
Inactive(file):  1730936 kB
Unevictable:        5588 kB
Mlocked:            5588 kB
SwapTotal:       3145724 kB
SwapFree:        3145724 kB
Dirty:              1080 kB
Writeback:             0 kB
AnonPages:       1749160 kB
Mapped:          1009232 kB
Shmem:             36552 kB
KReclaimable:     481180 kB
Slab:             237936 kB
SReclaimable:      83972 kB
SUnreclaim:       153964 kB
KernelStack:       50736 kB
PageTables:        70552 kB
NFS_Unstable:          0 kB
Bounce:                0 kB
WritebackTmp:          0 kB
CommitLimit:     9202292 kB
Committed_AS:   79976732 kB
VmallocTotal:   263061440 kB
VmallocUsed:      107968 kB
VmallocChunk:          0 kB
Percpu:             7680 kB
CmaTotal:         294912 kB
CmaFree:               0 kB
MemTotal:       12113136 kB
MemFree:         5986432 kB
MemAvailable:    7636260 kB
Buffers:            5832 kB
Cached:          2072080 kB
SwapCached:            0 kB
Active:          2058984 kB
Inactive:        1763160 kB
Active(anon):    1753120 kB
Inactive(anon):    32204 kB
Active(file):     305864 kB
Inactive(file):  1730956 kB
Unevictable:        5588 kB
Mlocked:            5588 kB
SwapTotal:       3145724 kB
SwapFree:        3145724 kB
Dirty:              1100 kB
Writeback:             0 kB
AnonPages:       1749372 kB
Mapped:          1009496 kB
Shmem:             36552 kB
KReclaimable:     481188 kB
Slab:             237948 kB
SReclaimable:      83972 kB
SUnreclaim:       153976 kB
KernelStack:       50720 kB
PageTables:        70308 kB
NFS_Unstable:          0 kB
Bounce:                0 kB
WritebackTmp:          0 kB
CommitLimit:     9202292 kB
Committed_AS:   79977532 kB
VmallocTotal:   263061440 kB
VmallocUsed:      108016 kB
VmallocChunk:          0 kB
Percpu:             7680 kB
CmaTotal:         294912 kB
CmaFree:               0 kB
MemTotal:       12113136 kB
MemFree:         5979692 kB
MemAvailable:    7628520 kB
Buffers:            5832 kB
Cached:          2072136 kB
SwapCached:            0 kB
Active:          2065628 kB
Inactive:        1763200 kB
Active(anon):    1759748 kB
Inactive(anon):    32188 kB
Active(file):     305880 kB
Inactive(file):  1731012 kB
Unevictable:        5588 kB
Mlocked:            5588 kB
SwapTotal:       3145724 kB
SwapFree:        3145724 kB
Dirty:              1144 kB
Writeback:             0 kB
AnonPages:       1756368 kB
Mapped:          1009320 kB
Shmem:             36536 kB
KReclaimable:     479048 kB
Slab:             237968 kB
SReclaimable:      83972 kB
SUnreclaim:       153996 kB
KernelStack:       50768 kB
PageTables:        70552 kB
NFS_Unstable:          0 kB
Bounce:                0 kB
WritebackTmp:          0 kB
CommitLimit:     9202292 kB
Committed_AS:   79981112 kB
VmallocTotal:   263061440 kB
VmallocUsed:      108016 kB
VmallocChunk:          0 kB
Percpu:             7680 kB
CmaTotal:         294912 kB
CmaFree:               0 kB
MemTotal:       12113136 kB
MemFree:         5984120 kB
MemAvailable:    7632984 kB
Buffers:            5836 kB
Cached:          2072160 kB
SwapCached:            0 kB
Active:          2060880 kB
Inactive:        1763224 kB
Active(anon):    1754996 kB
Inactive(anon):    32188 kB
Active(file):     305884 kB
Inactive(file):  1731036 kB
Unevictable:        5588 kB
Mlocked:            5588 kB
SwapTotal:       3145724 kB
SwapFree:        3145724 kB
Dirty:              1164 kB
Writeback:             0 kB
AnonPages:       1751672 kB
Mapped:          1009344 kB
Shmem:             36536 kB
KReclaimable:     479064 kB
Slab:             237996 kB
SReclaimable:      83988 kB
SUnreclaim:       154008 kB
KernelStack:       50784 kB
PageTables:        70668 kB
NFS_Unstable:          0 kB
Bounce:                0 kB
WritebackTmp:          0 kB
CommitLimit:     9202292 kB
Committed_AS:   79979768 kB
VmallocTotal:   263061440 kB
VmallocUsed:      108016 kB
VmallocChunk:          0 kB
Percpu:             7680 kB
CmaTotal:         294912 kB
CmaFree:               0 kB
MemTotal:       12113136 kB
MemFree:         5983568 kB
MemAvailable:    7632352 kB
Buffers:            5836 kB
Cached:          2071952 kB
SwapCached:            0 kB
Active:          2063328 kB
Inactive:        1763148 kB
Active(anon):    1757444 kB
Inactive(anon):    32192 kB
Active(file):     305884 kB
Inactive(file):  1730956 kB
Unevictable:        5588 kB
Mlocked:            5588 kB
SwapTotal:       3145724 kB
SwapFree:        3145724 kB
Dirty:              1704 kB
Writeback:             0 kB
AnonPages:       1753740 kB
Mapped:          1009420 kB
Shmem:             36540 kB
KReclaimable:     479064 kB
Slab:             237956 kB
SReclaimable:      83988 kB
SUnreclaim:       153968 kB
KernelStack:       50800 kB
PageTables:        70540 kB
NFS_Unstable:          0 kB
Bounce:                0 kB
WritebackTmp:          0 kB
CommitLimit:     9202292 kB
Committed_AS:   79969636 kB
VmallocTotal:   263061440 kB
VmallocUsed:      108000 kB
VmallocChunk:          0 kB
Percpu:             7680 kB
CmaTotal:         294912 kB
CmaFree:               0 kB
MemTotal:       12113136 kB
MemFree:         5984152 kB
MemAvailable:    7633040 kB
Buffers:            5836 kB
Cached:          2072196 kB
SwapCached:            0 kB
Active:          2062748 kB
Inactive:        1763260 kB
Active(anon):    1756864 kB
Inactive(anon):    32192 kB
Active(file):     305884 kB
Inactive(file):  1731068 kB
Unevictable:        5588 kB
Mlocked:            5588 kB
SwapTotal:       3145724 kB
SwapFree:        3145724 kB
Dirty:               348 kB
Writeback:             8 kB
AnonPages:       1753580 kB
Mapped:          1009280 kB
Shmem:             36540 kB
KReclaimable:     479048 kB
Slab:             238060 kB
SReclaimable:      83972 kB
SUnreclaim:       154088 kB
KernelStack:       50688 kB
PageTables:        70560 kB
NFS_Unstable:          0 kB
Bounce:                0 kB
WritebackTmp:          0 kB
CommitLimit:     9202292 kB
Committed_AS:   79973704 kB
VmallocTotal:   263061440 kB
VmallocUsed:      107952 kB
VmallocChunk:          0 kB
Percpu:             7680 kB
CmaTotal:         294912 kB
CmaFree:               0 kB
MemTotal:       12113136 kB
MemFree:         5982184 kB
MemAvailable:    7630908 kB
Buffers:            5836 kB
Cached:          2072284 kB
SwapCached:            0 kB
Active:          2064604 kB
Inactive:        1763344 kB
Active(anon):    1758716 kB
Inactive(anon):    32216 kB
Active(file):     305888 kB
Inactive(file):  1731128 kB
Unevictable:        5588 kB
Mlocked:            5588 kB
SwapTotal:       3145724 kB
SwapFree:        3145724 kB
Dirty:              1908 kB
Writeback:             0 kB
AnonPages:       1755572 kB
Mapped:          1010276 kB
Shmem:             36564 kB
KReclaimable:     478592 kB
Slab:             238040 kB
SReclaimable:      83972 kB
SUnreclaim:       154068 kB
KernelStack:       50592 kB
PageTables:        70452 kB
NFS_Unstable:          0 kB
Bounce:                0 kB
WritebackTmp:          0 kB
CommitLimit:     9202292 kB
Committed_AS:   79974504 kB
VmallocTotal:   263061440 kB
VmallocUsed:      107936 kB
VmallocChunk:          0 kB
Percpu:             7680 kB
CmaTotal:         294912 kB
CmaFree:               0 kB
MemTotal:       12113136 kB
MemFree:         5980796 kB
MemAvailable:    7629544 kB
Buffers:            5836 kB
Cached:          2072296 kB
SwapCached:            0 kB
Active:          2065196 kB
Inactive:        1763356 kB
Active(anon):    1759308 kB
Inactive(anon):    32220 kB
Active(file):     305888 kB
Inactive(file):  1731136 kB
Unevictable:        5588 kB
Mlocked:            5588 kB
SwapTotal:       3145724 kB
SwapFree:        3145724 kB
Dirty:              1960 kB
Writeback:             0 kB
AnonPages:       1755972 kB
Mapped:          1010580 kB
Shmem:             36568 kB
KReclaimable:     478624 kB
Slab:             238036 kB
SReclaimable:      83972 kB
SUnreclaim:       154064 kB
KernelStack:       50640 kB
PageTables:        70536 kB
NFS_Unstable:          0 kB
Bounce:                0 kB
WritebackTmp:          0 kB
CommitLimit:     9202292 kB
Committed_AS:   79981464 kB
VmallocTotal:   263061440 kB
VmallocUsed:      107904 kB
VmallocChunk:          0 kB
Percpu:             7680 kB
CmaTotal:         294912 kB
CmaFree:               0 kB
MemTotal:       12113136 kB
MemFree:         5978740 kB
MemAvailable:    7627532 kB
Buffers:            5836 kB
Cached:          2072308 kB
SwapCached:            0 kB
Active:          2067544 kB
Inactive:        1763360 kB
Active(anon):    1761648 kB
Inactive(anon):    32192 kB
Active(file):     305896 kB
Inactive(file):  1731168 kB
Unevictable:        5588 kB
Mlocked:            5588 kB
SwapTotal:       3145724 kB
SwapFree:        3145724 kB
Dirty:              2008 kB
Writeback:             0 kB
AnonPages:       1758572 kB
Mapped:          1010316 kB
Shmem:             36540 kB
KReclaimable:     478628 kB
Slab:             238056 kB
SReclaimable:      83976 kB
SUnreclaim:       154080 kB
KernelStack:       50672 kB
PageTables:        70636 kB
NFS_Unstable:          0 kB
Bounce:                0 kB
WritebackTmp:          0 kB
CommitLimit:     9202292 kB
Committed_AS:   79977964 kB
VmallocTotal:   263061440 kB
VmallocUsed:      107920 kB
VmallocChunk:          0 kB
Percpu:             7680 kB
CmaTotal:         294912 kB
CmaFree:               0 kB
MemTotal:       12113136 kB
MemFree:         5981608 kB
MemAvailable:    7630620 kB
Buffers:            5836 kB
Cached:          2072604 kB
SwapCached:            0 kB
Active:          2063388 kB
Inactive:        1763616 kB
Active(anon):    1757492 kB
Inactive(anon):    32184 kB
Active(file):     305896 kB
Inactive(file):  1731432 kB
Unevictable:        5588 kB
Mlocked:            5588 kB
SwapTotal:       3145724 kB
SwapFree:        3145724 kB
Dirty:              2088 kB
Writeback:             0 kB
AnonPages:       1754412 kB
Mapped:          1010120 kB
Shmem:             36572 kB
KReclaimable:     478544 kB
Slab:             238080 kB
SReclaimable:      83976 kB
SUnreclaim:       154104 kB
KernelStack:       50672 kB
PageTables:        70572 kB
NFS_Unstable:          0 kB
Bounce:                0 kB
WritebackTmp:          0 kB
CommitLimit:     9202292 kB
Committed_AS:   79980548 kB
VmallocTotal:   263061440 kB
VmallocUsed:      107968 kB
VmallocChunk:          0 kB
Percpu:             7680 kB
CmaTotal:         294912 kB
CmaFree:              20 kB
MemTotal:       12113136 kB
MemFree:         5978892 kB
MemAvailable:    7627984 kB
Buffers:            5836 kB
Cached:          2072616 kB
SwapCached:            0 kB
Active:          2065492 kB
Inactive:        1763644 kB
Active(anon):    1759596 kB
Inactive(anon):    32200 kB
Active(file):     305896 kB
Inactive(file):  1731444 kB
Unevictable:        5588 kB
Mlocked:            5588 kB
SwapTotal:       3145724 kB
SwapFree:        3145724 kB
Dirty:              2292 kB
Writeback:             0 kB
AnonPages:       1756132 kB
Mapped:          1010368 kB
Shmem:             36572 kB
KReclaimable:     478680 kB
Slab:             238104 kB
SReclaimable:      83976 kB
SUnreclaim:       154128 kB
KernelStack:       50688 kB
PageTables:        70652 kB
NFS_Unstable:          0 kB
Bounce:                0 kB
WritebackTmp:          0 kB
CommitLimit:     9202292 kB
Committed_AS:   79974312 kB
VmallocTotal:   263061440 kB
VmallocUsed:      107904 kB
VmallocChunk:          0 kB
Percpu:             7680 kB
CmaTotal:         294912 kB
CmaFree:               0 kB
MemTotal:       12113136 kB
MemFree:         5979724 kB
MemAvailable:    7628804 kB
Buffers:            5836 kB
Cached:          2072628 kB
SwapCached:            0 kB
Active:          2064708 kB
Inactive:        1763656 kB
Active(anon):    1758812 kB
Inactive(anon):    32200 kB
Active(file):     305896 kB
Inactive(file):  1731456 kB
Unevictable:        5588 kB
Mlocked:            5588 kB
SwapTotal:       3145724 kB
SwapFree:        3145724 kB
Dirty:              2304 kB
Writeback:             0 kB
AnonPages:       1755680 kB
Mapped:          1010396 kB
Shmem:             36572 kB
KReclaimable:     478632 kB
Slab:             238100 kB
SReclaimable:      83976 kB
SUnreclaim:       154124 kB
KernelStack:       50640 kB
PageTables:        70700 kB
NFS_Unstable:          0 kB
Bounce:                0 kB
WritebackTmp:          0 kB
CommitLimit:     9202292 kB
Committed_AS:   79979456 kB
VmallocTotal:   263061440 kB
VmallocUsed:      107936 kB
VmallocChunk:          0 kB
Percpu:             7680 kB
CmaTotal:         294912 kB
CmaFree:               0 kB
MemTotal:       12113136 kB
MemFree:         5980340 kB
MemAvailable:    7634328 kB
Buffers:            5836 kB
Cached:          2072680 kB
SwapCached:            0 kB
Active:          2065028 kB
Inactive:        1763708 kB
Active(anon):    1759132 kB
Inactive(anon):    32200 kB
Active(file):     305896 kB
Inactive(file):  1731508 kB
Unevictable:        5588 kB
Mlocked:            5588 kB
SwapTotal:       3145724 kB
SwapFree:        3145724 kB
Dirty:              2356 kB
Writeback:             0 kB
AnonPages:       1755804 kB
Mapped:          1010332 kB
Shmem:             36572 kB
KReclaimable:     485288 kB
Slab:             238092 kB
SReclaimable:      83976 kB
SUnreclaim:       154116 kB
KernelStack:       50608 kB
PageTables:        70644 kB
NFS_Unstable:          0 kB
Bounce:                0 kB
WritebackTmp:          0 kB
CommitLimit:     9202292 kB
Committed_AS:   79974248 kB
VmallocTotal:   263061440 kB
VmallocUsed:      107856 kB
VmallocChunk:          0 kB
Percpu:             7680 kB
CmaTotal:         294912 kB
CmaFree:               0 kB
MemTotal:       12113136 kB
MemFree:         5980356 kB
MemAvailable:    7634392 kB
Buffers:            5836 kB
Cached:          2072728 kB
SwapCached:            0 kB
Active:          2065636 kB
Inactive:        1763752 kB
Active(anon):    1759736 kB
Inactive(anon):    32200 kB
Active(file):     305900 kB
Inactive(file):  1731552 kB
Unevictable:        5588 kB
Mlocked:            5588 kB
SwapTotal:       3145724 kB
SwapFree:        3145724 kB
Dirty:              2796 kB
Writeback:             4 kB
AnonPages:       1756440 kB
Mapped:          1010072 kB
Shmem:             36572 kB
KReclaimable:     485288 kB
Slab:             238096 kB
SReclaimable:      83976 kB
SUnreclaim:       154120 kB
KernelStack:       50592 kB
PageTables:        70668 kB
NFS_Unstable:          0 kB
Bounce:                0 kB
WritebackTmp:          0 kB
CommitLimit:     9202292 kB
Committed_AS:   79970688 kB
VmallocTotal:   263061440 kB
VmallocUsed:      107808 kB
VmallocChunk:          0 kB
Percpu:             7680 kB
CmaTotal:         294912 kB
CmaFree:               0 kB
MemTotal:       12113136 kB
MemFree:         5976392 kB
MemAvailable:    7626876 kB
Buffers:            5836 kB
Cached:          2072792 kB
SwapCached:            0 kB
Active:          2070244 kB
Inactive:        1763576 kB
Active(anon):    1764104 kB
Inactive(anon):    32232 kB
Active(file):     306140 kB
Inactive(file):  1731344 kB
Unevictable:        5588 kB
Mlocked:            5588 kB
SwapTotal:       3145724 kB
SwapFree:        3145724 kB
Dirty:              2848 kB
Writeback:             0 kB
AnonPages:       1760916 kB
Mapped:          1010212 kB
Shmem:             36604 kB
KReclaimable:     481176 kB
Slab:             238092 kB
SReclaimable:      83976 kB
SUnreclaim:       154116 kB
KernelStack:       50544 kB
PageTables:        70600 kB
NFS_Unstable:          0 kB
Bounce:                0 kB
WritebackTmp:          0 kB
CommitLimit:     9202292 kB
Committed_AS:   79985636 kB
VmallocTotal:   263061440 kB
VmallocUsed:      107856 kB
VmallocChunk:          0 kB
Percpu:             7680 kB
CmaTotal:         294912 kB
CmaFree:               0 kB
MemTotal:       12113136 kB
MemFree:         5971756 kB
MemAvailable:    7642584 kB
Buffers:            5836 kB
Cached:          2072684 kB
SwapCached:            0 kB
Active:          2075060 kB
Inactive:        1763492 kB
Active(anon):    1768920 kB
Inactive(anon):    32144 kB
Active(file):     306140 kB
Inactive(file):  1731348 kB
Unevictable:        5588 kB
Mlocked:            5588 kB
SwapTotal:       3145724 kB
SwapFree:        3145724 kB
Dirty:               608 kB
Writeback:             0 kB
AnonPages:       1765356 kB
Mapped:          1010028 kB
Shmem:             36492 kB
KReclaimable:     502044 kB
Slab:             238092 kB
SReclaimable:      83976 kB
SUnreclaim:       154116 kB
KernelStack:       50608 kB
PageTables:        70760 kB
NFS_Unstable:          0 kB
Bounce:                0 kB
WritebackTmp:          0 kB
CommitLimit:     9202292 kB
Committed_AS:   79979104 kB
VmallocTotal:   263061440 kB
VmallocUsed:      107840 kB
VmallocChunk:          0 kB
Percpu:             7680 kB
CmaTotal:         294912 kB
CmaFree:              32 kB
MemTotal:       12113136 kB
MemFree:         5970700 kB
MemAvailable:    7641744 kB
Buffers:            5836 kB
Cached:          2072656 kB
SwapCached:            0 kB
Active:          2075644 kB
Inactive:        1763432 kB
Active(anon):    1769504 kB
Inactive(anon):    32064 kB
Active(file):     306140 kB
Inactive(file):  1731368 kB
Unevictable:        5588 kB
Mlocked:            5588 kB
SwapTotal:       3145724 kB
SwapFree:        3145724 kB
Dirty:               552 kB
Writeback:             0 kB
AnonPages:       1766192 kB
Mapped:          1009724 kB
Shmem:             36444 kB
KReclaimable:     502240 kB
Slab:             238060 kB
SReclaimable:      83976 kB
SUnreclaim:       154084 kB
KernelStack:       50560 kB
PageTables:        70676 kB
NFS_Unstable:          0 kB
Bounce:                0 kB
WritebackTmp:          0 kB
CommitLimit:     9202292 kB
Committed_AS:   79985620 kB
VmallocTotal:   263061440 kB
VmallocUsed:      107840 kB
VmallocChunk:          0 kB
Percpu:             7680 kB
CmaTotal:         294912 kB
CmaFree:               0 kB
MemTotal:       12113136 kB
MemFree:         5971608 kB
MemAvailable:    7642664 kB
Buffers:            5836 kB
Cached:          2072640 kB
SwapCached:            0 kB
Active:          2075424 kB
Inactive:        1763416 kB
Active(anon):    1769284 kB
Inactive(anon):    32036 kB
Active(file):     306140 kB
Inactive(file):  1731380 kB
Unevictable:        5588 kB
Mlocked:            5588 kB
SwapTotal:       3145724 kB
SwapFree:        3145724 kB
Dirty:               632 kB
Writeback:             0 kB
AnonPages:       1765332 kB
Mapped:          1009956 kB
Shmem:             36416 kB
KReclaimable:     502240 kB
Slab:             238060 kB
SReclaimable:      83976 kB
SUnreclaim:       154084 kB
KernelStack:       50512 kB
PageTables:        70612 kB
NFS_Unstable:          0 kB
Bounce:                0 kB
WritebackTmp:          0 kB
CommitLimit:     9202292 kB
Committed_AS:   79985200 kB
VmallocTotal:   263061440 kB
VmallocUsed:      107824 kB
VmallocChunk:          0 kB
Percpu:             7680 kB
CmaTotal:         294912 kB
CmaFree:               0 kB
MemTotal:       12113136 kB
MemFree:         5971744 kB
MemAvailable:    7642816 kB
Buffers:            5840 kB
Cached:          2072652 kB
SwapCached:            0 kB
Active:          2073448 kB
Inactive:        1763432 kB
Active(anon):    1767308 kB
Inactive(anon):    32036 kB
Active(file):     306140 kB
Inactive(file):  1731396 kB
Unevictable:        5588 kB
Mlocked:            5588 kB
SwapTotal:       3145724 kB
SwapFree:        3145724 kB
Dirty:               680 kB
Writeback:             0 kB
AnonPages:       1764136 kB
Mapped:          1009784 kB
Shmem:             36416 kB
KReclaimable:     502240 kB
Slab:             238060 kB
SReclaimable:      83976 kB
SUnreclaim:       154084 kB
KernelStack:       50544 kB
PageTables:        70248 kB
NFS_Unstable:          0 kB
Bounce:                0 kB
WritebackTmp:          0 kB
CommitLimit:     9202292 kB
Committed_AS:   79964076 kB
VmallocTotal:   263061440 kB
VmallocUsed:      107776 kB
VmallocChunk:          0 kB
Percpu:             7680 kB
CmaTotal:         294912 kB
CmaFree:               0 kB
MemTotal:       12113136 kB
MemFree:         5971192 kB
MemAvailable:    7639796 kB
Buffers:            5840 kB
Cached:          2072728 kB
SwapCached:            0 kB
Active:          2073968 kB
Inactive:        1763504 kB
Active(anon):    1767824 kB
Inactive(anon):    32084 kB
Active(file):     306144 kB
Inactive(file):  1731420 kB
Unevictable:        5588 kB
Mlocked:            5588 kB
SwapTotal:       3145724 kB
SwapFree:        3145724 kB
Dirty:               812 kB
Writeback:             0 kB
AnonPages:       1764308 kB
Mapped:          1010196 kB
Shmem:             36464 kB
KReclaimable:     499744 kB
Slab:             238060 kB
SReclaimable:      83976 kB
SUnreclaim:       154084 kB
KernelStack:       50512 kB
PageTables:        70652 kB
NFS_Unstable:          0 kB
Bounce:                0 kB
WritebackTmp:          0 kB
CommitLimit:     9202292 kB
Committed_AS:   79980764 kB
VmallocTotal:   263061440 kB
VmallocUsed:      107808 kB
VmallocChunk:          0 kB
Percpu:             7680 kB
CmaTotal:         294912 kB
CmaFree:               0 kB
MemTotal:       12113136 kB
MemFree:         5971144 kB
MemAvailable:    7638984 kB
Buffers:            5840 kB
Cached:          2072736 kB
SwapCached:            0 kB
Active:          2074080 kB
Inactive:        1763512 kB
Active(anon):    1767940 kB
Inactive(anon):    32084 kB
Active(file):     306140 kB
Inactive(file):  1731428 kB
Unevictable:        5588 kB
Mlocked:            5588 kB
SwapTotal:       3145724 kB
SwapFree:        3145724 kB
Dirty:               864 kB
Writeback:             0 kB
AnonPages:       1764668 kB
Mapped:          1010284 kB
Shmem:             36464 kB
KReclaimable:     498976 kB
Slab:             238060 kB
SReclaimable:      83976 kB
SUnreclaim:       154084 kB
KernelStack:       50544 kB
PageTables:        70864 kB
NFS_Unstable:          0 kB
Bounce:                0 kB
WritebackTmp:          0 kB
CommitLimit:     9202292 kB
Committed_AS:   79977164 kB
VmallocTotal:   263061440 kB
VmallocUsed:      107760 kB
VmallocChunk:          0 kB
Percpu:             7680 kB
CmaTotal:         294912 kB
CmaFree:               0 kB
MemTotal:       12113136 kB
MemFree:         5972900 kB
MemAvailable:    7640580 kB
Buffers:            5840 kB
Cached:          2072764 kB
SwapCached:            0 kB
Active:          2072640 kB
Inactive:        1763536 kB
Active(anon):    1766492 kB
Inactive(anon):    32084 kB
Active(file):     306148 kB
Inactive(file):  1731452 kB
Unevictable:        5588 kB
Mlocked:            5588 kB
SwapTotal:       3145724 kB
SwapFree:        3145724 kB
Dirty:               900 kB
Writeback:             0 kB
AnonPages:       1763292 kB
Mapped:          1010304 kB
Shmem:             36464 kB
KReclaimable:     498784 kB
Slab:             238060 kB
SReclaimable:      83976 kB
SUnreclaim:       154084 kB
KernelStack:       50544 kB
PageTables:        70784 kB
NFS_Unstable:          0 kB
Bounce:                0 kB
WritebackTmp:          0 kB
CommitLimit:     9202292 kB
Committed_AS:   79974228 kB
VmallocTotal:   263061440 kB
VmallocUsed:      107792 kB
VmallocChunk:          0 kB
Percpu:             7680 kB
CmaTotal:         294912 kB
CmaFree:               0 kB
MemTotal:       12113136 kB
MemFree:         5972096 kB
MemAvailable:    7639780 kB
Buffers:            5840 kB
Cached:          2072768 kB
SwapCached:            0 kB
Active:          2073300 kB
Inactive:        1763540 kB
Active(anon):    1767152 kB
Inactive(anon):    32084 kB
Active(file):     306148 kB
Inactive(file):  1731456 kB
Unevictable:        5588 kB
Mlocked:            5588 kB
SwapTotal:       3145724 kB
SwapFree:        3145724 kB
Dirty:               916 kB
Writeback:             0 kB
AnonPages:       1763452 kB
Mapped:          1010388 kB
Shmem:             36464 kB
KReclaimable:     498784 kB
Slab:             238060 kB
SReclaimable:      83976 kB
SUnreclaim:       154084 kB
KernelStack:       50544 kB
PageTables:        70732 kB
NFS_Unstable:          0 kB
Bounce:                0 kB
WritebackTmp:          0 kB
CommitLimit:     9202292 kB
Committed_AS:   79979364 kB
VmallocTotal:   263061440 kB
VmallocUsed:      107840 kB
VmallocChunk:          0 kB
Percpu:             7680 kB
CmaTotal:         294912 kB
CmaFree:               0 kB
MemTotal:       12113136 kB
MemFree:         5956348 kB
MemAvailable:    7624044 kB
Buffers:            5840 kB
Cached:          2079864 kB
SwapCached:            0 kB
Active:          2083596 kB
Inactive:        1770632 kB
Active(anon):    1777448 kB
Inactive(anon):    39164 kB
Active(file):     306148 kB
Inactive(file):  1731468 kB
Unevictable:        5588 kB
Mlocked:            5588 kB
SwapTotal:       3145724 kB
SwapFree:        3145724 kB
Dirty:               932 kB
Writeback:             0 kB
AnonPages:       1773960 kB
Mapped:          1017484 kB
Shmem:             43548 kB
KReclaimable:     498784 kB
Slab:             238060 kB
SReclaimable:      83976 kB
SUnreclaim:       154084 kB
KernelStack:       50560 kB
PageTables:        70832 kB
NFS_Unstable:          0 kB
Bounce:                0 kB
WritebackTmp:          0 kB
CommitLimit:     9202292 kB
Committed_AS:   79991576 kB
VmallocTotal:   263061440 kB
VmallocUsed:      107824 kB
VmallocChunk:          0 kB
Percpu:             7680 kB
CmaTotal:         294912 kB
CmaFree:               0 kB
MemTotal:       12113136 kB
MemFree:         5942408 kB
MemAvailable:    7610108 kB
Buffers:            5840 kB
Cached:          2072880 kB
SwapCached:            0 kB
Active:          2102560 kB
Inactive:        1763652 kB
Active(anon):    1796412 kB
Inactive(anon):    32180 kB
Active(file):     306148 kB
Inactive(file):  1731472 kB
Unevictable:        5588 kB
Mlocked:            5588 kB
SwapTotal:       3145724 kB
SwapFree:        3145724 kB
Dirty:               944 kB
Writeback:             0 kB
AnonPages:       1793132 kB
Mapped:          1010564 kB
Shmem:             36560 kB
KReclaimable:     498784 kB
Slab:             237860 kB
SReclaimable:      83976 kB
SUnreclaim:       153884 kB
KernelStack:       50532 kB
PageTables:        70536 kB
NFS_Unstable:          0 kB
Bounce:                0 kB
WritebackTmp:          0 kB
CommitLimit:     9202292 kB
Committed_AS:   79984872 kB
VmallocTotal:   263061440 kB
VmallocUsed:      107824 kB
VmallocChunk:          0 kB
Percpu:             7680 kB
CmaTotal:         294912 kB
CmaFree:               0 kB
MemTotal:       12113136 kB
MemFree:         5939508 kB
MemAvailable:    7608024 kB
Buffers:            5840 kB
Cached:          2072776 kB
SwapCached:            0 kB
Active:          2103036 kB
Inactive:        1763548 kB
Active(anon):    1796888 kB
Inactive(anon):    32052 kB
Active(file):     306148 kB
Inactive(file):  1731496 kB
Unevictable:        5588 kB
Mlocked:            5588 kB
SwapTotal:       3145724 kB
SwapFree:        3145724 kB
Dirty:              1604 kB
Writeback:             0 kB
AnonPages:       1793384 kB
Mapped:          1011368 kB
Shmem:             36432 kB
KReclaimable:     499576 kB
Slab:             238120 kB
SReclaimable:      83976 kB
SUnreclaim:       154144 kB
KernelStack:       50544 kB
PageTables:        70604 kB
NFS_Unstable:          0 kB
Bounce:                0 kB
WritebackTmp:          0 kB
CommitLimit:     9202292 kB
Committed_AS:   79981480 kB
VmallocTotal:   263061440 kB
VmallocUsed:      107840 kB
VmallocChunk:          0 kB
Percpu:             7680 kB
CmaTotal:         294912 kB
CmaFree:               0 kB
MemTotal:       12113136 kB
MemFree:         5940952 kB
MemAvailable:    7614992 kB
Buffers:            5840 kB
Cached:          2072776 kB
SwapCached:            0 kB
Active:          2103472 kB
Inactive:        1763548 kB
Active(anon):    1797324 kB
Inactive(anon):    32040 kB
Active(file):     306148 kB
Inactive(file):  1731508 kB
Unevictable:        5588 kB
Mlocked:            5588 kB
SwapTotal:       3145724 kB
SwapFree:        3145724 kB
Dirty:              1644 kB
Writeback:             0 kB
AnonPages:       1794124 kB
Mapped:          1011392 kB
Shmem:             36420 kB
KReclaimable:     505088 kB
Slab:             238056 kB
SReclaimable:      83976 kB
SUnreclaim:       154080 kB
KernelStack:       50608 kB
PageTables:        70772 kB
NFS_Unstable:          0 kB
Bounce:                0 kB
WritebackTmp:          0 kB
CommitLimit:     9202292 kB
Committed_AS:   79979272 kB
VmallocTotal:   263061440 kB
VmallocUsed:      107840 kB
VmallocChunk:          0 kB
Percpu:             7680 kB
CmaTotal:         294912 kB
CmaFree:               0 kB
MemTotal:       12113136 kB
MemFree:         5938176 kB
MemAvailable:    7612256 kB
Buffers:            5840 kB
Cached:          2072792 kB
SwapCached:            0 kB
Active:          2104648 kB
Inactive:        1763564 kB
Active(anon):    1798500 kB
Inactive(anon):    32048 kB
Active(file):     306148 kB
Inactive(file):  1731516 kB
Unevictable:        5588 kB
Mlocked:            5588 kB
SwapTotal:       3145724 kB
SwapFree:        3145724 kB
Dirty:              1684 kB
Writeback:             0 kB
AnonPages:       1794944 kB
Mapped:          1011680 kB
Shmem:             36428 kB
KReclaimable:     505120 kB
Slab:             238068 kB
SReclaimable:      83976 kB
SUnreclaim:       154092 kB
KernelStack:       50560 kB
PageTables:        70676 kB
NFS_Unstable:          0 kB
Bounce:                0 kB
WritebackTmp:          0 kB
CommitLimit:     9202292 kB
Committed_AS:   79975480 kB
VmallocTotal:   263061440 kB
VmallocUsed:      107840 kB
VmallocChunk:          0 kB
Percpu:             7680 kB
CmaTotal:         294912 kB
CmaFree:               0 kB
MemTotal:       12113136 kB
MemFree:         5937384 kB
MemAvailable:    7611484 kB
Buffers:            5840 kB
Cached:          2072812 kB
SwapCached:            0 kB
Active:          2104896 kB
Inactive:        1763584 kB
Active(anon):    1798748 kB
Inactive(anon):    32048 kB
Active(file):     306148 kB
Inactive(file):  1731536 kB
Unevictable:        5588 kB
Mlocked:            5588 kB
SwapTotal:       3145724 kB
SwapFree:        3145724 kB
Dirty:              1724 kB
Writeback:             0 kB
AnonPages:       1795420 kB
Mapped:          1011704 kB
Shmem:             36428 kB
KReclaimable:     505120 kB
Slab:             238060 kB
SReclaimable:      83976 kB
SUnreclaim:       154084 kB
KernelStack:       50544 kB
PageTables:        70560 kB
NFS_Unstable:          0 kB
Bounce:                0 kB
WritebackTmp:          0 kB
CommitLimit:     9202292 kB
Committed_AS:   79981240 kB
VmallocTotal:   263061440 kB
VmallocUsed:      107856 kB
VmallocChunk:          0 kB
Percpu:             7680 kB
CmaTotal:         294912 kB
CmaFree:               4 kB
MemTotal:       12113136 kB
MemFree:         5938320 kB
MemAvailable:    7613732 kB
Buffers:            5840 kB
Cached:          2072844 kB
SwapCached:            0 kB
Active:          2105388 kB
Inactive:        1763616 kB
Active(anon):    1799240 kB
Inactive(anon):    32048 kB
Active(file):     306148 kB
Inactive(file):  1731568 kB
Unevictable:        5588 kB
Mlocked:            5588 kB
SwapTotal:       3145724 kB
SwapFree:        3145724 kB
Dirty:              1764 kB
Writeback:             0 kB
AnonPages:       1795724 kB
Mapped:          1011696 kB
Shmem:             36428 kB
KReclaimable:     506400 kB
Slab:             238060 kB
SReclaimable:      83976 kB
SUnreclaim:       154084 kB
KernelStack:       50640 kB
PageTables:        70908 kB
NFS_Unstable:          0 kB
Bounce:                0 kB
WritebackTmp:          0 kB
CommitLimit:     9202292 kB
Committed_AS:   79970000 kB
VmallocTotal:   263061440 kB
VmallocUsed:      107840 kB
VmallocChunk:          0 kB
Percpu:             7680 kB
CmaTotal:         294912 kB
CmaFree:               0 kB
MemTotal:       12113136 kB
MemFree:         5969432 kB
MemAvailable:    7644852 kB
Buffers:            5840 kB
Cached:          2072852 kB
SwapCached:            0 kB
Active:          2073668 kB
Inactive:        1763624 kB
Active(anon):    1767520 kB
Inactive(anon):    32048 kB
Active(file):     306148 kB
Inactive(file):  1731576 kB
Unevictable:        5588 kB
Mlocked:            5588 kB
SwapTotal:       3145724 kB
SwapFree:        3145724 kB
Dirty:               500 kB
Writeback:             0 kB
AnonPages:       1763856 kB
Mapped:          1011772 kB
Shmem:             36428 kB
KReclaimable:     506400 kB
Slab:             238060 kB
SReclaimable:      83976 kB
SUnreclaim:       154084 kB
KernelStack:       50560 kB
PageTables:        70604 kB
NFS_Unstable:          0 kB
Bounce:                0 kB
WritebackTmp:          0 kB
CommitLimit:     9202292 kB
Committed_AS:   79964652 kB
VmallocTotal:   263061440 kB
VmallocUsed:      107792 kB
VmallocChunk:          0 kB
Percpu:             7680 kB
CmaTotal:         294912 kB
CmaFree:               0 kB
MemTotal:       12113136 kB
MemFree:         5969544 kB
MemAvailable:    7645020 kB
Buffers:            5840 kB
Cached:          2072908 kB
SwapCached:            0 kB
Active:          2073124 kB
Inactive:        1763676 kB
Active(anon):    1766972 kB
Inactive(anon):    32048 kB
Active(file):     306152 kB
Inactive(file):  1731628 kB
Unevictable:        5588 kB
Mlocked:            5588 kB
SwapTotal:       3145724 kB
SwapFree:        3145724 kB
Dirty:               488 kB
Writeback:             0 kB
AnonPages:       1763796 kB
Mapped:          1011704 kB
Shmem:             36428 kB
KReclaimable:     506400 kB
Slab:             238032 kB
SReclaimable:      83976 kB
SUnreclaim:       154056 kB
KernelStack:       50592 kB
PageTables:        70900 kB
NFS_Unstable:          0 kB
Bounce:                0 kB
WritebackTmp:          0 kB
CommitLimit:     9202292 kB
Committed_AS:   79966096 kB
VmallocTotal:   263061440 kB
VmallocUsed:      107776 kB
VmallocChunk:          0 kB
Percpu:             7680 kB
CmaTotal:         294912 kB
CmaFree:               0 kB
MemTotal:       12113136 kB
MemFree:         5969348 kB
MemAvailable:    7640696 kB
Buffers:            5840 kB
Cached:          2072908 kB
SwapCached:            0 kB
Active:          2074808 kB
Inactive:        1763680 kB
Active(anon):    1768660 kB
Inactive(anon):    32080 kB
Active(file):     306148 kB
Inactive(file):  1731600 kB
Unevictable:        5588 kB
Mlocked:            5588 kB
SwapTotal:       3145724 kB
SwapFree:        3145724 kB
Dirty:               652 kB
Writeback:             0 kB
AnonPages:       1765000 kB
Mapped:          1011748 kB
Shmem:             36460 kB
KReclaimable:     502304 kB
Slab:             238028 kB
SReclaimable:      83976 kB
SUnreclaim:       154052 kB
KernelStack:       50576 kB
PageTables:        70648 kB
NFS_Unstable:          0 kB
Bounce:                0 kB
WritebackTmp:          0 kB
CommitLimit:     9202292 kB
Committed_AS:   79976856 kB
VmallocTotal:   263061440 kB
VmallocUsed:      107776 kB
VmallocChunk:          0 kB
Percpu:             7680 kB
CmaTotal:         294912 kB
CmaFree:               0 kB
MemTotal:       12113136 kB
MemFree:         5969296 kB
MemAvailable:    7640656 kB
Buffers:            5840 kB
Cached:          2072924 kB
SwapCached:            0 kB
Active:          2075284 kB
Inactive:        1763696 kB
Active(anon):    1769136 kB
Inactive(anon):    32084 kB
Active(file):     306148 kB
Inactive(file):  1731612 kB
Unevictable:        5588 kB
Mlocked:            5588 kB
SwapTotal:       3145724 kB
SwapFree:        3145724 kB
Dirty:               668 kB
Writeback:             0 kB
AnonPages:       1765980 kB
Mapped:          1010992 kB
Shmem:             36464 kB
KReclaimable:     502304 kB
Slab:             238028 kB
SReclaimable:      83976 kB
SUnreclaim:       154052 kB
KernelStack:       50592 kB
PageTables:        70640 kB
NFS_Unstable:          0 kB
Bounce:                0 kB
WritebackTmp:          0 kB
CommitLimit:     9202292 kB
Committed_AS:   79974464 kB
VmallocTotal:   263061440 kB
VmallocUsed:      107824 kB
VmallocChunk:          0 kB
Percpu:             7680 kB
CmaTotal:         294912 kB
CmaFree:               0 kB
MemTotal:       12113136 kB
MemFree:         5974052 kB
MemAvailable:    7644868 kB
Buffers:            5844 kB
Cached:          2072996 kB
SwapCached:            0 kB
Active:          2071988 kB
Inactive:        1763756 kB
Active(anon):    1765840 kB
Inactive(anon):    32128 kB
Active(file):     306148 kB
Inactive(file):  1731628 kB
Unevictable:        5588 kB
Mlocked:            5588 kB
SwapTotal:       3145724 kB
SwapFree:        3145724 kB
Dirty:               744 kB
Writeback:             0 kB
AnonPages:       1762428 kB
Mapped:          1010240 kB
Shmem:             36524 kB
KReclaimable:     501744 kB
Slab:             238032 kB
SReclaimable:      83976 kB
SUnreclaim:       154056 kB
KernelStack:       50576 kB
PageTables:        70740 kB
NFS_Unstable:          0 kB
Bounce:                0 kB
WritebackTmp:          0 kB
CommitLimit:     9202292 kB
Committed_AS:   79969420 kB
VmallocTotal:   263061440 kB
VmallocUsed:      107792 kB
VmallocChunk:          0 kB
Percpu:             7680 kB
CmaTotal:         294912 kB
CmaFree:               0 kB
MemTotal:       12113136 kB
MemFree:         5972048 kB
MemAvailable:    7643280 kB
Buffers:            5844 kB
Cached:          2072924 kB
SwapCached:            0 kB
Active:          2071760 kB
Inactive:        1763696 kB
Active(anon):    1765608 kB
Inactive(anon):    32048 kB
Active(file):     306152 kB
Inactive(file):  1731648 kB
Unevictable:        5588 kB
Mlocked:            5588 kB
SwapTotal:       3145724 kB
SwapFree:        3145724 kB
Dirty:               728 kB
Writeback:             4 kB
AnonPages:       1762160 kB
Mapped:          1010484 kB
Shmem:             36428 kB
KReclaimable:     502136 kB
Slab:             238032 kB
SReclaimable:      83976 kB
SUnreclaim:       154056 kB
KernelStack:       50592 kB
PageTables:        70736 kB
NFS_Unstable:          0 kB
Bounce:                0 kB
WritebackTmp:          0 kB
CommitLimit:     9202292 kB
Committed_AS:   79964648 kB
VmallocTotal:   263061440 kB
VmallocUsed:      107792 kB
VmallocChunk:          0 kB
Percpu:             7680 kB
CmaTotal:         294912 kB
CmaFree:              12 kB
MemTotal:       12113136 kB
MemFree:         5973264 kB
MemAvailable:    7644668 kB
Buffers:            5844 kB
Cached:          2072948 kB
SwapCached:            0 kB
Active:          2071244 kB
Inactive:        1763720 kB
Active(anon):    1765092 kB
Inactive(anon):    32052 kB
Active(file):     306152 kB
Inactive(file):  1731668 kB
Unevictable:        5588 kB
Mlocked:            5588 kB
SwapTotal:       3145724 kB
SwapFree:        3145724 kB
Dirty:               760 kB
Writeback:             0 kB
AnonPages:       1761820 kB
Mapped:          1010488 kB
Shmem:             36432 kB
KReclaimable:     502288 kB
Slab:             238024 kB
SReclaimable:      83976 kB
SUnreclaim:       154048 kB
KernelStack:       50576 kB
PageTables:        70732 kB
NFS_Unstable:          0 kB
Bounce:                0 kB
WritebackTmp:          0 kB
CommitLimit:     9202292 kB
Committed_AS:   79959176 kB
VmallocTotal:   263061440 kB
VmallocUsed:      107792 kB
VmallocChunk:          0 kB
Percpu:             7680 kB
CmaTotal:         294912 kB
CmaFree:               0 kB
MemTotal:       12113136 kB
MemFree:         5973868 kB
MemAvailable:    7645272 kB
Buffers:            5844 kB
Cached:          2072964 kB
SwapCached:            0 kB
Active:          2072044 kB
Inactive:        1763736 kB
Active(anon):    1765892 kB
Inactive(anon):    32068 kB
Active(file):     306152 kB
Inactive(file):  1731668 kB
Unevictable:        5588 kB
Mlocked:            5588 kB
SwapTotal:       3145724 kB
SwapFree:        3145724 kB
Dirty:               776 kB
Writeback:             0 kB
AnonPages:       1762792 kB
Mapped:          1010284 kB
Shmem:             36448 kB
KReclaimable:     502288 kB
Slab:             238024 kB
SReclaimable:      83976 kB
SUnreclaim:       154048 kB
KernelStack:       50608 kB
PageTables:        70752 kB
NFS_Unstable:          0 kB
Bounce:                0 kB
WritebackTmp:          0 kB
CommitLimit:     9202292 kB
Committed_AS:   79966600 kB
VmallocTotal:   263061440 kB
VmallocUsed:      107776 kB
VmallocChunk:          0 kB
Percpu:             7680 kB
CmaTotal:         294912 kB
CmaFree:               0 kB
MemTotal:       12113136 kB
MemFree:         5972964 kB
MemAvailable:    7644388 kB
Buffers:            5844 kB
Cached:          2072984 kB
SwapCached:            0 kB
Active:          2072592 kB
Inactive:        1763756 kB
Active(anon):    1766440 kB
Inactive(anon):    32068 kB
Active(file):     306152 kB
Inactive(file):  1731688 kB
Unevictable:        5588 kB
Mlocked:            5588 kB
SwapTotal:       3145724 kB
SwapFree:        3145724 kB
Dirty:               800 kB
Writeback:             0 kB
AnonPages:       1762860 kB
Mapped:          1010536 kB
Shmem:             36448 kB
KReclaimable:     502288 kB
Slab:             238024 kB
SReclaimable:      83976 kB
SUnreclaim:       154048 kB
KernelStack:       50592 kB
PageTables:        70816 kB
NFS_Unstable:          0 kB
Bounce:                0 kB
WritebackTmp:          0 kB
CommitLimit:     9202292 kB
Committed_AS:   79977384 kB
VmallocTotal:   263061440 kB
VmallocUsed:      107792 kB
VmallocChunk:          0 kB
Percpu:             7680 kB
CmaTotal:         294912 kB
CmaFree:               4 kB
MemTotal:       12113136 kB
MemFree:         5971940 kB
MemAvailable:    7643372 kB
Buffers:            5844 kB
Cached:          2072976 kB
SwapCached:            0 kB
Active:          2073992 kB
Inactive:        1763748 kB
Active(anon):    1767840 kB
Inactive(anon):    32052 kB
Active(file):     306152 kB
Inactive(file):  1731696 kB
Unevictable:        5588 kB
Mlocked:            5588 kB
SwapTotal:       3145724 kB
SwapFree:        3145724 kB
Dirty:               836 kB
Writeback:             0 kB
AnonPages:       1764212 kB
Mapped:          1010488 kB
Shmem:             36432 kB
KReclaimable:     502288 kB
Slab:             238028 kB
SReclaimable:      83976 kB
SUnreclaim:       154052 kB
KernelStack:       50560 kB
PageTables:        70700 kB
NFS_Unstable:          0 kB
Bounce:                0 kB
WritebackTmp:          0 kB
CommitLimit:     9202292 kB
Committed_AS:   79978064 kB
VmallocTotal:   263061440 kB
VmallocUsed:      107824 kB
VmallocChunk:          0 kB
Percpu:             7680 kB
CmaTotal:         294912 kB
CmaFree:               0 kB
MemTotal:       12113136 kB
MemFree:         5971624 kB
MemAvailable:    7641792 kB
Buffers:            5844 kB
Cached:          2073032 kB
SwapCached:            0 kB
Active:          2073788 kB
Inactive:        1763804 kB
Active(anon):    1767636 kB
Inactive(anon):    32092 kB
Active(file):     306152 kB
Inactive(file):  1731712 kB
Unevictable:        5588 kB
Mlocked:            5588 kB
SwapTotal:       3145724 kB
SwapFree:        3145724 kB
Dirty:               876 kB
Writeback:             0 kB
AnonPages:       1763980 kB
Mapped:          1010660 kB
Shmem:             36472 kB
KReclaimable:     501008 kB
Slab:             238036 kB
SReclaimable:      83976 kB
SUnreclaim:       154060 kB
KernelStack:       50592 kB
PageTables:        70492 kB
NFS_Unstable:          0 kB
Bounce:                0 kB
WritebackTmp:          0 kB
CommitLimit:     9202292 kB
Committed_AS:   79974504 kB
VmallocTotal:   263061440 kB
VmallocUsed:      107808 kB
VmallocChunk:          0 kB
Percpu:             7680 kB
CmaTotal:         294912 kB
CmaFree:               0 kB
MemTotal:       12113136 kB
MemFree:         5968760 kB
MemAvailable:    7637496 kB
Buffers:            5844 kB
Cached:          2073044 kB
SwapCached:            0 kB
Active:          2076372 kB
Inactive:        1763816 kB
Active(anon):    1770220 kB
Inactive(anon):    32096 kB
Active(file):     306152 kB
Inactive(file):  1731720 kB
Unevictable:        5588 kB
Mlocked:            5588 kB
SwapTotal:       3145724 kB
SwapFree:        3145724 kB
Dirty:               904 kB
Writeback:             0 kB
AnonPages:       1767252 kB
Mapped:          1010672 kB
Shmem:             36476 kB
KReclaimable:     499568 kB
Slab:             238028 kB
SReclaimable:      83976 kB
SUnreclaim:       154052 kB
KernelStack:       50576 kB
PageTables:        70684 kB
NFS_Unstable:          0 kB
Bounce:                0 kB
WritebackTmp:          0 kB
CommitLimit:     9202292 kB
Committed_AS:   79979384 kB
VmallocTotal:   263061440 kB
VmallocUsed:      107840 kB
VmallocChunk:          0 kB
Percpu:             7680 kB
CmaTotal:         294912 kB
CmaFree:               8 kB
MemTotal:       12113136 kB
MemFree:         5967352 kB
MemAvailable:    7636100 kB
Buffers:            5844 kB
Cached:          2073080 kB
SwapCached:            0 kB
Active:          2078740 kB
Inactive:        1763852 kB
Active(anon):    1772588 kB
Inactive(anon):    32120 kB
Active(file):     306152 kB
Inactive(file):  1731732 kB
Unevictable:        5588 kB
Mlocked:            5588 kB
SwapTotal:       3145724 kB
SwapFree:        3145724 kB
Dirty:               960 kB
Writeback:             0 kB
AnonPages:       1769832 kB
Mapped:          1010380 kB
Shmem:             36500 kB
KReclaimable:     499568 kB
Slab:             238032 kB
SReclaimable:      83976 kB
SUnreclaim:       154056 kB
KernelStack:       50560 kB
PageTables:        70300 kB
NFS_Unstable:          0 kB
Bounce:                0 kB
WritebackTmp:          0 kB
CommitLimit:     9202292 kB
Committed_AS:   79977952 kB
VmallocTotal:   263061440 kB
VmallocUsed:      107840 kB
VmallocChunk:          0 kB
Percpu:             7680 kB
CmaTotal:         294912 kB
CmaFree:               0 kB
MemTotal:       12113136 kB
MemFree:         5962012 kB
MemAvailable:    7630796 kB
Buffers:            5844 kB
Cached:          2073112 kB
SwapCached:            0 kB
Active:          2082300 kB
Inactive:        1763884 kB
Active(anon):    1776148 kB
Inactive(anon):    32120 kB
Active(file):     306152 kB
Inactive(file):  1731764 kB
Unevictable:        5588 kB
Mlocked:            5588 kB
SwapTotal:       3145724 kB
SwapFree:        3145724 kB
Dirty:              1044 kB
Writeback:             0 kB
AnonPages:       1772772 kB
Mapped:          1010540 kB
Shmem:             36500 kB
KReclaimable:     499572 kB
Slab:             238028 kB
SReclaimable:      83980 kB
SUnreclaim:       154048 kB
KernelStack:       50592 kB
PageTables:        70612 kB
NFS_Unstable:          0 kB
Bounce:                0 kB
WritebackTmp:          0 kB
CommitLimit:     9202292 kB
Committed_AS:   79971420 kB
VmallocTotal:   263061440 kB
VmallocUsed:      107856 kB
VmallocChunk:          0 kB
Percpu:             7680 kB
CmaTotal:         294912 kB
CmaFree:               0 kB
MemTotal:       12113136 kB
MemFree:         5961728 kB
MemAvailable:    7630520 kB
Buffers:            5844 kB
Cached:          2073104 kB
SwapCached:            0 kB
Active:          2083680 kB
Inactive:        1763876 kB
Active(anon):    1777528 kB
Inactive(anon):    32104 kB
Active(file):     306152 kB
Inactive(file):  1731772 kB
Unevictable:        5588 kB
Mlocked:            5588 kB
SwapTotal:       3145724 kB
SwapFree:        3145724 kB
Dirty:              1052 kB
Writeback:             0 kB
AnonPages:       1774016 kB
Mapped:          1010824 kB
Shmem:             36484 kB
KReclaimable:     499572 kB
Slab:             238036 kB
SReclaimable:      83980 kB
SUnreclaim:       154056 kB
KernelStack:       50640 kB
PageTables:        70608 kB
NFS_Unstable:          0 kB
Bounce:                0 kB
WritebackTmp:          0 kB
CommitLimit:     9202292 kB
Committed_AS:   79969600 kB
VmallocTotal:   263061440 kB
VmallocUsed:      107840 kB
VmallocChunk:          0 kB
Percpu:             7680 kB
CmaTotal:         294912 kB
CmaFree:               0 kB
MemTotal:       12113136 kB
MemFree:         5961160 kB
MemAvailable:    7629968 kB
Buffers:            5844 kB
Cached:          2073140 kB
SwapCached:            0 kB
Active:          2083456 kB
Inactive:        1763912 kB
Active(anon):    1777304 kB
Inactive(anon):    32124 kB
Active(file):     306152 kB
Inactive(file):  1731788 kB
Unevictable:        5588 kB
Mlocked:            5588 kB
SwapTotal:       3145724 kB
SwapFree:        3145724 kB
Dirty:              1084 kB
Writeback:             0 kB
AnonPages:       1773828 kB
Mapped:          1010652 kB
Shmem:             36504 kB
KReclaimable:     499572 kB
Slab:             238032 kB
SReclaimable:      83980 kB
SUnreclaim:       154052 kB
KernelStack:       50656 kB
PageTables:        70668 kB
NFS_Unstable:          0 kB
Bounce:                0 kB
WritebackTmp:          0 kB
CommitLimit:     9202292 kB
Committed_AS:   79977156 kB
VmallocTotal:   263061440 kB
VmallocUsed:      107872 kB
VmallocChunk:          0 kB
Percpu:             7680 kB
CmaTotal:         294912 kB
CmaFree:               0 kB
MemTotal:       12113136 kB
MemFree:         5961472 kB
MemAvailable:    7628748 kB
Buffers:            5844 kB
Cached:          2073128 kB
SwapCached:            0 kB
Active:          2082128 kB
Inactive:        1763900 kB
Active(anon):    1775976 kB
Inactive(anon):    32108 kB
Active(file):     306152 kB
Inactive(file):  1731792 kB
Unevictable:        5588 kB
Mlocked:            5588 kB
SwapTotal:       3145724 kB
SwapFree:        3145724 kB
Dirty:              1096 kB
Writeback:             0 kB
AnonPages:       1772732 kB
Mapped:          1010768 kB
Shmem:             36488 kB
KReclaimable:     498036 kB
Slab:             238032 kB
SReclaimable:      83980 kB
SUnreclaim:       154052 kB
KernelStack:       50656 kB
PageTables:        70612 kB
NFS_Unstable:          0 kB
Bounce:                0 kB
WritebackTmp:          0 kB
CommitLimit:     9202292 kB
Committed_AS:   79978772 kB
VmallocTotal:   263061440 kB
VmallocUsed:      107904 kB
VmallocChunk:          0 kB
Percpu:             7680 kB
CmaTotal:         294912 kB
CmaFree:              36 kB
MemTotal:       12113136 kB
MemFree:         5961156 kB
MemAvailable:    7628440 kB
Buffers:            5844 kB
Cached:          2073180 kB
SwapCached:            0 kB
Active:          2082168 kB
Inactive:        1763952 kB
Active(anon):    1776016 kB
Inactive(anon):    32152 kB
Active(file):     306152 kB
Inactive(file):  1731800 kB
Unevictable:        5588 kB
Mlocked:            5588 kB
SwapTotal:       3145724 kB
SwapFree:        3145724 kB
Dirty:              1108 kB
Writeback:             0 kB
AnonPages:       1772780 kB
Mapped:          1010988 kB
Shmem:             36532 kB
KReclaimable:     498036 kB
Slab:             238032 kB
SReclaimable:      83980 kB
SUnreclaim:       154052 kB
KernelStack:       50624 kB
PageTables:        70696 kB
NFS_Unstable:          0 kB
Bounce:                0 kB
WritebackTmp:          0 kB
CommitLimit:     9202292 kB
Committed_AS:   79986120 kB
VmallocTotal:   263061440 kB
VmallocUsed:      107952 kB
VmallocChunk:          0 kB
Percpu:             7680 kB
CmaTotal:         294912 kB
CmaFree:               4 kB
MemTotal:       12113136 kB
MemFree:         5961256 kB
MemAvailable:    7628556 kB
Buffers:            5844 kB
Cached:          2073200 kB
SwapCached:            0 kB
Active:          2082172 kB
Inactive:        1763972 kB
Active(anon):    1776020 kB
Inactive(anon):    32156 kB
Active(file):     306152 kB
Inactive(file):  1731816 kB
Unevictable:        5588 kB
Mlocked:            5588 kB
SwapTotal:       3145724 kB
SwapFree:        3145724 kB
Dirty:              1124 kB
Writeback:             0 kB
AnonPages:       1772660 kB
Mapped:          1010836 kB
Shmem:             36536 kB
KReclaimable:     498036 kB
Slab:             238032 kB
SReclaimable:      83980 kB
SUnreclaim:       154052 kB
KernelStack:       50624 kB
PageTables:        70620 kB
NFS_Unstable:          0 kB
Bounce:                0 kB
WritebackTmp:          0 kB
CommitLimit:     9202292 kB
Committed_AS:   79984056 kB
VmallocTotal:   263061440 kB
VmallocUsed:      107952 kB
VmallocChunk:          0 kB
Percpu:             7680 kB
CmaTotal:         294912 kB
CmaFree:               0 kB
MemTotal:       12113136 kB
MemFree:         5961248 kB
MemAvailable:    7628572 kB
Buffers:            5852 kB
Cached:          2073216 kB
SwapCached:            0 kB
Active:          2082684 kB
Inactive:        1763988 kB
Active(anon):    1776524 kB
Inactive(anon):    32156 kB
Active(file):     306160 kB
Inactive(file):  1731832 kB
Unevictable:        5588 kB
Mlocked:            5588 kB
SwapTotal:       3145724 kB
SwapFree:        3145724 kB
Dirty:              1204 kB
Writeback:             0 kB
AnonPages:       1773060 kB
Mapped:          1010932 kB
Shmem:             36536 kB
KReclaimable:     498036 kB
Slab:             238032 kB
SReclaimable:      83980 kB
SUnreclaim:       154052 kB
KernelStack:       50640 kB
PageTables:        70580 kB
NFS_Unstable:          0 kB
Bounce:                0 kB
WritebackTmp:          0 kB
CommitLimit:     9202292 kB
Committed_AS:   79979172 kB
VmallocTotal:   263061440 kB
VmallocUsed:      107904 kB
VmallocChunk:          0 kB
Percpu:             7680 kB
CmaTotal:         294912 kB
CmaFree:               0 kB
MemTotal:       12113136 kB
MemFree:         5961644 kB
MemAvailable:    7629000 kB
Buffers:            5852 kB
Cached:          2073212 kB
SwapCached:            0 kB
Active:          2083248 kB
Inactive:        1763984 kB
Active(anon):    1777088 kB
Inactive(anon):    32120 kB
Active(file):     306160 kB
Inactive(file):  1731864 kB
Unevictable:        5588 kB
Mlocked:            5588 kB
SwapTotal:       3145724 kB
SwapFree:        3145724 kB
Dirty:              1192 kB
Writeback:             0 kB
AnonPages:       1773820 kB
Mapped:          1010912 kB
Shmem:             36500 kB
KReclaimable:     498036 kB
Slab:             238032 kB
SReclaimable:      83980 kB
SUnreclaim:       154052 kB
KernelStack:       50624 kB
PageTables:        70612 kB
NFS_Unstable:          0 kB
Bounce:                0 kB
WritebackTmp:          0 kB
CommitLimit:     9202292 kB
Committed_AS:   79972356 kB
VmallocTotal:   263061440 kB
VmallocUsed:      107920 kB
VmallocChunk:          0 kB
Percpu:             7680 kB
CmaTotal:         294912 kB
CmaFree:               0 kB
MemTotal:       12113136 kB
MemFree:         5961256 kB
MemAvailable:    7628616 kB
Buffers:            5852 kB
Cached:          2073260 kB
SwapCached:            0 kB
Active:          2084148 kB
Inactive:        1764032 kB
Active(anon):    1777988 kB
Inactive(anon):    32164 kB
Active(file):     306160 kB
Inactive(file):  1731868 kB
Unevictable:        5588 kB
Mlocked:            5588 kB
SwapTotal:       3145724 kB
SwapFree:        3145724 kB
Dirty:              1200 kB
Writeback:             0 kB
AnonPages:       1774708 kB
Mapped:          1011204 kB
Shmem:             36544 kB
KReclaimable:     498036 kB
Slab:             238040 kB
SReclaimable:      83980 kB
SUnreclaim:       154060 kB
KernelStack:       50672 kB
PageTables:        70856 kB
NFS_Unstable:          0 kB
Bounce:                0 kB
WritebackTmp:          0 kB
CommitLimit:     9202292 kB
Committed_AS:   79971712 kB
VmallocTotal:   263061440 kB
VmallocUsed:      107856 kB
VmallocChunk:          0 kB
Percpu:             7680 kB
CmaTotal:         294912 kB
CmaFree:               0 kB
MemTotal:       12113136 kB
MemFree:         5960144 kB
MemAvailable:    7627520 kB
Buffers:            5852 kB
Cached:          2073200 kB
SwapCached:            0 kB
Active:          2084584 kB
Inactive:        1763972 kB
Active(anon):    1778424 kB
Inactive(anon):    32088 kB
Active(file):     306160 kB
Inactive(file):  1731884 kB
Unevictable:        5588 kB
Mlocked:            5588 kB
SwapTotal:       3145724 kB
SwapFree:        3145724 kB
Dirty:              1120 kB
Writeback:             0 kB
AnonPages:       1775116 kB
Mapped:          1010940 kB
Shmem:             36468 kB
KReclaimable:     498036 kB
Slab:             238040 kB
SReclaimable:      83980 kB
SUnreclaim:       154060 kB
KernelStack:       50640 kB
PageTables:        70632 kB
NFS_Unstable:          0 kB
Bounce:                0 kB
WritebackTmp:          0 kB
CommitLimit:     9202292 kB
Committed_AS:   79974292 kB
VmallocTotal:   263061440 kB
VmallocUsed:      107856 kB
VmallocChunk:          0 kB
Percpu:             7680 kB
CmaTotal:         294912 kB
CmaFree:               0 kB
MemTotal:       12113136 kB
MemFree:         5959396 kB
MemAvailable:    7626784 kB
Buffers:            5852 kB
Cached:          2073304 kB
SwapCached:            0 kB
Active:          2085732 kB
Inactive:        1764076 kB
Active(anon):    1779572 kB
Inactive(anon):    32180 kB
Active(file):     306160 kB
Inactive(file):  1731896 kB
Unevictable:        5588 kB
Mlocked:            5588 kB
SwapTotal:       3145724 kB
SwapFree:        3145724 kB
Dirty:              1136 kB
Writeback:             0 kB
AnonPages:       1776128 kB
Mapped:          1011248 kB
Shmem:             36560 kB
KReclaimable:     498036 kB
Slab:             238040 kB
SReclaimable:      83980 kB
SUnreclaim:       154060 kB
KernelStack:       50656 kB
PageTables:        70616 kB
NFS_Unstable:          0 kB
Bounce:                0 kB
WritebackTmp:          0 kB
CommitLimit:     9202292 kB
Committed_AS:   79966516 kB
VmallocTotal:   263061440 kB
VmallocUsed:      107856 kB
VmallocChunk:          0 kB
Percpu:             7680 kB
CmaTotal:         294912 kB
CmaFree:               0 kB
MemTotal:       12113136 kB
MemFree:         5957892 kB
MemAvailable:    7625284 kB
Buffers:            5852 kB
Cached:          2073288 kB
SwapCached:            0 kB
Active:          2086284 kB
Inactive:        1764060 kB
Active(anon):    1780124 kB
Inactive(anon):    32160 kB
Active(file):     306160 kB
Inactive(file):  1731900 kB
Unevictable:        5588 kB
Mlocked:            5588 kB
SwapTotal:       3145724 kB
SwapFree:        3145724 kB
Dirty:              1152 kB
Writeback:             0 kB
AnonPages:       1776856 kB
Mapped:          1011008 kB
Shmem:             36540 kB
KReclaimable:     498036 kB
Slab:             238036 kB
SReclaimable:      83980 kB
SUnreclaim:       154056 kB
KernelStack:       50656 kB
PageTables:        70400 kB
NFS_Unstable:          0 kB
Bounce:                0 kB
WritebackTmp:          0 kB
CommitLimit:     9202292 kB
Committed_AS:   79983384 kB
VmallocTotal:   263061440 kB
VmallocUsed:      107872 kB
VmallocChunk:          0 kB
Percpu:             7680 kB
CmaTotal:         294912 kB
CmaFree:               0 kB
MemTotal:       12113136 kB
MemFree:         5958508 kB
MemAvailable:    7625924 kB
Buffers:            5852 kB
Cached:          2073312 kB
SwapCached:            0 kB
Active:          2086420 kB
Inactive:        1764080 kB
Active(anon):    1780256 kB
Inactive(anon):    32160 kB
Active(file):     306164 kB
Inactive(file):  1731920 kB
Unevictable:        5588 kB
Mlocked:            5588 kB
SwapTotal:       3145724 kB
SwapFree:        3145724 kB
Dirty:              1264 kB
Writeback:             0 kB
AnonPages:       1777168 kB
Mapped:          1011236 kB
Shmem:             36540 kB
KReclaimable:     498036 kB
Slab:             238044 kB
SReclaimable:      83980 kB
SUnreclaim:       154064 kB
KernelStack:       50672 kB
PageTables:        70748 kB
NFS_Unstable:          0 kB
Bounce:                0 kB
WritebackTmp:          0 kB
CommitLimit:     9202292 kB
Committed_AS:   79974952 kB
VmallocTotal:   263061440 kB
VmallocUsed:      107904 kB
VmallocChunk:          0 kB
Percpu:             7680 kB
CmaTotal:         294912 kB
CmaFree:               0 kB
MemTotal:       12113136 kB
MemFree:         5957588 kB
MemAvailable:    7625012 kB
Buffers:            5852 kB
Cached:          2073320 kB
SwapCached:            0 kB
Active:          2084452 kB
Inactive:        1764088 kB
Active(anon):    1778288 kB
Inactive(anon):    32160 kB
Active(file):     306164 kB
Inactive(file):  1731928 kB
Unevictable:        5588 kB
Mlocked:            5588 kB
SwapTotal:       3145724 kB
SwapFree:        3145724 kB
Dirty:              1276 kB
Writeback:             0 kB
AnonPages:       1775108 kB
Mapped:          1011268 kB
Shmem:             36540 kB
KReclaimable:     498036 kB
Slab:             238040 kB
SReclaimable:      83980 kB
SUnreclaim:       154060 kB
KernelStack:       50624 kB
PageTables:        70612 kB
NFS_Unstable:          0 kB
Bounce:                0 kB
WritebackTmp:          0 kB
CommitLimit:     9202292 kB
Committed_AS:   79969872 kB
VmallocTotal:   263061440 kB
VmallocUsed:      107936 kB
VmallocChunk:          0 kB
Percpu:             7680 kB
CmaTotal:         294912 kB
CmaFree:               0 kB
MemTotal:       12113136 kB
MemFree:         5959520 kB
MemAvailable:    7626952 kB
Buffers:            5852 kB
Cached:          2071420 kB
SwapCached:            0 kB
Active:          2085348 kB
Inactive:        1762188 kB
Active(anon):    1779184 kB
Inactive(anon):    30252 kB
Active(file):     306164 kB
Inactive(file):  1731936 kB
Unevictable:        5588 kB
Mlocked:            5588 kB
SwapTotal:       3145724 kB
SwapFree:        3145724 kB
Dirty:              1356 kB
Writeback:             0 kB
AnonPages:       1776112 kB
Mapped:          1009408 kB
Shmem:             34632 kB
KReclaimable:     498036 kB
Slab:             238040 kB
SReclaimable:      83980 kB
SUnreclaim:       154060 kB
KernelStack:       50576 kB
PageTables:        70712 kB
NFS_Unstable:          0 kB
Bounce:                0 kB
WritebackTmp:          0 kB
CommitLimit:     9202292 kB
Committed_AS:   79964420 kB
VmallocTotal:   263061440 kB
VmallocUsed:      107808 kB
VmallocChunk:          0 kB
Percpu:             7680 kB
CmaTotal:         294912 kB
CmaFree:               0 kB
MemTotal:       12113136 kB
MemFree:         5959072 kB
MemAvailable:    7626520 kB
Buffers:            5852 kB
Cached:          2071436 kB
SwapCached:            0 kB
Active:          2086620 kB
Inactive:        1762204 kB
Active(anon):    1780456 kB
Inactive(anon):    30252 kB
Active(file):     306164 kB
Inactive(file):  1731952 kB
Unevictable:        5588 kB
Mlocked:            5588 kB
SwapTotal:       3145724 kB
SwapFree:        3145724 kB
Dirty:              1392 kB
Writeback:             0 kB
AnonPages:       1777140 kB
Mapped:          1009152 kB
Shmem:             34632 kB
KReclaimable:     498036 kB
Slab:             238032 kB
SReclaimable:      83980 kB
SUnreclaim:       154052 kB
KernelStack:       50524 kB
PageTables:        70564 kB
NFS_Unstable:          0 kB
Bounce:                0 kB
WritebackTmp:          0 kB
CommitLimit:     9202292 kB
Committed_AS:   79970252 kB
VmallocTotal:   263061440 kB
VmallocUsed:      107728 kB
VmallocChunk:          0 kB
Percpu:             7680 kB
CmaTotal:         294912 kB
CmaFree:               0 kB
MemTotal:       12113136 kB
MemFree:         5959820 kB
MemAvailable:    7627284 kB
Buffers:            5852 kB
Cached:          2071476 kB
SwapCached:            0 kB
Active:          2086104 kB
Inactive:        1762244 kB
Active(anon):    1779940 kB
Inactive(anon):    30276 kB
Active(file):     306164 kB
Inactive(file):  1731968 kB
Unevictable:        5588 kB
Mlocked:            5588 kB
SwapTotal:       3145724 kB
SwapFree:        3145724 kB
Dirty:              1544 kB
Writeback:             0 kB
AnonPages:       1776528 kB
Mapped:          1009368 kB
Shmem:             34656 kB
KReclaimable:     498036 kB
Slab:             238036 kB
SReclaimable:      83980 kB
SUnreclaim:       154056 kB
KernelStack:       50544 kB
PageTables:        70456 kB
NFS_Unstable:          0 kB
Bounce:                0 kB
WritebackTmp:          0 kB
CommitLimit:     9202292 kB
Committed_AS:   79979188 kB
VmallocTotal:   263061440 kB
VmallocUsed:      107824 kB
VmallocChunk:          0 kB
Percpu:             7680 kB
CmaTotal:         294912 kB
CmaFree:               0 kB
MemTotal:       12113136 kB
MemFree:         5959384 kB
MemAvailable:    7626868 kB
Buffers:            5852 kB
Cached:          2071472 kB
SwapCached:            0 kB
Active:          2087832 kB
Inactive:        1762240 kB
Active(anon):    1781668 kB
Inactive(anon):    30252 kB
Active(file):     306164 kB
Inactive(file):  1731988 kB
Unevictable:        5588 kB
Mlocked:            5588 kB
SwapTotal:       3145724 kB
SwapFree:        3145724 kB
Dirty:              1600 kB
Writeback:             0 kB
AnonPages:       1778316 kB
Mapped:          1009348 kB
Shmem:             34632 kB
KReclaimable:     498036 kB
Slab:             238032 kB
SReclaimable:      83980 kB
SUnreclaim:       154052 kB
KernelStack:       50608 kB
PageTables:        70816 kB
NFS_Unstable:          0 kB
Bounce:                0 kB
WritebackTmp:          0 kB
CommitLimit:     9202292 kB
Committed_AS:   79987516 kB
VmallocTotal:   263061440 kB
VmallocUsed:      107776 kB
VmallocChunk:          0 kB
Percpu:             7680 kB
CmaTotal:         294912 kB
CmaFree:               0 kB
MemTotal:       12113136 kB
MemFree:         5959216 kB
MemAvailable:    7626708 kB
Buffers:            5852 kB
Cached:          2071504 kB
SwapCached:            0 kB
Active:          2088696 kB
Inactive:        1762272 kB
Active(anon):    1782532 kB
Inactive(anon):    30276 kB
Active(file):     306164 kB
Inactive(file):  1731996 kB
Unevictable:        5588 kB
Mlocked:            5588 kB
SwapTotal:       3145724 kB
SwapFree:        3145724 kB
Dirty:              1620 kB
Writeback:             0 kB
AnonPages:       1779336 kB
Mapped:          1009236 kB
Shmem:             34656 kB
KReclaimable:     498036 kB
Slab:             238040 kB
SReclaimable:      83980 kB
SUnreclaim:       154060 kB
KernelStack:       50572 kB
PageTables:        70540 kB
NFS_Unstable:          0 kB
Bounce:                0 kB
WritebackTmp:          0 kB
CommitLimit:     9202292 kB
Committed_AS:   79972624 kB
VmallocTotal:   263061440 kB
VmallocUsed:      107728 kB
VmallocChunk:          0 kB
Percpu:             7680 kB
CmaTotal:         294912 kB
CmaFree:               0 kB
MemTotal:       12113136 kB
MemFree:         5957656 kB
MemAvailable:    7625160 kB
Buffers:            5852 kB
Cached:          2071492 kB
SwapCached:            0 kB
Active:          2089016 kB
Inactive:        1762260 kB
Active(anon):    1782852 kB
Inactive(anon):    30252 kB
Active(file):     306164 kB
Inactive(file):  1732008 kB
Unevictable:        5588 kB
Mlocked:            5588 kB
SwapTotal:       3145724 kB
SwapFree:        3145724 kB
Dirty:              1632 kB
Writeback:             0 kB
AnonPages:       1779516 kB
Mapped:          1009384 kB
Shmem:             34632 kB
KReclaimable:     498036 kB
Slab:             238036 kB
SReclaimable:      83980 kB
SUnreclaim:       154056 kB
KernelStack:       50496 kB
PageTables:        70836 kB
NFS_Unstable:          0 kB
Bounce:                0 kB
WritebackTmp:          0 kB
CommitLimit:     9202292 kB
Committed_AS:   79985176 kB
VmallocTotal:   263061440 kB
VmallocUsed:      107744 kB
VmallocChunk:          0 kB
Percpu:             7680 kB
CmaTotal:         294912 kB
CmaFree:               0 kB
MemTotal:       12113136 kB
MemFree:         5957312 kB
MemAvailable:    7624828 kB
Buffers:            5852 kB
Cached:          2071504 kB
SwapCached:            0 kB
Active:          2089588 kB
Inactive:        1762272 kB
Active(anon):    1783424 kB
Inactive(anon):    30252 kB
Active(file):     306164 kB
Inactive(file):  1732020 kB
Unevictable:        5588 kB
Mlocked:            5588 kB
SwapTotal:       3145724 kB
SwapFree:        3145724 kB
Dirty:              1644 kB
Writeback:             0 kB
AnonPages:       1779956 kB
Mapped:          1009396 kB
Shmem:             34632 kB
KReclaimable:     498036 kB
Slab:             238032 kB
SReclaimable:      83980 kB
SUnreclaim:       154052 kB
KernelStack:       50508 kB
PageTables:        70416 kB
NFS_Unstable:          0 kB
Bounce:                0 kB
WritebackTmp:          0 kB
CommitLimit:     9202292 kB
Committed_AS:   79978464 kB
VmallocTotal:   263061440 kB
VmallocUsed:      107728 kB
VmallocChunk:          0 kB
Percpu:             7680 kB
CmaTotal:         294912 kB
CmaFree:               0 kB
MemTotal:       12113136 kB
MemFree:         5957248 kB
MemAvailable:    7624776 kB
Buffers:            5856 kB
Cached:          2071512 kB
SwapCached:            0 kB
Active:          2089396 kB
Inactive:        1762280 kB
Active(anon):    1783228 kB
Inactive(anon):    30252 kB
Active(file):     306168 kB
Inactive(file):  1732028 kB
Unevictable:        5588 kB
Mlocked:            5588 kB
SwapTotal:       3145724 kB
SwapFree:        3145724 kB
Dirty:              1664 kB
Writeback:             0 kB
AnonPages:       1779904 kB
Mapped:          1009408 kB
Shmem:             34632 kB
KReclaimable:     498036 kB
Slab:             238028 kB
SReclaimable:      83980 kB
SUnreclaim:       154048 kB
KernelStack:       50480 kB
PageTables:        70576 kB
NFS_Unstable:          0 kB
Bounce:                0 kB
WritebackTmp:          0 kB
CommitLimit:     9202292 kB
Committed_AS:   79983768 kB
VmallocTotal:   263061440 kB
VmallocUsed:      107792 kB
VmallocChunk:          0 kB
Percpu:             7680 kB
CmaTotal:         294912 kB
CmaFree:               0 kB
MemTotal:       12113136 kB
MemFree:         5956308 kB
MemAvailable:    7623872 kB
Buffers:            5856 kB
Cached:          2071548 kB
SwapCached:            0 kB
Active:          2090004 kB
Inactive:        1762316 kB
Active(anon):    1783836 kB
Inactive(anon):    30252 kB
Active(file):     306168 kB
Inactive(file):  1732064 kB
Unevictable:        5588 kB
Mlocked:            5588 kB
SwapTotal:       3145724 kB
SwapFree:        3145724 kB
Dirty:               624 kB
Writeback:             0 kB
AnonPages:       1780492 kB
Mapped:          1009476 kB
Shmem:             34632 kB
KReclaimable:     498036 kB
Slab:             238288 kB
SReclaimable:      83980 kB
SUnreclaim:       154308 kB
KernelStack:       50480 kB
PageTables:        70548 kB
NFS_Unstable:          0 kB
Bounce:                0 kB
WritebackTmp:          0 kB
CommitLimit:     9202292 kB
Committed_AS:   79976440 kB
VmallocTotal:   263061440 kB
VmallocUsed:      107792 kB
VmallocChunk:          0 kB
Percpu:             7680 kB
CmaTotal:         294912 kB
CmaFree:               0 kB
MemTotal:       12113136 kB
MemFree:         5958656 kB
MemAvailable:    7626228 kB
Buffers:            5856 kB
Cached:          2071560 kB
SwapCached:            0 kB
Active:          2086220 kB
Inactive:        1762340 kB
Active(anon):    1780064 kB
Inactive(anon):    30256 kB
Active(file):     306156 kB
Inactive(file):  1732084 kB
Unevictable:        5588 kB
Mlocked:            5588 kB
SwapTotal:       3145724 kB
SwapFree:        3145724 kB
Dirty:               556 kB
Writeback:             0 kB
AnonPages:       1776792 kB
Mapped:          1009272 kB
Shmem:             34636 kB
KReclaimable:     498036 kB
Slab:             238136 kB
SReclaimable:      83980 kB
SUnreclaim:       154156 kB
KernelStack:       50624 kB
PageTables:        70624 kB
NFS_Unstable:          0 kB
Bounce:                0 kB
WritebackTmp:          0 kB
CommitLimit:     9202292 kB
Committed_AS:   79983200 kB
VmallocTotal:   263061440 kB
VmallocUsed:      107808 kB
VmallocChunk:          0 kB
Percpu:             7680 kB
CmaTotal:         294912 kB
CmaFree:               0 kB
MemTotal:       12113136 kB
MemFree:         5959768 kB
MemAvailable:    7627356 kB
Buffers:            5856 kB
Cached:          2071608 kB
SwapCached:            0 kB
Active:          2086676 kB
Inactive:        1762388 kB
Active(anon):    1780520 kB
Inactive(anon):    30288 kB
Active(file):     306156 kB
Inactive(file):  1732100 kB
Unevictable:        5588 kB
Mlocked:            5588 kB
SwapTotal:       3145724 kB
SwapFree:        3145724 kB
Dirty:               616 kB
Writeback:             0 kB
AnonPages:       1777476 kB
Mapped:          1009268 kB
Shmem:             34668 kB
KReclaimable:     498036 kB
Slab:             238140 kB
SReclaimable:      83980 kB
SUnreclaim:       154160 kB
KernelStack:       50592 kB
PageTables:        70716 kB
NFS_Unstable:          0 kB
Bounce:                0 kB
WritebackTmp:          0 kB
CommitLimit:     9202292 kB
Committed_AS:   79982868 kB
VmallocTotal:   263061440 kB
VmallocUsed:      107776 kB
VmallocChunk:          0 kB
Percpu:             7680 kB
CmaTotal:         294912 kB
CmaFree:               0 kB
MemTotal:       12113136 kB
MemFree:         5962164 kB
MemAvailable:    7629760 kB
Buffers:            5856 kB
Cached:          2071616 kB
SwapCached:            0 kB
Active:          2083924 kB
Inactive:        1762396 kB
Active(anon):    1777768 kB
Inactive(anon):    30288 kB
Active(file):     306156 kB
Inactive(file):  1732108 kB
Unevictable:        5588 kB
Mlocked:            5588 kB
SwapTotal:       3145724 kB
SwapFree:        3145724 kB
Dirty:               628 kB
Writeback:             0 kB
AnonPages:       1774648 kB
Mapped:          1009532 kB
Shmem:             34668 kB
KReclaimable:     498036 kB
Slab:             238144 kB
SReclaimable:      83980 kB
SUnreclaim:       154164 kB
KernelStack:       50592 kB
PageTables:        70700 kB
NFS_Unstable:          0 kB
Bounce:                0 kB
WritebackTmp:          0 kB
CommitLimit:     9202292 kB
Committed_AS:   79978128 kB
VmallocTotal:   263061440 kB
VmallocUsed:      107840 kB
VmallocChunk:          0 kB
Percpu:             7680 kB
CmaTotal:         294912 kB
CmaFree:              12 kB
MemTotal:       12113136 kB
MemFree:         5961240 kB
MemAvailable:    7628848 kB
Buffers:            5856 kB
Cached:          2071632 kB
SwapCached:            0 kB
Active:          2084780 kB
Inactive:        1762408 kB
Active(anon):    1778624 kB
Inactive(anon):    30288 kB
Active(file):     306156 kB
Inactive(file):  1732120 kB
Unevictable:        5588 kB
Mlocked:            5588 kB
SwapTotal:       3145724 kB
SwapFree:        3145724 kB
Dirty:               692 kB
Writeback:             0 kB
AnonPages:       1775088 kB
Mapped:          1009416 kB
Shmem:             34668 kB
KReclaimable:     498036 kB
Slab:             238144 kB
SReclaimable:      83980 kB
SUnreclaim:       154164 kB
KernelStack:       50592 kB
PageTables:        70584 kB
NFS_Unstable:          0 kB
Bounce:                0 kB
WritebackTmp:          0 kB
CommitLimit:     9202292 kB
Committed_AS:   79983420 kB
VmallocTotal:   263061440 kB
VmallocUsed:      107872 kB
VmallocChunk:          0 kB
Percpu:             7680 kB
CmaTotal:         294912 kB
CmaFree:              12 kB
MemTotal:       12113136 kB
MemFree:         5960092 kB
MemAvailable:    7627716 kB
Buffers:            5856 kB
Cached:          2071648 kB
SwapCached:            0 kB
Active:          2086044 kB
Inactive:        1762428 kB
Active(anon):    1779888 kB
Inactive(anon):    30292 kB
Active(file):     306156 kB
Inactive(file):  1732136 kB
Unevictable:        5588 kB
Mlocked:            5588 kB
SwapTotal:       3145724 kB
SwapFree:        3145724 kB
Dirty:               816 kB
Writeback:             0 kB
AnonPages:       1776504 kB
Mapped:          1009544 kB
Shmem:             34672 kB
KReclaimable:     498036 kB
Slab:             238140 kB
SReclaimable:      83980 kB
SUnreclaim:       154160 kB
KernelStack:       50608 kB
PageTables:        70824 kB
NFS_Unstable:          0 kB
Bounce:                0 kB
WritebackTmp:          0 kB
CommitLimit:     9202292 kB
Committed_AS:   79983532 kB
VmallocTotal:   263061440 kB
VmallocUsed:      107888 kB
VmallocChunk:          0 kB
Percpu:             7680 kB
CmaTotal:         294912 kB
CmaFree:               4 kB
MemTotal:       12113136 kB
MemFree:         5960332 kB
MemAvailable:    7627968 kB
Buffers:            5856 kB
Cached:          2071660 kB
SwapCached:            0 kB
Active:          2086612 kB
Inactive:        1762440 kB
Active(anon):    1780456 kB
Inactive(anon):    30292 kB
Active(file):     306156 kB
Inactive(file):  1732148 kB
Unevictable:        5588 kB
Mlocked:            5588 kB
SwapTotal:       3145724 kB
SwapFree:        3145724 kB
Dirty:               836 kB
Writeback:             0 kB
AnonPages:       1777076 kB
Mapped:          1009296 kB
Shmem:             34672 kB
KReclaimable:     498036 kB
Slab:             238144 kB
SReclaimable:      83980 kB
SUnreclaim:       154164 kB
KernelStack:       50608 kB
PageTables:        70620 kB
NFS_Unstable:          0 kB
Bounce:                0 kB
WritebackTmp:          0 kB
CommitLimit:     9202292 kB
Committed_AS:   79977000 kB
VmallocTotal:   263061440 kB
VmallocUsed:      107840 kB
VmallocChunk:          0 kB
Percpu:             7680 kB
CmaTotal:         294912 kB
CmaFree:               0 kB
MemTotal:       12113136 kB
MemFree:         5958764 kB
MemAvailable:    7626412 kB
Buffers:            5856 kB
Cached:          2071672 kB
SwapCached:            0 kB
Active:          2087112 kB
Inactive:        1762452 kB
Active(anon):    1780956 kB
Inactive(anon):    30292 kB
Active(file):     306156 kB
Inactive(file):  1732160 kB
Unevictable:        5588 kB
Mlocked:            5588 kB
SwapTotal:       3145724 kB
SwapFree:        3145724 kB
Dirty:               848 kB
Writeback:             0 kB
AnonPages:       1777620 kB
Mapped:          1009296 kB
Shmem:             34672 kB
KReclaimable:     498036 kB
Slab:             238148 kB
SReclaimable:      83980 kB
SUnreclaim:       154168 kB
KernelStack:       50624 kB
PageTables:        70556 kB
NFS_Unstable:          0 kB
Bounce:                0 kB
WritebackTmp:          0 kB
CommitLimit:     9202292 kB
Committed_AS:   79977928 kB
VmallocTotal:   263061440 kB
VmallocUsed:      107824 kB
VmallocChunk:          0 kB
Percpu:             7680 kB
CmaTotal:         294912 kB
CmaFree:               0 kB
MemTotal:       12113136 kB
MemFree:         5958448 kB
MemAvailable:    7626112 kB
Buffers:            5856 kB
Cached:          2071688 kB
SwapCached:            0 kB
Active:          2087732 kB
Inactive:        1762468 kB
Active(anon):    1781576 kB
Inactive(anon):    30292 kB
Active(file):     306156 kB
Inactive(file):  1732176 kB
Unevictable:        5588 kB
Mlocked:            5588 kB
SwapTotal:       3145724 kB
SwapFree:        3145724 kB
Dirty:               896 kB
Writeback:             0 kB
AnonPages:       1778308 kB
Mapped:          1009568 kB
Shmem:             34672 kB
KReclaimable:     498036 kB
Slab:             238148 kB
SReclaimable:      83980 kB
SUnreclaim:       154168 kB
KernelStack:       50608 kB
PageTables:        70724 kB
NFS_Unstable:          0 kB
Bounce:                0 kB
WritebackTmp:          0 kB
CommitLimit:     9202292 kB
Committed_AS:   79987936 kB
VmallocTotal:   263061440 kB
VmallocUsed:      107856 kB
VmallocChunk:          0 kB
Percpu:             7680 kB
CmaTotal:         294912 kB
CmaFree:               0 kB
MemTotal:       12113136 kB
MemFree:         5958448 kB
MemAvailable:    7626128 kB
Buffers:            5856 kB
Cached:          2071704 kB
SwapCached:            0 kB
Active:          2086676 kB
Inactive:        1762484 kB
Active(anon):    1780520 kB
Inactive(anon):    30292 kB
Active(file):     306156 kB
Inactive(file):  1732192 kB
Unevictable:        5588 kB
Mlocked:            5588 kB
SwapTotal:       3145724 kB
SwapFree:        3145724 kB
Dirty:               936 kB
Writeback:             0 kB
AnonPages:       1777480 kB
Mapped:          1009304 kB
Shmem:             34672 kB
KReclaimable:     498036 kB
Slab:             238144 kB
SReclaimable:      83980 kB
SUnreclaim:       154164 kB
KernelStack:       50624 kB
PageTables:        70824 kB
NFS_Unstable:          0 kB
Bounce:                0 kB
WritebackTmp:          0 kB
CommitLimit:     9202292 kB
Committed_AS:   79981028 kB
VmallocTotal:   263061440 kB
VmallocUsed:      107824 kB
VmallocChunk:          0 kB
Percpu:             7680 kB
CmaTotal:         294912 kB
CmaFree:               0 kB
MemTotal:       12113136 kB
MemFree:         5957632 kB
MemAvailable:    7625328 kB
Buffers:            5856 kB
Cached:          2071720 kB
SwapCached:            0 kB
Active:          2086424 kB
Inactive:        1762500 kB
Active(anon):    1780268 kB
Inactive(anon):    30292 kB
Active(file):     306156 kB
Inactive(file):  1732208 kB
Unevictable:        5588 kB
Mlocked:            5588 kB
SwapTotal:       3145724 kB
SwapFree:        3145724 kB
Dirty:               988 kB
Writeback:             0 kB
AnonPages:       1777044 kB
Mapped:          1009380 kB
Shmem:             34672 kB
KReclaimable:     498036 kB
Slab:             238144 kB
SReclaimable:      83980 kB
SUnreclaim:       154164 kB
KernelStack:       50576 kB
PageTables:        70716 kB
NFS_Unstable:          0 kB
Bounce:                0 kB
WritebackTmp:          0 kB
CommitLimit:     9202292 kB
Committed_AS:   79980400 kB
VmallocTotal:   263061440 kB
VmallocUsed:      107856 kB
VmallocChunk:          0 kB
Percpu:             7680 kB
CmaTotal:         294912 kB
CmaFree:               0 kB
MemTotal:       12113136 kB
MemFree:         5958224 kB
MemAvailable:    7625932 kB
Buffers:            5856 kB
Cached:          2071732 kB
SwapCached:            0 kB
Active:          2087220 kB
Inactive:        1762500 kB
Active(anon):    1781052 kB
Inactive(anon):    30292 kB
Active(file):     306168 kB
Inactive(file):  1732208 kB
Unevictable:        5588 kB
Mlocked:            5588 kB
SwapTotal:       3145724 kB
SwapFree:        3145724 kB
Dirty:              1184 kB
Writeback:             0 kB
AnonPages:       1777496 kB
Mapped:          1009648 kB
Shmem:             34672 kB
KReclaimable:     498036 kB
Slab:             238148 kB
SReclaimable:      83980 kB
SUnreclaim:       154168 kB
KernelStack:       50640 kB
PageTables:        70432 kB
NFS_Unstable:          0 kB
Bounce:                0 kB
WritebackTmp:          0 kB
CommitLimit:     9202292 kB
Committed_AS:   79982016 kB
VmallocTotal:   263061440 kB
VmallocUsed:      107872 kB
VmallocChunk:          0 kB
Percpu:             7680 kB
CmaTotal:         294912 kB
CmaFree:               0 kB
MemTotal:       12113136 kB
MemFree:         5968816 kB
MemAvailable:    7636796 kB
Buffers:            5856 kB
Cached:          2072008 kB
SwapCached:            0 kB
Active:          2075496 kB
Inactive:        1762776 kB
Active(anon):    1769328 kB
Inactive(anon):    30296 kB
Active(file):     306168 kB
Inactive(file):  1732480 kB
Unevictable:        5588 kB
Mlocked:            5588 kB
SwapTotal:       3145724 kB
SwapFree:        3145724 kB
Dirty:              1224 kB
Writeback:             0 kB
AnonPages:       1766180 kB
Mapped:          1023056 kB
Shmem:             34676 kB
KReclaimable:     498036 kB
Slab:             238164 kB
SReclaimable:      83980 kB
SUnreclaim:       154184 kB
KernelStack:       50624 kB
PageTables:        70596 kB
NFS_Unstable:          0 kB
Bounce:                0 kB
WritebackTmp:          0 kB
CommitLimit:     9202292 kB
Committed_AS:   79979332 kB
VmallocTotal:   263061440 kB
VmallocUsed:      107904 kB
VmallocChunk:          0 kB
Percpu:             7680 kB
CmaTotal:         294912 kB
CmaFree:             248 kB
MemTotal:       12113136 kB
MemFree:         5969912 kB
MemAvailable:    7637384 kB
Buffers:            5856 kB
Cached:          2072016 kB
SwapCached:            0 kB
Active:          2073000 kB
Inactive:        1762784 kB
Active(anon):    1766832 kB
Inactive(anon):    30300 kB
Active(file):     306168 kB
Inactive(file):  1732484 kB
Unevictable:        5588 kB
Mlocked:            5588 kB
SwapTotal:       3145724 kB
SwapFree:        3145724 kB
Dirty:              1232 kB
Writeback:             0 kB
AnonPages:       1763460 kB
Mapped:          1023072 kB
Shmem:             34680 kB
KReclaimable:     497524 kB
Slab:             238152 kB
SReclaimable:      83980 kB
SUnreclaim:       154172 kB
KernelStack:       50688 kB
PageTables:        70492 kB
NFS_Unstable:          0 kB
Bounce:                0 kB
WritebackTmp:          0 kB
CommitLimit:     9202292 kB
Committed_AS:   79979868 kB
VmallocTotal:   263061440 kB
VmallocUsed:      107888 kB
VmallocChunk:          0 kB
Percpu:             7680 kB
CmaTotal:         294912 kB
CmaFree:               4 kB
MemTotal:       12113136 kB
MemFree:         5968992 kB
MemAvailable:    7619336 kB
Buffers:            5860 kB
Cached:          2073040 kB
SwapCached:            0 kB
Active:          2074408 kB
Inactive:        1763808 kB
Active(anon):    1768236 kB
Inactive(anon):    31292 kB
Active(file):     306172 kB
Inactive(file):  1732516 kB
Unevictable:        5588 kB
Mlocked:            5588 kB
SwapTotal:       3145724 kB
SwapFree:        3145724 kB
Dirty:              1236 kB
Writeback:             0 kB
AnonPages:       1764984 kB
Mapped:          1023916 kB
Shmem:             35672 kB
KReclaimable:     478488 kB
Slab:             238116 kB
SReclaimable:      83980 kB
SUnreclaim:       154136 kB
KernelStack:       50688 kB
PageTables:        70768 kB
NFS_Unstable:          0 kB
Bounce:                0 kB
WritebackTmp:          0 kB
CommitLimit:     9202292 kB
Committed_AS:   79991896 kB
VmallocTotal:   263061440 kB
VmallocUsed:      107904 kB
