MemTotal:       12113144 kB
MemFree:         6563700 kB
MemAvailable:    8160636 kB
Buffers:            5788 kB
Cached:          1653096 kB
SwapCached:            0 kB
Active:          1385020 kB
Inactive:        1442572 kB
Active(anon):    1175380 kB
Inactive(anon):    20204 kB
Active(file):     209640 kB
Inactive(file):  1422368 kB
Unevictable:        5560 kB
Mlocked:            5560 kB
SwapTotal:       3145724 kB
SwapFree:        3145724 kB
Dirty:               240 kB
Writeback:             0 kB
AnonPages:       1174620 kB
Mapped:           811228 kB
Shmem:             22356 kB
KReclaimable:     833632 kB
Slab:             204484 kB
SReclaimable:      67604 kB
SUnreclaim:       136880 kB
KernelStack:       41892 kB
PageTables:        56088 kB
NFS_Unstable:          0 kB
Bounce:                0 kB
WritebackTmp:          0 kB
CommitLimit:     9202296 kB
Committed_AS:   56414908 kB
VmallocTotal:   263061440 kB
VmallocUsed:       98760 kB
VmallocChunk:          0 kB
Percpu:             7616 kB
CmaTotal:         294912 kB
CmaFree:               0 kB
MemTotal:       12113144 kB
MemFree:         6562108 kB
MemAvailable:    8159052 kB
Buffers:            5788 kB
Cached:          1653104 kB
SwapCached:            0 kB
Active:          1386124 kB
Inactive:        1442576 kB
Active(anon):    1176480 kB
Inactive(anon):    20204 kB
Active(file):     209644 kB
Inactive(file):  1422372 kB
Unevictable:        5560 kB
Mlocked:            5560 kB
SwapTotal:       3145724 kB
SwapFree:        3145724 kB
Dirty:               244 kB
Writeback:             0 kB
AnonPages:       1175304 kB
Mapped:           809116 kB
Shmem:             22356 kB
KReclaimable:     833632 kB
Slab:             204484 kB
SReclaimable:      67604 kB
SUnreclaim:       136880 kB
KernelStack:       41888 kB
PageTables:        56172 kB
NFS_Unstable:          0 kB
Bounce:                0 kB
WritebackTmp:          0 kB
CommitLimit:     9202296 kB
Committed_AS:   56411252 kB
VmallocTotal:   263061440 kB
VmallocUsed:       98744 kB
VmallocChunk:          0 kB
Percpu:             7616 kB
CmaTotal:         294912 kB
CmaFree:             128 kB
MemTotal:       12113144 kB
MemFree:         6562204 kB
MemAvailable:    8159136 kB
Buffers:            5788 kB
Cached:          1653092 kB
SwapCached:            0 kB
Active:          1386300 kB
Inactive:        1442568 kB
Active(anon):    1176660 kB
Inactive(anon):    20204 kB
Active(file):     209640 kB
Inactive(file):  1422364 kB
Unevictable:        5560 kB
Mlocked:            5560 kB
SwapTotal:       3145724 kB
SwapFree:        3145724 kB
Dirty:               240 kB
Writeback:             0 kB
AnonPages:       1175572 kB
Mapped:           808944 kB
Shmem:             22356 kB
KReclaimable:     833632 kB
Slab:             204476 kB
SReclaimable:      67604 kB
SUnreclaim:       136872 kB
KernelStack:       41872 kB
PageTables:        56056 kB
NFS_Unstable:          0 kB
Bounce:                0 kB
WritebackTmp:          0 kB
CommitLimit:     9202296 kB
Committed_AS:   56410664 kB
VmallocTotal:   263061440 kB
VmallocUsed:       98760 kB
VmallocChunk:          0 kB
Percpu:             7616 kB
CmaTotal:         294912 kB
CmaFree:               0 kB
MemTotal:       12113144 kB
MemFree:         6561512 kB
MemAvailable:    8158444 kB
Buffers:            5788 kB
Cached:          1653092 kB
SwapCached:            0 kB
Active:          1386644 kB
Inactive:        1442568 kB
Active(anon):    1177004 kB
Inactive(anon):    20204 kB
Active(file):     209640 kB
Inactive(file):  1422364 kB
Unevictable:        5560 kB
Mlocked:            5560 kB
SwapTotal:       3145724 kB
SwapFree:        3145724 kB
Dirty:               240 kB
Writeback:             0 kB
AnonPages:       1175984 kB
Mapped:           808944 kB
Shmem:             22356 kB
KReclaimable:     833632 kB
Slab:             204476 kB
SReclaimable:      67604 kB
SUnreclaim:       136872 kB
KernelStack:       41872 kB
PageTables:        56060 kB
NFS_Unstable:          0 kB
Bounce:                0 kB
WritebackTmp:          0 kB
CommitLimit:     9202296 kB
Committed_AS:   56416176 kB
VmallocTotal:   263061440 kB
VmallocUsed:       98760 kB
VmallocChunk:          0 kB
Percpu:             7616 kB
CmaTotal:         294912 kB
CmaFree:               0 kB
MemTotal:       12113144 kB
MemFree:         6560644 kB
MemAvailable:    8157596 kB
Buffers:            5796 kB
Cached:          1653108 kB
SwapCached:            0 kB
Active:          1387660 kB
Inactive:        1442584 kB
Active(anon):    1178012 kB
Inactive(anon):    20208 kB
Active(file):     209648 kB
Inactive(file):  1422376 kB
Unevictable:        5560 kB
Mlocked:            5560 kB
SwapTotal:       3145724 kB
SwapFree:        3145724 kB
Dirty:               252 kB
Writeback:             0 kB
AnonPages:       1177104 kB
Mapped:           808952 kB
Shmem:             22360 kB
KReclaimable:     833632 kB
Slab:             204476 kB
SReclaimable:      67604 kB
SUnreclaim:       136872 kB
KernelStack:       41904 kB
PageTables:        56056 kB
NFS_Unstable:          0 kB
Bounce:                0 kB
WritebackTmp:          0 kB
CommitLimit:     9202296 kB
Committed_AS:   56415916 kB
VmallocTotal:   263061440 kB
VmallocUsed:       98760 kB
VmallocChunk:          0 kB
Percpu:             7616 kB
CmaTotal:         294912 kB
CmaFree:               0 kB
MemTotal:       12113144 kB
MemFree:         6560428 kB
MemAvailable:    8157380 kB
Buffers:            5796 kB
Cached:          1653108 kB
SwapCached:            0 kB
Active:          1388524 kB
Inactive:        1442584 kB
Active(anon):    1178876 kB
Inactive(anon):    20208 kB
Active(file):     209648 kB
Inactive(file):  1422376 kB
Unevictable:        5560 kB
Mlocked:            5560 kB
SwapTotal:       3145724 kB
SwapFree:        3145724 kB
Dirty:               252 kB
Writeback:             0 kB
AnonPages:       1177964 kB
Mapped:           809208 kB
Shmem:             22360 kB
KReclaimable:     833632 kB
Slab:             204476 kB
SReclaimable:      67604 kB
SUnreclaim:       136872 kB
KernelStack:       41872 kB
PageTables:        56064 kB
NFS_Unstable:          0 kB
Bounce:                0 kB
WritebackTmp:          0 kB
CommitLimit:     9202296 kB
Committed_AS:   56415704 kB
VmallocTotal:   263061440 kB
VmallocUsed:       98776 kB
VmallocChunk:          0 kB
Percpu:             7616 kB
CmaTotal:         294912 kB
CmaFree:               0 kB
MemTotal:       12113144 kB
MemFree:         6560308 kB
MemAvailable:    8157260 kB
Buffers:            5796 kB
Cached:          1653108 kB
SwapCached:            0 kB
Active:          1389120 kB
Inactive:        1442584 kB
Active(anon):    1179472 kB
Inactive(anon):    20208 kB
Active(file):     209648 kB
Inactive(file):  1422376 kB
Unevictable:        5560 kB
Mlocked:            5560 kB
SwapTotal:       3145724 kB
SwapFree:        3145724 kB
Dirty:               256 kB
Writeback:             0 kB
AnonPages:       1178584 kB
Mapped:           809208 kB
Shmem:             22360 kB
KReclaimable:     833632 kB
Slab:             204468 kB
SReclaimable:      67604 kB
SUnreclaim:       136864 kB
KernelStack:       41888 kB
PageTables:        56060 kB
NFS_Unstable:          0 kB
Bounce:                0 kB
WritebackTmp:          0 kB
CommitLimit:     9202296 kB
Committed_AS:   56412696 kB
VmallocTotal:   263061440 kB
VmallocUsed:       98776 kB
VmallocChunk:          0 kB
Percpu:             7616 kB
CmaTotal:         294912 kB
CmaFree:               0 kB
MemTotal:       12113144 kB
MemFree:         6560564 kB
MemAvailable:    8157516 kB
Buffers:            5796 kB
Cached:          1653108 kB
SwapCached:            0 kB
Active:          1389480 kB
Inactive:        1442584 kB
Active(anon):    1179832 kB
Inactive(anon):    20208 kB
Active(file):     209648 kB
Inactive(file):  1422376 kB
Unevictable:        5560 kB
Mlocked:            5560 kB
SwapTotal:       3145724 kB
SwapFree:        3145724 kB
Dirty:               256 kB
Writeback:             0 kB
AnonPages:       1178800 kB
Mapped:           809208 kB
Shmem:             22360 kB
KReclaimable:     833632 kB
Slab:             204468 kB
SReclaimable:      67604 kB
SUnreclaim:       136864 kB
KernelStack:       41872 kB
PageTables:        56064 kB
NFS_Unstable:          0 kB
Bounce:                0 kB
WritebackTmp:          0 kB
CommitLimit:     9202296 kB
Committed_AS:   56412784 kB
VmallocTotal:   263061440 kB
VmallocUsed:       98728 kB
VmallocChunk:          0 kB
Percpu:             7616 kB
CmaTotal:         294912 kB
CmaFree:               0 kB
MemTotal:       12113144 kB
MemFree:         6558484 kB
MemAvailable:    8155436 kB
Buffers:            5796 kB
Cached:          1653108 kB
SwapCached:            0 kB
Active:          1390052 kB
Inactive:        1442584 kB
Active(anon):    1180404 kB
Inactive(anon):    20208 kB
Active(file):     209648 kB
Inactive(file):  1422376 kB
Unevictable:        5560 kB
Mlocked:            5560 kB
SwapTotal:       3145724 kB
SwapFree:        3145724 kB
Dirty:               256 kB
Writeback:             0 kB
AnonPages:       1179396 kB
Mapped:           808948 kB
Shmem:             22360 kB
KReclaimable:     833632 kB
Slab:             204468 kB
SReclaimable:      67604 kB
SUnreclaim:       136864 kB
KernelStack:       41872 kB
PageTables:        56056 kB
NFS_Unstable:          0 kB
Bounce:                0 kB
WritebackTmp:          0 kB
CommitLimit:     9202296 kB
Committed_AS:   56415256 kB
VmallocTotal:   263061440 kB
VmallocUsed:       98792 kB
VmallocChunk:          0 kB
Percpu:             7616 kB
CmaTotal:         294912 kB
CmaFree:               0 kB
MemTotal:       12113144 kB
MemFree:         6558896 kB
MemAvailable:    8155848 kB
Buffers:            5796 kB
Cached:          1653108 kB
SwapCached:            0 kB
Active:          1390276 kB
Inactive:        1442584 kB
Active(anon):    1180628 kB
Inactive(anon):    20208 kB
Active(file):     209648 kB
Inactive(file):  1422376 kB
Unevictable:        5560 kB
Mlocked:            5560 kB
SwapTotal:       3145724 kB
SwapFree:        3145724 kB
Dirty:               300 kB
Writeback:             0 kB
AnonPages:       1179532 kB
Mapped:           808948 kB
Shmem:             22360 kB
KReclaimable:     833632 kB
Slab:             204468 kB
SReclaimable:      67604 kB
SUnreclaim:       136864 kB
KernelStack:       41872 kB
PageTables:        56064 kB
NFS_Unstable:          0 kB
Bounce:                0 kB
WritebackTmp:          0 kB
CommitLimit:     9202296 kB
Committed_AS:   56414920 kB
VmallocTotal:   263061440 kB
VmallocUsed:       98776 kB
VmallocChunk:          0 kB
Percpu:             7616 kB
CmaTotal:         294912 kB
CmaFree:               0 kB
MemTotal:       12113144 kB
MemFree:         6558320 kB
MemAvailable:    8155272 kB
Buffers:            5796 kB
Cached:          1653108 kB
SwapCached:            0 kB
Active:          1390728 kB
Inactive:        1442584 kB
Active(anon):    1181080 kB
Inactive(anon):    20208 kB
Active(file):     209648 kB
Inactive(file):  1422376 kB
Unevictable:        5560 kB
Mlocked:            5560 kB
SwapTotal:       3145724 kB
SwapFree:        3145724 kB
Dirty:               220 kB
Writeback:             0 kB
AnonPages:       1180088 kB
Mapped:           809208 kB
Shmem:             22360 kB
KReclaimable:     833632 kB
Slab:             204468 kB
SReclaimable:      67604 kB
SUnreclaim:       136864 kB
KernelStack:       41872 kB
PageTables:        56060 kB
NFS_Unstable:          0 kB
Bounce:                0 kB
WritebackTmp:          0 kB
CommitLimit:     9202296 kB
Committed_AS:   56415352 kB
VmallocTotal:   263061440 kB
VmallocUsed:       98776 kB
VmallocChunk:          0 kB
Percpu:             7616 kB
CmaTotal:         294912 kB
CmaFree:               0 kB
MemTotal:       12113144 kB
MemFree:         6557972 kB
MemAvailable:    8154924 kB
Buffers:            5796 kB
Cached:          1653108 kB
SwapCached:            0 kB
Active:          1390776 kB
Inactive:        1442584 kB
Active(anon):    1181128 kB
Inactive(anon):    20208 kB
Active(file):     209648 kB
Inactive(file):  1422376 kB
Unevictable:        5560 kB
Mlocked:            5560 kB
SwapTotal:       3145724 kB
SwapFree:        3145724 kB
Dirty:               220 kB
Writeback:             0 kB
AnonPages:       1180048 kB
Mapped:           808948 kB
Shmem:             22360 kB
KReclaimable:     833632 kB
Slab:             204468 kB
SReclaimable:      67604 kB
SUnreclaim:       136864 kB
KernelStack:       41840 kB
PageTables:        56052 kB
NFS_Unstable:          0 kB
Bounce:                0 kB
WritebackTmp:          0 kB
CommitLimit:     9202296 kB
Committed_AS:   56415316 kB
VmallocTotal:   263061440 kB
VmallocUsed:       98744 kB
VmallocChunk:          0 kB
Percpu:             7616 kB
CmaTotal:         294912 kB
CmaFree:               0 kB
MemTotal:       12113144 kB
MemFree:         6557944 kB
MemAvailable:    8154896 kB
Buffers:            5796 kB
Cached:          1653108 kB
SwapCached:            0 kB
Active:          1391164 kB
Inactive:        1442584 kB
Active(anon):    1181516 kB
Inactive(anon):    20208 kB
Active(file):     209648 kB
Inactive(file):  1422376 kB
Unevictable:        5560 kB
Mlocked:            5560 kB
SwapTotal:       3145724 kB
SwapFree:        3145724 kB
Dirty:               220 kB
Writeback:             0 kB
AnonPages:       1180588 kB
Mapped:           809208 kB
Shmem:             22360 kB
KReclaimable:     833632 kB
Slab:             204468 kB
SReclaimable:      67604 kB
SUnreclaim:       136864 kB
KernelStack:       41840 kB
PageTables:        56052 kB
NFS_Unstable:          0 kB
Bounce:                0 kB
WritebackTmp:          0 kB
CommitLimit:     9202296 kB
Committed_AS:   56414980 kB
VmallocTotal:   263061440 kB
VmallocUsed:       98728 kB
VmallocChunk:          0 kB
Percpu:             7616 kB
CmaTotal:         294912 kB
CmaFree:               0 kB
MemTotal:       12113144 kB
MemFree:         6557528 kB
MemAvailable:    8154488 kB
Buffers:            5796 kB
Cached:          1653116 kB
SwapCached:            0 kB
Active:          1391604 kB
Inactive:        1442592 kB
Active(anon):    1181956 kB
Inactive(anon):    20208 kB
Active(file):     209648 kB
Inactive(file):  1422384 kB
Unevictable:        5560 kB
Mlocked:            5560 kB
SwapTotal:       3145724 kB
SwapFree:        3145724 kB
Dirty:               248 kB
Writeback:             0 kB
AnonPages:       1180916 kB
Mapped:           808948 kB
Shmem:             22360 kB
KReclaimable:     833632 kB
Slab:             204468 kB
SReclaimable:      67604 kB
SUnreclaim:       136864 kB
KernelStack:       41840 kB
PageTables:        56052 kB
NFS_Unstable:          0 kB
Bounce:                0 kB
WritebackTmp:          0 kB
CommitLimit:     9202296 kB
Committed_AS:   56420216 kB
VmallocTotal:   263061440 kB
VmallocUsed:       98744 kB
VmallocChunk:          0 kB
Percpu:             7616 kB
CmaTotal:         294912 kB
CmaFree:               0 kB
MemTotal:       12113144 kB
MemFree:         6557416 kB
MemAvailable:    8154376 kB
Buffers:            5796 kB
Cached:          1653116 kB
SwapCached:            0 kB
Active:          1391708 kB
Inactive:        1442592 kB
Active(anon):    1182060 kB
Inactive(anon):    20208 kB
Active(file):     209648 kB
Inactive(file):  1422384 kB
Unevictable:        5560 kB
Mlocked:            5560 kB
SwapTotal:       3145724 kB
SwapFree:        3145724 kB
Dirty:               248 kB
Writeback:             0 kB
AnonPages:       1181024 kB
Mapped:           809208 kB
Shmem:             22360 kB
KReclaimable:     833632 kB
Slab:             204468 kB
SReclaimable:      67604 kB
SUnreclaim:       136864 kB
KernelStack:       41840 kB
PageTables:        56052 kB
NFS_Unstable:          0 kB
Bounce:                0 kB
WritebackTmp:          0 kB
CommitLimit:     9202296 kB
Committed_AS:   56419916 kB
VmallocTotal:   263061440 kB
VmallocUsed:       98744 kB
VmallocChunk:          0 kB
Percpu:             7616 kB
CmaTotal:         294912 kB
CmaFree:               0 kB
MemTotal:       12113144 kB
MemFree:         6557216 kB
MemAvailable:    8154176 kB
Buffers:            5796 kB
Cached:          1653116 kB
SwapCached:            0 kB
Active:          1391644 kB
Inactive:        1442592 kB
Active(anon):    1181996 kB
Inactive(anon):    20208 kB
Active(file):     209648 kB
Inactive(file):  1422384 kB
Unevictable:        5560 kB
Mlocked:            5560 kB
SwapTotal:       3145724 kB
SwapFree:        3145724 kB
Dirty:               224 kB
Writeback:             0 kB
AnonPages:       1181088 kB
Mapped:           809208 kB
Shmem:             22360 kB
KReclaimable:     833632 kB
Slab:             204468 kB
SReclaimable:      67604 kB
SUnreclaim:       136864 kB
KernelStack:       41840 kB
PageTables:        56052 kB
NFS_Unstable:          0 kB
Bounce:                0 kB
WritebackTmp:          0 kB
CommitLimit:     9202296 kB
Committed_AS:   56419528 kB
VmallocTotal:   263061440 kB
VmallocUsed:       98744 kB
VmallocChunk:          0 kB
Percpu:             7616 kB
CmaTotal:         294912 kB
CmaFree:               0 kB
MemTotal:       12113144 kB
MemFree:         6557216 kB
MemAvailable:    8154176 kB
Buffers:            5796 kB
Cached:          1653116 kB
SwapCached:            0 kB
Active:          1392056 kB
Inactive:        1442592 kB
Active(anon):    1182408 kB
Inactive(anon):    20208 kB
Active(file):     209648 kB
Inactive(file):  1422384 kB
Unevictable:        5560 kB
Mlocked:            5560 kB
SwapTotal:       3145724 kB
SwapFree:        3145724 kB
Dirty:               224 kB
Writeback:             0 kB
AnonPages:       1181372 kB
Mapped:           808948 kB
Shmem:             22360 kB
KReclaimable:     833632 kB
Slab:             204468 kB
SReclaimable:      67604 kB
SUnreclaim:       136864 kB
KernelStack:       41840 kB
PageTables:        56060 kB
NFS_Unstable:          0 kB
Bounce:                0 kB
WritebackTmp:          0 kB
CommitLimit:     9202296 kB
Committed_AS:   56419352 kB
VmallocTotal:   263061440 kB
VmallocUsed:       98712 kB
VmallocChunk:          0 kB
Percpu:             7616 kB
CmaTotal:         294912 kB
CmaFree:               0 kB
MemTotal:       12113144 kB
MemFree:         6556760 kB
MemAvailable:    8153720 kB
Buffers:            5796 kB
Cached:          1653116 kB
SwapCached:            0 kB
Active:          1391856 kB
Inactive:        1442592 kB
Active(anon):    1182208 kB
Inactive(anon):    20208 kB
Active(file):     209648 kB
Inactive(file):  1422384 kB
Unevictable:        5560 kB
Mlocked:            5560 kB
SwapTotal:       3145724 kB
SwapFree:        3145724 kB
Dirty:               224 kB
Writeback:             0 kB
AnonPages:       1181164 kB
Mapped:           809208 kB
Shmem:             22360 kB
KReclaimable:     833632 kB
Slab:             204476 kB
SReclaimable:      67604 kB
SUnreclaim:       136872 kB
KernelStack:       41824 kB
PageTables:        56064 kB
NFS_Unstable:          0 kB
Bounce:                0 kB
WritebackTmp:          0 kB
CommitLimit:     9202296 kB
Committed_AS:   56419368 kB
VmallocTotal:   263061440 kB
VmallocUsed:       98680 kB
VmallocChunk:          0 kB
Percpu:             7616 kB
CmaTotal:         294912 kB
CmaFree:             108 kB
MemTotal:       12113144 kB
MemFree:         6556160 kB
MemAvailable:    8153112 kB
Buffers:            5796 kB
Cached:          1653108 kB
SwapCached:            0 kB
Active:          1392416 kB
Inactive:        1442588 kB
Active(anon):    1182772 kB
Inactive(anon):    20208 kB
Active(file):     209644 kB
Inactive(file):  1422380 kB
Unevictable:        5560 kB
Mlocked:            5560 kB
SwapTotal:       3145724 kB
SwapFree:        3145724 kB
Dirty:               256 kB
Writeback:             0 kB
AnonPages:       1181656 kB
Mapped:           809208 kB
Shmem:             22360 kB
KReclaimable:     833632 kB
Slab:             204468 kB
SReclaimable:      67604 kB
SUnreclaim:       136864 kB
KernelStack:       41824 kB
PageTables:        56052 kB
NFS_Unstable:          0 kB
Bounce:                0 kB
WritebackTmp:          0 kB
CommitLimit:     9202296 kB
Committed_AS:   56419252 kB
VmallocTotal:   263061440 kB
VmallocUsed:       98680 kB
VmallocChunk:          0 kB
Percpu:             7616 kB
CmaTotal:         294912 kB
CmaFree:               0 kB
MemTotal:       12113144 kB
MemFree:         6556832 kB
MemAvailable:    8153812 kB
Buffers:            5800 kB
Cached:          1653132 kB
SwapCached:            0 kB
Active:          1392452 kB
Inactive:        1442608 kB
Active(anon):    1182800 kB
Inactive(anon):    20208 kB
Active(file):     209652 kB
Inactive(file):  1422400 kB
Unevictable:        5560 kB
Mlocked:            5560 kB
SwapTotal:       3145724 kB
SwapFree:        3145724 kB
Dirty:               288 kB
Writeback:             8 kB
AnonPages:       1181932 kB
Mapped:           808948 kB
Shmem:             22360 kB
KReclaimable:     833632 kB
Slab:             204468 kB
SReclaimable:      67604 kB
SUnreclaim:       136864 kB
KernelStack:       41824 kB
PageTables:        56052 kB
NFS_Unstable:          0 kB
Bounce:                0 kB
WritebackTmp:          0 kB
CommitLimit:     9202296 kB
Committed_AS:   56419084 kB
VmallocTotal:   263061440 kB
VmallocUsed:       98680 kB
VmallocChunk:          0 kB
Percpu:             7616 kB
CmaTotal:         294912 kB
CmaFree:              80 kB
MemTotal:       12113144 kB
MemFree:         6555888 kB
MemAvailable:    8152864 kB
Buffers:            5800 kB
Cached:          1653128 kB
SwapCached:            0 kB
Active:          1393108 kB
Inactive:        1442604 kB
Active(anon):    1183456 kB
Inactive(anon):    20208 kB
Active(file):     209652 kB
Inactive(file):  1422396 kB
Unevictable:        5560 kB
Mlocked:            5560 kB
SwapTotal:       3145724 kB
SwapFree:        3145724 kB
Dirty:               236 kB
Writeback:             0 kB
AnonPages:       1182408 kB
Mapped:           808948 kB
Shmem:             22360 kB
KReclaimable:     833632 kB
Slab:             204468 kB
SReclaimable:      67604 kB
SUnreclaim:       136864 kB
KernelStack:       41808 kB
PageTables:        56052 kB
NFS_Unstable:          0 kB
Bounce:                0 kB
WritebackTmp:          0 kB
CommitLimit:     9202296 kB
Committed_AS:   56418784 kB
VmallocTotal:   263061440 kB
VmallocUsed:       98664 kB
VmallocChunk:          0 kB
Percpu:             7616 kB
CmaTotal:         294912 kB
CmaFree:               0 kB
MemTotal:       12113144 kB
MemFree:         6555736 kB
MemAvailable:    8152712 kB
Buffers:            5800 kB
Cached:          1653128 kB
SwapCached:            0 kB
Active:          1393400 kB
Inactive:        1442604 kB
Active(anon):    1183748 kB
Inactive(anon):    20208 kB
Active(file):     209652 kB
Inactive(file):  1422396 kB
Unevictable:        5560 kB
Mlocked:            5560 kB
SwapTotal:       3145724 kB
SwapFree:        3145724 kB
Dirty:               236 kB
Writeback:             0 kB
AnonPages:       1182788 kB
Mapped:           809208 kB
Shmem:             22360 kB
KReclaimable:     833632 kB
Slab:             204468 kB
SReclaimable:      67604 kB
SUnreclaim:       136864 kB
KernelStack:       41808 kB
PageTables:        56052 kB
NFS_Unstable:          0 kB
Bounce:                0 kB
WritebackTmp:          0 kB
CommitLimit:     9202296 kB
Committed_AS:   56418916 kB
VmallocTotal:   263061440 kB
VmallocUsed:       98664 kB
VmallocChunk:          0 kB
Percpu:             7616 kB
CmaTotal:         294912 kB
CmaFree:               0 kB
MemTotal:       12113144 kB
MemFree:         6555532 kB
MemAvailable:    8152508 kB
Buffers:            5800 kB
Cached:          1653128 kB
SwapCached:            0 kB
Active:          1393788 kB
Inactive:        1442604 kB
Active(anon):    1184136 kB
Inactive(anon):    20208 kB
Active(file):     209652 kB
Inactive(file):  1422396 kB
Unevictable:        5560 kB
Mlocked:            5560 kB
SwapTotal:       3145724 kB
SwapFree:        3145724 kB
Dirty:               252 kB
Writeback:             0 kB
AnonPages:       1183144 kB
Mapped:           809208 kB
Shmem:             22360 kB
KReclaimable:     833632 kB
Slab:             204468 kB
SReclaimable:      67604 kB
SUnreclaim:       136864 kB
KernelStack:       41824 kB
PageTables:        56064 kB
NFS_Unstable:          0 kB
Bounce:                0 kB
WritebackTmp:          0 kB
CommitLimit:     9202296 kB
Committed_AS:   56418888 kB
VmallocTotal:   263061440 kB
VmallocUsed:       98648 kB
VmallocChunk:          0 kB
Percpu:             7616 kB
CmaTotal:         294912 kB
CmaFree:               0 kB
MemTotal:       12113144 kB
MemFree:         6554776 kB
MemAvailable:    8151756 kB
Buffers:            5800 kB
Cached:          1653132 kB
SwapCached:            0 kB
Active:          1394232 kB
Inactive:        1442608 kB
Active(anon):    1184580 kB
Inactive(anon):    20208 kB
Active(file):     209652 kB
Inactive(file):  1422400 kB
Unevictable:        5560 kB
Mlocked:            5560 kB
SwapTotal:       3145724 kB
SwapFree:        3145724 kB
Dirty:               240 kB
Writeback:            16 kB
AnonPages:       1183624 kB
Mapped:           808948 kB
Shmem:             22360 kB
KReclaimable:     833632 kB
Slab:             204468 kB
SReclaimable:      67604 kB
SUnreclaim:       136864 kB
KernelStack:       41824 kB
PageTables:        56060 kB
NFS_Unstable:          0 kB
Bounce:                0 kB
WritebackTmp:          0 kB
CommitLimit:     9202296 kB
Committed_AS:   56418536 kB
VmallocTotal:   263061440 kB
VmallocUsed:       98680 kB
VmallocChunk:          0 kB
Percpu:             7616 kB
CmaTotal:         294912 kB
CmaFree:               0 kB
MemTotal:       12113144 kB
MemFree:         6554016 kB
MemAvailable:    8150996 kB
Buffers:            5800 kB
Cached:          1653132 kB
SwapCached:            0 kB
Active:          1394404 kB
Inactive:        1442608 kB
Active(anon):    1184752 kB
Inactive(anon):    20208 kB
Active(file):     209652 kB
Inactive(file):  1422400 kB
Unevictable:        5560 kB
Mlocked:            5560 kB
SwapTotal:       3145724 kB
SwapFree:        3145724 kB
Dirty:               260 kB
Writeback:             0 kB
AnonPages:       1183836 kB
Mapped:           809208 kB
Shmem:             22360 kB
KReclaimable:     833632 kB
Slab:             204468 kB
SReclaimable:      67604 kB
SUnreclaim:       136864 kB
KernelStack:       41824 kB
PageTables:        56060 kB
NFS_Unstable:          0 kB
Bounce:                0 kB
WritebackTmp:          0 kB
CommitLimit:     9202296 kB
Committed_AS:   56418932 kB
VmallocTotal:   263061440 kB
VmallocUsed:       98664 kB
VmallocChunk:          0 kB
Percpu:             7616 kB
CmaTotal:         294912 kB
CmaFree:               0 kB
MemTotal:       12113144 kB
MemFree:         6554368 kB
MemAvailable:    8151340 kB
Buffers:            5800 kB
Cached:          1653124 kB
SwapCached:            0 kB
Active:          1395472 kB
Inactive:        1442604 kB
Active(anon):    1185824 kB
Inactive(anon):    20208 kB
Active(file):     209648 kB
Inactive(file):  1422396 kB
Unevictable:        5560 kB
Mlocked:            5560 kB
SwapTotal:       3145724 kB
SwapFree:        3145724 kB
Dirty:               248 kB
Writeback:             0 kB
AnonPages:       1184756 kB
Mapped:           809208 kB
Shmem:             22360 kB
KReclaimable:     833632 kB
Slab:             204468 kB
SReclaimable:      67604 kB
SUnreclaim:       136864 kB
KernelStack:       41888 kB
PageTables:        56056 kB
NFS_Unstable:          0 kB
Bounce:                0 kB
WritebackTmp:          0 kB
CommitLimit:     9202296 kB
Committed_AS:   56418816 kB
VmallocTotal:   263061440 kB
VmallocUsed:       98728 kB
VmallocChunk:          0 kB
Percpu:             7616 kB
CmaTotal:         294912 kB
CmaFree:               0 kB
MemTotal:       12113144 kB
MemFree:         6553956 kB
MemAvailable:    8150936 kB
Buffers:            5800 kB
Cached:          1653132 kB
SwapCached:            0 kB
Active:          1395804 kB
Inactive:        1442608 kB
Active(anon):    1186152 kB
Inactive(anon):    20208 kB
Active(file):     209652 kB
Inactive(file):  1422400 kB
Unevictable:        5560 kB
Mlocked:            5560 kB
SwapTotal:       3145724 kB
SwapFree:        3145724 kB
Dirty:               256 kB
Writeback:             0 kB
AnonPages:       1185108 kB
Mapped:           808948 kB
Shmem:             22360 kB
KReclaimable:     833632 kB
Slab:             204468 kB
SReclaimable:      67604 kB
SUnreclaim:       136864 kB
KernelStack:       41888 kB
PageTables:        56056 kB
NFS_Unstable:          0 kB
Bounce:                0 kB
WritebackTmp:          0 kB
CommitLimit:     9202296 kB
Committed_AS:   56418428 kB
VmallocTotal:   263061440 kB
VmallocUsed:       98728 kB
VmallocChunk:          0 kB
Percpu:             7616 kB
CmaTotal:         294912 kB
CmaFree:               0 kB
MemTotal:       12113144 kB
MemFree:         6554092 kB
MemAvailable:    8151072 kB
Buffers:            5800 kB
Cached:          1653132 kB
SwapCached:            0 kB
Active:          1396200 kB
Inactive:        1442608 kB
Active(anon):    1186548 kB
Inactive(anon):    20208 kB
Active(file):     209652 kB
Inactive(file):  1422400 kB
Unevictable:        5560 kB
Mlocked:            5560 kB
SwapTotal:       3145724 kB
SwapFree:        3145724 kB
Dirty:               256 kB
Writeback:             0 kB
AnonPages:       1185588 kB
Mapped:           808948 kB
Shmem:             22360 kB
KReclaimable:     833632 kB
Slab:             204460 kB
SReclaimable:      67604 kB
SUnreclaim:       136856 kB
KernelStack:       41888 kB
PageTables:        56064 kB
NFS_Unstable:          0 kB
Bounce:                0 kB
WritebackTmp:          0 kB
CommitLimit:     9202296 kB
Committed_AS:   56418720 kB
VmallocTotal:   263061440 kB
VmallocUsed:       98744 kB
VmallocChunk:          0 kB
Percpu:             7616 kB
CmaTotal:         294912 kB
CmaFree:               0 kB
MemTotal:       12113144 kB
MemFree:         6553880 kB
MemAvailable:    8150868 kB
Buffers:            5800 kB
Cached:          1653140 kB
SwapCached:            0 kB
Active:          1396656 kB
Inactive:        1442616 kB
Active(anon):    1187004 kB
Inactive(anon):    20208 kB
Active(file):     209652 kB
Inactive(file):  1422408 kB
Unevictable:        5560 kB
Mlocked:            5560 kB
SwapTotal:       3145724 kB
SwapFree:        3145724 kB
Dirty:               276 kB
Writeback:             0 kB
AnonPages:       1185940 kB
Mapped:           809208 kB
Shmem:             22360 kB
KReclaimable:     833632 kB
Slab:             204460 kB
SReclaimable:      67604 kB
SUnreclaim:       136856 kB
KernelStack:       41888 kB
PageTables:        56060 kB
NFS_Unstable:          0 kB
Bounce:                0 kB
WritebackTmp:          0 kB
CommitLimit:     9202296 kB
Committed_AS:   56418824 kB
VmallocTotal:   263061440 kB
VmallocUsed:       98760 kB
VmallocChunk:          0 kB
Percpu:             7616 kB
CmaTotal:         294912 kB
CmaFree:               0 kB
MemTotal:       12113144 kB
MemFree:         6552764 kB
MemAvailable:    8149752 kB
Buffers:            5800 kB
Cached:          1653144 kB
SwapCached:            0 kB
Active:          1397052 kB
Inactive:        1442620 kB
Active(anon):    1187400 kB
Inactive(anon):    20212 kB
Active(file):     209652 kB
Inactive(file):  1422408 kB
Unevictable:        5560 kB
Mlocked:            5560 kB
SwapTotal:       3145724 kB
SwapFree:        3145724 kB
Dirty:               280 kB
Writeback:             0 kB
AnonPages:       1186472 kB
Mapped:           809212 kB
Shmem:             22364 kB
KReclaimable:     833632 kB
Slab:             204460 kB
SReclaimable:      67604 kB
SUnreclaim:       136856 kB
KernelStack:       41888 kB
PageTables:        56060 kB
NFS_Unstable:          0 kB
Bounce:                0 kB
WritebackTmp:          0 kB
CommitLimit:     9202296 kB
Committed_AS:   56418604 kB
VmallocTotal:   263061440 kB
VmallocUsed:       98760 kB
VmallocChunk:          0 kB
Percpu:             7616 kB
CmaTotal:         294912 kB
CmaFree:               0 kB
MemTotal:       12113144 kB
MemFree:         6551788 kB
MemAvailable:    8148776 kB
Buffers:            5800 kB
Cached:          1653144 kB
SwapCached:            0 kB
Active:          1397880 kB
Inactive:        1442620 kB
Active(anon):    1188228 kB
Inactive(anon):    20212 kB
Active(file):     209652 kB
Inactive(file):  1422408 kB
Unevictable:        5560 kB
Mlocked:            5560 kB
SwapTotal:       3145724 kB
SwapFree:        3145724 kB
Dirty:               220 kB
Writeback:             0 kB
AnonPages:       1187216 kB
Mapped:           809212 kB
Shmem:             22364 kB
KReclaimable:     833632 kB
Slab:             204460 kB
SReclaimable:      67604 kB
SUnreclaim:       136856 kB
KernelStack:       41888 kB
PageTables:        56060 kB
NFS_Unstable:          0 kB
Bounce:                0 kB
WritebackTmp:          0 kB
CommitLimit:     9202296 kB
Committed_AS:   56418428 kB
VmallocTotal:   263061440 kB
VmallocUsed:       98760 kB
VmallocChunk:          0 kB
Percpu:             7616 kB
CmaTotal:         294912 kB
CmaFree:               0 kB
MemTotal:       12113144 kB
MemFree:         6551184 kB
MemAvailable:    8148172 kB
Buffers:            5800 kB
Cached:          1653144 kB
SwapCached:            0 kB
Active:          1398336 kB
Inactive:        1442620 kB
Active(anon):    1188684 kB
Inactive(anon):    20212 kB
Active(file):     209652 kB
Inactive(file):  1422408 kB
Unevictable:        5560 kB
Mlocked:            5560 kB
SwapTotal:       3145724 kB
SwapFree:        3145724 kB
Dirty:               268 kB
Writeback:             0 kB
AnonPages:       1187644 kB
Mapped:           809212 kB
Shmem:             22364 kB
KReclaimable:     833632 kB
Slab:             204460 kB
SReclaimable:      67604 kB
SUnreclaim:       136856 kB
KernelStack:       41888 kB
PageTables:        56064 kB
NFS_Unstable:          0 kB
Bounce:                0 kB
WritebackTmp:          0 kB
CommitLimit:     9202296 kB
Committed_AS:   56418172 kB
VmallocTotal:   263061440 kB
VmallocUsed:       98760 kB
VmallocChunk:          0 kB
Percpu:             7616 kB
CmaTotal:         294912 kB
CmaFree:               0 kB
MemTotal:       12113144 kB
MemFree:         6549928 kB
MemAvailable:    8146904 kB
Buffers:            5800 kB
Cached:          1653132 kB
SwapCached:            0 kB
Active:          1398556 kB
Inactive:        1442612 kB
Active(anon):    1188908 kB
Inactive(anon):    20212 kB
Active(file):     209648 kB
Inactive(file):  1422400 kB
Unevictable:        5560 kB
Mlocked:            5560 kB
SwapTotal:       3145724 kB
SwapFree:        3145724 kB
Dirty:               272 kB
Writeback:             0 kB
AnonPages:       1187884 kB
Mapped:           808952 kB
Shmem:             22364 kB
KReclaimable:     833632 kB
Slab:             204460 kB
SReclaimable:      67604 kB
SUnreclaim:       136856 kB
KernelStack:       41888 kB
PageTables:        56052 kB
NFS_Unstable:          0 kB
Bounce:                0 kB
WritebackTmp:          0 kB
CommitLimit:     9202296 kB
Committed_AS:   56417872 kB
VmallocTotal:   263061440 kB
VmallocUsed:       98744 kB
VmallocChunk:          0 kB
Percpu:             7616 kB
CmaTotal:         294912 kB
CmaFree:               0 kB
MemTotal:       12113144 kB
MemFree:         6548944 kB
MemAvailable:    8145932 kB
Buffers:            5800 kB
Cached:          1653144 kB
SwapCached:            0 kB
Active:          1399164 kB
Inactive:        1442620 kB
Active(anon):    1189512 kB
Inactive(anon):    20212 kB
Active(file):     209652 kB
Inactive(file):  1422408 kB
Unevictable:        5560 kB
Mlocked:            5560 kB
SwapTotal:       3145724 kB
SwapFree:        3145724 kB
Dirty:               280 kB
Writeback:             0 kB
AnonPages:       1188608 kB
Mapped:           809212 kB
Shmem:             22364 kB
KReclaimable:     833632 kB
Slab:             204468 kB
SReclaimable:      67604 kB
SUnreclaim:       136864 kB
KernelStack:       41888 kB
PageTables:        56052 kB
NFS_Unstable:          0 kB
Bounce:                0 kB
WritebackTmp:          0 kB
CommitLimit:     9202296 kB
Committed_AS:   56421800 kB
VmallocTotal:   263061440 kB
VmallocUsed:       98792 kB
VmallocChunk:          0 kB
Percpu:             7616 kB
CmaTotal:         294912 kB
CmaFree:               0 kB
MemTotal:       12113144 kB
MemFree:         6548720 kB
MemAvailable:    8145724 kB
Buffers:            5804 kB
Cached:          1653156 kB
SwapCached:            0 kB
Active:          1399432 kB
Inactive:        1442632 kB
Active(anon):    1189776 kB
Inactive(anon):    20212 kB
Active(file):     209656 kB
Inactive(file):  1422420 kB
Unevictable:        5560 kB
Mlocked:            5560 kB
SwapTotal:       3145724 kB
SwapFree:        3145724 kB
Dirty:               284 kB
Writeback:             0 kB
AnonPages:       1188836 kB
Mapped:           809212 kB
Shmem:             22364 kB
KReclaimable:     833632 kB
Slab:             204468 kB
SReclaimable:      67604 kB
SUnreclaim:       136864 kB
KernelStack:       41888 kB
PageTables:        56052 kB
NFS_Unstable:          0 kB
Bounce:                0 kB
WritebackTmp:          0 kB
CommitLimit:     9202296 kB
Committed_AS:   56421560 kB
VmallocTotal:   263061440 kB
VmallocUsed:       98776 kB
VmallocChunk:          0 kB
Percpu:             7616 kB
CmaTotal:         294912 kB
CmaFree:               0 kB
MemTotal:       12113144 kB
MemFree:         6548812 kB
MemAvailable:    8145816 kB
Buffers:            5804 kB
Cached:          1653156 kB
SwapCached:            0 kB
Active:          1399640 kB
Inactive:        1442632 kB
Active(anon):    1189984 kB
Inactive(anon):    20212 kB
Active(file):     209656 kB
Inactive(file):  1422420 kB
Unevictable:        5560 kB
Mlocked:            5560 kB
SwapTotal:       3145724 kB
SwapFree:        3145724 kB
Dirty:               224 kB
Writeback:             0 kB
AnonPages:       1189068 kB
Mapped:           808952 kB
Shmem:             22364 kB
KReclaimable:     833632 kB
Slab:             204468 kB
SReclaimable:      67604 kB
SUnreclaim:       136864 kB
KernelStack:       41888 kB
PageTables:        56052 kB
NFS_Unstable:          0 kB
Bounce:                0 kB
WritebackTmp:          0 kB
CommitLimit:     9202296 kB
Committed_AS:   56420976 kB
VmallocTotal:   263061440 kB
VmallocUsed:       98776 kB
VmallocChunk:          0 kB
Percpu:             7616 kB
CmaTotal:         294912 kB
CmaFree:               0 kB
MemTotal:       12113144 kB
MemFree:         6548904 kB
MemAvailable:    8145908 kB
Buffers:            5804 kB
Cached:          1653156 kB
SwapCached:            0 kB
Active:          1400080 kB
Inactive:        1442632 kB
Active(anon):    1190424 kB
Inactive(anon):    20212 kB
Active(file):     209656 kB
Inactive(file):  1422420 kB
Unevictable:        5560 kB
Mlocked:            5560 kB
SwapTotal:       3145724 kB
SwapFree:        3145724 kB
Dirty:               224 kB
Writeback:             0 kB
AnonPages:       1189432 kB
Mapped:           808952 kB
Shmem:             22364 kB
KReclaimable:     833632 kB
Slab:             204476 kB
SReclaimable:      67604 kB
SUnreclaim:       136872 kB
KernelStack:       41888 kB
PageTables:        56052 kB
NFS_Unstable:          0 kB
Bounce:                0 kB
WritebackTmp:          0 kB
CommitLimit:     9202296 kB
Committed_AS:   56420868 kB
VmallocTotal:   263061440 kB
VmallocUsed:       98824 kB
VmallocChunk:          0 kB
Percpu:             7616 kB
CmaTotal:         294912 kB
CmaFree:               0 kB
MemTotal:       12113144 kB
MemFree:         6547960 kB
MemAvailable:    8144964 kB
Buffers:            5804 kB
Cached:          1653156 kB
SwapCached:            0 kB
Active:          1400596 kB
Inactive:        1442632 kB
Active(anon):    1190940 kB
Inactive(anon):    20212 kB
Active(file):     209656 kB
Inactive(file):  1422420 kB
Unevictable:        5560 kB
Mlocked:            5560 kB
SwapTotal:       3145724 kB
SwapFree:        3145724 kB
Dirty:               224 kB
Writeback:             0 kB
AnonPages:       1189884 kB
Mapped:           809212 kB
Shmem:             22364 kB
KReclaimable:     833632 kB
Slab:             204476 kB
SReclaimable:      67604 kB
SUnreclaim:       136872 kB
KernelStack:       41888 kB
PageTables:        56056 kB
NFS_Unstable:          0 kB
Bounce:                0 kB
WritebackTmp:          0 kB
CommitLimit:     9202296 kB
Committed_AS:   56422452 kB
VmallocTotal:   263061440 kB
VmallocUsed:       98824 kB
VmallocChunk:          0 kB
Percpu:             7616 kB
CmaTotal:         294912 kB
CmaFree:               0 kB
MemTotal:       12113144 kB
MemFree:         6547232 kB
MemAvailable:    8144236 kB
Buffers:            5804 kB
Cached:          1653156 kB
SwapCached:            0 kB
Active:          1400908 kB
Inactive:        1442636 kB
Active(anon):    1191256 kB
Inactive(anon):    20212 kB
Active(file):     209652 kB
Inactive(file):  1422424 kB
Unevictable:        5560 kB
Mlocked:            5560 kB
SwapTotal:       3145724 kB
SwapFree:        3145724 kB
Dirty:               224 kB
Writeback:             0 kB
AnonPages:       1190372 kB
Mapped:           809212 kB
Shmem:             22364 kB
KReclaimable:     833632 kB
Slab:             204476 kB
SReclaimable:      67604 kB
SUnreclaim:       136872 kB
KernelStack:       41888 kB
PageTables:        56052 kB
NFS_Unstable:          0 kB
Bounce:                0 kB
WritebackTmp:          0 kB
CommitLimit:     9202296 kB
Committed_AS:   56422212 kB
VmallocTotal:   263061440 kB
VmallocUsed:       98808 kB
VmallocChunk:          0 kB
Percpu:             7616 kB
CmaTotal:         294912 kB
CmaFree:               0 kB
MemTotal:       12113144 kB
MemFree:         6547260 kB
MemAvailable:    8144264 kB
Buffers:            5804 kB
Cached:          1653156 kB
SwapCached:            0 kB
Active:          1401488 kB
Inactive:        1442636 kB
Active(anon):    1191836 kB
Inactive(anon):    20212 kB
Active(file):     209652 kB
Inactive(file):  1422424 kB
Unevictable:        5560 kB
Mlocked:            5560 kB
SwapTotal:       3145724 kB
SwapFree:        3145724 kB
Dirty:               224 kB
Writeback:             0 kB
AnonPages:       1190876 kB
Mapped:           809212 kB
Shmem:             22364 kB
KReclaimable:     833632 kB
Slab:             204476 kB
SReclaimable:      67604 kB
SUnreclaim:       136872 kB
KernelStack:       41888 kB
PageTables:        56056 kB
NFS_Unstable:          0 kB
Bounce:                0 kB
WritebackTmp:          0 kB
CommitLimit:     9202296 kB
Committed_AS:   56422116 kB
VmallocTotal:   263061440 kB
VmallocUsed:       98808 kB
VmallocChunk:          0 kB
Percpu:             7616 kB
CmaTotal:         294912 kB
CmaFree:               0 kB
MemTotal:       12113144 kB
MemFree:         6548372 kB
MemAvailable:    8145376 kB
Buffers:            5804 kB
Cached:          1653160 kB
SwapCached:            0 kB
Active:          1400552 kB
Inactive:        1442636 kB
Active(anon):    1190896 kB
Inactive(anon):    20216 kB
Active(file):     209656 kB
Inactive(file):  1422420 kB
Unevictable:        5560 kB
Mlocked:            5560 kB
SwapTotal:       3145724 kB
SwapFree:        3145724 kB
Dirty:               240 kB
Writeback:             0 kB
AnonPages:       1189900 kB
Mapped:           808956 kB
Shmem:             22368 kB
KReclaimable:     833632 kB
Slab:             204476 kB
SReclaimable:      67604 kB
SUnreclaim:       136872 kB
KernelStack:       41888 kB
PageTables:        56064 kB
NFS_Unstable:          0 kB
Bounce:                0 kB
WritebackTmp:          0 kB
CommitLimit:     9202296 kB
Committed_AS:   56421868 kB
VmallocTotal:   263061440 kB
VmallocUsed:       98808 kB
VmallocChunk:          0 kB
Percpu:             7616 kB
CmaTotal:         294912 kB
CmaFree:               0 kB
MemTotal:       12113144 kB
MemFree:         6547484 kB
MemAvailable:    8144488 kB
Buffers:            5804 kB
Cached:          1653160 kB
SwapCached:            0 kB
Active:          1400944 kB
Inactive:        1442636 kB
Active(anon):    1191288 kB
Inactive(anon):    20216 kB
Active(file):     209656 kB
Inactive(file):  1422420 kB
Unevictable:        5560 kB
Mlocked:            5560 kB
SwapTotal:       3145724 kB
SwapFree:        3145724 kB
Dirty:               240 kB
Writeback:             0 kB
AnonPages:       1190256 kB
Mapped:           809152 kB
Shmem:             22368 kB
KReclaimable:     833632 kB
Slab:             204476 kB
SReclaimable:      67604 kB
SUnreclaim:       136872 kB
KernelStack:       41856 kB
PageTables:        56040 kB
NFS_Unstable:          0 kB
Bounce:                0 kB
WritebackTmp:          0 kB
CommitLimit:     9202296 kB
Committed_AS:   56422768 kB
VmallocTotal:   263061440 kB
VmallocUsed:       98824 kB
VmallocChunk:          0 kB
Percpu:             7616 kB
CmaTotal:         294912 kB
CmaFree:               0 kB
MemTotal:       12113144 kB
MemFree:         6547360 kB
MemAvailable:    8144364 kB
Buffers:            5804 kB
Cached:          1653160 kB
SwapCached:            0 kB
Active:          1401220 kB
Inactive:        1442636 kB
Active(anon):    1191564 kB
Inactive(anon):    20216 kB
Active(file):     209656 kB
Inactive(file):  1422420 kB
Unevictable:        5560 kB
Mlocked:            5560 kB
SwapTotal:       3145724 kB
SwapFree:        3145724 kB
Dirty:               240 kB
Writeback:             0 kB
AnonPages:       1190572 kB
Mapped:           808956 kB
Shmem:             22368 kB
KReclaimable:     833632 kB
Slab:             204476 kB
SReclaimable:      67604 kB
SUnreclaim:       136872 kB
KernelStack:       41888 kB
PageTables:        56056 kB
NFS_Unstable:          0 kB
Bounce:                0 kB
WritebackTmp:          0 kB
CommitLimit:     9202296 kB
Committed_AS:   56422928 kB
VmallocTotal:   263061440 kB
VmallocUsed:       98824 kB
VmallocChunk:          0 kB
Percpu:             7616 kB
CmaTotal:         294912 kB
CmaFree:               0 kB
MemTotal:       12113144 kB
MemFree:         6546408 kB
MemAvailable:    8143412 kB
Buffers:            5804 kB
Cached:          1653160 kB
SwapCached:            0 kB
Active:          1401780 kB
Inactive:        1442636 kB
Active(anon):    1192124 kB
Inactive(anon):    20216 kB
Active(file):     209656 kB
Inactive(file):  1422420 kB
Unevictable:        5560 kB
Mlocked:            5560 kB
SwapTotal:       3145724 kB
SwapFree:        3145724 kB
Dirty:               240 kB
Writeback:             0 kB
AnonPages:       1191248 kB
Mapped:           809216 kB
Shmem:             22368 kB
KReclaimable:     833632 kB
Slab:             204476 kB
SReclaimable:      67604 kB
SUnreclaim:       136872 kB
KernelStack:       41888 kB
PageTables:        56064 kB
NFS_Unstable:          0 kB
Bounce:                0 kB
WritebackTmp:          0 kB
CommitLimit:     9202296 kB
Committed_AS:   56422752 kB
VmallocTotal:   263061440 kB
VmallocUsed:       98824 kB
VmallocChunk:          0 kB
Percpu:             7616 kB
CmaTotal:         294912 kB
CmaFree:               0 kB
MemTotal:       12113144 kB
MemFree:         6556568 kB
MemAvailable:    8153572 kB
Buffers:            5804 kB
Cached:          1653160 kB
SwapCached:            0 kB
Active:          1391236 kB
Inactive:        1442636 kB
Active(anon):    1181580 kB
Inactive(anon):    20216 kB
Active(file):     209656 kB
Inactive(file):  1422420 kB
Unevictable:        5560 kB
Mlocked:            5560 kB
SwapTotal:       3145724 kB
SwapFree:        3145724 kB
Dirty:               256 kB
Writeback:             0 kB
AnonPages:       1180632 kB
Mapped:           809216 kB
Shmem:             22368 kB
KReclaimable:     833632 kB
Slab:             204476 kB
SReclaimable:      67604 kB
SUnreclaim:       136872 kB
KernelStack:       41888 kB
PageTables:        56048 kB
NFS_Unstable:          0 kB
Bounce:                0 kB
WritebackTmp:          0 kB
CommitLimit:     9202296 kB
Committed_AS:   56422540 kB
VmallocTotal:   263061440 kB
VmallocUsed:       98808 kB
VmallocChunk:          0 kB
Percpu:             7616 kB
CmaTotal:         294912 kB
CmaFree:               0 kB
MemTotal:       12113144 kB
MemFree:         6556844 kB
MemAvailable:    8153848 kB
Buffers:            5804 kB
Cached:          1653164 kB
SwapCached:            0 kB
Active:          1392148 kB
Inactive:        1442640 kB
Active(anon):    1182492 kB
Inactive(anon):    20220 kB
Active(file):     209656 kB
Inactive(file):  1422420 kB
Unevictable:        5560 kB
Mlocked:            5560 kB
SwapTotal:       3145724 kB
SwapFree:        3145724 kB
Dirty:               228 kB
Writeback:             0 kB
AnonPages:       1181500 kB
Mapped:           809220 kB
Shmem:             22372 kB
KReclaimable:     833632 kB
Slab:             204476 kB
SReclaimable:      67604 kB
SUnreclaim:       136872 kB
KernelStack:       41888 kB
PageTables:        56064 kB
NFS_Unstable:          0 kB
Bounce:                0 kB
WritebackTmp:          0 kB
CommitLimit:     9202296 kB
Committed_AS:   56423092 kB
VmallocTotal:   263061440 kB
VmallocUsed:       98824 kB
VmallocChunk:          0 kB
Percpu:             7616 kB
CmaTotal:         294912 kB
CmaFree:               0 kB
MemTotal:       12113144 kB
MemFree:         6556052 kB
MemAvailable:    8153048 kB
Buffers:            5804 kB
Cached:          1653156 kB
SwapCached:            0 kB
Active:          1392576 kB
Inactive:        1442636 kB
Active(anon):    1182924 kB
Inactive(anon):    20220 kB
Active(file):     209652 kB
Inactive(file):  1422416 kB
Unevictable:        5560 kB
Mlocked:            5560 kB
SwapTotal:       3145724 kB
SwapFree:        3145724 kB
Dirty:               276 kB
Writeback:             0 kB
AnonPages:       1181864 kB
Mapped:           809220 kB
Shmem:             22372 kB
KReclaimable:     833632 kB
Slab:             204476 kB
SReclaimable:      67604 kB
SUnreclaim:       136872 kB
KernelStack:       41888 kB
PageTables:        56056 kB
NFS_Unstable:          0 kB
Bounce:                0 kB
WritebackTmp:          0 kB
CommitLimit:     9202296 kB
Committed_AS:   56422712 kB
VmallocTotal:   263061440 kB
VmallocUsed:       98808 kB
VmallocChunk:          0 kB
Percpu:             7616 kB
CmaTotal:         294912 kB
CmaFree:               0 kB
MemTotal:       12113144 kB
MemFree:         6555428 kB
MemAvailable:    8152432 kB
Buffers:            5804 kB
Cached:          1653164 kB
SwapCached:            0 kB
Active:          1392912 kB
Inactive:        1442640 kB
Active(anon):    1183256 kB
Inactive(anon):    20220 kB
Active(file):     209656 kB
Inactive(file):  1422420 kB
Unevictable:        5560 kB
Mlocked:            5560 kB
SwapTotal:       3145724 kB
SwapFree:        3145724 kB
Dirty:               280 kB
Writeback:             0 kB
AnonPages:       1182240 kB
Mapped:           809220 kB
Shmem:             22372 kB
KReclaimable:     833632 kB
Slab:             204476 kB
SReclaimable:      67604 kB
SUnreclaim:       136872 kB
KernelStack:       41888 kB
PageTables:        56064 kB
NFS_Unstable:          0 kB
Bounce:                0 kB
WritebackTmp:          0 kB
CommitLimit:     9202296 kB
Committed_AS:   56422516 kB
VmallocTotal:   263061440 kB
VmallocUsed:       98792 kB
VmallocChunk:          0 kB
Percpu:             7616 kB
CmaTotal:         294912 kB
CmaFree:               0 kB
MemTotal:       12113144 kB
MemFree:         6554852 kB
MemAvailable:    8151856 kB
Buffers:            5808 kB
Cached:          1653160 kB
SwapCached:            0 kB
Active:          1392784 kB
Inactive:        1442640 kB
Active(anon):    1183128 kB
Inactive(anon):    20220 kB
Active(file):     209656 kB
Inactive(file):  1422420 kB
Unevictable:        5560 kB
Mlocked:            5560 kB
SwapTotal:       3145724 kB
SwapFree:        3145724 kB
Dirty:               280 kB
Writeback:             0 kB
AnonPages:       1182344 kB
Mapped:           808980 kB
Shmem:             22372 kB
KReclaimable:     833632 kB
Slab:             204476 kB
SReclaimable:      67604 kB
SUnreclaim:       136872 kB
KernelStack:       41888 kB
PageTables:        56072 kB
NFS_Unstable:          0 kB
Bounce:                0 kB
WritebackTmp:          0 kB
CommitLimit:     9202296 kB
Committed_AS:   56417600 kB
VmallocTotal:   263061440 kB
VmallocUsed:       98792 kB
VmallocChunk:          0 kB
Percpu:             7616 kB
CmaTotal:         294912 kB
CmaFree:               0 kB
MemTotal:       12113144 kB
MemFree:         6554816 kB
MemAvailable:    8151832 kB
Buffers:            5808 kB
Cached:          1653176 kB
SwapCached:            0 kB
Active:          1393668 kB
Inactive:        1442652 kB
Active(anon):    1184008 kB
Inactive(anon):    20224 kB
Active(file):     209660 kB
Inactive(file):  1422428 kB
Unevictable:        5560 kB
Mlocked:            5560 kB
SwapTotal:       3145724 kB
SwapFree:        3145724 kB
Dirty:               276 kB
Writeback:             0 kB
AnonPages:       1183088 kB
Mapped:           809224 kB
Shmem:             22376 kB
KReclaimable:     833632 kB
Slab:             204468 kB
SReclaimable:      67604 kB
SUnreclaim:       136864 kB
KernelStack:       41888 kB
PageTables:        56056 kB
NFS_Unstable:          0 kB
Bounce:                0 kB
WritebackTmp:          0 kB
CommitLimit:     9202296 kB
Committed_AS:   56418628 kB
VmallocTotal:   263061440 kB
VmallocUsed:       98792 kB
VmallocChunk:          0 kB
Percpu:             7616 kB
CmaTotal:         294912 kB
CmaFree:               0 kB
MemTotal:       12113144 kB
MemFree:         6555200 kB
MemAvailable:    8152216 kB
Buffers:            5808 kB
Cached:          1653176 kB
SwapCached:            0 kB
Active:          1393692 kB
Inactive:        1442652 kB
Active(anon):    1184032 kB
Inactive(anon):    20224 kB
Active(file):     209660 kB
Inactive(file):  1422428 kB
Unevictable:        5560 kB
Mlocked:            5560 kB
SwapTotal:       3145724 kB
SwapFree:        3145724 kB
Dirty:               224 kB
Writeback:             0 kB
AnonPages:       1183156 kB
Mapped:           808980 kB
Shmem:             22376 kB
KReclaimable:     833632 kB
Slab:             204468 kB
SReclaimable:      67604 kB
SUnreclaim:       136864 kB
KernelStack:       41904 kB
PageTables:        56280 kB
NFS_Unstable:          0 kB
Bounce:                0 kB
WritebackTmp:          0 kB
CommitLimit:     9202296 kB
Committed_AS:   56422424 kB
VmallocTotal:   263061440 kB
VmallocUsed:       98760 kB
VmallocChunk:          0 kB
Percpu:             7616 kB
CmaTotal:         294912 kB
CmaFree:               0 kB
MemTotal:       12113144 kB
MemFree:         6553840 kB
MemAvailable:    8150856 kB
Buffers:            5808 kB
Cached:          1653176 kB
SwapCached:            0 kB
Active:          1394000 kB
Inactive:        1442652 kB
Active(anon):    1184340 kB
Inactive(anon):    20224 kB
Active(file):     209660 kB
Inactive(file):  1422428 kB
Unevictable:        5560 kB
Mlocked:            5560 kB
SwapTotal:       3145724 kB
SwapFree:        3145724 kB
Dirty:               224 kB
Writeback:             0 kB
AnonPages:       1183324 kB
Mapped:           808964 kB
Shmem:             22376 kB
KReclaimable:     833632 kB
Slab:             204468 kB
SReclaimable:      67604 kB
SUnreclaim:       136864 kB
KernelStack:       41888 kB
PageTables:        56064 kB
NFS_Unstable:          0 kB
Bounce:                0 kB
WritebackTmp:          0 kB
CommitLimit:     9202296 kB
Committed_AS:   56422316 kB
VmallocTotal:   263061440 kB
VmallocUsed:       98744 kB
VmallocChunk:          0 kB
Percpu:             7616 kB
CmaTotal:         294912 kB
CmaFree:               0 kB
MemTotal:       12113144 kB
MemFree:         6553484 kB
MemAvailable:    8150500 kB
Buffers:            5808 kB
Cached:          1653176 kB
SwapCached:            0 kB
Active:          1394436 kB
Inactive:        1442652 kB
Active(anon):    1184776 kB
Inactive(anon):    20224 kB
Active(file):     209660 kB
Inactive(file):  1422428 kB
Unevictable:        5560 kB
Mlocked:            5560 kB
SwapTotal:       3145724 kB
SwapFree:        3145724 kB
Dirty:               224 kB
Writeback:             0 kB
AnonPages:       1183880 kB
Mapped:           808964 kB
Shmem:             22376 kB
KReclaimable:     833632 kB
Slab:             204476 kB
SReclaimable:      67604 kB
SUnreclaim:       136872 kB
KernelStack:       41888 kB
PageTables:        56052 kB
NFS_Unstable:          0 kB
Bounce:                0 kB
WritebackTmp:          0 kB
CommitLimit:     9202296 kB
Committed_AS:   56417104 kB
VmallocTotal:   263061440 kB
VmallocUsed:       98776 kB
VmallocChunk:          0 kB
Percpu:             7616 kB
CmaTotal:         294912 kB
CmaFree:               0 kB
MemTotal:       12113144 kB
MemFree:         6554436 kB
MemAvailable:    8151452 kB
Buffers:            5808 kB
Cached:          1653176 kB
SwapCached:            0 kB
Active:          1394792 kB
Inactive:        1442652 kB
Active(anon):    1185132 kB
Inactive(anon):    20224 kB
Active(file):     209660 kB
Inactive(file):  1422428 kB
Unevictable:        5560 kB
Mlocked:            5560 kB
SwapTotal:       3145724 kB
SwapFree:        3145724 kB
Dirty:               224 kB
Writeback:             0 kB
AnonPages:       1184180 kB
Mapped:           809224 kB
Shmem:             22376 kB
KReclaimable:     833632 kB
Slab:             204460 kB
SReclaimable:      67604 kB
SUnreclaim:       136856 kB
KernelStack:       41888 kB
PageTables:        56068 kB
NFS_Unstable:          0 kB
Bounce:                0 kB
WritebackTmp:          0 kB
CommitLimit:     9202296 kB
Committed_AS:   56416716 kB
VmallocTotal:   263061440 kB
VmallocUsed:       98776 kB
VmallocChunk:          0 kB
Percpu:             7616 kB
CmaTotal:         294912 kB
CmaFree:               0 kB
MemTotal:       12113144 kB
MemFree:         6552792 kB
MemAvailable:    8149808 kB
Buffers:            5808 kB
Cached:          1653176 kB
SwapCached:            0 kB
Active:          1395184 kB
Inactive:        1442652 kB
Active(anon):    1185524 kB
Inactive(anon):    20224 kB
Active(file):     209660 kB
Inactive(file):  1422428 kB
Unevictable:        5560 kB
Mlocked:            5560 kB
SwapTotal:       3145724 kB
SwapFree:        3145724 kB
Dirty:               224 kB
Writeback:             0 kB
AnonPages:       1184476 kB
Mapped:           808964 kB
Shmem:             22376 kB
KReclaimable:     833632 kB
Slab:             204468 kB
SReclaimable:      67604 kB
SUnreclaim:       136864 kB
KernelStack:       41888 kB
PageTables:        56056 kB
NFS_Unstable:          0 kB
Bounce:                0 kB
WritebackTmp:          0 kB
CommitLimit:     9202296 kB
Committed_AS:   56416824 kB
VmallocTotal:   263061440 kB
VmallocUsed:       98776 kB
VmallocChunk:          0 kB
Percpu:             7616 kB
CmaTotal:         294912 kB
CmaFree:               0 kB
MemTotal:       12113144 kB
MemFree:         6553024 kB
MemAvailable:    8150052 kB
Buffers:            5808 kB
Cached:          1653192 kB
SwapCached:            0 kB
Active:          1395928 kB
Inactive:        1442664 kB
Active(anon):    1186264 kB
Inactive(anon):    20228 kB
Active(file):     209664 kB
Inactive(file):  1422436 kB
Unevictable:        5560 kB
Mlocked:            5560 kB
SwapTotal:       3145724 kB
SwapFree:        3145724 kB
Dirty:               232 kB
Writeback:             0 kB
AnonPages:       1185208 kB
Mapped:           809228 kB
Shmem:             22380 kB
KReclaimable:     833632 kB
Slab:             204468 kB
SReclaimable:      67604 kB
SUnreclaim:       136864 kB
KernelStack:       41888 kB
PageTables:        56068 kB
NFS_Unstable:          0 kB
Bounce:                0 kB
WritebackTmp:          0 kB
CommitLimit:     9202296 kB
Committed_AS:   56416620 kB
VmallocTotal:   263061440 kB
VmallocUsed:       98744 kB
VmallocChunk:          0 kB
Percpu:             7616 kB
CmaTotal:         294912 kB
CmaFree:               0 kB
MemTotal:       12113144 kB
MemFree:         6551924 kB
MemAvailable:    8148940 kB
Buffers:            5808 kB
Cached:          1653180 kB
SwapCached:            0 kB
Active:          1396220 kB
Inactive:        1442656 kB
Active(anon):    1186560 kB
Inactive(anon):    20228 kB
Active(file):     209660 kB
Inactive(file):  1422428 kB
Unevictable:        5560 kB
Mlocked:            5560 kB
SwapTotal:       3145724 kB
SwapFree:        3145724 kB
Dirty:               224 kB
Writeback:             0 kB
AnonPages:       1185644 kB
Mapped:           808968 kB
Shmem:             22380 kB
KReclaimable:     833632 kB
Slab:             204468 kB
SReclaimable:      67604 kB
SUnreclaim:       136864 kB
KernelStack:       41888 kB
PageTables:        56060 kB
NFS_Unstable:          0 kB
Bounce:                0 kB
WritebackTmp:          0 kB
CommitLimit:     9202296 kB
Committed_AS:   56416644 kB
VmallocTotal:   263061440 kB
VmallocUsed:       98744 kB
VmallocChunk:          0 kB
Percpu:             7616 kB
CmaTotal:         294912 kB
CmaFree:               0 kB
MemTotal:       12113144 kB
MemFree:         6552212 kB
MemAvailable:    8149228 kB
Buffers:            5808 kB
Cached:          1653180 kB
SwapCached:            0 kB
Active:          1396656 kB
Inactive:        1442656 kB
Active(anon):    1186996 kB
Inactive(anon):    20228 kB
Active(file):     209660 kB
Inactive(file):  1422428 kB
Unevictable:        5560 kB
Mlocked:            5560 kB
SwapTotal:       3145724 kB
SwapFree:        3145724 kB
Dirty:               224 kB
Writeback:             0 kB
AnonPages:       1185948 kB
Mapped:           808968 kB
Shmem:             22380 kB
KReclaimable:     833632 kB
Slab:             204460 kB
SReclaimable:      67604 kB
SUnreclaim:       136856 kB
KernelStack:       41888 kB
PageTables:        56068 kB
NFS_Unstable:          0 kB
Bounce:                0 kB
WritebackTmp:          0 kB
CommitLimit:     9202296 kB
Committed_AS:   56416052 kB
VmallocTotal:   263061440 kB
VmallocUsed:       98776 kB
VmallocChunk:          0 kB
Percpu:             7616 kB
CmaTotal:         294912 kB
CmaFree:               0 kB
MemTotal:       12113144 kB
MemFree:         6550876 kB
MemAvailable:    8147892 kB
Buffers:            5808 kB
Cached:          1653180 kB
SwapCached:            0 kB
Active:          1397092 kB
Inactive:        1442656 kB
Active(anon):    1187432 kB
Inactive(anon):    20228 kB
Active(file):     209660 kB
Inactive(file):  1422428 kB
Unevictable:        5560 kB
Mlocked:            5560 kB
SwapTotal:       3145724 kB
SwapFree:        3145724 kB
Dirty:               256 kB
Writeback:             0 kB
AnonPages:       1186456 kB
Mapped:           809228 kB
Shmem:             22380 kB
KReclaimable:     833632 kB
Slab:             204460 kB
SReclaimable:      67604 kB
SUnreclaim:       136856 kB
KernelStack:       41888 kB
PageTables:        56052 kB
NFS_Unstable:          0 kB
Bounce:                0 kB
WritebackTmp:          0 kB
CommitLimit:     9202296 kB
Committed_AS:   56416200 kB
VmallocTotal:   263061440 kB
VmallocUsed:       98760 kB
VmallocChunk:          0 kB
Percpu:             7616 kB
CmaTotal:         294912 kB
CmaFree:               0 kB
MemTotal:       12113144 kB
MemFree:         6551100 kB
MemAvailable:    8148128 kB
Buffers:            5808 kB
Cached:          1653192 kB
SwapCached:            0 kB
Active:          1397460 kB
Inactive:        1442668 kB
Active(anon):    1187800 kB
Inactive(anon):    20228 kB
Active(file):     209660 kB
Inactive(file):  1422440 kB
Unevictable:        5560 kB
Mlocked:            5560 kB
SwapTotal:       3145724 kB
SwapFree:        3145724 kB
Dirty:               276 kB
Writeback:             0 kB
AnonPages:       1186784 kB
Mapped:           808968 kB
Shmem:             22380 kB
KReclaimable:     833632 kB
Slab:             204468 kB
SReclaimable:      67604 kB
SUnreclaim:       136864 kB
KernelStack:       41888 kB
PageTables:        56056 kB
NFS_Unstable:          0 kB
Bounce:                0 kB
WritebackTmp:          0 kB
CommitLimit:     9202296 kB
Committed_AS:   56416864 kB
VmallocTotal:   263061440 kB
VmallocUsed:       98792 kB
VmallocChunk:          0 kB
Percpu:             7616 kB
CmaTotal:         294912 kB
CmaFree:               0 kB
MemTotal:       12113144 kB
MemFree:         6551328 kB
MemAvailable:    8148356 kB
Buffers:            5808 kB
Cached:          1653196 kB
SwapCached:            0 kB
Active:          1398304 kB
Inactive:        1442672 kB
Active(anon):    1188644 kB
Inactive(anon):    20232 kB
Active(file):     209660 kB
Inactive(file):  1422440 kB
Unevictable:        5560 kB
Mlocked:            5560 kB
SwapTotal:       3145724 kB
SwapFree:        3145724 kB
Dirty:               284 kB
Writeback:             0 kB
AnonPages:       1187776 kB
Mapped:           808972 kB
Shmem:             22384 kB
KReclaimable:     833632 kB
Slab:             204460 kB
SReclaimable:      67604 kB
SUnreclaim:       136856 kB
KernelStack:       41888 kB
PageTables:        56056 kB
NFS_Unstable:          0 kB
Bounce:                0 kB
WritebackTmp:          0 kB
CommitLimit:     9202296 kB
Committed_AS:   56416768 kB
VmallocTotal:   263061440 kB
VmallocUsed:       98776 kB
VmallocChunk:          0 kB
Percpu:             7616 kB
CmaTotal:         294912 kB
CmaFree:               0 kB
MemTotal:       12113144 kB
MemFree:         6550432 kB
MemAvailable:    8147460 kB
Buffers:            5808 kB
Cached:          1653196 kB
SwapCached:            0 kB
Active:          1398684 kB
Inactive:        1442672 kB
Active(anon):    1189024 kB
Inactive(anon):    20232 kB
Active(file):     209660 kB
Inactive(file):  1422440 kB
Unevictable:        5560 kB
Mlocked:            5560 kB
SwapTotal:       3145724 kB
SwapFree:        3145724 kB
Dirty:               284 kB
Writeback:             0 kB
AnonPages:       1188040 kB
Mapped:           809232 kB
Shmem:             22384 kB
KReclaimable:     833632 kB
Slab:             204460 kB
SReclaimable:      67604 kB
SUnreclaim:       136856 kB
KernelStack:       41888 kB
PageTables:        56056 kB
NFS_Unstable:          0 kB
Bounce:                0 kB
WritebackTmp:          0 kB
CommitLimit:     9202296 kB
Committed_AS:   56416448 kB
VmallocTotal:   263061440 kB
VmallocUsed:       98792 kB
VmallocChunk:          0 kB
Percpu:             7616 kB
CmaTotal:         294912 kB
CmaFree:               0 kB
MemTotal:       12113144 kB
MemFree:         6549272 kB
MemAvailable:    8146300 kB
Buffers:            5808 kB
Cached:          1653196 kB
SwapCached:            0 kB
Active:          1398980 kB
Inactive:        1442672 kB
Active(anon):    1189320 kB
Inactive(anon):    20232 kB
Active(file):     209660 kB
Inactive(file):  1422440 kB
Unevictable:        5560 kB
Mlocked:            5560 kB
SwapTotal:       3145724 kB
SwapFree:        3145724 kB
Dirty:               284 kB
Writeback:             0 kB
AnonPages:       1188432 kB
Mapped:           808972 kB
Shmem:             22384 kB
KReclaimable:     833632 kB
Slab:             204468 kB
SReclaimable:      67604 kB
SUnreclaim:       136864 kB
KernelStack:       41888 kB
PageTables:        56052 kB
NFS_Unstable:          0 kB
Bounce:                0 kB
WritebackTmp:          0 kB
CommitLimit:     9202296 kB
Committed_AS:   56416572 kB
VmallocTotal:   263061440 kB
VmallocUsed:       98792 kB
VmallocChunk:          0 kB
Percpu:             7616 kB
CmaTotal:         294912 kB
CmaFree:               0 kB
MemTotal:       12113144 kB
MemFree:         6549932 kB
MemAvailable:    8146960 kB
Buffers:            5808 kB
Cached:          1653196 kB
SwapCached:            0 kB
Active:          1399296 kB
Inactive:        1442672 kB
Active(anon):    1189636 kB
Inactive(anon):    20232 kB
Active(file):     209660 kB
Inactive(file):  1422440 kB
Unevictable:        5560 kB
Mlocked:            5560 kB
SwapTotal:       3145724 kB
SwapFree:        3145724 kB
Dirty:               284 kB
Writeback:             0 kB
AnonPages:       1188640 kB
Mapped:           809232 kB
Shmem:             22384 kB
KReclaimable:     833632 kB
Slab:             204444 kB
SReclaimable:      67604 kB
SUnreclaim:       136840 kB
KernelStack:       41888 kB
PageTables:        56056 kB
NFS_Unstable:          0 kB
Bounce:                0 kB
WritebackTmp:          0 kB
CommitLimit:     9202296 kB
Committed_AS:   56416272 kB
VmallocTotal:   263061440 kB
VmallocUsed:       98792 kB
VmallocChunk:          0 kB
Percpu:             7616 kB
CmaTotal:         294912 kB
CmaFree:               0 kB
MemTotal:       12113144 kB
MemFree:         6549432 kB
MemAvailable:    8146460 kB
Buffers:            5816 kB
Cached:          1653196 kB
SwapCached:            0 kB
Active:          1399152 kB
Inactive:        1442672 kB
Active(anon):    1189492 kB
Inactive(anon):    20232 kB
Active(file):     209660 kB
Inactive(file):  1422440 kB
Unevictable:        5560 kB
Mlocked:            5560 kB
SwapTotal:       3145724 kB
SwapFree:        3145724 kB
Dirty:               284 kB
Writeback:             0 kB
AnonPages:       1188448 kB
Mapped:           808972 kB
Shmem:             22384 kB
KReclaimable:     833632 kB
Slab:             204460 kB
SReclaimable:      67604 kB
SUnreclaim:       136856 kB
KernelStack:       41888 kB
PageTables:        56056 kB
NFS_Unstable:          0 kB
Bounce:                0 kB
WritebackTmp:          0 kB
CommitLimit:     9202296 kB
Committed_AS:   56415820 kB
VmallocTotal:   263061440 kB
VmallocUsed:       98792 kB
VmallocChunk:          0 kB
Percpu:             7616 kB
CmaTotal:         294912 kB
CmaFree:               0 kB
MemTotal:       12113144 kB
MemFree:         6550448 kB
MemAvailable:    8147496 kB
Buffers:            5816 kB
Cached:          1653208 kB
SwapCached:            0 kB
Active:          1398496 kB
Inactive:        1442684 kB
Active(anon):    1188828 kB
Inactive(anon):    20232 kB
Active(file):     209668 kB
Inactive(file):  1422452 kB
Unevictable:        5560 kB
Mlocked:            5560 kB
SwapTotal:       3145724 kB
SwapFree:        3145724 kB
Dirty:               224 kB
Writeback:            44 kB
AnonPages:       1187852 kB
Mapped:           809232 kB
Shmem:             22384 kB
KReclaimable:     833632 kB
Slab:             204452 kB
SReclaimable:      67604 kB
SUnreclaim:       136848 kB
KernelStack:       41872 kB
PageTables:        56068 kB
NFS_Unstable:          0 kB
Bounce:                0 kB
WritebackTmp:          0 kB
CommitLimit:     9202296 kB
Committed_AS:   56415648 kB
VmallocTotal:   263061440 kB
VmallocUsed:       98776 kB
VmallocChunk:          0 kB
Percpu:             7616 kB
CmaTotal:         294912 kB
CmaFree:               0 kB
MemTotal:       12113144 kB
MemFree:         6548760 kB
MemAvailable:    8145808 kB
Buffers:            5816 kB
Cached:          1653208 kB
SwapCached:            0 kB
Active:          1398776 kB
Inactive:        1442684 kB
Active(anon):    1189108 kB
Inactive(anon):    20232 kB
Active(file):     209668 kB
Inactive(file):  1422452 kB
Unevictable:        5560 kB
Mlocked:            5560 kB
SwapTotal:       3145724 kB
SwapFree:        3145724 kB
Dirty:               224 kB
Writeback:             0 kB
AnonPages:       1188100 kB
Mapped:           809232 kB
Shmem:             22384 kB
KReclaimable:     833632 kB
Slab:             204484 kB
SReclaimable:      67604 kB
SUnreclaim:       136880 kB
KernelStack:       41872 kB
PageTables:        56060 kB
NFS_Unstable:          0 kB
Bounce:                0 kB
WritebackTmp:          0 kB
CommitLimit:     9202296 kB
Committed_AS:   56417692 kB
VmallocTotal:   263061440 kB
VmallocUsed:       98792 kB
VmallocChunk:          0 kB
Percpu:             7616 kB
CmaTotal:         294912 kB
CmaFree:               0 kB
MemTotal:       12113144 kB
MemFree:         6549464 kB
MemAvailable:    8146512 kB
Buffers:            5816 kB
Cached:          1653212 kB
SwapCached:            0 kB
Active:          1399300 kB
Inactive:        1442688 kB
Active(anon):    1189632 kB
Inactive(anon):    20236 kB
Active(file):     209668 kB
Inactive(file):  1422452 kB
Unevictable:        5560 kB
Mlocked:            5560 kB
SwapTotal:       3145724 kB
SwapFree:        3145724 kB
Dirty:               224 kB
Writeback:             0 kB
AnonPages:       1188624 kB
Mapped:           808976 kB
Shmem:             22388 kB
KReclaimable:     833632 kB
Slab:             204460 kB
SReclaimable:      67604 kB
SUnreclaim:       136856 kB
KernelStack:       41872 kB
PageTables:        56068 kB
NFS_Unstable:          0 kB
Bounce:                0 kB
WritebackTmp:          0 kB
CommitLimit:     9202296 kB
Committed_AS:   56417696 kB
VmallocTotal:   263061440 kB
VmallocUsed:       98792 kB
VmallocChunk:          0 kB
Percpu:             7616 kB
CmaTotal:         294912 kB
CmaFree:               0 kB
MemTotal:       12113144 kB
MemFree:         6547980 kB
MemAvailable:    8144900 kB
Buffers:            5816 kB
Cached:          1653212 kB
SwapCached:            0 kB
Active:          1400176 kB
Inactive:        1442688 kB
Active(anon):    1190508 kB
Inactive(anon):    20236 kB
Active(file):     209668 kB
Inactive(file):  1422452 kB
Unevictable:        5560 kB
Mlocked:            5560 kB
SwapTotal:       3145724 kB
SwapFree:        3145724 kB
Dirty:               224 kB
Writeback:             0 kB
AnonPages:       1189672 kB
Mapped:           808976 kB
Shmem:             22388 kB
KReclaimable:     833632 kB
Slab:             204460 kB
SReclaimable:      67604 kB
SUnreclaim:       136856 kB
KernelStack:       41888 kB
PageTables:        56204 kB
NFS_Unstable:          0 kB
Bounce:                0 kB
WritebackTmp:          0 kB
CommitLimit:     9202296 kB
Committed_AS:   56418340 kB
VmallocTotal:   263061440 kB
VmallocUsed:       98744 kB
VmallocChunk:          0 kB
Percpu:             7616 kB
CmaTotal:         294912 kB
CmaFree:               0 kB
MemTotal:       12113144 kB
MemFree:         6548296 kB
MemAvailable:    8145344 kB
Buffers:            5816 kB
Cached:          1653212 kB
SwapCached:            0 kB
Active:          1399896 kB
Inactive:        1442688 kB
Active(anon):    1190228 kB
Inactive(anon):    20236 kB
Active(file):     209668 kB
Inactive(file):  1422452 kB
Unevictable:        5560 kB
Mlocked:            5560 kB
SwapTotal:       3145724 kB
SwapFree:        3145724 kB
Dirty:               292 kB
Writeback:             0 kB
AnonPages:       1189208 kB
Mapped:           808976 kB
Shmem:             22388 kB
KReclaimable:     833632 kB
Slab:             204444 kB
SReclaimable:      67604 kB
SUnreclaim:       136840 kB
KernelStack:       41872 kB
PageTables:        56068 kB
NFS_Unstable:          0 kB
Bounce:                0 kB
WritebackTmp:          0 kB
CommitLimit:     9202296 kB
Committed_AS:   56418040 kB
VmallocTotal:   263061440 kB
VmallocUsed:       98744 kB
VmallocChunk:          0 kB
Percpu:             7616 kB
CmaTotal:         294912 kB
CmaFree:               0 kB
MemTotal:       12113144 kB
MemFree:         6548632 kB
MemAvailable:    8145680 kB
Buffers:            5816 kB
Cached:          1653212 kB
SwapCached:            0 kB
Active:          1399584 kB
Inactive:        1442688 kB
Active(anon):    1189916 kB
Inactive(anon):    20236 kB
Active(file):     209668 kB
Inactive(file):  1422452 kB
Unevictable:        5560 kB
Mlocked:            5560 kB
SwapTotal:       3145724 kB
SwapFree:        3145724 kB
Dirty:               292 kB
Writeback:             0 kB
AnonPages:       1188864 kB
Mapped:           809236 kB
Shmem:             22388 kB
KReclaimable:     833632 kB
Slab:             204460 kB
SReclaimable:      67604 kB
SUnreclaim:       136856 kB
KernelStack:       41872 kB
PageTables:        56068 kB
NFS_Unstable:          0 kB
Bounce:                0 kB
WritebackTmp:          0 kB
CommitLimit:     9202296 kB
Committed_AS:   56417820 kB
VmallocTotal:   263061440 kB
VmallocUsed:       98760 kB
VmallocChunk:          0 kB
Percpu:             7616 kB
CmaTotal:         294912 kB
CmaFree:               0 kB
MemTotal:       12113144 kB
MemFree:         6548112 kB
MemAvailable:    8145160 kB
Buffers:            5816 kB
Cached:          1653212 kB
SwapCached:            0 kB
Active:          1400028 kB
Inactive:        1442688 kB
Active(anon):    1190360 kB
Inactive(anon):    20236 kB
Active(file):     209668 kB
Inactive(file):  1422452 kB
Unevictable:        5560 kB
Mlocked:            5560 kB
SwapTotal:       3145724 kB
SwapFree:        3145724 kB
Dirty:               292 kB
Writeback:             0 kB
AnonPages:       1189484 kB
Mapped:           809236 kB
Shmem:             22388 kB
KReclaimable:     833632 kB
Slab:             204468 kB
SReclaimable:      67604 kB
SUnreclaim:       136864 kB
KernelStack:       41888 kB
PageTables:        56204 kB
NFS_Unstable:          0 kB
Bounce:                0 kB
WritebackTmp:          0 kB
CommitLimit:     9202296 kB
Committed_AS:   56412376 kB
VmallocTotal:   263061440 kB
VmallocUsed:       98760 kB
VmallocChunk:          0 kB
Percpu:             7616 kB
CmaTotal:         294912 kB
CmaFree:               0 kB
MemTotal:       12113144 kB
MemFree:         6547812 kB
MemAvailable:    8144860 kB
Buffers:            5816 kB
Cached:          1653212 kB
SwapCached:            0 kB
Active:          1400456 kB
Inactive:        1442688 kB
Active(anon):    1190788 kB
Inactive(anon):    20236 kB
Active(file):     209668 kB
Inactive(file):  1422452 kB
Unevictable:        5560 kB
Mlocked:            5560 kB
SwapTotal:       3145724 kB
SwapFree:        3145724 kB
Dirty:               292 kB
Writeback:             0 kB
AnonPages:       1189768 kB
Mapped:           808976 kB
Shmem:             22388 kB
KReclaimable:     833632 kB
Slab:             204444 kB
SReclaimable:      67604 kB
SUnreclaim:       136840 kB
KernelStack:       41872 kB
PageTables:        56068 kB
NFS_Unstable:          0 kB
Bounce:                0 kB
WritebackTmp:          0 kB
CommitLimit:     9202296 kB
Committed_AS:   56412888 kB
VmallocTotal:   263061440 kB
VmallocUsed:       98744 kB
VmallocChunk:          0 kB
Percpu:             7616 kB
CmaTotal:         294912 kB
CmaFree:               0 kB
MemTotal:       12113144 kB
MemFree:         6547736 kB
MemAvailable:    8144784 kB
Buffers:            5816 kB
Cached:          1653212 kB
SwapCached:            0 kB
Active:          1401064 kB
Inactive:        1442688 kB
Active(anon):    1191396 kB
Inactive(anon):    20236 kB
Active(file):     209668 kB
Inactive(file):  1422452 kB
Unevictable:        5560 kB
Mlocked:            5560 kB
SwapTotal:       3145724 kB
SwapFree:        3145724 kB
Dirty:               292 kB
Writeback:             0 kB
AnonPages:       1190376 kB
Mapped:           808980 kB
Shmem:             22388 kB
KReclaimable:     833632 kB
Slab:             204468 kB
SReclaimable:      67604 kB
SUnreclaim:       136864 kB
KernelStack:       41872 kB
PageTables:        56072 kB
NFS_Unstable:          0 kB
Bounce:                0 kB
WritebackTmp:          0 kB
CommitLimit:     9202296 kB
Committed_AS:   56412640 kB
VmallocTotal:   263061440 kB
VmallocUsed:       98728 kB
VmallocChunk:          0 kB
Percpu:             7616 kB
CmaTotal:         294912 kB
CmaFree:               0 kB
MemTotal:       12113144 kB
MemFree:         6547304 kB
MemAvailable:    8144360 kB
Buffers:            5816 kB
Cached:          1653220 kB
SwapCached:            0 kB
Active:          1401408 kB
Inactive:        1442696 kB
Active(anon):    1191740 kB
Inactive(anon):    20236 kB
Active(file):     209668 kB
Inactive(file):  1422460 kB
Unevictable:        5560 kB
Mlocked:            5560 kB
SwapTotal:       3145724 kB
SwapFree:        3145724 kB
Dirty:               312 kB
Writeback:             0 kB
AnonPages:       1190900 kB
Mapped:           809240 kB
Shmem:             22388 kB
KReclaimable:     833632 kB
Slab:             204452 kB
SReclaimable:      67604 kB
SUnreclaim:       136848 kB
KernelStack:       41872 kB
PageTables:        56060 kB
NFS_Unstable:          0 kB
Bounce:                0 kB
WritebackTmp:          0 kB
CommitLimit:     9202296 kB
Committed_AS:   56412840 kB
VmallocTotal:   263061440 kB
VmallocUsed:       98744 kB
VmallocChunk:          0 kB
Percpu:             7616 kB
CmaTotal:         294912 kB
CmaFree:               0 kB
MemTotal:       12113144 kB
MemFree:         6546656 kB
MemAvailable:    8143712 kB
Buffers:            5816 kB
Cached:          1653220 kB
SwapCached:            0 kB
Active:          1401760 kB
Inactive:        1442696 kB
Active(anon):    1192092 kB
Inactive(anon):    20236 kB
Active(file):     209668 kB
Inactive(file):  1422460 kB
Unevictable:        5560 kB
Mlocked:            5560 kB
SwapTotal:       3145724 kB
SwapFree:        3145724 kB
Dirty:               312 kB
Writeback:             0 kB
AnonPages:       1191092 kB
Mapped:           809240 kB
Shmem:             22388 kB
KReclaimable:     833632 kB
Slab:             204444 kB
SReclaimable:      67604 kB
SUnreclaim:       136840 kB
KernelStack:       41872 kB
PageTables:        56072 kB
NFS_Unstable:          0 kB
Bounce:                0 kB
WritebackTmp:          0 kB
CommitLimit:     9202296 kB
Committed_AS:   56412532 kB
VmallocTotal:   263061440 kB
VmallocUsed:       98728 kB
VmallocChunk:          0 kB
Percpu:             7616 kB
CmaTotal:         294912 kB
CmaFree:               0 kB
MemTotal:       12113144 kB
MemFree:         6545808 kB
MemAvailable:    8142864 kB
Buffers:            5816 kB
Cached:          1653228 kB
SwapCached:            0 kB
Active:          1402504 kB
Inactive:        1442704 kB
Active(anon):    1192836 kB
Inactive(anon):    20244 kB
Active(file):     209668 kB
Inactive(file):  1422460 kB
Unevictable:        5560 kB
Mlocked:            5560 kB
SwapTotal:       3145724 kB
SwapFree:        3145724 kB
Dirty:               312 kB
Writeback:             0 kB
AnonPages:       1191864 kB
Mapped:           809252 kB
Shmem:             22396 kB
KReclaimable:     833632 kB
Slab:             204460 kB
SReclaimable:      67604 kB
SUnreclaim:       136856 kB
KernelStack:       41872 kB
PageTables:        56060 kB
NFS_Unstable:          0 kB
Bounce:                0 kB
WritebackTmp:          0 kB
CommitLimit:     9202296 kB
Committed_AS:   56412772 kB
VmallocTotal:   263061440 kB
VmallocUsed:       98728 kB
VmallocChunk:          0 kB
Percpu:             7616 kB
CmaTotal:         294912 kB
CmaFree:               0 kB
MemTotal:       12113144 kB
MemFree:         6546144 kB
MemAvailable:    8143200 kB
Buffers:            5816 kB
Cached:          1653228 kB
SwapCached:            0 kB
Active:          1403312 kB
Inactive:        1442704 kB
Active(anon):    1193644 kB
Inactive(anon):    20244 kB
Active(file):     209668 kB
Inactive(file):  1422460 kB
Unevictable:        5560 kB
Mlocked:            5560 kB
SwapTotal:       3145724 kB
SwapFree:        3145724 kB
Dirty:               316 kB
Writeback:             0 kB
AnonPages:       1192416 kB
Mapped:           809028 kB
Shmem:             22396 kB
KReclaimable:     833632 kB
Slab:             204484 kB
SReclaimable:      67604 kB
SUnreclaim:       136880 kB
KernelStack:       41872 kB
PageTables:        56068 kB
NFS_Unstable:          0 kB
Bounce:                0 kB
WritebackTmp:          0 kB
CommitLimit:     9202296 kB
Committed_AS:   56413140 kB
VmallocTotal:   263061440 kB
VmallocUsed:       98760 kB
VmallocChunk:          0 kB
Percpu:             7616 kB
CmaTotal:         294912 kB
CmaFree:               0 kB
MemTotal:       12113144 kB
MemFree:         6544952 kB
MemAvailable:    8142000 kB
Buffers:            5816 kB
Cached:          1653220 kB
SwapCached:            0 kB
Active:          1403456 kB
Inactive:        1442700 kB
Active(anon):    1193792 kB
Inactive(anon):    20244 kB
Active(file):     209664 kB
Inactive(file):  1422456 kB
Unevictable:        5560 kB
Mlocked:            5560 kB
SwapTotal:       3145724 kB
SwapFree:        3145724 kB
Dirty:               324 kB
Writeback:             0 kB
AnonPages:       1192992 kB
Mapped:           808996 kB
Shmem:             22396 kB
KReclaimable:     833632 kB
Slab:             204476 kB
SReclaimable:      67604 kB
SUnreclaim:       136872 kB
KernelStack:       41872 kB
PageTables:        56060 kB
NFS_Unstable:          0 kB
Bounce:                0 kB
WritebackTmp:          0 kB
CommitLimit:     9202296 kB
Committed_AS:   56412972 kB
VmallocTotal:   263061440 kB
VmallocUsed:       98760 kB
VmallocChunk:          0 kB
Percpu:             7616 kB
CmaTotal:         294912 kB
CmaFree:               0 kB
MemTotal:       12113144 kB
MemFree:         6544772 kB
MemAvailable:    8141828 kB
Buffers:            5816 kB
Cached:          1653228 kB
SwapCached:            0 kB
Active:          1403868 kB
Inactive:        1442704 kB
Active(anon):    1194200 kB
Inactive(anon):    20244 kB
Active(file):     209668 kB
Inactive(file):  1422460 kB
Unevictable:        5560 kB
Mlocked:            5560 kB
SwapTotal:       3145724 kB
SwapFree:        3145724 kB
Dirty:               332 kB
Writeback:             0 kB
AnonPages:       1193204 kB
Mapped:           809256 kB
Shmem:             22396 kB
KReclaimable:     833632 kB
Slab:             204452 kB
SReclaimable:      67604 kB
SUnreclaim:       136848 kB
KernelStack:       41872 kB
PageTables:        56060 kB
NFS_Unstable:          0 kB
Bounce:                0 kB
WritebackTmp:          0 kB
CommitLimit:     9202296 kB
Committed_AS:   56413076 kB
VmallocTotal:   263061440 kB
VmallocUsed:       98792 kB
VmallocChunk:          0 kB
Percpu:             7616 kB
CmaTotal:         294912 kB
CmaFree:               0 kB
MemTotal:       12113144 kB
MemFree:         6543940 kB
MemAvailable:    8141012 kB
Buffers:            5820 kB
Cached:          1653240 kB
SwapCached:            0 kB
Active:          1404520 kB
Inactive:        1442716 kB
Active(anon):    1194848 kB
Inactive(anon):    20244 kB
Active(file):     209672 kB
Inactive(file):  1422472 kB
Unevictable:        5560 kB
Mlocked:            5560 kB
SwapTotal:       3145724 kB
SwapFree:        3145724 kB
Dirty:               316 kB
Writeback:             0 kB
AnonPages:       1193920 kB
Mapped:           809256 kB
Shmem:             22396 kB
KReclaimable:     833632 kB
Slab:             204460 kB
SReclaimable:      67604 kB
SUnreclaim:       136856 kB
KernelStack:       41872 kB
PageTables:        56060 kB
NFS_Unstable:          0 kB
Bounce:                0 kB
WritebackTmp:          0 kB
CommitLimit:     9202296 kB
Committed_AS:   56412856 kB
VmallocTotal:   263061440 kB
VmallocUsed:       98744 kB
VmallocChunk:          0 kB
Percpu:             7616 kB
CmaTotal:         294912 kB
CmaFree:               0 kB
MemTotal:       12113144 kB
MemFree:         6544392 kB
MemAvailable:    8141464 kB
Buffers:            5820 kB
Cached:          1653240 kB
SwapCached:            0 kB
Active:          1404820 kB
Inactive:        1442716 kB
Active(anon):    1195148 kB
Inactive(anon):    20244 kB
Active(file):     209672 kB
Inactive(file):  1422472 kB
Unevictable:        5560 kB
Mlocked:            5560 kB
SwapTotal:       3145724 kB
SwapFree:        3145724 kB
Dirty:               320 kB
Writeback:             0 kB
AnonPages:       1194100 kB
Mapped:           808996 kB
Shmem:             22396 kB
KReclaimable:     833632 kB
Slab:             204452 kB
SReclaimable:      67604 kB
SUnreclaim:       136848 kB
KernelStack:       41872 kB
PageTables:        56064 kB
NFS_Unstable:          0 kB
Bounce:                0 kB
WritebackTmp:          0 kB
CommitLimit:     9202296 kB
Committed_AS:   56412724 kB
VmallocTotal:   263061440 kB
VmallocUsed:       98744 kB
VmallocChunk:          0 kB
Percpu:             7616 kB
CmaTotal:         294912 kB
CmaFree:               0 kB
MemTotal:       12113144 kB
MemFree:         6544092 kB
MemAvailable:    8141164 kB
Buffers:            5820 kB
Cached:          1653240 kB
SwapCached:            0 kB
Active:          1405236 kB
Inactive:        1442716 kB
Active(anon):    1195564 kB
Inactive(anon):    20244 kB
Active(file):     209672 kB
Inactive(file):  1422472 kB
Unevictable:        5560 kB
Mlocked:            5560 kB
SwapTotal:       3145724 kB
SwapFree:        3145724 kB
Dirty:               320 kB
Writeback:             0 kB
AnonPages:       1194472 kB
Mapped:           808996 kB
Shmem:             22396 kB
KReclaimable:     833632 kB
Slab:             204468 kB
SReclaimable:      67604 kB
SUnreclaim:       136864 kB
KernelStack:       41872 kB
PageTables:        56060 kB
NFS_Unstable:          0 kB
Bounce:                0 kB
WritebackTmp:          0 kB
CommitLimit:     9202296 kB
Committed_AS:   56410240 kB
VmallocTotal:   263061440 kB
VmallocUsed:       98760 kB
VmallocChunk:          0 kB
Percpu:             7616 kB
CmaTotal:         294912 kB
CmaFree:               0 kB
MemTotal:       12113144 kB
MemFree:         6543416 kB
MemAvailable:    8140488 kB
Buffers:            5820 kB
Cached:          1653240 kB
SwapCached:            0 kB
Active:          1405568 kB
Inactive:        1442716 kB
Active(anon):    1195896 kB
Inactive(anon):    20244 kB
Active(file):     209672 kB
Inactive(file):  1422472 kB
Unevictable:        5560 kB
Mlocked:            5560 kB
SwapTotal:       3145724 kB
SwapFree:        3145724 kB
Dirty:               320 kB
Writeback:             0 kB
AnonPages:       1194812 kB
Mapped:           809256 kB
Shmem:             22396 kB
KReclaimable:     833632 kB
Slab:             204452 kB
SReclaimable:      67604 kB
SUnreclaim:       136848 kB
KernelStack:       41872 kB
PageTables:        56060 kB
NFS_Unstable:          0 kB
Bounce:                0 kB
WritebackTmp:          0 kB
CommitLimit:     9202296 kB
Committed_AS:   56415388 kB
VmallocTotal:   263061440 kB
VmallocUsed:       98760 kB
VmallocChunk:          0 kB
Percpu:             7616 kB
CmaTotal:         294912 kB
CmaFree:               0 kB
MemTotal:       12113144 kB
MemFree:         6543408 kB
MemAvailable:    8140480 kB
Buffers:            5820 kB
Cached:          1653240 kB
SwapCached:            0 kB
Active:          1405808 kB
Inactive:        1442716 kB
Active(anon):    1196136 kB
Inactive(anon):    20244 kB
Active(file):     209672 kB
Inactive(file):  1422472 kB
Unevictable:        5560 kB
Mlocked:            5560 kB
SwapTotal:       3145724 kB
SwapFree:        3145724 kB
Dirty:               320 kB
Writeback:             0 kB
AnonPages:       1195152 kB
Mapped:           809256 kB
Shmem:             22396 kB
KReclaimable:     833632 kB
Slab:             204460 kB
SReclaimable:      67604 kB
SUnreclaim:       136856 kB
KernelStack:       41872 kB
PageTables:        56068 kB
NFS_Unstable:          0 kB
Bounce:                0 kB
WritebackTmp:          0 kB
CommitLimit:     9202296 kB
Committed_AS:   56409884 kB
VmallocTotal:   263061440 kB
VmallocUsed:       98744 kB
VmallocChunk:          0 kB
Percpu:             7616 kB
CmaTotal:         294912 kB
CmaFree:               0 kB
MemTotal:       12113144 kB
MemFree:         6543012 kB
MemAvailable:    8140084 kB
Buffers:            5820 kB
Cached:          1653240 kB
SwapCached:            0 kB
Active:          1405404 kB
Inactive:        1442716 kB
Active(anon):    1195732 kB
Inactive(anon):    20244 kB
Active(file):     209672 kB
Inactive(file):  1422472 kB
Unevictable:        5560 kB
Mlocked:            5560 kB
SwapTotal:       3145724 kB
SwapFree:        3145724 kB
Dirty:               328 kB
Writeback:             0 kB
AnonPages:       1194864 kB
Mapped:           809256 kB
Shmem:             22396 kB
KReclaimable:     833632 kB
Slab:             204456 kB
SReclaimable:      67604 kB
SUnreclaim:       136852 kB
KernelStack:       41872 kB
PageTables:        56064 kB
NFS_Unstable:          0 kB
Bounce:                0 kB
WritebackTmp:          0 kB
CommitLimit:     9202296 kB
Committed_AS:   56415016 kB
VmallocTotal:   263061440 kB
VmallocUsed:       98760 kB
VmallocChunk:          0 kB
Percpu:             7616 kB
CmaTotal:         294912 kB
CmaFree:               0 kB
MemTotal:       12113144 kB
MemFree:         6543232 kB
MemAvailable:    8140304 kB
Buffers:            5820 kB
Cached:          1653240 kB
SwapCached:            0 kB
Active:          1405820 kB
Inactive:        1442716 kB
Active(anon):    1196148 kB
Inactive(anon):    20244 kB
Active(file):     209672 kB
Inactive(file):  1422472 kB
Unevictable:        5560 kB
Mlocked:            5560 kB
SwapTotal:       3145724 kB
SwapFree:        3145724 kB
Dirty:               224 kB
Writeback:             0 kB
AnonPages:       1195272 kB
Mapped:           808996 kB
Shmem:             22396 kB
KReclaimable:     833632 kB
Slab:             204456 kB
SReclaimable:      67604 kB
SUnreclaim:       136852 kB
KernelStack:       41872 kB
PageTables:        56072 kB
NFS_Unstable:          0 kB
Bounce:                0 kB
WritebackTmp:          0 kB
CommitLimit:     9202296 kB
Committed_AS:   56414804 kB
VmallocTotal:   263061440 kB
VmallocUsed:       98760 kB
VmallocChunk:          0 kB
Percpu:             7616 kB
CmaTotal:         294912 kB
CmaFree:               0 kB
MemTotal:       12113144 kB
MemFree:         6543448 kB
MemAvailable:    8140524 kB
Buffers:            5820 kB
Cached:          1653244 kB
SwapCached:            0 kB
Active:          1406088 kB
Inactive:        1442720 kB
Active(anon):    1196416 kB
Inactive(anon):    20244 kB
Active(file):     209672 kB
Inactive(file):  1422476 kB
Unevictable:        5560 kB
Mlocked:            5560 kB
SwapTotal:       3145724 kB
SwapFree:        3145724 kB
Dirty:               228 kB
Writeback:             0 kB
AnonPages:       1195256 kB
Mapped:           809256 kB
Shmem:             22396 kB
KReclaimable:     833632 kB
Slab:             204456 kB
SReclaimable:      67604 kB
SUnreclaim:       136852 kB
KernelStack:       41888 kB
PageTables:        56064 kB
NFS_Unstable:          0 kB
Bounce:                0 kB
WritebackTmp:          0 kB
CommitLimit:     9202296 kB
Committed_AS:   56414812 kB
VmallocTotal:   263061440 kB
VmallocUsed:       98760 kB
VmallocChunk:          0 kB
Percpu:             7616 kB
CmaTotal:         294912 kB
CmaFree:               0 kB
MemTotal:       12113144 kB
MemFree:         6542784 kB
MemAvailable:    8139860 kB
Buffers:            5820 kB
Cached:          1653244 kB
SwapCached:            0 kB
Active:          1406724 kB
Inactive:        1442720 kB
Active(anon):    1197052 kB
Inactive(anon):    20244 kB
Active(file):     209672 kB
Inactive(file):  1422476 kB
Unevictable:        5560 kB
Mlocked:            5560 kB
SwapTotal:       3145724 kB
SwapFree:        3145724 kB
Dirty:               228 kB
Writeback:             0 kB
AnonPages:       1196064 kB
Mapped:           809256 kB
Shmem:             22396 kB
KReclaimable:     833632 kB
Slab:             204456 kB
SReclaimable:      67604 kB
SUnreclaim:       136852 kB
KernelStack:       41872 kB
PageTables:        56060 kB
NFS_Unstable:          0 kB
Bounce:                0 kB
WritebackTmp:          0 kB
CommitLimit:     9202296 kB
Committed_AS:   56414504 kB
VmallocTotal:   263061440 kB
VmallocUsed:       98776 kB
VmallocChunk:          0 kB
Percpu:             7616 kB
CmaTotal:         294912 kB
CmaFree:               0 kB
MemTotal:       12113144 kB
MemFree:         6542612 kB
MemAvailable:    8139696 kB
Buffers:            5820 kB
Cached:          1653252 kB
SwapCached:            0 kB
Active:          1406064 kB
Inactive:        1442728 kB
Active(anon):    1196392 kB
Inactive(anon):    20244 kB
Active(file):     209672 kB
Inactive(file):  1422484 kB
Unevictable:        5560 kB
Mlocked:            5560 kB
SwapTotal:       3145724 kB
SwapFree:        3145724 kB
Dirty:               280 kB
Writeback:             0 kB
AnonPages:       1195324 kB
Mapped:           809260 kB
Shmem:             22396 kB
KReclaimable:     833632 kB
Slab:             204448 kB
SReclaimable:      67604 kB
SUnreclaim:       136844 kB
KernelStack:       41888 kB
PageTables:        56060 kB
NFS_Unstable:          0 kB
Bounce:                0 kB
WritebackTmp:          0 kB
CommitLimit:     9202296 kB
Committed_AS:   56414620 kB
VmallocTotal:   263061440 kB
VmallocUsed:       98792 kB
VmallocChunk:          0 kB
Percpu:             7616 kB
CmaTotal:         294912 kB
CmaFree:               0 kB
MemTotal:       12113144 kB
MemFree:         6551272 kB
MemAvailable:    8148356 kB
Buffers:            5820 kB
Cached:          1653252 kB
SwapCached:            0 kB
Active:          1396612 kB
Inactive:        1442728 kB
Active(anon):    1186940 kB
Inactive(anon):    20244 kB
Active(file):     209672 kB
Inactive(file):  1422484 kB
Unevictable:        5560 kB
Mlocked:            5560 kB
SwapTotal:       3145724 kB
SwapFree:        3145724 kB
Dirty:               284 kB
Writeback:             0 kB
AnonPages:       1185736 kB
Mapped:           809260 kB
Shmem:             22396 kB
KReclaimable:     833632 kB
Slab:             204464 kB
SReclaimable:      67604 kB
SUnreclaim:       136860 kB
KernelStack:       41888 kB
PageTables:        56060 kB
NFS_Unstable:          0 kB
Bounce:                0 kB
WritebackTmp:          0 kB
CommitLimit:     9202296 kB
Committed_AS:   56417444 kB
VmallocTotal:   263061440 kB
VmallocUsed:       98808 kB
VmallocChunk:          0 kB
Percpu:             7616 kB
CmaTotal:         294912 kB
CmaFree:               0 kB
MemTotal:       12113144 kB
MemFree:         6554168 kB
MemAvailable:    8151252 kB
Buffers:            5820 kB
Cached:          1653252 kB
SwapCached:            0 kB
Active:          1393256 kB
Inactive:        1442728 kB
Active(anon):    1183584 kB
Inactive(anon):    20244 kB
Active(file):     209672 kB
Inactive(file):  1422484 kB
Unevictable:        5560 kB
Mlocked:            5560 kB
SwapTotal:       3145724 kB
SwapFree:        3145724 kB
Dirty:               284 kB
Writeback:             0 kB
AnonPages:       1182436 kB
Mapped:           809260 kB
Shmem:             22396 kB
KReclaimable:     833632 kB
Slab:             204448 kB
SReclaimable:      67604 kB
SUnreclaim:       136844 kB
KernelStack:       41888 kB
PageTables:        56060 kB
NFS_Unstable:          0 kB
Bounce:                0 kB
WritebackTmp:          0 kB
CommitLimit:     9202296 kB
Committed_AS:   56417512 kB
VmallocTotal:   263061440 kB
VmallocUsed:       98808 kB
VmallocChunk:          0 kB
Percpu:             7616 kB
CmaTotal:         294912 kB
CmaFree:             140 kB
MemTotal:       12113144 kB
MemFree:         6554340 kB
MemAvailable:    8151424 kB
Buffers:            5820 kB
Cached:          1653252 kB
SwapCached:            0 kB
Active:          1393360 kB
Inactive:        1442728 kB
Active(anon):    1183688 kB
Inactive(anon):    20244 kB
Active(file):     209672 kB
Inactive(file):  1422484 kB
Unevictable:        5560 kB
Mlocked:            5560 kB
SwapTotal:       3145724 kB
SwapFree:        3145724 kB
Dirty:               292 kB
Writeback:             0 kB
AnonPages:       1182636 kB
Mapped:           809260 kB
Shmem:             22396 kB
KReclaimable:     833632 kB
Slab:             204456 kB
SReclaimable:      67604 kB
SUnreclaim:       136852 kB
KernelStack:       41888 kB
PageTables:        56060 kB
NFS_Unstable:          0 kB
Bounce:                0 kB
WritebackTmp:          0 kB
CommitLimit:     9202296 kB
Committed_AS:   56417484 kB
VmallocTotal:   263061440 kB
VmallocUsed:       98824 kB
VmallocChunk:          0 kB
Percpu:             7616 kB
CmaTotal:         294912 kB
CmaFree:               0 kB
MemTotal:       12113144 kB
MemFree:         6554192 kB
MemAvailable:    8151276 kB
Buffers:            5820 kB
Cached:          1653252 kB
SwapCached:            0 kB
Active:          1393712 kB
Inactive:        1442728 kB
Active(anon):    1184040 kB
Inactive(anon):    20244 kB
Active(file):     209672 kB
Inactive(file):  1422484 kB
Unevictable:        5560 kB
Mlocked:            5560 kB
SwapTotal:       3145724 kB
SwapFree:        3145724 kB
Dirty:               292 kB
Writeback:             0 kB
AnonPages:       1183088 kB
Mapped:           809000 kB
Shmem:             22396 kB
KReclaimable:     833632 kB
Slab:             204440 kB
SReclaimable:      67604 kB
SUnreclaim:       136836 kB
KernelStack:       41888 kB
PageTables:        56060 kB
NFS_Unstable:          0 kB
Bounce:                0 kB
WritebackTmp:          0 kB
CommitLimit:     9202296 kB
Committed_AS:   56411752 kB
VmallocTotal:   263061440 kB
VmallocUsed:       98792 kB
