MemTotal:        7922396 kB
MemFree:         1773664 kB
MemAvailable:    4389488 kB
Buffers:           58748 kB
Cached:          1498012 kB
SwapCached:         1136 kB
Active:          1171208 kB
Inactive:        1552444 kB
Active(anon):      60852 kB
Inactive(anon):  1133312 kB
Active(file):    1110356 kB
Inactive(file):   419132 kB
Unevictable:        6088 kB
Mlocked:            5648 kB
SwapTotal:       4718584 kB
SwapFree:        4627448 kB
Dirty:             46244 kB
Writeback:             0 kB
AnonPages:       1171952 kB
Mapped:           537748 kB
Shmem:             22672 kB
KReclaimable:    1476608 kB
Slab:             287936 kB
SReclaimable:      72392 kB
SUnreclaim:       215544 kB
KernelStack:       43936 kB
ShadowCallStack:   11008 kB
PageTables:        60476 kB
NFS_Unstable:          0 kB
Bounce:                0 kB
WritebackTmp:          0 kB
CommitLimit:     8679780 kB
Committed_AS:   59556560 kB
VmallocTotal:   263061440 kB
VmallocUsed:      124436 kB
VmallocChunk:          0 kB
Percpu:             6264 kB
CmaTotal:         405504 kB
CmaFree:           28620 kB
MemTotal:        7922396 kB
MemFree:         1474348 kB
MemAvailable:    4087680 kB
Buffers:           58844 kB
Cached:          1498084 kB
SwapCached:         1136 kB
Active:          1171420 kB
Inactive:        1849880 kB
Active(anon):      60972 kB
Inactive(anon):  1430712 kB
Active(file):    1110448 kB
Inactive(file):   419168 kB
Unevictable:        6088 kB
Mlocked:            5648 kB
SwapTotal:       4718584 kB
SwapFree:        4627448 kB
Dirty:             46412 kB
Writeback:             0 kB
AnonPages:       1469376 kB
Mapped:           621360 kB
Shmem:             22712 kB
KReclaimable:    1473988 kB
Slab:             288012 kB
SReclaimable:      72400 kB
SUnreclaim:       215612 kB
KernelStack:       44752 kB
ShadowCallStack:   11212 kB
PageTables:        61856 kB
NFS_Unstable:          0 kB
Bounce:                0 kB
WritebackTmp:          0 kB
CommitLimit:     8679780 kB
Committed_AS:   61045744 kB
VmallocTotal:   263061440 kB
VmallocUsed:      125428 kB
VmallocChunk:          0 kB
Percpu:             6264 kB
CmaTotal:         405504 kB
CmaFree:           28620 kB
MemTotal:        7922396 kB
MemFree:         1456264 kB
MemAvailable:    4134260 kB
Buffers:           58932 kB
Cached:          1498436 kB
SwapCached:         1136 kB
Active:          1171656 kB
Inactive:        1867788 kB
Active(anon):      60988 kB
Inactive(anon):  1448760 kB
Active(file):    1110668 kB
Inactive(file):   419028 kB
Unevictable:        6088 kB
Mlocked:            5648 kB
SwapTotal:       4718584 kB
SwapFree:        4627448 kB
Dirty:             46556 kB
Writeback:             0 kB
AnonPages:       1486692 kB
Mapped:           746556 kB
Shmem:             23072 kB
KReclaimable:    1538572 kB
Slab:             288004 kB
SReclaimable:      72416 kB
SUnreclaim:       215588 kB
KernelStack:       45056 kB
ShadowCallStack:   11248 kB
PageTables:        62728 kB
NFS_Unstable:          0 kB
Bounce:                0 kB
WritebackTmp:          0 kB
CommitLimit:     8679780 kB
Committed_AS:   61155456 kB
VmallocTotal:   263061440 kB
VmallocUsed:      125800 kB
VmallocChunk:          0 kB
Percpu:             6264 kB
CmaTotal:         405504 kB
CmaFree:           28660 kB
MemTotal:        7922396 kB
MemFree:          981728 kB
MemAvailable:    3416564 kB
Buffers:           58948 kB
Cached:          1498728 kB
SwapCached:         1136 kB
Active:          1171616 kB
Inactive:        2340300 kB
Active(anon):      60924 kB
Inactive(anon):  1921224 kB
Active(file):    1110692 kB
Inactive(file):   419076 kB
Unevictable:        6088 kB
Mlocked:            5648 kB
SwapTotal:       4718584 kB
SwapFree:        4627448 kB
Dirty:             46740 kB
Writeback:             0 kB
AnonPages:       1959336 kB
Mapped:           629164 kB
Shmem:             23308 kB
KReclaimable:    1295340 kB
Slab:             288216 kB
SReclaimable:      72424 kB
SUnreclaim:       215792 kB
KernelStack:       45072 kB
ShadowCallStack:   11304 kB
PageTables:        63680 kB
NFS_Unstable:          0 kB
Bounce:                0 kB
WritebackTmp:          0 kB
CommitLimit:     8679780 kB
Committed_AS:   61512424 kB
VmallocTotal:   263061440 kB
VmallocUsed:      125892 kB
VmallocChunk:          0 kB
Percpu:             6264 kB
CmaTotal:         405504 kB
CmaFree:           28736 kB
MemTotal:        7922396 kB
MemFree:          912048 kB
MemAvailable:    2903460 kB
Buffers:           58948 kB
Cached:          1498744 kB
SwapCached:         1136 kB
Active:          1171616 kB
Inactive:        2405772 kB
Active(anon):      60916 kB
Inactive(anon):  1986692 kB
Active(file):    1110700 kB
Inactive(file):   419080 kB
Unevictable:        6088 kB
Mlocked:            5648 kB
SwapTotal:       4718584 kB
SwapFree:        4627448 kB
Dirty:             46836 kB
Writeback:             0 kB
AnonPages:       2024668 kB
Mapped:           735936 kB
Shmem:             23312 kB
KReclaimable:     851904 kB
Slab:             290644 kB
SReclaimable:      72424 kB
SUnreclaim:       218220 kB
KernelStack:       45120 kB
ShadowCallStack:   11288 kB
PageTables:        64436 kB
NFS_Unstable:          0 kB
Bounce:                0 kB
WritebackTmp:          0 kB
CommitLimit:     8679780 kB
Committed_AS:   61744428 kB
VmallocTotal:   263061440 kB
VmallocUsed:      125920 kB
VmallocChunk:          0 kB
Percpu:             6264 kB
CmaTotal:         405504 kB
CmaFree:           28640 kB
MemTotal:        7922396 kB
MemFree:          720972 kB
MemAvailable:    2712236 kB
Buffers:           58948 kB
Cached:          1498744 kB
SwapCached:         1136 kB
Active:          1171660 kB
Inactive:        2596852 kB
Active(anon):      60960 kB
Inactive(anon):  2177772 kB
Active(file):    1110700 kB
Inactive(file):   419080 kB
Unevictable:        6088 kB
Mlocked:            5648 kB
SwapTotal:       4718584 kB
SwapFree:        4627448 kB
Dirty:             46848 kB
Writeback:             0 kB
AnonPages:       2215880 kB
Mapped:           737544 kB
Shmem:             23312 kB
KReclaimable:     851756 kB
Slab:             290832 kB
SReclaimable:      72424 kB
SUnreclaim:       218408 kB
KernelStack:       45104 kB
ShadowCallStack:   11288 kB
PageTables:        64856 kB
NFS_Unstable:          0 kB
Bounce:                0 kB
WritebackTmp:          0 kB
CommitLimit:     8679780 kB
Committed_AS:   61949652 kB
VmallocTotal:   263061440 kB
VmallocUsed:      125912 kB
VmallocChunk:          0 kB
Percpu:             6264 kB
CmaTotal:         405504 kB
CmaFree:           28620 kB
MemTotal:        7922396 kB
MemFree:          704020 kB
MemAvailable:    2360036 kB
Buffers:           58948 kB
Cached:          1498804 kB
SwapCached:         1136 kB
Active:          1171648 kB
Inactive:        2612392 kB
Active(anon):      60948 kB
Inactive(anon):  2193312 kB
Active(file):    1110700 kB
Inactive(file):   419080 kB
Unevictable:        6088 kB
Mlocked:            5648 kB
SwapTotal:       4718584 kB
SwapFree:        4627448 kB
Dirty:             46852 kB
Writeback:             0 kB
AnonPages:       2231268 kB
Mapped:           817836 kB
Shmem:             23372 kB
KReclaimable:     516508 kB
Slab:             291780 kB
SReclaimable:      72424 kB
SUnreclaim:       219356 kB
KernelStack:       44848 kB
ShadowCallStack:   11272 kB
PageTables:        65208 kB
NFS_Unstable:          0 kB
Bounce:                0 kB
WritebackTmp:          0 kB
CommitLimit:     8679780 kB
Committed_AS:   62185940 kB
VmallocTotal:   263061440 kB
VmallocUsed:      125132 kB
VmallocChunk:          0 kB
Percpu:             6264 kB
CmaTotal:         405504 kB
CmaFree:           28628 kB
MemTotal:        7922396 kB
MemFree:          683648 kB
MemAvailable:    2471760 kB
Buffers:           58964 kB
Cached:          1498756 kB
SwapCached:         1136 kB
Active:          1171656 kB
Inactive:        2631720 kB
Active(anon):      60944 kB
Inactive(anon):  2212632 kB
Active(file):    1110712 kB
Inactive(file):   419088 kB
Unevictable:        6088 kB
Mlocked:            5648 kB
SwapTotal:       4718584 kB
SwapFree:        4627448 kB
Dirty:             46932 kB
Writeback:             0 kB
AnonPages:       2250684 kB
Mapped:           820748 kB
Shmem:             23320 kB
KReclaimable:     648584 kB
Slab:             291996 kB
SReclaimable:      72428 kB
SUnreclaim:       219568 kB
KernelStack:       45200 kB
ShadowCallStack:   11284 kB
PageTables:        65580 kB
NFS_Unstable:          0 kB
Bounce:                0 kB
WritebackTmp:          0 kB
CommitLimit:     8679780 kB
Committed_AS:   62318204 kB
VmallocTotal:   263061440 kB
VmallocUsed:      125500 kB
VmallocChunk:          0 kB
Percpu:             6264 kB
CmaTotal:         405504 kB
CmaFree:           28632 kB
MemTotal:        7922396 kB
MemFree:          436332 kB
MemAvailable:    2224600 kB
Buffers:           58964 kB
Cached:          1498800 kB
SwapCached:         1136 kB
Active:          1171668 kB
Inactive:        2879604 kB
Active(anon):      60952 kB
Inactive(anon):  2460508 kB
Active(file):    1110716 kB
Inactive(file):   419096 kB
Unevictable:        6088 kB
Mlocked:            5648 kB
SwapTotal:       4718584 kB
SwapFree:        4627448 kB
Dirty:                84 kB
Writeback:             0 kB
AnonPages:       2498772 kB
Mapped:           822100 kB
Shmem:             23352 kB
KReclaimable:     648728 kB
Slab:             292044 kB
SReclaimable:      72444 kB
SUnreclaim:       219600 kB
KernelStack:       45248 kB
ShadowCallStack:   11336 kB
PageTables:        65820 kB
NFS_Unstable:          0 kB
Bounce:                0 kB
WritebackTmp:          0 kB
CommitLimit:     8679780 kB
Committed_AS:   62513268 kB
VmallocTotal:   263061440 kB
VmallocUsed:      125596 kB
VmallocChunk:          0 kB
Percpu:             6264 kB
CmaTotal:         405504 kB
CmaFree:            6472 kB
MemTotal:        7922396 kB
MemFree:          321952 kB
MemAvailable:    2097332 kB
Buffers:           58972 kB
Cached:          1498808 kB
SwapCached:         1136 kB
Active:          1172408 kB
Inactive:        2993448 kB
Active(anon):      60952 kB
Inactive(anon):  2575084 kB
Active(file):    1111456 kB
Inactive(file):   418364 kB
Unevictable:        6088 kB
Mlocked:            5648 kB
SwapTotal:       4718584 kB
SwapFree:        4627448 kB
Dirty:                44 kB
Writeback:             0 kB
AnonPages:       2613136 kB
Mapped:           827584 kB
Shmem:             23360 kB
KReclaimable:     635832 kB
Slab:             292176 kB
SReclaimable:      72444 kB
SUnreclaim:       219732 kB
KernelStack:       45280 kB
ShadowCallStack:   11344 kB
PageTables:        66012 kB
NFS_Unstable:          0 kB
Bounce:                0 kB
WritebackTmp:          0 kB
CommitLimit:     8679780 kB
Committed_AS:   62607276 kB
VmallocTotal:   263061440 kB
VmallocUsed:      125600 kB
VmallocChunk:          0 kB
Percpu:             6264 kB
CmaTotal:         405504 kB
CmaFree:               0 kB
MemTotal:        7922396 kB
MemFree:          318296 kB
MemAvailable:    2093676 kB
Buffers:           58972 kB
Cached:          1498828 kB
SwapCached:         1136 kB
Active:          1172408 kB
Inactive:        2996256 kB
Active(anon):      60952 kB
Inactive(anon):  2577892 kB
Active(file):    1111456 kB
Inactive(file):   418364 kB
Unevictable:        6088 kB
Mlocked:            5648 kB
SwapTotal:       4718584 kB
SwapFree:        4627448 kB
Dirty:                52 kB
Writeback:             0 kB
AnonPages:       2615892 kB
Mapped:           827616 kB
Shmem:             23380 kB
KReclaimable:     635832 kB
Slab:             292200 kB
SReclaimable:      72444 kB
SUnreclaim:       219756 kB
KernelStack:       45280 kB
ShadowCallStack:   11344 kB
PageTables:        66040 kB
NFS_Unstable:          0 kB
Bounce:                0 kB
WritebackTmp:          0 kB
CommitLimit:     8679780 kB
Committed_AS:   62607296 kB
VmallocTotal:   263061440 kB
VmallocUsed:      125632 kB
VmallocChunk:          0 kB
Percpu:             6264 kB
CmaTotal:         405504 kB
CmaFree:             256 kB
MemTotal:        7922396 kB
MemFree:          318060 kB
MemAvailable:    2093488 kB
Buffers:           58992 kB
Cached:          1498880 kB
SwapCached:         1136 kB
Active:          1172432 kB
Inactive:        2996676 kB
Active(anon):      60956 kB
Inactive(anon):  2578260 kB
Active(file):    1111476 kB
Inactive(file):   418416 kB
Unevictable:        6088 kB
Mlocked:            5648 kB
SwapTotal:       4718584 kB
SwapFree:        4627448 kB
Dirty:               200 kB
Writeback:             0 kB
AnonPages:       2616204 kB
Mapped:           827972 kB
Shmem:             23380 kB
KReclaimable:     635808 kB
Slab:             292400 kB
SReclaimable:      72444 kB
SUnreclaim:       219956 kB
KernelStack:       45312 kB
ShadowCallStack:   11340 kB
PageTables:        66324 kB
NFS_Unstable:          0 kB
Bounce:                0 kB
WritebackTmp:          0 kB
CommitLimit:     8679780 kB
Committed_AS:   62607300 kB
VmallocTotal:   263061440 kB
VmallocUsed:      125624 kB
VmallocChunk:          0 kB
Percpu:             6264 kB
CmaTotal:         405504 kB
CmaFree:             284 kB
MemTotal:        7922396 kB
MemFree:          315404 kB
MemAvailable:    2090796 kB
Buffers:           59008 kB
Cached:          1498832 kB
SwapCached:         1136 kB
Active:          1172444 kB
Inactive:        2999472 kB
Active(anon):      60952 kB
Inactive(anon):  2581108 kB
Active(file):    1111492 kB
Inactive(file):   418364 kB
Unevictable:        6088 kB
Mlocked:            5648 kB
SwapTotal:       4718584 kB
SwapFree:        4627448 kB
Dirty:               212 kB
Writeback:             0 kB
AnonPages:       2619056 kB
Mapped:           828688 kB
Shmem:             23384 kB
KReclaimable:     635808 kB
Slab:             292136 kB
SReclaimable:      72444 kB
SUnreclaim:       219692 kB
KernelStack:       45280 kB
ShadowCallStack:   11348 kB
PageTables:        66060 kB
NFS_Unstable:          0 kB
Bounce:                0 kB
WritebackTmp:          0 kB
CommitLimit:     8679780 kB
Committed_AS:   62607248 kB
VmallocTotal:   263061440 kB
VmallocUsed:      125620 kB
VmallocChunk:          0 kB
Percpu:             6264 kB
CmaTotal:         405504 kB
CmaFree:             264 kB
MemTotal:        7922396 kB
MemFree:          279816 kB
MemAvailable:    2055208 kB
Buffers:           59008 kB
Cached:          1498832 kB
SwapCached:         1136 kB
Active:          1172444 kB
Inactive:        3035124 kB
Active(anon):      60952 kB
Inactive(anon):  2616760 kB
Active(file):    1111492 kB
Inactive(file):   418364 kB
Unevictable:        6088 kB
Mlocked:            5648 kB
SwapTotal:       4718584 kB
SwapFree:        4627448 kB
Dirty:               216 kB
Writeback:             0 kB
AnonPages:       2654812 kB
Mapped:           829064 kB
Shmem:             23384 kB
KReclaimable:     635808 kB
Slab:             292220 kB
SReclaimable:      72444 kB
SUnreclaim:       219776 kB
KernelStack:       45248 kB
ShadowCallStack:   11324 kB
PageTables:        66076 kB
NFS_Unstable:          0 kB
Bounce:                0 kB
WritebackTmp:          0 kB
CommitLimit:     8679780 kB
Committed_AS:   62641696 kB
VmallocTotal:   263061440 kB
VmallocUsed:      125592 kB
VmallocChunk:          0 kB
Percpu:             6264 kB
CmaTotal:         405504 kB
CmaFree:              28 kB
MemTotal:        7922396 kB
MemFree:          273272 kB
MemAvailable:    2048492 kB
Buffers:           59016 kB
Cached:          1498832 kB
SwapCached:         1136 kB
Active:          1172452 kB
Inactive:        3039920 kB
Active(anon):      60952 kB
Inactive(anon):  2621556 kB
Active(file):    1111500 kB
Inactive(file):   418364 kB
Unevictable:        6088 kB
Mlocked:            5648 kB
SwapTotal:       4718584 kB
SwapFree:        4627448 kB
Dirty:               240 kB
Writeback:             0 kB
AnonPages:       2659512 kB
Mapped:           829120 kB
Shmem:             23384 kB
KReclaimable:     635628 kB
Slab:             292000 kB
SReclaimable:      72460 kB
SUnreclaim:       219540 kB
KernelStack:       45264 kB
ShadowCallStack:   11340 kB
PageTables:        66148 kB
NFS_Unstable:          0 kB
Bounce:                0 kB
WritebackTmp:          0 kB
CommitLimit:     8679780 kB
Committed_AS:   62642000 kB
VmallocTotal:   263061440 kB
VmallocUsed:      125612 kB
VmallocChunk:          0 kB
Percpu:             6264 kB
CmaTotal:         405504 kB
CmaFree:               0 kB
MemTotal:        7922396 kB
MemFree:          270744 kB
MemAvailable:    2045964 kB
Buffers:           59016 kB
Cached:          1498836 kB
SwapCached:         1136 kB
Active:          1172452 kB
Inactive:        3040336 kB
Active(anon):      60952 kB
Inactive(anon):  2621972 kB
Active(file):    1111500 kB
Inactive(file):   418364 kB
Unevictable:        6088 kB
Mlocked:            5648 kB
SwapTotal:       4718584 kB
SwapFree:        4627448 kB
Dirty:               244 kB
Writeback:             0 kB
AnonPages:       2659684 kB
Mapped:           829112 kB
Shmem:             23388 kB
KReclaimable:     635628 kB
Slab:             292252 kB
SReclaimable:      72460 kB
SUnreclaim:       219792 kB
KernelStack:       45328 kB
ShadowCallStack:   11352 kB
PageTables:        66076 kB
NFS_Unstable:          0 kB
Bounce:                0 kB
WritebackTmp:          0 kB
CommitLimit:     8679780 kB
Committed_AS:   62641956 kB
VmallocTotal:   263061440 kB
VmallocUsed:      125588 kB
VmallocChunk:          0 kB
Percpu:             6264 kB
CmaTotal:         405504 kB
CmaFree:              96 kB
MemTotal:        7922396 kB
MemFree:          271048 kB
MemAvailable:    2046344 kB
Buffers:           59032 kB
Cached:          1498880 kB
SwapCached:         1136 kB
Active:          1172468 kB
Inactive:        3041540 kB
Active(anon):      60952 kB
Inactive(anon):  2623132 kB
Active(file):    1111516 kB
Inactive(file):   418408 kB
Unevictable:        6088 kB
Mlocked:            5648 kB
SwapTotal:       4718584 kB
SwapFree:        4627448 kB
Dirty:               268 kB
Writeback:             0 kB
AnonPages:       2661124 kB
Mapped:           829016 kB
Shmem:             23388 kB
KReclaimable:     635644 kB
Slab:             292092 kB
SReclaimable:      72476 kB
SUnreclaim:       219616 kB
KernelStack:       45264 kB
ShadowCallStack:   11356 kB
PageTables:        66160 kB
NFS_Unstable:          0 kB
Bounce:                0 kB
WritebackTmp:          0 kB
CommitLimit:     8679780 kB
Committed_AS:   62642004 kB
VmallocTotal:   263061440 kB
VmallocUsed:      125624 kB
VmallocChunk:          0 kB
Percpu:             6264 kB
CmaTotal:         405504 kB
CmaFree:               0 kB
MemTotal:        7922396 kB
MemFree:          281600 kB
MemAvailable:    2056896 kB
Buffers:           59032 kB
Cached:          1498880 kB
SwapCached:         1136 kB
Active:          1172464 kB
Inactive:        3033432 kB
Active(anon):      60948 kB
Inactive(anon):  2615024 kB
Active(file):    1111516 kB
Inactive(file):   418408 kB
Unevictable:        6088 kB
Mlocked:            5648 kB
SwapTotal:       4718584 kB
SwapFree:        4627448 kB
Dirty:               308 kB
Writeback:             0 kB
AnonPages:       2653068 kB
Mapped:           829204 kB
Shmem:             23388 kB
KReclaimable:     635644 kB
Slab:             292156 kB
SReclaimable:      72476 kB
SUnreclaim:       219680 kB
KernelStack:       45280 kB
ShadowCallStack:   11336 kB
PageTables:        66312 kB
NFS_Unstable:          0 kB
Bounce:                0 kB
WritebackTmp:          0 kB
CommitLimit:     8679780 kB
Committed_AS:   62642000 kB
VmallocTotal:   263061440 kB
VmallocUsed:      125596 kB
VmallocChunk:          0 kB
Percpu:             6264 kB
CmaTotal:         405504 kB
CmaFree:              16 kB
MemTotal:        7922396 kB
MemFree:          280804 kB
MemAvailable:    2055988 kB
Buffers:           59032 kB
Cached:          1498880 kB
SwapCached:         1136 kB
Active:          1172468 kB
Inactive:        3033964 kB
Active(anon):      60952 kB
Inactive(anon):  2615556 kB
Active(file):    1111516 kB
Inactive(file):   418408 kB
Unevictable:        6088 kB
Mlocked:            5648 kB
SwapTotal:       4718584 kB
SwapFree:        4627448 kB
Dirty:               308 kB
Writeback:             0 kB
AnonPages:       2653628 kB
Mapped:           829172 kB
Shmem:             23388 kB
KReclaimable:     635532 kB
Slab:             292108 kB
SReclaimable:      72476 kB
SUnreclaim:       219632 kB
KernelStack:       45264 kB
ShadowCallStack:   11340 kB
PageTables:        66120 kB
NFS_Unstable:          0 kB
Bounce:                0 kB
WritebackTmp:          0 kB
CommitLimit:     8679780 kB
Committed_AS:   62642000 kB
VmallocTotal:   263061440 kB
VmallocUsed:      125580 kB
VmallocChunk:          0 kB
Percpu:             6264 kB
CmaTotal:         405504 kB
CmaFree:              16 kB
MemTotal:        7922396 kB
MemFree:          280372 kB
MemAvailable:    2055080 kB
Buffers:           59032 kB
Cached:          1498884 kB
SwapCached:         1136 kB
Active:          1172476 kB
Inactive:        3034544 kB
Active(anon):      60960 kB
Inactive(anon):  2616132 kB
Active(file):    1111516 kB
Inactive(file):   418412 kB
Unevictable:        6088 kB
Mlocked:            5648 kB
SwapTotal:       4718584 kB
SwapFree:        4627448 kB
Dirty:               312 kB
Writeback:             0 kB
AnonPages:       2654052 kB
Mapped:           829540 kB
Shmem:             23388 kB
KReclaimable:     635052 kB
Slab:             292120 kB
SReclaimable:      72476 kB
SUnreclaim:       219644 kB
KernelStack:       45264 kB
ShadowCallStack:   11324 kB
PageTables:        66064 kB
NFS_Unstable:          0 kB
Bounce:                0 kB
WritebackTmp:          0 kB
CommitLimit:     8679780 kB
Committed_AS:   62642000 kB
VmallocTotal:   263061440 kB
VmallocUsed:      125608 kB
VmallocChunk:          0 kB
Percpu:             6264 kB
CmaTotal:         405504 kB
CmaFree:              16 kB
MemTotal:        7922396 kB
MemFree:          279056 kB
MemAvailable:    2053700 kB
Buffers:           59032 kB
Cached:          1498884 kB
SwapCached:         1136 kB
Active:          1172524 kB
Inactive:        3035380 kB
Active(anon):      60952 kB
Inactive(anon):  2617024 kB
Active(file):    1111572 kB
Inactive(file):   418356 kB
Unevictable:        6088 kB
Mlocked:            5648 kB
SwapTotal:       4718584 kB
SwapFree:        4627448 kB
Dirty:               312 kB
Writeback:             0 kB
AnonPages:       2654928 kB
Mapped:           829628 kB
Shmem:             23388 kB
KReclaimable:     634988 kB
Slab:             292228 kB
SReclaimable:      72652 kB
SUnreclaim:       219576 kB
KernelStack:       45248 kB
ShadowCallStack:   11340 kB
PageTables:        66000 kB
NFS_Unstable:          0 kB
Bounce:                0 kB
WritebackTmp:          0 kB
CommitLimit:     8679780 kB
Committed_AS:   62642000 kB
VmallocTotal:   263061440 kB
VmallocUsed:      125608 kB
VmallocChunk:          0 kB
Percpu:             6264 kB
CmaTotal:         405504 kB
CmaFree:              16 kB
MemTotal:        7922396 kB
MemFree:          279268 kB
MemAvailable:    2053312 kB
Buffers:           59040 kB
Cached:          1498884 kB
SwapCached:         1136 kB
Active:          1172532 kB
Inactive:        3035324 kB
Active(anon):      60952 kB
Inactive(anon):  2616968 kB
Active(file):    1111580 kB
Inactive(file):   418356 kB
Unevictable:        6088 kB
Mlocked:            5648 kB
SwapTotal:       4718584 kB
SwapFree:        4627448 kB
Dirty:               316 kB
Writeback:             0 kB
AnonPages:       2654900 kB
Mapped:           830228 kB
Shmem:             23388 kB
KReclaimable:     634380 kB
Slab:             292348 kB
SReclaimable:      72652 kB
SUnreclaim:       219696 kB
KernelStack:       45264 kB
ShadowCallStack:   11340 kB
PageTables:        66152 kB
NFS_Unstable:          0 kB
Bounce:                0 kB
WritebackTmp:          0 kB
CommitLimit:     8679780 kB
Committed_AS:   62642000 kB
VmallocTotal:   263061440 kB
VmallocUsed:      125596 kB
VmallocChunk:          0 kB
Percpu:             6264 kB
CmaTotal:         405504 kB
CmaFree:              16 kB
MemTotal:        7922396 kB
MemFree:          278324 kB
MemAvailable:    2052384 kB
Buffers:           59056 kB
Cached:          1498884 kB
SwapCached:         1136 kB
Active:          1172540 kB
Inactive:        3036504 kB
Active(anon):      60944 kB
Inactive(anon):  2618148 kB
Active(file):    1111596 kB
Inactive(file):   418356 kB
Unevictable:        6088 kB
Mlocked:            5648 kB
SwapTotal:       4718584 kB
SwapFree:        4627448 kB
Dirty:               332 kB
Writeback:             0 kB
AnonPages:       2656068 kB
Mapped:           830364 kB
Shmem:             23388 kB
KReclaimable:     634380 kB
Slab:             292344 kB
SReclaimable:      72652 kB
SUnreclaim:       219692 kB
KernelStack:       45296 kB
ShadowCallStack:   11340 kB
PageTables:        66036 kB
NFS_Unstable:          0 kB
Bounce:                0 kB
WritebackTmp:          0 kB
CommitLimit:     8679780 kB
Committed_AS:   62642000 kB
VmallocTotal:   263061440 kB
VmallocUsed:      125612 kB
VmallocChunk:          0 kB
Percpu:             6264 kB
CmaTotal:         405504 kB
CmaFree:              16 kB
MemTotal:        7922396 kB
MemFree:          276592 kB
MemAvailable:    2050652 kB
Buffers:           59056 kB
Cached:          1498884 kB
SwapCached:         1136 kB
Active:          1172548 kB
Inactive:        3037044 kB
Active(anon):      60952 kB
Inactive(anon):  2618688 kB
Active(file):    1111596 kB
Inactive(file):   418356 kB
Unevictable:        6088 kB
Mlocked:            5648 kB
SwapTotal:       4718584 kB
SwapFree:        4627448 kB
Dirty:               316 kB
Writeback:             0 kB
AnonPages:       2656704 kB
Mapped:           830228 kB
Shmem:             23388 kB
KReclaimable:     634380 kB
Slab:             292296 kB
SReclaimable:      72652 kB
SUnreclaim:       219644 kB
KernelStack:       45232 kB
ShadowCallStack:   11332 kB
PageTables:        66012 kB
NFS_Unstable:          0 kB
Bounce:                0 kB
WritebackTmp:          0 kB
CommitLimit:     8679780 kB
Committed_AS:   62642000 kB
VmallocTotal:   263061440 kB
VmallocUsed:      125592 kB
VmallocChunk:          0 kB
Percpu:             6264 kB
CmaTotal:         405504 kB
CmaFree:              16 kB
MemTotal:        7922396 kB
MemFree:          277152 kB
MemAvailable:    2051220 kB
Buffers:           59064 kB
Cached:          1498884 kB
SwapCached:         1136 kB
Active:          1172572 kB
Inactive:        3036656 kB
Active(anon):      60968 kB
Inactive(anon):  2618300 kB
Active(file):    1111604 kB
Inactive(file):   418356 kB
Unevictable:        6088 kB
Mlocked:            5648 kB
SwapTotal:       4718584 kB
SwapFree:        4627448 kB
Dirty:               368 kB
Writeback:             0 kB
AnonPages:       2656416 kB
Mapped:           830276 kB
Shmem:             23388 kB
KReclaimable:     634380 kB
Slab:             292340 kB
SReclaimable:      72652 kB
SUnreclaim:       219688 kB
KernelStack:       45280 kB
ShadowCallStack:   11352 kB
PageTables:        66132 kB
NFS_Unstable:          0 kB
Bounce:                0 kB
WritebackTmp:          0 kB
CommitLimit:     8679780 kB
Committed_AS:   62642004 kB
VmallocTotal:   263061440 kB
VmallocUsed:      125604 kB
VmallocChunk:          0 kB
Percpu:             6264 kB
CmaTotal:         405504 kB
CmaFree:               0 kB
MemTotal:        7922396 kB
MemFree:          276936 kB
MemAvailable:    2051004 kB
Buffers:           59064 kB
Cached:          1498888 kB
SwapCached:         1136 kB
Active:          1172552 kB
Inactive:        3037112 kB
Active(anon):      60948 kB
Inactive(anon):  2618756 kB
Active(file):    1111604 kB
Inactive(file):   418356 kB
Unevictable:        6088 kB
Mlocked:            5648 kB
SwapTotal:       4718584 kB
SwapFree:        4627448 kB
Dirty:               376 kB
Writeback:             0 kB
AnonPages:       2656796 kB
Mapped:           830240 kB
Shmem:             23392 kB
KReclaimable:     634380 kB
Slab:             292348 kB
SReclaimable:      72652 kB
SUnreclaim:       219696 kB
KernelStack:       45264 kB
ShadowCallStack:   11336 kB
PageTables:        66156 kB
NFS_Unstable:          0 kB
Bounce:                0 kB
WritebackTmp:          0 kB
CommitLimit:     8679780 kB
Committed_AS:   62642004 kB
VmallocTotal:   263061440 kB
VmallocUsed:      125592 kB
VmallocChunk:          0 kB
Percpu:             6264 kB
CmaTotal:         405504 kB
CmaFree:              16 kB
MemTotal:        7922396 kB
MemFree:          276384 kB
MemAvailable:    2050452 kB
Buffers:           59064 kB
Cached:          1498888 kB
SwapCached:         1136 kB
Active:          1172568 kB
Inactive:        3037796 kB
Active(anon):      60964 kB
Inactive(anon):  2619440 kB
Active(file):    1111604 kB
Inactive(file):   418356 kB
Unevictable:        6088 kB
Mlocked:            5648 kB
SwapTotal:       4718584 kB
SwapFree:        4627448 kB
Dirty:               376 kB
Writeback:             0 kB
AnonPages:       2657340 kB
Mapped:           830488 kB
Shmem:             23392 kB
KReclaimable:     634380 kB
Slab:             292368 kB
SReclaimable:      72652 kB
SUnreclaim:       219716 kB
KernelStack:       45296 kB
ShadowCallStack:   11336 kB
PageTables:        66256 kB
NFS_Unstable:          0 kB
Bounce:                0 kB
WritebackTmp:          0 kB
CommitLimit:     8679780 kB
Committed_AS:   62642004 kB
VmallocTotal:   263061440 kB
VmallocUsed:      125608 kB
VmallocChunk:          0 kB
Percpu:             6264 kB
CmaTotal:         405504 kB
CmaFree:              16 kB
MemTotal:        7922396 kB
MemFree:          213808 kB
MemAvailable:    1837808 kB
Buffers:           59072 kB
Cached:          1495556 kB
SwapCached:         1136 kB
Active:          1170520 kB
Inactive:        3112836 kB
Active(anon):      62944 kB
Inactive(anon):  2693824 kB
Active(file):    1107576 kB
Inactive(file):   419012 kB
Unevictable:        6088 kB
Mlocked:            5648 kB
SwapTotal:       4718584 kB
SwapFree:        4624120 kB
Dirty:               376 kB
Writeback:             0 kB
AnonPages:       2733776 kB
Mapped:           827852 kB
Shmem:             23440 kB
KReclaimable:     487684 kB
Slab:             291404 kB
SReclaimable:      71580 kB
SUnreclaim:       219824 kB
KernelStack:       45376 kB
ShadowCallStack:   11368 kB
PageTables:        66416 kB
NFS_Unstable:          0 kB
Bounce:                0 kB
WritebackTmp:          0 kB
CommitLimit:     8679780 kB
Committed_AS:   62642384 kB
VmallocTotal:   263061440 kB
VmallocUsed:      125708 kB
VmallocChunk:          0 kB
Percpu:             6264 kB
CmaTotal:         405504 kB
CmaFree:            1076 kB
MemTotal:        7922396 kB
MemFree:          243648 kB
MemAvailable:    1857844 kB
Buffers:           59072 kB
Cached:          1493212 kB
SwapCached:         1136 kB
Active:          1173464 kB
Inactive:        3083592 kB
Active(anon):      65608 kB
Inactive(anon):  2667160 kB
Active(file):    1107856 kB
Inactive(file):   416432 kB
Unevictable:        6088 kB
Mlocked:            5648 kB
SwapTotal:       4718584 kB
SwapFree:        4623352 kB
Dirty:               396 kB
Writeback:             0 kB
AnonPages:       2709212 kB
Mapped:           825400 kB
Shmem:             23396 kB
KReclaimable:     480180 kB
Slab:             290368 kB
SReclaimable:      70588 kB
SUnreclaim:       219780 kB
KernelStack:       45264 kB
ShadowCallStack:   11352 kB
PageTables:        66268 kB
NFS_Unstable:          0 kB
Bounce:                0 kB
WritebackTmp:          0 kB
CommitLimit:     8679780 kB
Committed_AS:   62642024 kB
VmallocTotal:   263061440 kB
VmallocUsed:      125636 kB
VmallocChunk:          0 kB
Percpu:             6264 kB
CmaTotal:         405504 kB
CmaFree:            1908 kB
MemTotal:        7922396 kB
MemFree:          301636 kB
MemAvailable:    2050040 kB
Buffers:           59072 kB
Cached:          1493212 kB
SwapCached:         1136 kB
Active:          1173464 kB
Inactive:        3028312 kB
Active(anon):      65608 kB
Inactive(anon):  2611880 kB
Active(file):    1107856 kB
Inactive(file):   416432 kB
Unevictable:        6088 kB
Mlocked:            5648 kB
SwapTotal:       4718584 kB
SwapFree:        4623352 kB
Dirty:               352 kB
Writeback:             0 kB
AnonPages:       2654476 kB
Mapped:           825112 kB
Shmem:             23396 kB
KReclaimable:     614388 kB
Slab:             290348 kB
SReclaimable:      70588 kB
SUnreclaim:       219760 kB
KernelStack:       45248 kB
ShadowCallStack:   11336 kB
PageTables:        66040 kB
NFS_Unstable:          0 kB
Bounce:                0 kB
WritebackTmp:          0 kB
CommitLimit:     8679780 kB
Committed_AS:   62642008 kB
VmallocTotal:   263061440 kB
VmallocUsed:      125608 kB
VmallocChunk:          0 kB
Percpu:             6264 kB
CmaTotal:         405504 kB
CmaFree:            2640 kB
MemTotal:        7922396 kB
MemFree:          301276 kB
MemAvailable:    2050284 kB
Buffers:           59072 kB
Cached:          1493212 kB
SwapCached:         1136 kB
Active:          1173452 kB
Inactive:        3028280 kB
Active(anon):      65596 kB
Inactive(anon):  2611848 kB
Active(file):    1107856 kB
Inactive(file):   416432 kB
Unevictable:        6088 kB
Mlocked:            5648 kB
SwapTotal:       4718584 kB
SwapFree:        4623352 kB
Dirty:               364 kB
Writeback:             0 kB
AnonPages:       2654484 kB
Mapped:           825028 kB
Shmem:             23396 kB
KReclaimable:     614992 kB
Slab:             290900 kB
SReclaimable:      71164 kB
SUnreclaim:       219736 kB
KernelStack:       45152 kB
ShadowCallStack:   11312 kB
PageTables:        66168 kB
NFS_Unstable:          0 kB
Bounce:                0 kB
WritebackTmp:          0 kB
CommitLimit:     8679780 kB
Committed_AS:   62641644 kB
VmallocTotal:   263061440 kB
VmallocUsed:      125468 kB
VmallocChunk:          0 kB
Percpu:             6264 kB
CmaTotal:         405504 kB
CmaFree:            2640 kB
MemTotal:        7922396 kB
MemFree:          301272 kB
MemAvailable:    2050296 kB
Buffers:           59072 kB
Cached:          1493216 kB
SwapCached:         1136 kB
Active:          1173452 kB
Inactive:        3027732 kB
Active(anon):      65596 kB
Inactive(anon):  2611300 kB
Active(file):    1107856 kB
Inactive(file):   416432 kB
Unevictable:        6088 kB
Mlocked:            5648 kB
SwapTotal:       4718584 kB
SwapFree:        4623352 kB
Dirty:               376 kB
Writeback:             0 kB
AnonPages:       2653876 kB
Mapped:           825032 kB
Shmem:             23400 kB
KReclaimable:     615008 kB
Slab:             290920 kB
SReclaimable:      71180 kB
SUnreclaim:       219740 kB
KernelStack:       45120 kB
ShadowCallStack:   11304 kB
PageTables:        66108 kB
NFS_Unstable:          0 kB
Bounce:                0 kB
WritebackTmp:          0 kB
CommitLimit:     8679780 kB
Committed_AS:   62641648 kB
VmallocTotal:   263061440 kB
VmallocUsed:      125468 kB
VmallocChunk:          0 kB
Percpu:             6264 kB
CmaTotal:         405504 kB
CmaFree:            2640 kB
MemTotal:        7922396 kB
MemFree:          300840 kB
MemAvailable:    2049836 kB
Buffers:           59104 kB
Cached:          1493140 kB
SwapCached:         1136 kB
Active:          1173484 kB
Inactive:        3028844 kB
Active(anon):      65608 kB
Inactive(anon):  2612476 kB
Active(file):    1107876 kB
Inactive(file):   416368 kB
Unevictable:        6088 kB
Mlocked:            5648 kB
SwapTotal:       4718584 kB
SwapFree:        4623352 kB
Dirty:               380 kB
Writeback:             0 kB
AnonPages:       2655116 kB
Mapped:           825080 kB
Shmem:             23400 kB
KReclaimable:     615024 kB
Slab:             290924 kB
SReclaimable:      71196 kB
SUnreclaim:       219728 kB
KernelStack:       45152 kB
ShadowCallStack:   11312 kB
PageTables:        66088 kB
NFS_Unstable:          0 kB
Bounce:                0 kB
WritebackTmp:          0 kB
CommitLimit:     8679780 kB
Committed_AS:   62641652 kB
VmallocTotal:   263061440 kB
VmallocUsed:      125472 kB
VmallocChunk:          0 kB
Percpu:             6264 kB
CmaTotal:         405504 kB
CmaFree:            2640 kB
MemTotal:        7922396 kB
MemFree:          299852 kB
MemAvailable:    2048928 kB
Buffers:           59104 kB
Cached:          1493216 kB
SwapCached:         1136 kB
Active:          1173484 kB
Inactive:        3029288 kB
Active(anon):      65596 kB
Inactive(anon):  2612856 kB
Active(file):    1107888 kB
Inactive(file):   416432 kB
Unevictable:        6088 kB
Mlocked:            5648 kB
SwapTotal:       4718584 kB
SwapFree:        4623352 kB
Dirty:               396 kB
Writeback:             0 kB
AnonPages:       2655572 kB
Mapped:           825040 kB
Shmem:             23400 kB
KReclaimable:     615028 kB
Slab:             290944 kB
SReclaimable:      71200 kB
SUnreclaim:       219744 kB
KernelStack:       45152 kB
ShadowCallStack:   11312 kB
PageTables:        66248 kB
NFS_Unstable:          0 kB
Bounce:                0 kB
WritebackTmp:          0 kB
CommitLimit:     8679780 kB
Committed_AS:   62641648 kB
VmallocTotal:   263061440 kB
VmallocUsed:      125468 kB
VmallocChunk:          0 kB
Percpu:             6264 kB
CmaTotal:         405504 kB
CmaFree:            2640 kB
MemTotal:        7922396 kB
MemFree:          299352 kB
MemAvailable:    2048428 kB
Buffers:           59104 kB
Cached:          1493216 kB
SwapCached:         1136 kB
Active:          1173480 kB
Inactive:        3029228 kB
Active(anon):      65592 kB
Inactive(anon):  2612796 kB
Active(file):    1107888 kB
Inactive(file):   416432 kB
Unevictable:        6088 kB
Mlocked:            5648 kB
SwapTotal:       4718584 kB
SwapFree:        4623352 kB
Dirty:               408 kB
Writeback:             0 kB
AnonPages:       2655388 kB
Mapped:           825040 kB
Shmem:             23400 kB
KReclaimable:     615028 kB
Slab:             290932 kB
SReclaimable:      71200 kB
SUnreclaim:       219732 kB
KernelStack:       45056 kB
ShadowCallStack:   11296 kB
PageTables:        66140 kB
NFS_Unstable:          0 kB
Bounce:                0 kB
WritebackTmp:          0 kB
CommitLimit:     8679780 kB
Committed_AS:   62641336 kB
VmallocTotal:   263061440 kB
VmallocUsed:      125360 kB
VmallocChunk:          0 kB
Percpu:             6264 kB
CmaTotal:         405504 kB
CmaFree:            2640 kB
MemTotal:        7922396 kB
MemFree:          300368 kB
MemAvailable:    2049448 kB
Buffers:           59104 kB
Cached:          1493224 kB
SwapCached:         1136 kB
Active:          1173464 kB
Inactive:        3029028 kB
Active(anon):      65576 kB
Inactive(anon):  2612592 kB
Active(file):    1107888 kB
Inactive(file):   416436 kB
Unevictable:        6088 kB
Mlocked:            5648 kB
SwapTotal:       4718584 kB
SwapFree:        4623352 kB
Dirty:               416 kB
Writeback:             0 kB
AnonPages:       2655168 kB
Mapped:           825048 kB
Shmem:             23404 kB
KReclaimable:     615028 kB
Slab:             290964 kB
SReclaimable:      71200 kB
SUnreclaim:       219764 kB
KernelStack:       44928 kB
ShadowCallStack:   11256 kB
PageTables:        66076 kB
NFS_Unstable:          0 kB
Bounce:                0 kB
WritebackTmp:          0 kB
CommitLimit:     8679780 kB
Committed_AS:   62640924 kB
VmallocTotal:   263061440 kB
VmallocUsed:      125188 kB
VmallocChunk:          0 kB
Percpu:             6264 kB
CmaTotal:         405504 kB
CmaFree:            2640 kB
MemTotal:        7922396 kB
MemFree:          300164 kB
MemAvailable:    2049244 kB
Buffers:           59104 kB
Cached:          1493224 kB
SwapCached:         1136 kB
Active:          1173460 kB
Inactive:        3029356 kB
Active(anon):      65572 kB
Inactive(anon):  2612920 kB
Active(file):    1107888 kB
Inactive(file):   416436 kB
Unevictable:        6088 kB
Mlocked:            5648 kB
SwapTotal:       4718584 kB
SwapFree:        4623352 kB
Dirty:               424 kB
Writeback:             0 kB
AnonPages:       2655508 kB
Mapped:           825212 kB
Shmem:             23404 kB
KReclaimable:     615028 kB
Slab:             290968 kB
SReclaimable:      71200 kB
SUnreclaim:       219768 kB
KernelStack:       44928 kB
ShadowCallStack:   11256 kB
PageTables:        66028 kB
NFS_Unstable:          0 kB
Bounce:                0 kB
WritebackTmp:          0 kB
CommitLimit:     8679780 kB
Committed_AS:   62640928 kB
VmallocTotal:   263061440 kB
VmallocUsed:      125172 kB
VmallocChunk:          0 kB
Percpu:             6264 kB
CmaTotal:         405504 kB
CmaFree:            2720 kB
MemTotal:        7922396 kB
MemFree:          300228 kB
MemAvailable:    2049308 kB
Buffers:           59104 kB
Cached:          1493224 kB
SwapCached:         1136 kB
Active:          1173464 kB
Inactive:        3029744 kB
Active(anon):      65576 kB
Inactive(anon):  2613308 kB
Active(file):    1107888 kB
Inactive(file):   416436 kB
Unevictable:        6088 kB
Mlocked:            5648 kB
SwapTotal:       4718584 kB
SwapFree:        4623352 kB
Dirty:               428 kB
Writeback:             0 kB
AnonPages:       2655872 kB
Mapped:           825048 kB
Shmem:             23404 kB
KReclaimable:     615028 kB
Slab:             290964 kB
SReclaimable:      71200 kB
SUnreclaim:       219764 kB
KernelStack:       44928 kB
ShadowCallStack:   11256 kB
PageTables:        66172 kB
NFS_Unstable:          0 kB
Bounce:                0 kB
WritebackTmp:          0 kB
CommitLimit:     8679780 kB
Committed_AS:   62640928 kB
VmallocTotal:   263061440 kB
VmallocUsed:      125192 kB
VmallocChunk:          0 kB
Percpu:             6264 kB
CmaTotal:         405504 kB
CmaFree:            2720 kB
MemTotal:        7922396 kB
MemFree:          299724 kB
MemAvailable:    2048824 kB
Buffers:           59156 kB
Cached:          1493208 kB
SwapCached:         1136 kB
Active:          1173520 kB
Inactive:        3030172 kB
Active(anon):      65580 kB
Inactive(anon):  2613768 kB
Active(file):    1107940 kB
Inactive(file):   416404 kB
Unevictable:        6088 kB
Mlocked:            5648 kB
SwapTotal:       4718584 kB
SwapFree:        4623352 kB
Dirty:               484 kB
Writeback:             0 kB
AnonPages:       2656320 kB
Mapped:           825200 kB
Shmem:             23420 kB
KReclaimable:     615028 kB
Slab:             290968 kB
SReclaimable:      71200 kB
SUnreclaim:       219768 kB
KernelStack:       44944 kB
ShadowCallStack:   11248 kB
PageTables:        66364 kB
NFS_Unstable:          0 kB
Bounce:                0 kB
WritebackTmp:          0 kB
CommitLimit:     8679780 kB
Committed_AS:   62640940 kB
VmallocTotal:   263061440 kB
VmallocUsed:      125172 kB
VmallocChunk:          0 kB
Percpu:             6264 kB
CmaTotal:         405504 kB
CmaFree:            2720 kB
MemTotal:        7922396 kB
MemFree:          298328 kB
MemAvailable:    2047484 kB
Buffers:           59164 kB
Cached:          1493248 kB
SwapCached:         1136 kB
Active:          1173512 kB
Inactive:        3031520 kB
Active(anon):      65572 kB
Inactive(anon):  2615076 kB
Active(file):    1107940 kB
Inactive(file):   416444 kB
Unevictable:        6088 kB
Mlocked:            5648 kB
SwapTotal:       4718584 kB
SwapFree:        4623352 kB
Dirty:                84 kB
Writeback:             0 kB
AnonPages:       2657624 kB
Mapped:           825068 kB
Shmem:             23420 kB
KReclaimable:     615044 kB
Slab:             290952 kB
SReclaimable:      71216 kB
SUnreclaim:       219736 kB
KernelStack:       44912 kB
ShadowCallStack:   11252 kB
PageTables:        66236 kB
NFS_Unstable:          0 kB
Bounce:                0 kB
WritebackTmp:          0 kB
CommitLimit:     8679780 kB
Committed_AS:   62640944 kB
VmallocTotal:   263061440 kB
VmallocUsed:      125192 kB
VmallocChunk:          0 kB
Percpu:             6264 kB
CmaTotal:         405504 kB
CmaFree:            2720 kB
MemTotal:        7922396 kB
MemFree:          298064 kB
MemAvailable:    2047228 kB
Buffers:           59164 kB
Cached:          1493248 kB
SwapCached:         1136 kB
Active:          1173520 kB
Inactive:        3031664 kB
Active(anon):      65572 kB
Inactive(anon):  2615220 kB
Active(file):    1107948 kB
Inactive(file):   416444 kB
Unevictable:        6088 kB
Mlocked:            5648 kB
SwapTotal:       4718584 kB
SwapFree:        4623352 kB
Dirty:                88 kB
Writeback:             0 kB
AnonPages:       2657700 kB
Mapped:           825248 kB
Shmem:             23420 kB
KReclaimable:     615044 kB
Slab:             290960 kB
SReclaimable:      71216 kB
SUnreclaim:       219744 kB
KernelStack:       44944 kB
ShadowCallStack:   11248 kB
PageTables:        66036 kB
NFS_Unstable:          0 kB
Bounce:                0 kB
WritebackTmp:          0 kB
CommitLimit:     8679780 kB
Committed_AS:   62640940 kB
VmallocTotal:   263061440 kB
VmallocUsed:      125192 kB
VmallocChunk:          0 kB
Percpu:             6264 kB
CmaTotal:         405504 kB
CmaFree:            2720 kB
MemTotal:        7922396 kB
MemFree:          299420 kB
MemAvailable:    2048776 kB
Buffers:           59212 kB
Cached:          1493388 kB
SwapCached:         1136 kB
Active:          1173596 kB
Inactive:        3029288 kB
Active(anon):      65576 kB
Inactive(anon):  2612756 kB
Active(file):    1108020 kB
Inactive(file):   416532 kB
Unevictable:        6088 kB
Mlocked:            5648 kB
SwapTotal:       4718584 kB
SwapFree:        4623352 kB
Dirty:               200 kB
Writeback:            32 kB
AnonPages:       2655176 kB
Mapped:           825100 kB
Shmem:             23448 kB
KReclaimable:     615076 kB
Slab:             290924 kB
SReclaimable:      71248 kB
SUnreclaim:       219676 kB
KernelStack:       45072 kB
ShadowCallStack:   11316 kB
PageTables:        66116 kB
NFS_Unstable:          0 kB
Bounce:                0 kB
WritebackTmp:          0 kB
CommitLimit:     8679780 kB
Committed_AS:   62641436 kB
VmallocTotal:   263061440 kB
VmallocUsed:      125372 kB
VmallocChunk:          0 kB
Percpu:             6264 kB
CmaTotal:         405504 kB
CmaFree:            2848 kB
MemTotal:        7922396 kB
MemFree:          300884 kB
MemAvailable:    2050284 kB
Buffers:           59212 kB
Cached:          1493412 kB
SwapCached:         1136 kB
Active:          1173640 kB
Inactive:        3027128 kB
Active(anon):      65584 kB
Inactive(anon):  2610608 kB
Active(file):    1108056 kB
Inactive(file):   416520 kB
Unevictable:        6088 kB
Mlocked:            5648 kB
SwapTotal:       4718584 kB
SwapFree:        4623352 kB
Dirty:               244 kB
Writeback:             0 kB
AnonPages:       2652912 kB
Mapped:           825184 kB
Shmem:             23448 kB
KReclaimable:     615096 kB
Slab:             290980 kB
SReclaimable:      71268 kB
SUnreclaim:       219712 kB
KernelStack:       45136 kB
ShadowCallStack:   11300 kB
PageTables:        66064 kB
NFS_Unstable:          0 kB
Bounce:                0 kB
WritebackTmp:          0 kB
CommitLimit:     8679780 kB
Committed_AS:   62641696 kB
VmallocTotal:   263061440 kB
VmallocUsed:      125408 kB
VmallocChunk:          0 kB
Percpu:             6264 kB
CmaTotal:         405504 kB
CmaFree:            2828 kB
MemTotal:        7922396 kB
MemFree:          300540 kB
MemAvailable:    2049964 kB
Buffers:           59236 kB
Cached:          1493400 kB
SwapCached:         1136 kB
Active:          1173628 kB
Inactive:        3028824 kB
Active(anon):      65568 kB
Inactive(anon):  2612300 kB
Active(file):    1108060 kB
Inactive(file):   416524 kB
Unevictable:        6088 kB
Mlocked:            5648 kB
SwapTotal:       4718584 kB
SwapFree:        4623352 kB
Dirty:               256 kB
Writeback:             0 kB
AnonPages:       2654656 kB
Mapped:           825204 kB
Shmem:             23452 kB
KReclaimable:     615112 kB
Slab:             291008 kB
SReclaimable:      71284 kB
SUnreclaim:       219724 kB
KernelStack:       45184 kB
ShadowCallStack:   11288 kB
PageTables:        66208 kB
NFS_Unstable:          0 kB
Bounce:                0 kB
WritebackTmp:          0 kB
CommitLimit:     8679780 kB
Committed_AS:   62641700 kB
VmallocTotal:   263061440 kB
VmallocUsed:      125468 kB
VmallocChunk:          0 kB
Percpu:             6264 kB
CmaTotal:         405504 kB
CmaFree:            2824 kB
MemTotal:        7922396 kB
MemFree:          304140 kB
MemAvailable:    2053620 kB
Buffers:           59236 kB
Cached:          1493440 kB
SwapCached:         1136 kB
Active:          1173656 kB
Inactive:        3025268 kB
Active(anon):      65576 kB
Inactive(anon):  2608724 kB
Active(file):    1108080 kB
Inactive(file):   416544 kB
Unevictable:        6088 kB
Mlocked:            5648 kB
SwapTotal:       4718584 kB
SwapFree:        4623352 kB
Dirty:               352 kB
Writeback:             0 kB
AnonPages:       2651128 kB
Mapped:           825120 kB
Shmem:             23452 kB
KReclaimable:     615128 kB
Slab:             290992 kB
SReclaimable:      71300 kB
SUnreclaim:       219692 kB
KernelStack:       45088 kB
ShadowCallStack:   11316 kB
PageTables:        66116 kB
NFS_Unstable:          0 kB
Bounce:                0 kB
WritebackTmp:          0 kB
CommitLimit:     8679780 kB
Committed_AS:   62641704 kB
VmallocTotal:   263061440 kB
VmallocUsed:      125468 kB
VmallocChunk:          0 kB
Percpu:             6264 kB
CmaTotal:         405504 kB
CmaFree:            2848 kB
MemTotal:        7922396 kB
MemFree:          304484 kB
MemAvailable:    2053964 kB
Buffers:           59236 kB
Cached:          1493440 kB
SwapCached:         1136 kB
Active:          1173648 kB
Inactive:        3025540 kB
Active(anon):      65568 kB
Inactive(anon):  2608996 kB
Active(file):    1108080 kB
Inactive(file):   416544 kB
Unevictable:        6088 kB
Mlocked:            5648 kB
SwapTotal:       4718584 kB
SwapFree:        4623352 kB
Dirty:               364 kB
Writeback:             0 kB
AnonPages:       2651568 kB
Mapped:           825196 kB
Shmem:             23452 kB
KReclaimable:     615128 kB
Slab:             291004 kB
SReclaimable:      71300 kB
SUnreclaim:       219704 kB
KernelStack:       45168 kB
ShadowCallStack:   11308 kB
PageTables:        66232 kB
NFS_Unstable:          0 kB
Bounce:                0 kB
WritebackTmp:          0 kB
CommitLimit:     8679780 kB
Committed_AS:   62641700 kB
VmallocTotal:   263061440 kB
VmallocUsed:      125472 kB
VmallocChunk:          0 kB
Percpu:             6264 kB
CmaTotal:         405504 kB
CmaFree:            2948 kB
MemTotal:        7922396 kB
MemFree:          304032 kB
MemAvailable:    2053512 kB
Buffers:           59236 kB
Cached:          1493444 kB
SwapCached:         1136 kB
Active:          1173652 kB
Inactive:        3024868 kB
Active(anon):      65572 kB
Inactive(anon):  2608324 kB
Active(file):    1108080 kB
Inactive(file):   416544 kB
Unevictable:        6088 kB
Mlocked:            5648 kB
SwapTotal:       4718584 kB
SwapFree:        4623352 kB
Dirty:               368 kB
Writeback:             0 kB
AnonPages:       2650996 kB
Mapped:           825160 kB
Shmem:             23456 kB
KReclaimable:     615128 kB
Slab:             290880 kB
SReclaimable:      71300 kB
SUnreclaim:       219580 kB
KernelStack:       45152 kB
ShadowCallStack:   11312 kB
PageTables:        66244 kB
NFS_Unstable:          0 kB
Bounce:                0 kB
WritebackTmp:          0 kB
CommitLimit:     8679780 kB
Committed_AS:   62641712 kB
VmallocTotal:   263061440 kB
VmallocUsed:      125468 kB
VmallocChunk:          0 kB
Percpu:             6264 kB
CmaTotal:         405504 kB
CmaFree:            2948 kB
MemTotal:        7922396 kB
MemFree:          304064 kB
MemAvailable:    2053544 kB
Buffers:           59236 kB
Cached:          1493452 kB
SwapCached:         1136 kB
Active:          1173656 kB
Inactive:        3024884 kB
Active(anon):      65576 kB
Inactive(anon):  2608340 kB
Active(file):    1108080 kB
Inactive(file):   416544 kB
Unevictable:        6088 kB
Mlocked:            5648 kB
SwapTotal:       4718584 kB
SwapFree:        4623352 kB
Dirty:               372 kB
Writeback:             0 kB
AnonPages:       2650988 kB
Mapped:           825416 kB
Shmem:             23464 kB
KReclaimable:     615128 kB
Slab:             290900 kB
SReclaimable:      71300 kB
SUnreclaim:       219600 kB
KernelStack:       45136 kB
ShadowCallStack:   11316 kB
PageTables:        66152 kB
NFS_Unstable:          0 kB
Bounce:                0 kB
WritebackTmp:          0 kB
CommitLimit:     8679780 kB
Committed_AS:   62641668 kB
VmallocTotal:   263061440 kB
VmallocUsed:      125436 kB
VmallocChunk:          0 kB
Percpu:             6264 kB
CmaTotal:         405504 kB
CmaFree:            2948 kB
MemTotal:        7922396 kB
MemFree:          279052 kB
MemAvailable:    1980580 kB
Buffers:           59244 kB
Cached:          1493460 kB
SwapCached:         1136 kB
Active:          1173660 kB
Inactive:        3049872 kB
Active(anon):      65572 kB
Inactive(anon):  2633332 kB
Active(file):    1108088 kB
Inactive(file):   416540 kB
Unevictable:        6088 kB
Mlocked:            5648 kB
SwapTotal:       4718584 kB
SwapFree:        4623352 kB
Dirty:               372 kB
Writeback:             0 kB
AnonPages:       2675884 kB
Mapped:           825360 kB
Shmem:             23476 kB
KReclaimable:     567172 kB
Slab:             290904 kB
SReclaimable:      71300 kB
SUnreclaim:       219604 kB
KernelStack:       45136 kB
ShadowCallStack:   11332 kB
PageTables:        66200 kB
NFS_Unstable:          0 kB
Bounce:                0 kB
WritebackTmp:          0 kB
CommitLimit:     8679780 kB
Committed_AS:   62642312 kB
VmallocTotal:   263061440 kB
VmallocUsed:      125488 kB
VmallocChunk:          0 kB
Percpu:             6264 kB
CmaTotal:         405504 kB
CmaFree:            2948 kB
MemTotal:        7922396 kB
MemFree:          218296 kB
MemAvailable:    1833404 kB
Buffers:           59244 kB
Cached:          1493596 kB
SwapCached:         1136 kB
Active:          1173668 kB
Inactive:        3113424 kB
Active(anon):      65576 kB
Inactive(anon):  2696884 kB
Active(file):    1108092 kB
Inactive(file):   416540 kB
Unevictable:        6088 kB
Mlocked:            5648 kB
SwapTotal:       4718584 kB
SwapFree:        4623352 kB
Dirty:                84 kB
Writeback:             0 kB
AnonPages:       2739472 kB
Mapped:           825952 kB
Shmem:             23608 kB
KReclaimable:     480748 kB
Slab:             291020 kB
SReclaimable:      71304 kB
SUnreclaim:       219716 kB
KernelStack:       45200 kB
ShadowCallStack:   11324 kB
PageTables:        66276 kB
NFS_Unstable:          0 kB
Bounce:                0 kB
WritebackTmp:          0 kB
CommitLimit:     8679780 kB
Committed_AS:   62641996 kB
VmallocTotal:   263061440 kB
VmallocUsed:      125520 kB
VmallocChunk:          0 kB
Percpu:             6264 kB
CmaTotal:         405504 kB
CmaFree:               0 kB
MemTotal:        7922396 kB
MemFree:          305048 kB
MemAvailable:    2054524 kB
Buffers:           59244 kB
Cached:          1493452 kB
SwapCached:         1136 kB
Active:          1173668 kB
Inactive:        3025688 kB
Active(anon):      65576 kB
Inactive(anon):  2609148 kB
Active(file):    1108092 kB
Inactive(file):   416540 kB
Unevictable:        6088 kB
Mlocked:            5648 kB
SwapTotal:       4718584 kB
SwapFree:        4623352 kB
Dirty:                96 kB
Writeback:             0 kB
AnonPages:       2651704 kB
Mapped:           825372 kB
Shmem:             23464 kB
KReclaimable:     615116 kB
Slab:             291048 kB
SReclaimable:      71320 kB
SUnreclaim:       219728 kB
KernelStack:       45120 kB
ShadowCallStack:   11328 kB
PageTables:        65960 kB
NFS_Unstable:          0 kB
Bounce:                0 kB
WritebackTmp:          0 kB
CommitLimit:     8679780 kB
Committed_AS:   62641616 kB
VmallocTotal:   263061440 kB
VmallocUsed:      125448 kB
VmallocChunk:          0 kB
Percpu:             6264 kB
CmaTotal:         405504 kB
CmaFree:            4312 kB
MemTotal:        7922396 kB
MemFree:          304284 kB
MemAvailable:    2053796 kB
Buffers:           59244 kB
Cached:          1493456 kB
SwapCached:         1136 kB
Active:          1173660 kB
Inactive:        3025988 kB
Active(anon):      65568 kB
Inactive(anon):  2609444 kB
Active(file):    1108092 kB
Inactive(file):   416544 kB
Unevictable:        6088 kB
Mlocked:            5648 kB
SwapTotal:       4718584 kB
SwapFree:        4623352 kB
Dirty:               112 kB
Writeback:             0 kB
AnonPages:       2651900 kB
Mapped:           825480 kB
Shmem:             23464 kB
KReclaimable:     615148 kB
Slab:             291032 kB
SReclaimable:      71320 kB
SUnreclaim:       219712 kB
KernelStack:       45152 kB
ShadowCallStack:   11296 kB
PageTables:        66144 kB
NFS_Unstable:          0 kB
Bounce:                0 kB
WritebackTmp:          0 kB
CommitLimit:     8679780 kB
Committed_AS:   62641616 kB
VmallocTotal:   263061440 kB
VmallocUsed:      125432 kB
VmallocChunk:          0 kB
Percpu:             6264 kB
CmaTotal:         405504 kB
CmaFree:            4340 kB
MemTotal:        7922396 kB
MemFree:          297856 kB
MemAvailable:    2045992 kB
Buffers:           59252 kB
Cached:          1493456 kB
SwapCached:         1136 kB
Active:          1173676 kB
Inactive:        3032984 kB
Active(anon):      65576 kB
Inactive(anon):  2616440 kB
Active(file):    1108100 kB
Inactive(file):   416544 kB
Unevictable:        6088 kB
Mlocked:            5648 kB
SwapTotal:       4718584 kB
SwapFree:        4623352 kB
Dirty:               168 kB
Writeback:             0 kB
AnonPages:       2658940 kB
Mapped:           826308 kB
Shmem:             23464 kB
KReclaimable:     613764 kB
Slab:             291040 kB
SReclaimable:      71320 kB
SUnreclaim:       219720 kB
KernelStack:       45136 kB
ShadowCallStack:   11308 kB
PageTables:        66144 kB
NFS_Unstable:          0 kB
Bounce:                0 kB
WritebackTmp:          0 kB
CommitLimit:     8679780 kB
Committed_AS:   62674684 kB
VmallocTotal:   263061440 kB
VmallocUsed:      125448 kB
VmallocChunk:          0 kB
Percpu:             6264 kB
CmaTotal:         405504 kB
CmaFree:            4340 kB
MemTotal:        7922396 kB
MemFree:          298336 kB
MemAvailable:    2046368 kB
Buffers:           59268 kB
Cached:          1493460 kB
SwapCached:         1136 kB
Active:          1173680 kB
Inactive:        3038124 kB
Active(anon):      65576 kB
Inactive(anon):  2621580 kB
Active(file):    1108104 kB
Inactive(file):   416544 kB
Unevictable:        6088 kB
Mlocked:            5648 kB
SwapTotal:       4718584 kB
SwapFree:        4623352 kB
Dirty:               168 kB
Writeback:            28 kB
AnonPages:       2664020 kB
Mapped:           826928 kB
Shmem:             23480 kB
KReclaimable:     613656 kB
Slab:             291060 kB
SReclaimable:      71336 kB
SUnreclaim:       219724 kB
KernelStack:       45264 kB
ShadowCallStack:   11364 kB
PageTables:        66140 kB
NFS_Unstable:          0 kB
Bounce:                0 kB
WritebackTmp:          0 kB
CommitLimit:     8679780 kB
Committed_AS:   62675268 kB
VmallocTotal:   263061440 kB
VmallocUsed:      125628 kB
VmallocChunk:          0 kB
Percpu:             6264 kB
CmaTotal:         405504 kB
CmaFree:            5440 kB
MemTotal:        7922396 kB
MemFree:          296024 kB
MemAvailable:    2044064 kB
Buffers:           59268 kB
Cached:          1493472 kB
SwapCached:         1136 kB
Active:          1173692 kB
Inactive:        3039052 kB
Active(anon):      65576 kB
Inactive(anon):  2622508 kB
Active(file):    1108116 kB
Inactive(file):   416544 kB
Unevictable:        6088 kB
Mlocked:            5648 kB
SwapTotal:       4718584 kB
SwapFree:        4623352 kB
Dirty:                80 kB
Writeback:             0 kB
AnonPages:       2664992 kB
Mapped:           826932 kB
Shmem:             23480 kB
KReclaimable:     613652 kB
Slab:             291072 kB
SReclaimable:      71336 kB
SUnreclaim:       219736 kB
KernelStack:       45312 kB
ShadowCallStack:   11352 kB
PageTables:        66196 kB
NFS_Unstable:          0 kB
Bounce:                0 kB
WritebackTmp:          0 kB
CommitLimit:     8679780 kB
Committed_AS:   62675264 kB
VmallocTotal:   263061440 kB
VmallocUsed:      125652 kB
VmallocChunk:          0 kB
Percpu:             6264 kB
CmaTotal:         405504 kB
CmaFree:            5516 kB
MemTotal:        7922396 kB
MemFree:          294984 kB
MemAvailable:    2043032 kB
Buffers:           59276 kB
Cached:          1493472 kB
SwapCached:         1136 kB
Active:          1173704 kB
Inactive:        3039772 kB
Active(anon):      65580 kB
Inactive(anon):  2623228 kB
Active(file):    1108124 kB
Inactive(file):   416544 kB
Unevictable:        6088 kB
Mlocked:            5648 kB
SwapTotal:       4718584 kB
SwapFree:        4623352 kB
Dirty:               116 kB
Writeback:             0 kB
AnonPages:       2665576 kB
Mapped:           826916 kB
Shmem:             23480 kB
KReclaimable:     613652 kB
Slab:             291076 kB
SReclaimable:      71336 kB
SUnreclaim:       219740 kB
KernelStack:       45312 kB
ShadowCallStack:   11352 kB
PageTables:        66252 kB
NFS_Unstable:          0 kB
Bounce:                0 kB
WritebackTmp:          0 kB
CommitLimit:     8679780 kB
Committed_AS:   62675268 kB
VmallocTotal:   263061440 kB
VmallocUsed:      125656 kB
VmallocChunk:          0 kB
Percpu:             6264 kB
CmaTotal:         405504 kB
CmaFree:            5516 kB
MemTotal:        7922396 kB
MemFree:          295832 kB
MemAvailable:    2043752 kB
Buffers:           59276 kB
Cached:          1493472 kB
SwapCached:         1136 kB
Active:          1173692 kB
Inactive:        3039656 kB
Active(anon):      65568 kB
Inactive(anon):  2623112 kB
Active(file):    1108124 kB
Inactive(file):   416544 kB
Unevictable:        6088 kB
Mlocked:            5648 kB
SwapTotal:       4718584 kB
SwapFree:        4623352 kB
Dirty:               116 kB
Writeback:             0 kB
AnonPages:       2665532 kB
Mapped:           827188 kB
Shmem:             23480 kB
KReclaimable:     613524 kB
Slab:             291072 kB
SReclaimable:      71336 kB
SUnreclaim:       219736 kB
KernelStack:       45312 kB
ShadowCallStack:   11344 kB
PageTables:        66168 kB
NFS_Unstable:          0 kB
Bounce:                0 kB
WritebackTmp:          0 kB
CommitLimit:     8679780 kB
Committed_AS:   62675268 kB
VmallocTotal:   263061440 kB
VmallocUsed:      125624 kB
VmallocChunk:          0 kB
Percpu:             6264 kB
CmaTotal:         405504 kB
CmaFree:            5516 kB
MemTotal:        7922396 kB
MemFree:          294228 kB
MemAvailable:    2042148 kB
Buffers:           59300 kB
Cached:          1493464 kB
SwapCached:         1136 kB
Active:          1173712 kB
Inactive:        3040172 kB
Active(anon):      65572 kB
Inactive(anon):  2623628 kB
Active(file):    1108140 kB
Inactive(file):   416544 kB
Unevictable:        6088 kB
Mlocked:            5648 kB
SwapTotal:       4718584 kB
SwapFree:        4623352 kB
Dirty:               204 kB
Writeback:             4 kB
AnonPages:       2666304 kB
Mapped:           827232 kB
Shmem:             23480 kB
KReclaimable:     613508 kB
Slab:             291020 kB
SReclaimable:      71336 kB
SUnreclaim:       219684 kB
KernelStack:       45312 kB
ShadowCallStack:   11344 kB
PageTables:        66352 kB
NFS_Unstable:          0 kB
Bounce:                0 kB
WritebackTmp:          0 kB
CommitLimit:     8679780 kB
Committed_AS:   62675264 kB
VmallocTotal:   263061440 kB
VmallocUsed:      125668 kB
VmallocChunk:          0 kB
Percpu:             6264 kB
CmaTotal:         405504 kB
CmaFree:            5516 kB
MemTotal:        7922396 kB
MemFree:          294164 kB
MemAvailable:    2042092 kB
Buffers:           59300 kB
Cached:          1493472 kB
SwapCached:         1136 kB
Active:          1173724 kB
Inactive:        3040704 kB
Active(anon):      65576 kB
Inactive(anon):  2624160 kB
Active(file):    1108148 kB
Inactive(file):   416544 kB
Unevictable:        6088 kB
Mlocked:            5648 kB
SwapTotal:       4718584 kB
SwapFree:        4623352 kB
Dirty:               212 kB
Writeback:             0 kB
AnonPages:       2666616 kB
Mapped:           827152 kB
Shmem:             23480 kB
KReclaimable:     613508 kB
Slab:             291104 kB
SReclaimable:      71336 kB
SUnreclaim:       219768 kB
KernelStack:       45312 kB
ShadowCallStack:   11352 kB
PageTables:        66172 kB
NFS_Unstable:          0 kB
Bounce:                0 kB
WritebackTmp:          0 kB
CommitLimit:     8679780 kB
Committed_AS:   62675264 kB
VmallocTotal:   263061440 kB
VmallocUsed:      125668 kB
VmallocChunk:          0 kB
Percpu:             6264 kB
CmaTotal:         405504 kB
CmaFree:            5516 kB
MemTotal:        7922396 kB
MemFree:          293000 kB
MemAvailable:    2040928 kB
Buffers:           59300 kB
Cached:          1493472 kB
SwapCached:         1136 kB
Active:          1173724 kB
Inactive:        3041072 kB
Active(anon):      65576 kB
Inactive(anon):  2624528 kB
Active(file):    1108148 kB
Inactive(file):   416544 kB
Unevictable:        6088 kB
Mlocked:            5648 kB
SwapTotal:       4718584 kB
SwapFree:        4623352 kB
Dirty:               212 kB
Writeback:             0 kB
AnonPages:       2666964 kB
Mapped:           827292 kB
Shmem:             23480 kB
KReclaimable:     613508 kB
Slab:             291076 kB
SReclaimable:      71336 kB
SUnreclaim:       219740 kB
KernelStack:       45264 kB
ShadowCallStack:   11344 kB
PageTables:        66184 kB
NFS_Unstable:          0 kB
Bounce:                0 kB
WritebackTmp:          0 kB
CommitLimit:     8679780 kB
Committed_AS:   62675212 kB
VmallocTotal:   263061440 kB
VmallocUsed:      125652 kB
VmallocChunk:          0 kB
Percpu:             6264 kB
CmaTotal:         405504 kB
CmaFree:            5516 kB
MemTotal:        7922396 kB
MemFree:          293372 kB
MemAvailable:    2041300 kB
Buffers:           59300 kB
Cached:          1493472 kB
SwapCached:         1136 kB
Active:          1173724 kB
Inactive:        3041104 kB
Active(anon):      65576 kB
Inactive(anon):  2624560 kB
Active(file):    1108148 kB
Inactive(file):   416544 kB
Unevictable:        6088 kB
Mlocked:            5648 kB
SwapTotal:       4718584 kB
SwapFree:        4623352 kB
Dirty:                84 kB
Writeback:             0 kB
AnonPages:       2667172 kB
Mapped:           827152 kB
Shmem:             23480 kB
KReclaimable:     613508 kB
Slab:             291088 kB
SReclaimable:      71336 kB
SUnreclaim:       219752 kB
KernelStack:       45296 kB
ShadowCallStack:   11348 kB
PageTables:        66272 kB
NFS_Unstable:          0 kB
Bounce:                0 kB
WritebackTmp:          0 kB
CommitLimit:     8679780 kB
Committed_AS:   62675212 kB
VmallocTotal:   263061440 kB
VmallocUsed:      125652 kB
VmallocChunk:          0 kB
Percpu:             6264 kB
CmaTotal:         405504 kB
CmaFree:            5516 kB
MemTotal:        7922396 kB
MemFree:          292868 kB
MemAvailable:    2040796 kB
Buffers:           59300 kB
Cached:          1493472 kB
SwapCached:         1136 kB
Active:          1173724 kB
Inactive:        3041960 kB
Active(anon):      65576 kB
Inactive(anon):  2625416 kB
Active(file):    1108148 kB
Inactive(file):   416544 kB
Unevictable:        6088 kB
Mlocked:            5648 kB
SwapTotal:       4718584 kB
SwapFree:        4623352 kB
Dirty:                88 kB
Writeback:             0 kB
AnonPages:       2667824 kB
Mapped:           827196 kB
Shmem:             23480 kB
KReclaimable:     613508 kB
Slab:             291072 kB
SReclaimable:      71336 kB
SUnreclaim:       219736 kB
KernelStack:       45312 kB
ShadowCallStack:   11340 kB
PageTables:        66200 kB
NFS_Unstable:          0 kB
Bounce:                0 kB
WritebackTmp:          0 kB
CommitLimit:     8679780 kB
Committed_AS:   62675212 kB
VmallocTotal:   263061440 kB
VmallocUsed:      125636 kB
VmallocChunk:          0 kB
Percpu:             6264 kB
CmaTotal:         405504 kB
CmaFree:            5516 kB
MemTotal:        7922396 kB
MemFree:          292652 kB
MemAvailable:    2040588 kB
Buffers:           59308 kB
Cached:          1493472 kB
SwapCached:         1136 kB
Active:          1173724 kB
Inactive:        3041828 kB
Active(anon):      65568 kB
Inactive(anon):  2625284 kB
Active(file):    1108156 kB
Inactive(file):   416544 kB
Unevictable:        6088 kB
Mlocked:            5648 kB
SwapTotal:       4718584 kB
SwapFree:        4623352 kB
Dirty:               140 kB
Writeback:             0 kB
AnonPages:       2667968 kB
Mapped:           827132 kB
Shmem:             23480 kB
KReclaimable:     613508 kB
Slab:             291020 kB
SReclaimable:      71336 kB
SUnreclaim:       219684 kB
KernelStack:       45280 kB
ShadowCallStack:   11348 kB
PageTables:        66344 kB
NFS_Unstable:          0 kB
Bounce:                0 kB
WritebackTmp:          0 kB
CommitLimit:     8679780 kB
Committed_AS:   62675056 kB
VmallocTotal:   263061440 kB
VmallocUsed:      125616 kB
VmallocChunk:          0 kB
Percpu:             6264 kB
CmaTotal:         405504 kB
CmaFree:            5516 kB
MemTotal:        7922396 kB
MemFree:          292284 kB
MemAvailable:    2040220 kB
Buffers:           59308 kB
Cached:          1493472 kB
SwapCached:         1136 kB
Active:          1173700 kB
Inactive:        3042112 kB
Active(anon):      65544 kB
Inactive(anon):  2625568 kB
Active(file):    1108156 kB
Inactive(file):   416544 kB
Unevictable:        6088 kB
Mlocked:            5648 kB
SwapTotal:       4718584 kB
SwapFree:        4623352 kB
Dirty:               144 kB
Writeback:             0 kB
AnonPages:       2667920 kB
Mapped:           827120 kB
Shmem:             23480 kB
KReclaimable:     613508 kB
Slab:             291068 kB
SReclaimable:      71336 kB
SUnreclaim:       219732 kB
KernelStack:       45120 kB
ShadowCallStack:   11292 kB
PageTables:        66204 kB
NFS_Unstable:          0 kB
Bounce:                0 kB
WritebackTmp:          0 kB
CommitLimit:     8679780 kB
Committed_AS:   62674640 kB
VmallocTotal:   263061440 kB
VmallocUsed:      125432 kB
VmallocChunk:          0 kB
Percpu:             6264 kB
CmaTotal:         405504 kB
CmaFree:            5516 kB
MemTotal:        7922396 kB
MemFree:          292084 kB
MemAvailable:    2040036 kB
Buffers:           59324 kB
Cached:          1493476 kB
SwapCached:         1136 kB
Active:          1173720 kB
Inactive:        3042360 kB
Active(anon):      65548 kB
Inactive(anon):  2625816 kB
Active(file):    1108172 kB
Inactive(file):   416544 kB
Unevictable:        6088 kB
Mlocked:            5648 kB
SwapTotal:       4718584 kB
SwapFree:        4623352 kB
Dirty:               160 kB
Writeback:             0 kB
AnonPages:       2668276 kB
Mapped:           827328 kB
Shmem:             23484 kB
KReclaimable:     613508 kB
Slab:             291004 kB
SReclaimable:      71336 kB
SUnreclaim:       219668 kB
KernelStack:       45104 kB
ShadowCallStack:   11300 kB
PageTables:        66296 kB
NFS_Unstable:          0 kB
Bounce:                0 kB
WritebackTmp:          0 kB
CommitLimit:     8679780 kB
Committed_AS:   62674644 kB
VmallocTotal:   263061440 kB
VmallocUsed:      125444 kB
VmallocChunk:          0 kB
Percpu:             6264 kB
CmaTotal:         405504 kB
CmaFree:            5516 kB
MemTotal:        7922396 kB
MemFree:          292424 kB
MemAvailable:    2040376 kB
Buffers:           59324 kB
Cached:          1493476 kB
SwapCached:         1136 kB
Active:          1173720 kB
Inactive:        3042816 kB
Active(anon):      65548 kB
Inactive(anon):  2626272 kB
Active(file):    1108172 kB
Inactive(file):   416544 kB
Unevictable:        6088 kB
Mlocked:            5648 kB
SwapTotal:       4718584 kB
SwapFree:        4623352 kB
Dirty:               232 kB
Writeback:             0 kB
AnonPages:       2668872 kB
Mapped:           827144 kB
Shmem:             23484 kB
KReclaimable:     613508 kB
Slab:             291080 kB
SReclaimable:      71336 kB
SUnreclaim:       219744 kB
KernelStack:       45072 kB
ShadowCallStack:   11336 kB
PageTables:        65992 kB
NFS_Unstable:          0 kB
Bounce:                0 kB
WritebackTmp:          0 kB
CommitLimit:     8679780 kB
Committed_AS:   62674644 kB
VmallocTotal:   263061440 kB
VmallocUsed:      125412 kB
VmallocChunk:          0 kB
Percpu:             6264 kB
CmaTotal:         405504 kB
CmaFree:            5516 kB
MemTotal:        7922396 kB
MemFree:          293460 kB
MemAvailable:    2041412 kB
Buffers:           59324 kB
Cached:          1493476 kB
SwapCached:         1136 kB
Active:          1173724 kB
Inactive:        3041728 kB
Active(anon):      65552 kB
Inactive(anon):  2625184 kB
Active(file):    1108172 kB
Inactive(file):   416544 kB
Unevictable:        6088 kB
Mlocked:            5648 kB
SwapTotal:       4718584 kB
SwapFree:        4623352 kB
Dirty:               136 kB
Writeback:             0 kB
AnonPages:       2667592 kB
Mapped:           827404 kB
Shmem:             23484 kB
KReclaimable:     613508 kB
Slab:             291016 kB
SReclaimable:      71336 kB
SUnreclaim:       219680 kB
KernelStack:       45136 kB
ShadowCallStack:   11296 kB
PageTables:        66336 kB
NFS_Unstable:          0 kB
Bounce:                0 kB
WritebackTmp:          0 kB
CommitLimit:     8679780 kB
Committed_AS:   62674592 kB
VmallocTotal:   263061440 kB
VmallocUsed:      125396 kB
VmallocChunk:          0 kB
Percpu:             6264 kB
CmaTotal:         405504 kB
CmaFree:            5516 kB
MemTotal:        7922396 kB
MemFree:          292640 kB
MemAvailable:    2040608 kB
Buffers:           59324 kB
Cached:          1493476 kB
SwapCached:         1136 kB
Active:          1173720 kB
Inactive:        3042140 kB
Active(anon):      65548 kB
Inactive(anon):  2625596 kB
Active(file):    1108172 kB
Inactive(file):   416544 kB
Unevictable:        6088 kB
Mlocked:            5648 kB
SwapTotal:       4718584 kB
SwapFree:        4623352 kB
Dirty:               136 kB
Writeback:             0 kB
AnonPages:       2668200 kB
Mapped:           827144 kB
Shmem:             23484 kB
KReclaimable:     613524 kB
Slab:             291048 kB
SReclaimable:      71352 kB
SUnreclaim:       219696 kB
KernelStack:       45072 kB
ShadowCallStack:   11268 kB
PageTables:        66208 kB
NFS_Unstable:          0 kB
Bounce:                0 kB
WritebackTmp:          0 kB
CommitLimit:     8679780 kB
Committed_AS:   62674596 kB
VmallocTotal:   263061440 kB
VmallocUsed:      125392 kB
VmallocChunk:          0 kB
Percpu:             6264 kB
CmaTotal:         405504 kB
CmaFree:            5516 kB
MemTotal:        7922396 kB
MemFree:          293256 kB
MemAvailable:    2041228 kB
Buffers:           59324 kB
Cached:          1493480 kB
SwapCached:         1136 kB
Active:          1173712 kB
Inactive:        3042068 kB
Active(anon):      65540 kB
Inactive(anon):  2625520 kB
Active(file):    1108172 kB
Inactive(file):   416548 kB
Unevictable:        6088 kB
Mlocked:            5648 kB
SwapTotal:       4718584 kB
SwapFree:        4623352 kB
Dirty:               144 kB
Writeback:             0 kB
AnonPages:       2667872 kB
Mapped:           827304 kB
Shmem:             23484 kB
KReclaimable:     613524 kB
Slab:             291056 kB
SReclaimable:      71352 kB
SUnreclaim:       219704 kB
KernelStack:       45008 kB
ShadowCallStack:   11276 kB
PageTables:        66096 kB
NFS_Unstable:          0 kB
Bounce:                0 kB
WritebackTmp:          0 kB
CommitLimit:     8679780 kB
Committed_AS:   62674280 kB
VmallocTotal:   263061440 kB
VmallocUsed:      125308 kB
VmallocChunk:          0 kB
Percpu:             6264 kB
CmaTotal:         405504 kB
CmaFree:            5516 kB
MemTotal:        7922396 kB
MemFree:          292832 kB
MemAvailable:    2040812 kB
Buffers:           59332 kB
Cached:          1493480 kB
SwapCached:         1136 kB
Active:          1173712 kB
Inactive:        3042392 kB
Active(anon):      65532 kB
Inactive(anon):  2625844 kB
Active(file):    1108180 kB
Inactive(file):   416548 kB
Unevictable:        6088 kB
Mlocked:            5648 kB
SwapTotal:       4718584 kB
SwapFree:        4623352 kB
Dirty:               156 kB
Writeback:             0 kB
AnonPages:       2668200 kB
Mapped:           827236 kB
Shmem:             23484 kB
KReclaimable:     613524 kB
Slab:             291036 kB
SReclaimable:      71352 kB
SUnreclaim:       219684 kB
KernelStack:       45024 kB
ShadowCallStack:   11264 kB
PageTables:        66128 kB
NFS_Unstable:          0 kB
Bounce:                0 kB
WritebackTmp:          0 kB
CommitLimit:     8679780 kB
Committed_AS:   62674280 kB
VmallocTotal:   263061440 kB
VmallocUsed:      125284 kB
VmallocChunk:          0 kB
Percpu:             6264 kB
CmaTotal:         405504 kB
CmaFree:            5516 kB
MemTotal:        7922396 kB
MemFree:          212312 kB
MemAvailable:    1805500 kB
Buffers:           59340 kB
Cached:          1491308 kB
SwapCached:         1140 kB
Active:          1178816 kB
Inactive:        3121508 kB
Active(anon):      69348 kB
Inactive(anon):  2708608 kB
Active(file):    1109468 kB
Inactive(file):   412900 kB
Unevictable:        6088 kB
Mlocked:            5648 kB
SwapTotal:       4718584 kB
SwapFree:        4622072 kB
Dirty:                84 kB
Writeback:             4 kB
AnonPages:       2754992 kB
Mapped:           825324 kB
Shmem:             23596 kB
KReclaimable:     469284 kB
Slab:             290468 kB
SReclaimable:      70712 kB
SUnreclaim:       219756 kB
KernelStack:       45072 kB
ShadowCallStack:   11292 kB
PageTables:        66400 kB
NFS_Unstable:          0 kB
Bounce:                0 kB
WritebackTmp:          0 kB
CommitLimit:     8679780 kB
Committed_AS:   62674608 kB
VmallocTotal:   263061440 kB
VmallocUsed:      125348 kB
VmallocChunk:          0 kB
Percpu:             6264 kB
CmaTotal:         405504 kB
CmaFree:               0 kB
MemTotal:        7922396 kB
MemFree:          287484 kB
MemAvailable:    1950840 kB
Buffers:           59340 kB
Cached:          1490724 kB
SwapCached:         1136 kB
Active:          1181392 kB
Inactive:        3047060 kB
Active(anon):      70840 kB
Inactive(anon):  2635632 kB
Active(file):    1110552 kB
Inactive(file):   411428 kB
Unevictable:        6088 kB
Mlocked:            5648 kB
SwapTotal:       4718584 kB
SwapFree:        4621304 kB
Dirty:                88 kB
Writeback:             0 kB
AnonPages:       2683468 kB
Mapped:           824900 kB
Shmem:             23484 kB
KReclaimable:     531648 kB
Slab:             290460 kB
SReclaimable:      70712 kB
SUnreclaim:       219748 kB
KernelStack:       44992 kB
ShadowCallStack:   11252 kB
PageTables:        66308 kB
NFS_Unstable:          0 kB
Bounce:                0 kB
WritebackTmp:          0 kB
CommitLimit:     8679780 kB
Committed_AS:   62674132 kB
VmallocTotal:   263061440 kB
VmallocUsed:      125264 kB
VmallocChunk:          0 kB
Percpu:             6264 kB
CmaTotal:         405504 kB
CmaFree:            5648 kB
MemTotal:        7922396 kB
MemFree:          303000 kB
MemAvailable:    2033768 kB
Buffers:           59340 kB
Cached:          1490724 kB
SwapCached:         1136 kB
Active:          1181388 kB
Inactive:        3032096 kB
Active(anon):      70836 kB
Inactive(anon):  2620668 kB
Active(file):    1110552 kB
Inactive(file):   411428 kB
Unevictable:        6088 kB
Mlocked:            5648 kB
SwapTotal:       4718584 kB
SwapFree:        4621304 kB
Dirty:                96 kB
Writeback:             0 kB
AnonPages:       2668376 kB
Mapped:           824400 kB
Shmem:             23484 kB
KReclaimable:     599060 kB
Slab:             290464 kB
SReclaimable:      70712 kB
SUnreclaim:       219752 kB
KernelStack:       44960 kB
ShadowCallStack:   11264 kB
PageTables:        66272 kB
NFS_Unstable:          0 kB
Bounce:                0 kB
WritebackTmp:          0 kB
CommitLimit:     8679780 kB
Committed_AS:   62674124 kB
VmallocTotal:   263061440 kB
VmallocUsed:      125228 kB
VmallocChunk:          0 kB
Percpu:             6264 kB
CmaTotal:         405504 kB
CmaFree:            6156 kB
MemTotal:        7922396 kB
MemFree:          302212 kB
MemAvailable:    2032980 kB
Buffers:           59340 kB
Cached:          1490724 kB
SwapCached:         1136 kB
Active:          1181392 kB
Inactive:        3032264 kB
Active(anon):      70840 kB
Inactive(anon):  2620836 kB
Active(file):    1110552 kB
Inactive(file):   411428 kB
Unevictable:        6088 kB
Mlocked:            5648 kB
SwapTotal:       4718584 kB
SwapFree:        4621304 kB
Dirty:                96 kB
Writeback:             0 kB
AnonPages:       2668688 kB
Mapped:           824396 kB
Shmem:             23484 kB
KReclaimable:     599060 kB
Slab:             290464 kB
SReclaimable:      70712 kB
SUnreclaim:       219752 kB
KernelStack:       44928 kB
ShadowCallStack:   11232 kB
PageTables:        66016 kB
NFS_Unstable:          0 kB
Bounce:                0 kB
WritebackTmp:          0 kB
CommitLimit:     8679780 kB
Committed_AS:   62674124 kB
VmallocTotal:   263061440 kB
VmallocUsed:      125216 kB
VmallocChunk:          0 kB
Percpu:             6264 kB
CmaTotal:         405504 kB
CmaFree:            6156 kB
MemTotal:        7922396 kB
MemFree:          302748 kB
MemAvailable:    2033516 kB
Buffers:           59356 kB
Cached:          1490708 kB
SwapCached:         1136 kB
Active:          1181404 kB
Inactive:        3033448 kB
Active(anon):      70836 kB
Inactive(anon):  2622036 kB
Active(file):    1110568 kB
Inactive(file):   411412 kB
Unevictable:        6088 kB
Mlocked:            5648 kB
SwapTotal:       4718584 kB
SwapFree:        4621304 kB
Dirty:               108 kB
Writeback:             0 kB
AnonPages:       2669796 kB
Mapped:           824424 kB
Shmem:             23484 kB
KReclaimable:     599060 kB
Slab:             290432 kB
SReclaimable:      70712 kB
SUnreclaim:       219720 kB
KernelStack:       45024 kB
ShadowCallStack:   11264 kB
PageTables:        66104 kB
NFS_Unstable:          0 kB
Bounce:                0 kB
WritebackTmp:          0 kB
CommitLimit:     8679780 kB
Committed_AS:   62674124 kB
VmallocTotal:   263061440 kB
VmallocUsed:      125212 kB
VmallocChunk:          0 kB
Percpu:             6264 kB
CmaTotal:         405504 kB
CmaFree:            6156 kB
MemTotal:        7922396 kB
MemFree:          300172 kB
MemAvailable:    2030876 kB
Buffers:           59356 kB
Cached:          1490724 kB
SwapCached:         1136 kB
Active:          1181408 kB
Inactive:        3033964 kB
Active(anon):      70840 kB
Inactive(anon):  2622536 kB
Active(file):    1110568 kB
Inactive(file):   411428 kB
Unevictable:        6088 kB
Mlocked:            5648 kB
SwapTotal:       4718584 kB
SwapFree:        4621304 kB
Dirty:                16 kB
Writeback:             0 kB
AnonPages:       2670172 kB
Mapped:           824464 kB
Shmem:             23484 kB
KReclaimable:     598980 kB
Slab:             290348 kB
SReclaimable:      70632 kB
SUnreclaim:       219716 kB
KernelStack:       44992 kB
ShadowCallStack:   11252 kB
PageTables:        66260 kB
NFS_Unstable:          0 kB
Bounce:                0 kB
WritebackTmp:          0 kB
CommitLimit:     8679780 kB
Committed_AS:   62674124 kB
VmallocTotal:   263061440 kB
VmallocUsed:      125228 kB
VmallocChunk:          0 kB
Percpu:             6264 kB
CmaTotal:         405504 kB
CmaFree:            6152 kB
MemTotal:        7922396 kB
MemFree:          301052 kB
MemAvailable:    2031756 kB
Buffers:           59356 kB
Cached:          1490724 kB
SwapCached:         1136 kB
Active:          1181408 kB
Inactive:        3033588 kB
Active(anon):      70840 kB
Inactive(anon):  2622160 kB
Active(file):    1110568 kB
Inactive(file):   411428 kB
Unevictable:        6088 kB
Mlocked:            5648 kB
SwapTotal:       4718584 kB
SwapFree:        4621304 kB
Dirty:                36 kB
Writeback:             0 kB
AnonPages:       2669948 kB
Mapped:           824540 kB
Shmem:             23484 kB
KReclaimable:     598980 kB
Slab:             290368 kB
SReclaimable:      70632 kB
SUnreclaim:       219736 kB
KernelStack:       44960 kB
ShadowCallStack:   11264 kB
PageTables:        66188 kB
NFS_Unstable:          0 kB
Bounce:                0 kB
WritebackTmp:          0 kB
CommitLimit:     8679780 kB
Committed_AS:   62674124 kB
VmallocTotal:   263061440 kB
VmallocUsed:      125228 kB
VmallocChunk:          0 kB
Percpu:             6264 kB
CmaTotal:         405504 kB
CmaFree:            6156 kB
MemTotal:        7922396 kB
MemFree:          302652 kB
MemAvailable:    2033356 kB
Buffers:           59356 kB
Cached:          1490724 kB
SwapCached:         1136 kB
Active:          1181408 kB
Inactive:        3032208 kB
Active(anon):      70840 kB
Inactive(anon):  2620780 kB
Active(file):    1110568 kB
Inactive(file):   411428 kB
Unevictable:        6088 kB
Mlocked:            5648 kB
SwapTotal:       4718584 kB
SwapFree:        4621304 kB
Dirty:                36 kB
Writeback:             0 kB
AnonPages:       2668816 kB
Mapped:           824424 kB
Shmem:             23484 kB
KReclaimable:     598980 kB
Slab:             290372 kB
SReclaimable:      70632 kB
SUnreclaim:       219740 kB
KernelStack:       44976 kB
ShadowCallStack:   11272 kB
PageTables:        66020 kB
NFS_Unstable:          0 kB
Bounce:                0 kB
WritebackTmp:          0 kB
CommitLimit:     8679780 kB
Committed_AS:   62674124 kB
VmallocTotal:   263061440 kB
VmallocUsed:      125252 kB
VmallocChunk:          0 kB
Percpu:             6264 kB
CmaTotal:         405504 kB
CmaFree:            6280 kB
MemTotal:        7922396 kB
MemFree:          302068 kB
MemAvailable:    2032772 kB
Buffers:           59356 kB
Cached:          1490728 kB
SwapCached:         1136 kB
Active:          1181408 kB
Inactive:        3032516 kB
Active(anon):      70840 kB
Inactive(anon):  2621088 kB
Active(file):    1110568 kB
Inactive(file):   411428 kB
Unevictable:        6088 kB
Mlocked:            5648 kB
SwapTotal:       4718584 kB
SwapFree:        4621304 kB
Dirty:                40 kB
Writeback:             0 kB
AnonPages:       2668904 kB
Mapped:           824520 kB
Shmem:             23488 kB
KReclaimable:     598980 kB
Slab:             290360 kB
SReclaimable:      70632 kB
SUnreclaim:       219728 kB
KernelStack:       44976 kB
ShadowCallStack:   11268 kB
PageTables:        66180 kB
NFS_Unstable:          0 kB
Bounce:                0 kB
WritebackTmp:          0 kB
CommitLimit:     8679780 kB
Committed_AS:   62674128 kB
VmallocTotal:   263061440 kB
VmallocUsed:      125248 kB
VmallocChunk:          0 kB
Percpu:             6264 kB
CmaTotal:         405504 kB
CmaFree:            6284 kB
MemTotal:        7922396 kB
MemFree:          301972 kB
MemAvailable:    2032684 kB
Buffers:           59364 kB
Cached:          1490728 kB
SwapCached:         1136 kB
Active:          1181400 kB
Inactive:        3033096 kB
Active(anon):      70828 kB
Inactive(anon):  2621664 kB
Active(file):    1110572 kB
Inactive(file):   411432 kB
Unevictable:        6088 kB
Mlocked:            5648 kB
SwapTotal:       4718584 kB
SwapFree:        4621304 kB
Dirty:                60 kB
Writeback:             0 kB
AnonPages:       2669292 kB
Mapped:           824588 kB
Shmem:             23488 kB
KReclaimable:     598980 kB
Slab:             290324 kB
SReclaimable:      70632 kB
SUnreclaim:       219692 kB
KernelStack:       44992 kB
ShadowCallStack:   11272 kB
PageTables:        66008 kB
NFS_Unstable:          0 kB
Bounce:                0 kB
WritebackTmp:          0 kB
CommitLimit:     8679780 kB
Committed_AS:   62674128 kB
VmallocTotal:   263061440 kB
VmallocUsed:      125248 kB
VmallocChunk:          0 kB
Percpu:             6264 kB
CmaTotal:         405504 kB
CmaFree:            6284 kB
MemTotal:        7922396 kB
MemFree:          301628 kB
MemAvailable:    2032340 kB
Buffers:           59364 kB
Cached:          1490728 kB
SwapCached:         1136 kB
Active:          1181416 kB
Inactive:        3033424 kB
Active(anon):      70840 kB
Inactive(anon):  2621996 kB
Active(file):    1110576 kB
Inactive(file):   411428 kB
Unevictable:        6088 kB
Mlocked:            5648 kB
SwapTotal:       4718584 kB
SwapFree:        4621304 kB
Dirty:                 0 kB
Writeback:             0 kB
AnonPages:       2669664 kB
Mapped:           824580 kB
Shmem:             23488 kB
KReclaimable:     598980 kB
Slab:             290336 kB
SReclaimable:      70632 kB
SUnreclaim:       219704 kB
KernelStack:       44992 kB
ShadowCallStack:   11264 kB
PageTables:        66416 kB
NFS_Unstable:          0 kB
Bounce:                0 kB
WritebackTmp:          0 kB
CommitLimit:     8679780 kB
Committed_AS:   62674128 kB
VmallocTotal:   263061440 kB
VmallocUsed:      125252 kB
VmallocChunk:          0 kB
Percpu:             6264 kB
CmaTotal:         405504 kB
CmaFree:            6356 kB
MemTotal:        7922396 kB
MemFree:          301628 kB
MemAvailable:    2032340 kB
Buffers:           59364 kB
Cached:          1490728 kB
SwapCached:         1136 kB
Active:          1181412 kB
Inactive:        3034008 kB
Active(anon):      70836 kB
Inactive(anon):  2622580 kB
Active(file):    1110576 kB
Inactive(file):   411428 kB
Unevictable:        6088 kB
Mlocked:            5648 kB
SwapTotal:       4718584 kB
SwapFree:        4621304 kB
Dirty:                16 kB
Writeback:             0 kB
AnonPages:       2670320 kB
Mapped:           824404 kB
Shmem:             23488 kB
KReclaimable:     598980 kB
Slab:             290348 kB
SReclaimable:      70632 kB
SUnreclaim:       219716 kB
KernelStack:       44928 kB
ShadowCallStack:   11252 kB
PageTables:        66112 kB
NFS_Unstable:          0 kB
Bounce:                0 kB
WritebackTmp:          0 kB
CommitLimit:     8679780 kB
Committed_AS:   62674128 kB
VmallocTotal:   263061440 kB
VmallocUsed:      125200 kB
VmallocChunk:          0 kB
Percpu:             6264 kB
CmaTotal:         405504 kB
CmaFree:            6356 kB
MemTotal:        7922396 kB
MemFree:          300464 kB
MemAvailable:    2031176 kB
Buffers:           59364 kB
Cached:          1490728 kB
SwapCached:         1136 kB
Active:          1181416 kB
Inactive:        3034284 kB
Active(anon):      70840 kB
Inactive(anon):  2622856 kB
Active(file):    1110576 kB
Inactive(file):   411428 kB
Unevictable:        6088 kB
Mlocked:            5648 kB
SwapTotal:       4718584 kB
SwapFree:        4621304 kB
Dirty:                40 kB
Writeback:             0 kB
AnonPages:       2670624 kB
Mapped:           824404 kB
Shmem:             23488 kB
KReclaimable:     598980 kB
Slab:             290336 kB
SReclaimable:      70632 kB
SUnreclaim:       219704 kB
KernelStack:       44976 kB
ShadowCallStack:   11268 kB
PageTables:        66172 kB
NFS_Unstable:          0 kB
Bounce:                0 kB
WritebackTmp:          0 kB
CommitLimit:     8679780 kB
Committed_AS:   62674132 kB
VmallocTotal:   263061440 kB
VmallocUsed:      125252 kB
VmallocChunk:          0 kB
Percpu:             6264 kB
CmaTotal:         405504 kB
CmaFree:            6356 kB
MemTotal:        7922396 kB
MemFree:          300496 kB
MemAvailable:    2031208 kB
Buffers:           59364 kB
Cached:          1490728 kB
SwapCached:         1136 kB
Active:          1181420 kB
Inactive:        3034356 kB
Active(anon):      70844 kB
Inactive(anon):  2622928 kB
Active(file):    1110576 kB
Inactive(file):   411428 kB
Unevictable:        6088 kB
Mlocked:            5648 kB
SwapTotal:       4718584 kB
SwapFree:        4621304 kB
Dirty:                40 kB
Writeback:             0 kB
AnonPages:       2670716 kB
Mapped:           824604 kB
Shmem:             23488 kB
KReclaimable:     598980 kB
Slab:             290336 kB
SReclaimable:      70632 kB
SUnreclaim:       219704 kB
KernelStack:       44960 kB
ShadowCallStack:   11264 kB
PageTables:        66272 kB
NFS_Unstable:          0 kB
Bounce:                0 kB
WritebackTmp:          0 kB
CommitLimit:     8679780 kB
Committed_AS:   62674132 kB
VmallocTotal:   263061440 kB
VmallocUsed:      125220 kB
VmallocChunk:          0 kB
Percpu:             6264 kB
CmaTotal:         405504 kB
CmaFree:            6356 kB
MemTotal:        7922396 kB
MemFree:          300148 kB
MemAvailable:    2030864 kB
Buffers:           59364 kB
Cached:          1490732 kB
SwapCached:         1136 kB
Active:          1181412 kB
Inactive:        3034680 kB
Active(anon):      70836 kB
Inactive(anon):  2623248 kB
Active(file):    1110576 kB
Inactive(file):   411432 kB
Unevictable:        6088 kB
Mlocked:            5648 kB
SwapTotal:       4718584 kB
SwapFree:        4621304 kB
Dirty:                48 kB
Writeback:             0 kB
AnonPages:       2670952 kB
Mapped:           824404 kB
Shmem:             23488 kB
KReclaimable:     598980 kB
Slab:             290308 kB
SReclaimable:      70632 kB
SUnreclaim:       219676 kB
KernelStack:       44976 kB
ShadowCallStack:   11268 kB
PageTables:        66276 kB
NFS_Unstable:          0 kB
Bounce:                0 kB
WritebackTmp:          0 kB
CommitLimit:     8679780 kB
Committed_AS:   62674128 kB
VmallocTotal:   263061440 kB
VmallocUsed:      125268 kB
VmallocChunk:          0 kB
Percpu:             6264 kB
CmaTotal:         405504 kB
CmaFree:            6356 kB
MemTotal:        7922396 kB
MemFree:          298732 kB
MemAvailable:    2029484 kB
Buffers:           59396 kB
Cached:          1490732 kB
SwapCached:         1136 kB
Active:          1181444 kB
Inactive:        3036448 kB
Active(anon):      70844 kB
Inactive(anon):  2625008 kB
Active(file):    1110600 kB
Inactive(file):   411440 kB
Unevictable:        6088 kB
Mlocked:            5648 kB
SwapTotal:       4718584 kB
SwapFree:        4621304 kB
Dirty:               164 kB
Writeback:             0 kB
AnonPages:       2672716 kB
Mapped:           824476 kB
Shmem:             23488 kB
KReclaimable:     598984 kB
Slab:             290312 kB
SReclaimable:      70636 kB
SUnreclaim:       219676 kB
KernelStack:       45008 kB
ShadowCallStack:   11268 kB
PageTables:        66312 kB
NFS_Unstable:          0 kB
Bounce:                0 kB
WritebackTmp:          0 kB
CommitLimit:     8679780 kB
Committed_AS:   62674128 kB
VmallocTotal:   263061440 kB
VmallocUsed:      125252 kB
VmallocChunk:          0 kB
Percpu:             6264 kB
CmaTotal:         405504 kB
CmaFree:            6392 kB
MemTotal:        7922396 kB
MemFree:          299048 kB
MemAvailable:    2029800 kB
Buffers:           59396 kB
Cached:          1490732 kB
SwapCached:         1136 kB
Active:          1181440 kB
Inactive:        3036924 kB
Active(anon):      70840 kB
Inactive(anon):  2625484 kB
Active(file):    1110600 kB
Inactive(file):   411440 kB
Unevictable:        6088 kB
Mlocked:            5648 kB
SwapTotal:       4718584 kB
SwapFree:        4621304 kB
Dirty:                68 kB
Writeback:             0 kB
AnonPages:       2673208 kB
Mapped:           824544 kB
Shmem:             23488 kB
KReclaimable:     598984 kB
Slab:             290260 kB
SReclaimable:      70636 kB
SUnreclaim:       219624 kB
KernelStack:       44960 kB
ShadowCallStack:   11264 kB
PageTables:        66196 kB
NFS_Unstable:          0 kB
Bounce:                0 kB
WritebackTmp:          0 kB
CommitLimit:     8679780 kB
Committed_AS:   62674128 kB
VmallocTotal:   263061440 kB
VmallocUsed:      125248 kB
VmallocChunk:          0 kB
Percpu:             6264 kB
CmaTotal:         405504 kB
CmaFree:            6392 kB
MemTotal:        7922396 kB
MemFree:          297032 kB
MemAvailable:    2027784 kB
Buffers:           59396 kB
Cached:          1490732 kB
SwapCached:         1136 kB
Active:          1181432 kB
Inactive:        3037360 kB
Active(anon):      70832 kB
Inactive(anon):  2625920 kB
Active(file):    1110600 kB
Inactive(file):   411440 kB
Unevictable:        6088 kB
Mlocked:            5648 kB
SwapTotal:       4718584 kB
SwapFree:        4621304 kB
Dirty:                88 kB
Writeback:             0 kB
AnonPages:       2673728 kB
Mapped:           824376 kB
Shmem:             23488 kB
KReclaimable:     598984 kB
Slab:             290260 kB
SReclaimable:      70636 kB
SUnreclaim:       219624 kB
KernelStack:       45008 kB
ShadowCallStack:   11272 kB
PageTables:        66272 kB
NFS_Unstable:          0 kB
Bounce:                0 kB
WritebackTmp:          0 kB
CommitLimit:     8679780 kB
Committed_AS:   62674128 kB
VmallocTotal:   263061440 kB
VmallocUsed:      125248 kB
VmallocChunk:          0 kB
Percpu:             6264 kB
CmaTotal:         405504 kB
CmaFree:            6392 kB
MemTotal:        7922396 kB
MemFree:          297568 kB
MemAvailable:    2028320 kB
Buffers:           59396 kB
Cached:          1490732 kB
SwapCached:         1136 kB
Active:          1181440 kB
Inactive:        3037624 kB
Active(anon):      70840 kB
Inactive(anon):  2626184 kB
Active(file):    1110600 kB
Inactive(file):   411440 kB
Unevictable:        6088 kB
Mlocked:            5648 kB
SwapTotal:       4718584 kB
SwapFree:        4621304 kB
Dirty:                96 kB
Writeback:             0 kB
AnonPages:       2673792 kB
Mapped:           824400 kB
Shmem:             23488 kB
KReclaimable:     598984 kB
Slab:             290264 kB
SReclaimable:      70636 kB
SUnreclaim:       219628 kB
KernelStack:       44944 kB
ShadowCallStack:   11280 kB
PageTables:        66040 kB
NFS_Unstable:          0 kB
Bounce:                0 kB
WritebackTmp:          0 kB
CommitLimit:     8679780 kB
Committed_AS:   62674128 kB
VmallocTotal:   263061440 kB
VmallocUsed:      125236 kB
VmallocChunk:          0 kB
Percpu:             6264 kB
CmaTotal:         405504 kB
CmaFree:            6392 kB
MemTotal:        7922396 kB
MemFree:          297296 kB
MemAvailable:    2028048 kB
Buffers:           59396 kB
Cached:          1490732 kB
SwapCached:         1136 kB
Active:          1181432 kB
Inactive:        3037760 kB
Active(anon):      70832 kB
Inactive(anon):  2626320 kB
Active(file):    1110600 kB
Inactive(file):   411440 kB
Unevictable:        6088 kB
Mlocked:            5648 kB
SwapTotal:       4718584 kB
SwapFree:        4621304 kB
Dirty:               108 kB
Writeback:             0 kB
AnonPages:       2674008 kB
Mapped:           824568 kB
Shmem:             23488 kB
KReclaimable:     598984 kB
Slab:             290260 kB
SReclaimable:      70636 kB
SUnreclaim:       219624 kB
KernelStack:       44992 kB
ShadowCallStack:   11264 kB
PageTables:        66264 kB
NFS_Unstable:          0 kB
Bounce:                0 kB
WritebackTmp:          0 kB
CommitLimit:     8679780 kB
Committed_AS:   62674132 kB
VmallocTotal:   263061440 kB
VmallocUsed:      125236 kB
VmallocChunk:          0 kB
Percpu:             6264 kB
CmaTotal:         405504 kB
CmaFree:            6392 kB
MemTotal:        7922396 kB
MemFree:          294840 kB
MemAvailable:    2025592 kB
Buffers:           59404 kB
Cached:          1490728 kB
SwapCached:         1136 kB
Active:          1181440 kB
Inactive:        3040092 kB
Active(anon):      70840 kB
Inactive(anon):  2628652 kB
Active(file):    1110600 kB
Inactive(file):   411440 kB
Unevictable:        6088 kB
Mlocked:            5648 kB
SwapTotal:       4718584 kB
SwapFree:        4621304 kB
Dirty:               108 kB
Writeback:             0 kB
AnonPages:       2676456 kB
Mapped:           824536 kB
Shmem:             23492 kB
KReclaimable:     598984 kB
Slab:             290272 kB
SReclaimable:      70636 kB
SUnreclaim:       219636 kB
KernelStack:       44992 kB
ShadowCallStack:   11276 kB
PageTables:        66140 kB
NFS_Unstable:          0 kB
Bounce:                0 kB
WritebackTmp:          0 kB
CommitLimit:     8679780 kB
Committed_AS:   62674236 kB
VmallocTotal:   263061440 kB
VmallocUsed:      125272 kB
VmallocChunk:          0 kB
Percpu:             6264 kB
CmaTotal:         405504 kB
CmaFree:            6392 kB
MemTotal:        7922396 kB
MemFree:          260096 kB
MemAvailable:    1861780 kB
Buffers:           59404 kB
Cached:          1490744 kB
SwapCached:         1136 kB
Active:          1181440 kB
Inactive:        3076288 kB
Active(anon):      70832 kB
Inactive(anon):  2664848 kB
Active(file):    1110608 kB
Inactive(file):   411440 kB
Unevictable:        6088 kB
Mlocked:            5648 kB
SwapTotal:       4718584 kB
SwapFree:        4621304 kB
Dirty:               128 kB
Writeback:             0 kB
AnonPages:       2712796 kB
