MemTotal:        5980404 kB
MemFree:         1171276 kB
MemAvailable:    2828972 kB
Buffers:            5484 kB
Cached:          1681204 kB
SwapCached:            0 kB
Active:          1317112 kB
Inactive:        1464288 kB
Active(anon):    1101288 kB
Inactive(anon):    19056 kB
Active(file):     215824 kB
Inactive(file):  1445232 kB
Unevictable:        5576 kB
Mlocked:            5576 kB
SwapTotal:       3670008 kB
SwapFree:        3670008 kB
Dirty:               184 kB
Writeback:             0 kB
AnonPages:       1100520 kB
Mapped:           817496 kB
Shmem:             21096 kB
KReclaimable:     559072 kB
Slab:             224676 kB
SReclaimable:      68384 kB
SUnreclaim:       156292 kB
KernelStack:       45776 kB
PageTables:        60600 kB
NFS_Unstable:          0 kB
Bounce:                0 kB
WritebackTmp:          0 kB
CommitLimit:     6660208 kB
Committed_AS:   71344256 kB
VmallocTotal:   263061440 kB
VmallocUsed:       86168 kB
VmallocChunk:          0 kB
Percpu:             7648 kB
CmaTotal:         315392 kB
CmaFree:               0 kB
MemTotal:        5980404 kB
MemFree:         1165628 kB
MemAvailable:    2823260 kB
Buffers:            5484 kB
Cached:          1681204 kB
SwapCached:            0 kB
Active:          1320552 kB
Inactive:        1464288 kB
Active(anon):    1104728 kB
Inactive(anon):    19056 kB
Active(file):     215824 kB
Inactive(file):  1445232 kB
Unevictable:        5576 kB
Mlocked:            5576 kB
SwapTotal:       3670008 kB
SwapFree:        3670008 kB
Dirty:               184 kB
Writeback:             0 kB
AnonPages:       1103772 kB
Mapped:           815928 kB
Shmem:             21096 kB
KReclaimable:     559072 kB
Slab:             224692 kB
SReclaimable:      68384 kB
SUnreclaim:       156308 kB
KernelStack:       45808 kB
PageTables:        60748 kB
NFS_Unstable:          0 kB
Bounce:                0 kB
WritebackTmp:          0 kB
CommitLimit:     6660208 kB
Committed_AS:   71342128 kB
VmallocTotal:   263061440 kB
VmallocUsed:       86232 kB
VmallocChunk:          0 kB
Percpu:             7648 kB
CmaTotal:         315392 kB
CmaFree:               0 kB
MemTotal:        5980404 kB
MemFree:         1166368 kB
MemAvailable:    2824068 kB
Buffers:            5484 kB
Cached:          1681204 kB
SwapCached:            0 kB
Active:          1320696 kB
Inactive:        1464288 kB
Active(anon):    1104872 kB
Inactive(anon):    19056 kB
Active(file):     215824 kB
Inactive(file):  1445232 kB
Unevictable:        5576 kB
Mlocked:            5576 kB
SwapTotal:       3670008 kB
SwapFree:        3670008 kB
Dirty:               184 kB
Writeback:             0 kB
AnonPages:       1103824 kB
Mapped:           815904 kB
Shmem:             21096 kB
KReclaimable:     559076 kB
Slab:             224736 kB
SReclaimable:      68388 kB
SUnreclaim:       156348 kB
KernelStack:       45808 kB
PageTables:        60744 kB
NFS_Unstable:          0 kB
Bounce:                0 kB
WritebackTmp:          0 kB
CommitLimit:     6660208 kB
Committed_AS:   71343224 kB
VmallocTotal:   263061440 kB
VmallocUsed:       86200 kB
VmallocChunk:          0 kB
Percpu:             7648 kB
CmaTotal:         315392 kB
CmaFree:               0 kB
MemTotal:        5980404 kB
MemFree:         1165892 kB
MemAvailable:    2823592 kB
Buffers:            5484 kB
Cached:          1681208 kB
SwapCached:            0 kB
Active:          1320924 kB
Inactive:        1464292 kB
Active(anon):    1105100 kB
Inactive(anon):    19060 kB
Active(file):     215824 kB
Inactive(file):  1445232 kB
Unevictable:        5576 kB
Mlocked:            5576 kB
SwapTotal:       3670008 kB
SwapFree:        3670008 kB
Dirty:               184 kB
Writeback:             0 kB
AnonPages:       1104184 kB
Mapped:           816276 kB
Shmem:             21100 kB
KReclaimable:     559076 kB
Slab:             224696 kB
SReclaimable:      68388 kB
SUnreclaim:       156308 kB
KernelStack:       45792 kB
PageTables:        60776 kB
NFS_Unstable:          0 kB
Bounce:                0 kB
WritebackTmp:          0 kB
CommitLimit:     6660208 kB
Committed_AS:   71343292 kB
VmallocTotal:   263061440 kB
VmallocUsed:       86184 kB
VmallocChunk:          0 kB
Percpu:             7648 kB
CmaTotal:         315392 kB
CmaFree:               0 kB
MemTotal:        5980404 kB
MemFree:         1165012 kB
MemAvailable:    2822712 kB
Buffers:            5484 kB
Cached:          1681212 kB
SwapCached:            0 kB
Active:          1321376 kB
Inactive:        1464296 kB
Active(anon):    1105552 kB
Inactive(anon):    19064 kB
Active(file):     215824 kB
Inactive(file):  1445232 kB
Unevictable:        5576 kB
Mlocked:            5576 kB
SwapTotal:       3670008 kB
SwapFree:        3670008 kB
Dirty:               184 kB
Writeback:             0 kB
AnonPages:       1104680 kB
Mapped:           815872 kB
Shmem:             21104 kB
KReclaimable:     559076 kB
Slab:             224728 kB
SReclaimable:      68388 kB
SUnreclaim:       156340 kB
KernelStack:       45808 kB
PageTables:        60856 kB
NFS_Unstable:          0 kB
Bounce:                0 kB
WritebackTmp:          0 kB
CommitLimit:     6660208 kB
Committed_AS:   71338640 kB
VmallocTotal:   263061440 kB
VmallocUsed:       86248 kB
VmallocChunk:          0 kB
Percpu:             7648 kB
CmaTotal:         315392 kB
CmaFree:               0 kB
MemTotal:        5980404 kB
MemFree:         1164688 kB
MemAvailable:    2822388 kB
Buffers:            5484 kB
Cached:          1681236 kB
SwapCached:            0 kB
Active:          1321180 kB
Inactive:        1464320 kB
Active(anon):    1105356 kB
Inactive(anon):    19088 kB
Active(file):     215824 kB
Inactive(file):  1445232 kB
Unevictable:        5576 kB
Mlocked:            5576 kB
SwapTotal:       3670008 kB
SwapFree:        3670008 kB
Dirty:               184 kB
Writeback:             0 kB
AnonPages:       1104320 kB
Mapped:           815884 kB
Shmem:             21128 kB
KReclaimable:     559076 kB
Slab:             224696 kB
SReclaimable:      68388 kB
SUnreclaim:       156308 kB
KernelStack:       45776 kB
PageTables:        60720 kB
NFS_Unstable:          0 kB
Bounce:                0 kB
WritebackTmp:          0 kB
CommitLimit:     6660208 kB
Committed_AS:   71341656 kB
VmallocTotal:   263061440 kB
VmallocUsed:       86200 kB
VmallocChunk:          0 kB
Percpu:             7648 kB
CmaTotal:         315392 kB
CmaFree:               0 kB
MemTotal:        5980404 kB
MemFree:         1164572 kB
MemAvailable:    2822288 kB
Buffers:            5488 kB
Cached:          1681256 kB
SwapCached:            0 kB
Active:          1321584 kB
Inactive:        1464340 kB
Active(anon):    1105756 kB
Inactive(anon):    19096 kB
Active(file):     215828 kB
Inactive(file):  1445244 kB
Unevictable:        5576 kB
Mlocked:            5576 kB
SwapTotal:       3670008 kB
SwapFree:        3670008 kB
Dirty:               184 kB
Writeback:             0 kB
AnonPages:       1104880 kB
Mapped:           815904 kB
Shmem:             21136 kB
KReclaimable:     559076 kB
Slab:             224696 kB
SReclaimable:      68388 kB
SUnreclaim:       156308 kB
KernelStack:       45776 kB
PageTables:        60724 kB
NFS_Unstable:          0 kB
Bounce:                0 kB
WritebackTmp:          0 kB
CommitLimit:     6660208 kB
Committed_AS:   71341944 kB
VmallocTotal:   263061440 kB
VmallocUsed:       86200 kB
VmallocChunk:          0 kB
Percpu:             7648 kB
CmaTotal:         315392 kB
CmaFree:               0 kB
MemTotal:        5980404 kB
MemFree:         1163296 kB
MemAvailable:    2821012 kB
Buffers:            5488 kB
Cached:          1681256 kB
SwapCached:            0 kB
Active:          1321944 kB
Inactive:        1464340 kB
Active(anon):    1106116 kB
Inactive(anon):    19096 kB
Active(file):     215828 kB
Inactive(file):  1445244 kB
Unevictable:        5576 kB
Mlocked:            5576 kB
SwapTotal:       3670008 kB
SwapFree:        3670008 kB
Dirty:               184 kB
Writeback:             0 kB
AnonPages:       1105136 kB
Mapped:           816132 kB
Shmem:             21136 kB
KReclaimable:     559076 kB
Slab:             224728 kB
SReclaimable:      68388 kB
SUnreclaim:       156340 kB
KernelStack:       45776 kB
PageTables:        60856 kB
NFS_Unstable:          0 kB
Bounce:                0 kB
WritebackTmp:          0 kB
CommitLimit:     6660208 kB
Committed_AS:   71343092 kB
VmallocTotal:   263061440 kB
VmallocUsed:       86184 kB
VmallocChunk:          0 kB
Percpu:             7648 kB
CmaTotal:         315392 kB
CmaFree:               4 kB
MemTotal:        5980404 kB
MemFree:         1163932 kB
MemAvailable:    2821648 kB
Buffers:            5488 kB
Cached:          1681256 kB
SwapCached:            0 kB
Active:          1321812 kB
Inactive:        1464340 kB
Active(anon):    1105984 kB
Inactive(anon):    19096 kB
Active(file):     215828 kB
Inactive(file):  1445244 kB
Unevictable:        5576 kB
Mlocked:            5576 kB
SwapTotal:       3670008 kB
SwapFree:        3670008 kB
Dirty:               184 kB
Writeback:             0 kB
AnonPages:       1105264 kB
Mapped:           815900 kB
Shmem:             21136 kB
KReclaimable:     559076 kB
Slab:             224736 kB
SReclaimable:      68388 kB
SUnreclaim:       156348 kB
KernelStack:       45744 kB
PageTables:        60584 kB
NFS_Unstable:          0 kB
Bounce:                0 kB
WritebackTmp:          0 kB
CommitLimit:     6660208 kB
Committed_AS:   71340176 kB
VmallocTotal:   263061440 kB
VmallocUsed:       86200 kB
VmallocChunk:          0 kB
Percpu:             7648 kB
CmaTotal:         315392 kB
CmaFree:               0 kB
MemTotal:        5980404 kB
MemFree:         1163248 kB
MemAvailable:    2820964 kB
Buffers:            5488 kB
Cached:          1681256 kB
SwapCached:            0 kB
Active:          1322028 kB
Inactive:        1464340 kB
Active(anon):    1106200 kB
Inactive(anon):    19096 kB
Active(file):     215828 kB
Inactive(file):  1445244 kB
Unevictable:        5576 kB
Mlocked:            5576 kB
SwapTotal:       3670008 kB
SwapFree:        3670008 kB
Dirty:               184 kB
Writeback:             0 kB
AnonPages:       1105116 kB
Mapped:           815944 kB
Shmem:             21136 kB
KReclaimable:     559076 kB
Slab:             224712 kB
SReclaimable:      68388 kB
SUnreclaim:       156324 kB
KernelStack:       45760 kB
PageTables:        60608 kB
NFS_Unstable:          0 kB
Bounce:                0 kB
WritebackTmp:          0 kB
CommitLimit:     6660208 kB
Committed_AS:   71336036 kB
VmallocTotal:   263061440 kB
VmallocUsed:       86168 kB
VmallocChunk:          0 kB
Percpu:             7648 kB
CmaTotal:         315392 kB
CmaFree:               0 kB
MemTotal:        5980404 kB
MemFree:         1163700 kB
MemAvailable:    2821416 kB
Buffers:            5488 kB
Cached:          1681264 kB
SwapCached:            0 kB
Active:          1322384 kB
Inactive:        1464348 kB
Active(anon):    1106556 kB
Inactive(anon):    19104 kB
Active(file):     215828 kB
Inactive(file):  1445244 kB
Unevictable:        5576 kB
Mlocked:            5576 kB
SwapTotal:       3670008 kB
SwapFree:        3670008 kB
Dirty:               200 kB
Writeback:             0 kB
AnonPages:       1105676 kB
Mapped:           815912 kB
Shmem:             21144 kB
KReclaimable:     559076 kB
Slab:             224760 kB
SReclaimable:      68388 kB
SUnreclaim:       156372 kB
KernelStack:       45776 kB
PageTables:        60724 kB
NFS_Unstable:          0 kB
Bounce:                0 kB
WritebackTmp:          0 kB
CommitLimit:     6660208 kB
Committed_AS:   71340188 kB
VmallocTotal:   263061440 kB
VmallocUsed:       86216 kB
VmallocChunk:          0 kB
Percpu:             7648 kB
CmaTotal:         315392 kB
CmaFree:               0 kB
MemTotal:        5980404 kB
MemFree:         1164060 kB
MemAvailable:    2821768 kB
Buffers:            5488 kB
Cached:          1681256 kB
SwapCached:            0 kB
Active:          1322712 kB
Inactive:        1464344 kB
Active(anon):    1106888 kB
Inactive(anon):    19104 kB
Active(file):     215824 kB
Inactive(file):  1445240 kB
Unevictable:        5576 kB
Mlocked:            5576 kB
SwapTotal:       3670008 kB
SwapFree:        3670008 kB
Dirty:               196 kB
Writeback:             0 kB
AnonPages:       1105992 kB
Mapped:           816140 kB
Shmem:             21144 kB
KReclaimable:     559076 kB
Slab:             224728 kB
SReclaimable:      68388 kB
SUnreclaim:       156340 kB
KernelStack:       45792 kB
PageTables:        60764 kB
NFS_Unstable:          0 kB
Bounce:                0 kB
WritebackTmp:          0 kB
CommitLimit:     6660208 kB
Committed_AS:   71342000 kB
VmallocTotal:   263061440 kB
VmallocUsed:       86216 kB
VmallocChunk:          0 kB
Percpu:             7648 kB
CmaTotal:         315392 kB
CmaFree:               0 kB
MemTotal:        5980404 kB
MemFree:         1163920 kB
MemAvailable:    2821636 kB
Buffers:            5488 kB
Cached:          1681264 kB
SwapCached:            0 kB
Active:          1322876 kB
Inactive:        1464348 kB
Active(anon):    1107048 kB
Inactive(anon):    19104 kB
Active(file):     215828 kB
Inactive(file):  1445244 kB
Unevictable:        5576 kB
Mlocked:            5576 kB
SwapTotal:       3670008 kB
SwapFree:        3670008 kB
Dirty:               200 kB
Writeback:             0 kB
AnonPages:       1106104 kB
Mapped:           815976 kB
Shmem:             21144 kB
KReclaimable:     559076 kB
Slab:             224696 kB
SReclaimable:      68388 kB
SUnreclaim:       156308 kB
KernelStack:       45808 kB
PageTables:        60772 kB
NFS_Unstable:          0 kB
Bounce:                0 kB
WritebackTmp:          0 kB
CommitLimit:     6660208 kB
Committed_AS:   71339376 kB
VmallocTotal:   263061440 kB
VmallocUsed:       86168 kB
VmallocChunk:          0 kB
Percpu:             7648 kB
CmaTotal:         315392 kB
CmaFree:               0 kB
MemTotal:        5980404 kB
MemFree:         1162612 kB
MemAvailable:    2820328 kB
Buffers:            5488 kB
Cached:          1681264 kB
SwapCached:            0 kB
Active:          1322680 kB
Inactive:        1464348 kB
Active(anon):    1106852 kB
Inactive(anon):    19104 kB
Active(file):     215828 kB
Inactive(file):  1445244 kB
Unevictable:        5576 kB
Mlocked:            5576 kB
SwapTotal:       3670008 kB
SwapFree:        3670008 kB
Dirty:               200 kB
Writeback:             0 kB
AnonPages:       1105988 kB
Mapped:           816140 kB
Shmem:             21144 kB
KReclaimable:     559076 kB
Slab:             224704 kB
SReclaimable:      68388 kB
SUnreclaim:       156316 kB
KernelStack:       45776 kB
PageTables:        60728 kB
NFS_Unstable:          0 kB
Bounce:                0 kB
WritebackTmp:          0 kB
CommitLimit:     6660208 kB
Committed_AS:   71334628 kB
VmallocTotal:   263061440 kB
VmallocUsed:       86200 kB
VmallocChunk:          0 kB
Percpu:             7648 kB
CmaTotal:         315392 kB
CmaFree:               0 kB
MemTotal:        5980404 kB
MemFree:         1162924 kB
MemAvailable:    2820632 kB
Buffers:            5488 kB
Cached:          1681256 kB
SwapCached:            0 kB
Active:          1323388 kB
Inactive:        1464344 kB
Active(anon):    1107564 kB
Inactive(anon):    19104 kB
Active(file):     215824 kB
Inactive(file):  1445240 kB
Unevictable:        5576 kB
Mlocked:            5576 kB
SwapTotal:       3670008 kB
SwapFree:        3670008 kB
Dirty:               192 kB
Writeback:             0 kB
AnonPages:       1106436 kB
Mapped:           816276 kB
Shmem:             21144 kB
KReclaimable:     559076 kB
Slab:             224744 kB
SReclaimable:      68388 kB
SUnreclaim:       156356 kB
KernelStack:       45732 kB
PageTables:        60616 kB
NFS_Unstable:          0 kB
Bounce:                0 kB
WritebackTmp:          0 kB
CommitLimit:     6660208 kB
Committed_AS:   71333752 kB
VmallocTotal:   263061440 kB
VmallocUsed:       86152 kB
VmallocChunk:          0 kB
Percpu:             7648 kB
CmaTotal:         315392 kB
CmaFree:              36 kB
MemTotal:        5980404 kB
MemFree:         1163180 kB
MemAvailable:    2820900 kB
Buffers:            5488 kB
Cached:          1681272 kB
SwapCached:            0 kB
Active:          1324200 kB
Inactive:        1464356 kB
Active(anon):    1108372 kB
Inactive(anon):    19108 kB
Active(file):     215828 kB
Inactive(file):  1445248 kB
Unevictable:        5576 kB
Mlocked:            5576 kB
SwapTotal:       3670008 kB
SwapFree:        3670008 kB
Dirty:               220 kB
Writeback:             0 kB
AnonPages:       1107556 kB
Mapped:           815916 kB
Shmem:             21148 kB
KReclaimable:     559076 kB
Slab:             224680 kB
SReclaimable:      68388 kB
SUnreclaim:       156292 kB
KernelStack:       45760 kB
PageTables:        60724 kB
NFS_Unstable:          0 kB
Bounce:                0 kB
WritebackTmp:          0 kB
CommitLimit:     6660208 kB
Committed_AS:   71332044 kB
VmallocTotal:   263061440 kB
VmallocUsed:       86152 kB
VmallocChunk:          0 kB
Percpu:             7648 kB
CmaTotal:         315392 kB
CmaFree:               0 kB
MemTotal:        5980404 kB
MemFree:         1163480 kB
MemAvailable:    2821204 kB
Buffers:            5488 kB
Cached:          1681276 kB
SwapCached:            0 kB
Active:          1324416 kB
Inactive:        1464360 kB
Active(anon):    1108588 kB
Inactive(anon):    19108 kB
Active(file):     215828 kB
Inactive(file):  1445252 kB
Unevictable:        5576 kB
Mlocked:            5576 kB
SwapTotal:       3670008 kB
SwapFree:        3670008 kB
Dirty:               232 kB
Writeback:             0 kB
AnonPages:       1107828 kB
Mapped:           816144 kB
Shmem:             21148 kB
KReclaimable:     559076 kB
Slab:             224736 kB
SReclaimable:      68388 kB
SUnreclaim:       156348 kB
KernelStack:       45792 kB
PageTables:        60724 kB
NFS_Unstable:          0 kB
Bounce:                0 kB
WritebackTmp:          0 kB
CommitLimit:     6660208 kB
Committed_AS:   71333472 kB
VmallocTotal:   263061440 kB
VmallocUsed:       86120 kB
VmallocChunk:          0 kB
Percpu:             7648 kB
CmaTotal:         315392 kB
CmaFree:               0 kB
MemTotal:        5980404 kB
MemFree:         1162632 kB
MemAvailable:    2820356 kB
Buffers:            5488 kB
Cached:          1681276 kB
SwapCached:            0 kB
Active:          1324808 kB
Inactive:        1464360 kB
Active(anon):    1108980 kB
Inactive(anon):    19108 kB
Active(file):     215828 kB
Inactive(file):  1445252 kB
Unevictable:        5576 kB
Mlocked:            5576 kB
SwapTotal:       3670008 kB
SwapFree:        3670008 kB
Dirty:               232 kB
Writeback:             0 kB
AnonPages:       1107896 kB
Mapped:           815956 kB
Shmem:             21148 kB
KReclaimable:     559076 kB
Slab:             224696 kB
SReclaimable:      68388 kB
SUnreclaim:       156308 kB
KernelStack:       45776 kB
PageTables:        60736 kB
NFS_Unstable:          0 kB
Bounce:                0 kB
WritebackTmp:          0 kB
CommitLimit:     6660208 kB
Committed_AS:   71335468 kB
VmallocTotal:   263061440 kB
VmallocUsed:       86120 kB
VmallocChunk:          0 kB
Percpu:             7648 kB
CmaTotal:         315392 kB
CmaFree:               0 kB
MemTotal:        5980404 kB
MemFree:         1162584 kB
MemAvailable:    2820308 kB
Buffers:            5488 kB
Cached:          1681276 kB
SwapCached:            0 kB
Active:          1324944 kB
Inactive:        1464360 kB
Active(anon):    1109116 kB
Inactive(anon):    19108 kB
Active(file):     215828 kB
Inactive(file):  1445252 kB
Unevictable:        5576 kB
Mlocked:            5576 kB
SwapTotal:       3670008 kB
SwapFree:        3670008 kB
Dirty:               244 kB
Writeback:             0 kB
AnonPages:       1108296 kB
Mapped:           815976 kB
Shmem:             21148 kB
KReclaimable:     559076 kB
Slab:             224704 kB
SReclaimable:      68388 kB
SUnreclaim:       156316 kB
KernelStack:       45776 kB
PageTables:        60840 kB
NFS_Unstable:          0 kB
Bounce:                0 kB
WritebackTmp:          0 kB
CommitLimit:     6660208 kB
Committed_AS:   71335104 kB
VmallocTotal:   263061440 kB
VmallocUsed:       86136 kB
VmallocChunk:          0 kB
Percpu:             7648 kB
CmaTotal:         315392 kB
CmaFree:               0 kB
MemTotal:        5980404 kB
MemFree:         1161832 kB
MemAvailable:    2819556 kB
Buffers:            5488 kB
Cached:          1681276 kB
SwapCached:            0 kB
Active:          1325372 kB
Inactive:        1464360 kB
Active(anon):    1109544 kB
Inactive(anon):    19108 kB
Active(file):     215828 kB
Inactive(file):  1445252 kB
Unevictable:        5576 kB
Mlocked:            5576 kB
SwapTotal:       3670008 kB
SwapFree:        3670008 kB
Dirty:               248 kB
Writeback:             0 kB
AnonPages:       1108636 kB
Mapped:           816296 kB
Shmem:             21148 kB
KReclaimable:     559076 kB
Slab:             224656 kB
SReclaimable:      68388 kB
SUnreclaim:       156268 kB
KernelStack:       45792 kB
PageTables:        60548 kB
NFS_Unstable:          0 kB
Bounce:                0 kB
WritebackTmp:          0 kB
CommitLimit:     6660208 kB
Committed_AS:   71337188 kB
VmallocTotal:   263061440 kB
VmallocUsed:       86104 kB
VmallocChunk:          0 kB
Percpu:             7648 kB
CmaTotal:         315392 kB
CmaFree:               8 kB
MemTotal:        5980404 kB
MemFree:         1162232 kB
MemAvailable:    2819956 kB
Buffers:            5488 kB
Cached:          1681284 kB
SwapCached:            0 kB
Active:          1325448 kB
Inactive:        1464368 kB
Active(anon):    1109620 kB
Inactive(anon):    19116 kB
Active(file):     215828 kB
Inactive(file):  1445252 kB
Unevictable:        5576 kB
Mlocked:            5576 kB
SwapTotal:       3670008 kB
SwapFree:        3670008 kB
Dirty:               248 kB
Writeback:             0 kB
AnonPages:       1108724 kB
Mapped:           816220 kB
Shmem:             21156 kB
KReclaimable:     559076 kB
Slab:             224696 kB
SReclaimable:      68388 kB
SUnreclaim:       156308 kB
KernelStack:       45728 kB
PageTables:        60756 kB
NFS_Unstable:          0 kB
Bounce:                0 kB
WritebackTmp:          0 kB
CommitLimit:     6660208 kB
Committed_AS:   71333792 kB
VmallocTotal:   263061440 kB
VmallocUsed:       86072 kB
VmallocChunk:          0 kB
Percpu:             7648 kB
CmaTotal:         315392 kB
CmaFree:               0 kB
MemTotal:        5980404 kB
MemFree:         1162764 kB
MemAvailable:    2820508 kB
Buffers:            5492 kB
Cached:          1681300 kB
SwapCached:            0 kB
Active:          1325776 kB
Inactive:        1464384 kB
Active(anon):    1109944 kB
Inactive(anon):    19116 kB
Active(file):     215832 kB
Inactive(file):  1445268 kB
Unevictable:        5576 kB
Mlocked:            5576 kB
SwapTotal:       3670008 kB
SwapFree:        3670008 kB
Dirty:               228 kB
Writeback:             0 kB
AnonPages:       1109048 kB
Mapped:           816216 kB
Shmem:             21156 kB
KReclaimable:     559076 kB
Slab:             224704 kB
SReclaimable:      68388 kB
SUnreclaim:       156316 kB
KernelStack:       45712 kB
PageTables:        60728 kB
NFS_Unstable:          0 kB
Bounce:                0 kB
WritebackTmp:          0 kB
CommitLimit:     6660208 kB
Committed_AS:   71335936 kB
VmallocTotal:   263061440 kB
VmallocUsed:       86072 kB
VmallocChunk:          0 kB
Percpu:             7648 kB
CmaTotal:         315392 kB
CmaFree:               0 kB
MemTotal:        5980404 kB
MemFree:         1166432 kB
MemAvailable:    2824176 kB
Buffers:            5492 kB
Cached:          1681300 kB
SwapCached:            0 kB
Active:          1319228 kB
Inactive:        1464384 kB
Active(anon):    1103396 kB
Inactive(anon):    19116 kB
Active(file):     215832 kB
Inactive(file):  1445268 kB
Unevictable:        5576 kB
Mlocked:            5576 kB
SwapTotal:       3670008 kB
SwapFree:        3670008 kB
Dirty:               228 kB
Writeback:             0 kB
AnonPages:       1102516 kB
Mapped:           816052 kB
Shmem:             21156 kB
KReclaimable:     559076 kB
Slab:             224696 kB
SReclaimable:      68388 kB
SUnreclaim:       156308 kB
KernelStack:       45744 kB
PageTables:        60748 kB
NFS_Unstable:          0 kB
Bounce:                0 kB
WritebackTmp:          0 kB
CommitLimit:     6660208 kB
Committed_AS:   71337280 kB
VmallocTotal:   263061440 kB
VmallocUsed:       86104 kB
VmallocChunk:          0 kB
Percpu:             7648 kB
CmaTotal:         315392 kB
CmaFree:             544 kB
MemTotal:        5980404 kB
MemFree:         1166428 kB
MemAvailable:    2824172 kB
Buffers:            5492 kB
Cached:          1681304 kB
SwapCached:            0 kB
Active:          1319464 kB
Inactive:        1464388 kB
Active(anon):    1103632 kB
Inactive(anon):    19120 kB
Active(file):     215832 kB
Inactive(file):  1445268 kB
Unevictable:        5576 kB
Mlocked:            5576 kB
SwapTotal:       3670008 kB
SwapFree:        3670008 kB
Dirty:               228 kB
Writeback:             0 kB
AnonPages:       1102664 kB
Mapped:           816220 kB
Shmem:             21160 kB
KReclaimable:     559076 kB
Slab:             224696 kB
SReclaimable:      68388 kB
SUnreclaim:       156308 kB
KernelStack:       45744 kB
PageTables:        60496 kB
NFS_Unstable:          0 kB
Bounce:                0 kB
WritebackTmp:          0 kB
CommitLimit:     6660208 kB
Committed_AS:   71335380 kB
VmallocTotal:   263061440 kB
VmallocUsed:       86072 kB
VmallocChunk:          0 kB
Percpu:             7648 kB
CmaTotal:         315392 kB
CmaFree:               0 kB
MemTotal:        5980404 kB
MemFree:         1165352 kB
MemAvailable:    2823096 kB
Buffers:            5492 kB
Cached:          1681308 kB
SwapCached:            0 kB
Active:          1319800 kB
Inactive:        1464392 kB
Active(anon):    1103968 kB
Inactive(anon):    19124 kB
Active(file):     215832 kB
Inactive(file):  1445268 kB
Unevictable:        5576 kB
Mlocked:            5576 kB
SwapTotal:       3670008 kB
SwapFree:        3670008 kB
Dirty:               228 kB
Writeback:             0 kB
AnonPages:       1103152 kB
Mapped:           816060 kB
Shmem:             21164 kB
KReclaimable:     559076 kB
Slab:             224712 kB
SReclaimable:      68388 kB
SUnreclaim:       156324 kB
KernelStack:       45744 kB
PageTables:        60748 kB
NFS_Unstable:          0 kB
Bounce:                0 kB
WritebackTmp:          0 kB
CommitLimit:     6660208 kB
Committed_AS:   71336612 kB
VmallocTotal:   263061440 kB
VmallocUsed:       86088 kB
VmallocChunk:          0 kB
Percpu:             7648 kB
CmaTotal:         315392 kB
CmaFree:               0 kB
MemTotal:        5980404 kB
MemFree:         1166760 kB
MemAvailable:    2824504 kB
Buffers:            5492 kB
Cached:          1681308 kB
SwapCached:            0 kB
Active:          1319616 kB
Inactive:        1464392 kB
Active(anon):    1103784 kB
Inactive(anon):    19124 kB
Active(file):     215832 kB
Inactive(file):  1445268 kB
Unevictable:        5576 kB
Mlocked:            5576 kB
SwapTotal:       3670008 kB
SwapFree:        3670008 kB
Dirty:               228 kB
Writeback:             0 kB
AnonPages:       1102980 kB
Mapped:           816288 kB
Shmem:             21164 kB
KReclaimable:     559076 kB
Slab:             224696 kB
SReclaimable:      68388 kB
SUnreclaim:       156308 kB
KernelStack:       45728 kB
PageTables:        60916 kB
NFS_Unstable:          0 kB
Bounce:                0 kB
WritebackTmp:          0 kB
CommitLimit:     6660208 kB
Committed_AS:   71339208 kB
VmallocTotal:   263061440 kB
VmallocUsed:       86072 kB
VmallocChunk:          0 kB
Percpu:             7648 kB
CmaTotal:         315392 kB
CmaFree:               0 kB
MemTotal:        5980404 kB
MemFree:         1166336 kB
MemAvailable:    2824080 kB
Buffers:            5492 kB
Cached:          1681312 kB
SwapCached:            0 kB
Active:          1320132 kB
Inactive:        1464396 kB
Active(anon):    1104300 kB
Inactive(anon):    19128 kB
Active(file):     215832 kB
Inactive(file):  1445268 kB
Unevictable:        5576 kB
Mlocked:            5576 kB
SwapTotal:       3670008 kB
SwapFree:        3670008 kB
Dirty:               228 kB
Writeback:             0 kB
AnonPages:       1103440 kB
Mapped:           816228 kB
Shmem:             21168 kB
KReclaimable:     559076 kB
Slab:             224728 kB
SReclaimable:      68388 kB
SUnreclaim:       156340 kB
KernelStack:       45696 kB
PageTables:        60728 kB
NFS_Unstable:          0 kB
Bounce:                0 kB
WritebackTmp:          0 kB
CommitLimit:     6660208 kB
Committed_AS:   71339472 kB
VmallocTotal:   263061440 kB
VmallocUsed:       86072 kB
VmallocChunk:          0 kB
Percpu:             7648 kB
CmaTotal:         315392 kB
CmaFree:               0 kB
MemTotal:        5980404 kB
MemFree:         1165848 kB
MemAvailable:    2823592 kB
Buffers:            5492 kB
Cached:          1681312 kB
SwapCached:            0 kB
Active:          1320572 kB
Inactive:        1464396 kB
Active(anon):    1104740 kB
Inactive(anon):    19128 kB
Active(file):     215832 kB
Inactive(file):  1445268 kB
Unevictable:        5576 kB
Mlocked:            5576 kB
SwapTotal:       3670008 kB
SwapFree:        3670008 kB
Dirty:               232 kB
Writeback:             0 kB
AnonPages:       1103532 kB
Mapped:           816012 kB
Shmem:             21168 kB
KReclaimable:     559076 kB
Slab:             224704 kB
SReclaimable:      68388 kB
SUnreclaim:       156316 kB
KernelStack:       45716 kB
PageTables:        60824 kB
NFS_Unstable:          0 kB
Bounce:                0 kB
WritebackTmp:          0 kB
CommitLimit:     6660208 kB
Committed_AS:   71337928 kB
VmallocTotal:   263061440 kB
VmallocUsed:       86136 kB
VmallocChunk:          0 kB
Percpu:             7648 kB
CmaTotal:         315392 kB
CmaFree:               0 kB
MemTotal:        5980404 kB
MemFree:         1166036 kB
MemAvailable:    2823780 kB
Buffers:            5492 kB
Cached:          1681312 kB
SwapCached:            0 kB
Active:          1320640 kB
Inactive:        1464396 kB
Active(anon):    1104808 kB
Inactive(anon):    19128 kB
Active(file):     215832 kB
Inactive(file):  1445268 kB
Unevictable:        5576 kB
Mlocked:            5576 kB
SwapTotal:       3670008 kB
SwapFree:        3670008 kB
Dirty:               228 kB
Writeback:             0 kB
AnonPages:       1104036 kB
Mapped:           816228 kB
Shmem:             21168 kB
KReclaimable:     559076 kB
Slab:             224736 kB
SReclaimable:      68388 kB
SUnreclaim:       156348 kB
KernelStack:       45760 kB
PageTables:        60856 kB
NFS_Unstable:          0 kB
Bounce:                0 kB
WritebackTmp:          0 kB
CommitLimit:     6660208 kB
Committed_AS:   71336452 kB
VmallocTotal:   263061440 kB
VmallocUsed:       86136 kB
VmallocChunk:          0 kB
Percpu:             7648 kB
CmaTotal:         315392 kB
CmaFree:               0 kB
MemTotal:        5980404 kB
MemFree:         1165244 kB
MemAvailable:    2822980 kB
Buffers:            5492 kB
Cached:          1681304 kB
SwapCached:            0 kB
Active:          1320876 kB
Inactive:        1464392 kB
Active(anon):    1105048 kB
Inactive(anon):    19128 kB
Active(file):     215828 kB
Inactive(file):  1445264 kB
Unevictable:        5576 kB
Mlocked:            5576 kB
SwapTotal:       3670008 kB
SwapFree:        3670008 kB
Dirty:               224 kB
Writeback:             0 kB
AnonPages:       1104164 kB
Mapped:           816176 kB
Shmem:             21168 kB
KReclaimable:     559076 kB
Slab:             224776 kB
SReclaimable:      68388 kB
SUnreclaim:       156388 kB
KernelStack:       45748 kB
PageTables:        60984 kB
NFS_Unstable:          0 kB
Bounce:                0 kB
WritebackTmp:          0 kB
CommitLimit:     6660208 kB
Committed_AS:   71334792 kB
VmallocTotal:   263061440 kB
VmallocUsed:       86136 kB
VmallocChunk:          0 kB
Percpu:             7648 kB
CmaTotal:         315392 kB
CmaFree:               0 kB
MemTotal:        5980404 kB
MemFree:         1165472 kB
MemAvailable:    2823216 kB
Buffers:            5492 kB
Cached:          1681312 kB
SwapCached:            0 kB
Active:          1320964 kB
Inactive:        1464392 kB
Active(anon):    1105128 kB
Inactive(anon):    19128 kB
Active(file):     215836 kB
Inactive(file):  1445264 kB
Unevictable:        5576 kB
Mlocked:            5576 kB
SwapTotal:       3670008 kB
SwapFree:        3670008 kB
Dirty:               128 kB
Writeback:             0 kB
AnonPages:       1103968 kB
Mapped:           815920 kB
Shmem:             21168 kB
KReclaimable:     559076 kB
Slab:             224712 kB
SReclaimable:      68388 kB
SUnreclaim:       156324 kB
KernelStack:       45744 kB
PageTables:        60724 kB
NFS_Unstable:          0 kB
Bounce:                0 kB
WritebackTmp:          0 kB
CommitLimit:     6660208 kB
Committed_AS:   71339032 kB
VmallocTotal:   263061440 kB
VmallocUsed:       86136 kB
VmallocChunk:          0 kB
Percpu:             7648 kB
CmaTotal:         315392 kB
CmaFree:               0 kB
MemTotal:        5980404 kB
MemFree:         1169096 kB
MemAvailable:    2826848 kB
Buffers:            5492 kB
Cached:          1681320 kB
SwapCached:            0 kB
Active:          1316248 kB
Inactive:        1464400 kB
Active(anon):    1100412 kB
Inactive(anon):    19128 kB
Active(file):     215836 kB
Inactive(file):  1445272 kB
Unevictable:        5576 kB
Mlocked:            5576 kB
SwapTotal:       3670008 kB
SwapFree:        3670008 kB
Dirty:               152 kB
Writeback:             0 kB
AnonPages:       1099320 kB
Mapped:           816244 kB
Shmem:             21168 kB
KReclaimable:     559076 kB
Slab:             224752 kB
SReclaimable:      68388 kB
SUnreclaim:       156364 kB
KernelStack:       45732 kB
PageTables:        60568 kB
NFS_Unstable:          0 kB
Bounce:                0 kB
WritebackTmp:          0 kB
CommitLimit:     6660208 kB
Committed_AS:   71337300 kB
VmallocTotal:   263061440 kB
VmallocUsed:       86120 kB
VmallocChunk:          0 kB
Percpu:             7648 kB
CmaTotal:         315392 kB
CmaFree:               0 kB
MemTotal:        5980404 kB
MemFree:         1168792 kB
MemAvailable:    2826544 kB
Buffers:            5492 kB
Cached:          1681320 kB
SwapCached:            0 kB
Active:          1316528 kB
Inactive:        1464400 kB
Active(anon):    1100692 kB
Inactive(anon):    19128 kB
Active(file):     215836 kB
Inactive(file):  1445272 kB
Unevictable:        5576 kB
Mlocked:            5576 kB
SwapTotal:       3670008 kB
SwapFree:        3670008 kB
Dirty:               148 kB
Writeback:             0 kB
AnonPages:       1099796 kB
Mapped:           816244 kB
Shmem:             21168 kB
KReclaimable:     559076 kB
Slab:             224720 kB
SReclaimable:      68388 kB
SUnreclaim:       156332 kB
KernelStack:       45760 kB
PageTables:        60780 kB
NFS_Unstable:          0 kB
Bounce:                0 kB
WritebackTmp:          0 kB
CommitLimit:     6660208 kB
Committed_AS:   71344780 kB
VmallocTotal:   263061440 kB
VmallocUsed:       86104 kB
VmallocChunk:          0 kB
Percpu:             7648 kB
CmaTotal:         315392 kB
CmaFree:               0 kB
MemTotal:        5980404 kB
MemFree:         1169308 kB
MemAvailable:    2827060 kB
Buffers:            5492 kB
Cached:          1681324 kB
SwapCached:            0 kB
Active:          1316856 kB
Inactive:        1464404 kB
Active(anon):    1101020 kB
Inactive(anon):    19132 kB
Active(file):     215836 kB
Inactive(file):  1445272 kB
Unevictable:        5576 kB
Mlocked:            5576 kB
SwapTotal:       3670008 kB
SwapFree:        3670008 kB
Dirty:               148 kB
Writeback:             0 kB
AnonPages:       1100100 kB
Mapped:           816068 kB
Shmem:             21172 kB
KReclaimable:     559076 kB
Slab:             224720 kB
SReclaimable:      68388 kB
SUnreclaim:       156332 kB
KernelStack:       45712 kB
PageTables:        60616 kB
NFS_Unstable:          0 kB
Bounce:                0 kB
WritebackTmp:          0 kB
CommitLimit:     6660208 kB
Committed_AS:   71345132 kB
VmallocTotal:   263061440 kB
VmallocUsed:       86088 kB
VmallocChunk:          0 kB
Percpu:             7648 kB
CmaTotal:         315392 kB
CmaFree:             128 kB
MemTotal:        5980404 kB
MemFree:         1167968 kB
MemAvailable:    2825688 kB
Buffers:            5492 kB
Cached:          1681324 kB
SwapCached:            0 kB
Active:          1317124 kB
Inactive:        1464404 kB
Active(anon):    1101288 kB
Inactive(anon):    19132 kB
Active(file):     215836 kB
Inactive(file):  1445272 kB
Unevictable:        5576 kB
Mlocked:            5576 kB
SwapTotal:       3670008 kB
SwapFree:        3670008 kB
Dirty:               148 kB
Writeback:             0 kB
AnonPages:       1100488 kB
Mapped:           816232 kB
Shmem:             21172 kB
KReclaimable:     559076 kB
Slab:             224712 kB
SReclaimable:      68388 kB
SUnreclaim:       156324 kB
KernelStack:       45760 kB
PageTables:        60856 kB
NFS_Unstable:          0 kB
Bounce:                0 kB
WritebackTmp:          0 kB
CommitLimit:     6660208 kB
Committed_AS:   71344088 kB
VmallocTotal:   263061440 kB
VmallocUsed:       86120 kB
VmallocChunk:          0 kB
Percpu:             7648 kB
CmaTotal:         315392 kB
CmaFree:               0 kB
MemTotal:        5980404 kB
MemFree:         1169456 kB
MemAvailable:    2827192 kB
Buffers:            5492 kB
Cached:          1681312 kB
SwapCached:            0 kB
Active:          1316592 kB
Inactive:        1464400 kB
Active(anon):    1100764 kB
Inactive(anon):    19136 kB
Active(file):     215828 kB
Inactive(file):  1445264 kB
Unevictable:        5576 kB
Mlocked:            5576 kB
SwapTotal:       3670008 kB
SwapFree:        3670008 kB
Dirty:               136 kB
Writeback:             0 kB
AnonPages:       1099720 kB
Mapped:           816064 kB
Shmem:             21176 kB
KReclaimable:     559076 kB
Slab:             224720 kB
SReclaimable:      68388 kB
SUnreclaim:       156332 kB
KernelStack:       45736 kB
PageTables:        60916 kB
NFS_Unstable:          0 kB
Bounce:                0 kB
WritebackTmp:          0 kB
CommitLimit:     6660208 kB
Committed_AS:   71336324 kB
VmallocTotal:   263061440 kB
VmallocUsed:       86104 kB
VmallocChunk:          0 kB
Percpu:             7648 kB
CmaTotal:         315392 kB
CmaFree:              88 kB
MemTotal:        5980404 kB
MemFree:         1168624 kB
MemAvailable:    2826392 kB
Buffers:            5496 kB
Cached:          1681348 kB
SwapCached:            0 kB
Active:          1317560 kB
Inactive:        1464428 kB
Active(anon):    1101720 kB
Inactive(anon):    19144 kB
Active(file):     215840 kB
Inactive(file):  1445284 kB
Unevictable:        5576 kB
Mlocked:            5576 kB
SwapTotal:       3670008 kB
SwapFree:        3670008 kB
Dirty:               176 kB
Writeback:             0 kB
AnonPages:       1100620 kB
Mapped:           816288 kB
Shmem:             21184 kB
KReclaimable:     559076 kB
Slab:             224744 kB
SReclaimable:      68388 kB
SUnreclaim:       156356 kB
KernelStack:       45728 kB
PageTables:        60724 kB
NFS_Unstable:          0 kB
Bounce:                0 kB
WritebackTmp:          0 kB
CommitLimit:     6660208 kB
Committed_AS:   71337548 kB
VmallocTotal:   263061440 kB
VmallocUsed:       86120 kB
VmallocChunk:          0 kB
Percpu:             7648 kB
CmaTotal:         315392 kB
CmaFree:               0 kB
MemTotal:        5980404 kB
MemFree:         1168148 kB
MemAvailable:    2825916 kB
Buffers:            5496 kB
Cached:          1681348 kB
SwapCached:            0 kB
Active:          1317596 kB
Inactive:        1464428 kB
Active(anon):    1101756 kB
Inactive(anon):    19144 kB
Active(file):     215840 kB
Inactive(file):  1445284 kB
Unevictable:        5576 kB
Mlocked:            5576 kB
SwapTotal:       3670008 kB
SwapFree:        3670008 kB
Dirty:               184 kB
Writeback:             0 kB
AnonPages:       1100608 kB
Mapped:           816104 kB
Shmem:             21184 kB
KReclaimable:     559076 kB
Slab:             224760 kB
SReclaimable:      68388 kB
SUnreclaim:       156372 kB
KernelStack:       45740 kB
PageTables:        60692 kB
NFS_Unstable:          0 kB
Bounce:                0 kB
WritebackTmp:          0 kB
CommitLimit:     6660208 kB
Committed_AS:   71335448 kB
VmallocTotal:   263061440 kB
VmallocUsed:       86120 kB
VmallocChunk:          0 kB
Percpu:             7648 kB
CmaTotal:         315392 kB
CmaFree:             100 kB
MemTotal:        5980404 kB
MemFree:         1167668 kB
MemAvailable:    2825436 kB
Buffers:            5496 kB
Cached:          1681348 kB
SwapCached:            0 kB
Active:          1317700 kB
Inactive:        1464428 kB
Active(anon):    1101860 kB
Inactive(anon):    19144 kB
Active(file):     215840 kB
Inactive(file):  1445284 kB
Unevictable:        5576 kB
Mlocked:            5576 kB
SwapTotal:       3670008 kB
SwapFree:        3670008 kB
Dirty:               220 kB
Writeback:             0 kB
AnonPages:       1101140 kB
Mapped:           816060 kB
Shmem:             21184 kB
KReclaimable:     559076 kB
Slab:             224720 kB
SReclaimable:      68388 kB
SUnreclaim:       156332 kB
KernelStack:       45808 kB
PageTables:        60780 kB
NFS_Unstable:          0 kB
Bounce:                0 kB
WritebackTmp:          0 kB
CommitLimit:     6660208 kB
Committed_AS:   71340204 kB
VmallocTotal:   263061440 kB
VmallocUsed:       86152 kB
VmallocChunk:          0 kB
Percpu:             7648 kB
CmaTotal:         315392 kB
CmaFree:               0 kB
MemTotal:        5980404 kB
MemFree:         1167252 kB
MemAvailable:    2825016 kB
Buffers:            5496 kB
Cached:          1681344 kB
SwapCached:            0 kB
Active:          1318356 kB
Inactive:        1464428 kB
Active(anon):    1102520 kB
Inactive(anon):    19144 kB
Active(file):     215836 kB
Inactive(file):  1445284 kB
Unevictable:        5576 kB
Mlocked:            5576 kB
SwapTotal:       3670008 kB
SwapFree:        3670008 kB
Dirty:               220 kB
Writeback:             0 kB
AnonPages:       1101548 kB
Mapped:           816220 kB
Shmem:             21184 kB
KReclaimable:     559076 kB
Slab:             224784 kB
SReclaimable:      68388 kB
SUnreclaim:       156396 kB
KernelStack:       45792 kB
PageTables:        60700 kB
NFS_Unstable:          0 kB
Bounce:                0 kB
WritebackTmp:          0 kB
CommitLimit:     6660208 kB
Committed_AS:   71338608 kB
VmallocTotal:   263061440 kB
VmallocUsed:       86184 kB
VmallocChunk:          0 kB
Percpu:             7648 kB
CmaTotal:         315392 kB
CmaFree:               0 kB
MemTotal:        5980404 kB
MemFree:         1167440 kB
MemAvailable:    2825212 kB
Buffers:            5496 kB
Cached:          1681356 kB
SwapCached:            0 kB
Active:          1319048 kB
Inactive:        1464436 kB
Active(anon):    1103208 kB
Inactive(anon):    19148 kB
Active(file):     215840 kB
Inactive(file):  1445288 kB
Unevictable:        5576 kB
Mlocked:            5576 kB
SwapTotal:       3670008 kB
SwapFree:        3670008 kB
Dirty:               228 kB
Writeback:             0 kB
AnonPages:       1102328 kB
Mapped:           816128 kB
Shmem:             21188 kB
KReclaimable:     559076 kB
Slab:             224712 kB
SReclaimable:      68388 kB
SUnreclaim:       156324 kB
KernelStack:       45808 kB
PageTables:        60748 kB
NFS_Unstable:          0 kB
Bounce:                0 kB
WritebackTmp:          0 kB
CommitLimit:     6660208 kB
Committed_AS:   71333616 kB
VmallocTotal:   263061440 kB
VmallocUsed:       86136 kB
VmallocChunk:          0 kB
Percpu:             7648 kB
CmaTotal:         315392 kB
CmaFree:               0 kB
MemTotal:        5980404 kB
MemFree:         1167428 kB
MemAvailable:    2825200 kB
Buffers:            5496 kB
Cached:          1681364 kB
SwapCached:            0 kB
Active:          1319480 kB
Inactive:        1464444 kB
Active(anon):    1103640 kB
Inactive(anon):    19156 kB
Active(file):     215840 kB
Inactive(file):  1445288 kB
Unevictable:        5576 kB
Mlocked:            5576 kB
SwapTotal:       3670008 kB
SwapFree:        3670008 kB
Dirty:               228 kB
Writeback:             0 kB
AnonPages:       1102392 kB
Mapped:           816504 kB
Shmem:             21196 kB
KReclaimable:     559076 kB
Slab:             224712 kB
SReclaimable:      68388 kB
SUnreclaim:       156324 kB
KernelStack:       45744 kB
PageTables:        60636 kB
NFS_Unstable:          0 kB
Bounce:                0 kB
WritebackTmp:          0 kB
CommitLimit:     6660208 kB
Committed_AS:   71337948 kB
VmallocTotal:   263061440 kB
VmallocUsed:       86168 kB
VmallocChunk:          0 kB
Percpu:             7648 kB
CmaTotal:         315392 kB
CmaFree:             128 kB
MemTotal:        5980404 kB
MemFree:         1167372 kB
MemAvailable:    2825144 kB
Buffers:            5496 kB
Cached:          1681364 kB
SwapCached:            0 kB
Active:          1319952 kB
Inactive:        1464444 kB
Active(anon):    1104112 kB
Inactive(anon):    19156 kB
Active(file):     215840 kB
Inactive(file):  1445288 kB
Unevictable:        5576 kB
Mlocked:            5576 kB
SwapTotal:       3670008 kB
SwapFree:        3670008 kB
Dirty:               264 kB
Writeback:             0 kB
AnonPages:       1103004 kB
Mapped:           816072 kB
Shmem:             21196 kB
KReclaimable:     559076 kB
Slab:             224760 kB
SReclaimable:      68388 kB
SUnreclaim:       156372 kB
KernelStack:       45776 kB
PageTables:        60720 kB
NFS_Unstable:          0 kB
Bounce:                0 kB
WritebackTmp:          0 kB
CommitLimit:     6660208 kB
Committed_AS:   71336816 kB
VmallocTotal:   263061440 kB
VmallocUsed:       86184 kB
VmallocChunk:          0 kB
Percpu:             7648 kB
CmaTotal:         315392 kB
CmaFree:               0 kB
MemTotal:        5980404 kB
MemFree:         1166668 kB
MemAvailable:    2824440 kB
Buffers:            5496 kB
Cached:          1681364 kB
SwapCached:            0 kB
Active:          1320380 kB
Inactive:        1464444 kB
Active(anon):    1104540 kB
Inactive(anon):    19156 kB
Active(file):     215840 kB
Inactive(file):  1445288 kB
Unevictable:        5576 kB
Mlocked:            5576 kB
SwapTotal:       3670008 kB
SwapFree:        3670008 kB
Dirty:               264 kB
Writeback:             0 kB
AnonPages:       1103488 kB
Mapped:           816160 kB
Shmem:             21196 kB
KReclaimable:     559076 kB
Slab:             224760 kB
SReclaimable:      68388 kB
SUnreclaim:       156372 kB
KernelStack:       45728 kB
PageTables:        60840 kB
NFS_Unstable:          0 kB
Bounce:                0 kB
WritebackTmp:          0 kB
CommitLimit:     6660208 kB
Committed_AS:   71338012 kB
VmallocTotal:   263061440 kB
VmallocUsed:       86216 kB
VmallocChunk:          0 kB
Percpu:             7648 kB
CmaTotal:         315392 kB
CmaFree:               8 kB
MemTotal:        5980404 kB
MemFree:         1166684 kB
MemAvailable:    2824456 kB
Buffers:            5496 kB
Cached:          1681364 kB
SwapCached:            0 kB
Active:          1320328 kB
Inactive:        1464444 kB
Active(anon):    1104488 kB
Inactive(anon):    19156 kB
Active(file):     215840 kB
Inactive(file):  1445288 kB
Unevictable:        5576 kB
Mlocked:            5576 kB
SwapTotal:       3670008 kB
SwapFree:        3670008 kB
Dirty:               276 kB
Writeback:             0 kB
AnonPages:       1103688 kB
Mapped:           816300 kB
Shmem:             21196 kB
KReclaimable:     559076 kB
Slab:             224744 kB
SReclaimable:      68388 kB
SUnreclaim:       156356 kB
KernelStack:       45776 kB
PageTables:        60724 kB
NFS_Unstable:          0 kB
Bounce:                0 kB
WritebackTmp:          0 kB
CommitLimit:     6660208 kB
Committed_AS:   71337852 kB
VmallocTotal:   263061440 kB
VmallocUsed:       86216 kB
VmallocChunk:          0 kB
Percpu:             7648 kB
CmaTotal:         315392 kB
CmaFree:               0 kB
MemTotal:        5980404 kB
MemFree:         1164448 kB
MemAvailable:    2822220 kB
Buffers:            5496 kB
Cached:          1681368 kB
SwapCached:            0 kB
Active:          1321172 kB
Inactive:        1464448 kB
Active(anon):    1105332 kB
Inactive(anon):    19160 kB
Active(file):     215840 kB
Inactive(file):  1445288 kB
Unevictable:        5576 kB
Mlocked:            5576 kB
SwapTotal:       3670008 kB
SwapFree:        3670008 kB
Dirty:               132 kB
Writeback:             0 kB
AnonPages:       1104328 kB
Mapped:           816304 kB
Shmem:             21200 kB
KReclaimable:     559076 kB
Slab:             224744 kB
SReclaimable:      68388 kB
SUnreclaim:       156356 kB
KernelStack:       45808 kB
PageTables:        60856 kB
NFS_Unstable:          0 kB
Bounce:                0 kB
WritebackTmp:          0 kB
CommitLimit:     6660208 kB
Committed_AS:   71339908 kB
VmallocTotal:   263061440 kB
VmallocUsed:       86216 kB
VmallocChunk:          0 kB
Percpu:             7648 kB
CmaTotal:         315392 kB
CmaFree:               0 kB
MemTotal:        5980404 kB
MemFree:         1165036 kB
MemAvailable:    2822816 kB
Buffers:            5496 kB
Cached:          1681376 kB
SwapCached:            0 kB
Active:          1321588 kB
Inactive:        1464460 kB
Active(anon):    1105752 kB
Inactive(anon):    19160 kB
Active(file):     215836 kB
Inactive(file):  1445300 kB
Unevictable:        5576 kB
Mlocked:            5576 kB
SwapTotal:       3670008 kB
SwapFree:        3670008 kB
Dirty:               164 kB
Writeback:             0 kB
AnonPages:       1104800 kB
Mapped:           816172 kB
Shmem:             21200 kB
KReclaimable:     559076 kB
Slab:             224712 kB
SReclaimable:      68388 kB
SUnreclaim:       156324 kB
KernelStack:       45776 kB
PageTables:        60620 kB
NFS_Unstable:          0 kB
Bounce:                0 kB
WritebackTmp:          0 kB
CommitLimit:     6660208 kB
Committed_AS:   71336916 kB
VmallocTotal:   263061440 kB
VmallocUsed:       86216 kB
VmallocChunk:          0 kB
Percpu:             7648 kB
CmaTotal:         315392 kB
CmaFree:               0 kB
MemTotal:        5980404 kB
MemFree:         1164084 kB
MemAvailable:    2821864 kB
Buffers:            5496 kB
Cached:          1681380 kB
SwapCached:            0 kB
Active:          1322124 kB
Inactive:        1464460 kB
Active(anon):    1106284 kB
Inactive(anon):    19164 kB
Active(file):     215840 kB
Inactive(file):  1445296 kB
Unevictable:        5576 kB
Mlocked:            5576 kB
SwapTotal:       3670008 kB
SwapFree:        3670008 kB
Dirty:               184 kB
Writeback:             0 kB
AnonPages:       1105204 kB
Mapped:           816308 kB
Shmem:             21204 kB
KReclaimable:     559076 kB
Slab:             224712 kB
SReclaimable:      68388 kB
SUnreclaim:       156324 kB
KernelStack:       45776 kB
PageTables:        60724 kB
NFS_Unstable:          0 kB
Bounce:                0 kB
WritebackTmp:          0 kB
CommitLimit:     6660208 kB
Committed_AS:   71344176 kB
VmallocTotal:   263061440 kB
VmallocUsed:       86264 kB
VmallocChunk:          0 kB
Percpu:             7648 kB
CmaTotal:         315392 kB
CmaFree:               0 kB
MemTotal:        5980404 kB
MemFree:         1162984 kB
MemAvailable:    2820764 kB
Buffers:            5496 kB
Cached:          1681380 kB
SwapCached:            0 kB
Active:          1322516 kB
Inactive:        1464460 kB
Active(anon):    1106676 kB
Inactive(anon):    19164 kB
Active(file):     215840 kB
Inactive(file):  1445296 kB
Unevictable:        5576 kB
Mlocked:            5576 kB
SwapTotal:       3670008 kB
SwapFree:        3670008 kB
Dirty:               204 kB
Writeback:             0 kB
AnonPages:       1105656 kB
Mapped:           816308 kB
Shmem:             21204 kB
KReclaimable:     559076 kB
Slab:             224784 kB
SReclaimable:      68388 kB
SUnreclaim:       156396 kB
KernelStack:       45792 kB
PageTables:        60852 kB
NFS_Unstable:          0 kB
Bounce:                0 kB
WritebackTmp:          0 kB
CommitLimit:     6660208 kB
Committed_AS:   71342080 kB
VmallocTotal:   263061440 kB
VmallocUsed:       86232 kB
VmallocChunk:          0 kB
Percpu:             7648 kB
CmaTotal:         315392 kB
CmaFree:               0 kB
MemTotal:        5980404 kB
MemFree:         1163040 kB
MemAvailable:    2820820 kB
Buffers:            5496 kB
Cached:          1681380 kB
SwapCached:            0 kB
Active:          1322340 kB
Inactive:        1464460 kB
Active(anon):    1106500 kB
Inactive(anon):    19164 kB
Active(file):     215840 kB
Inactive(file):  1445296 kB
Unevictable:        5576 kB
Mlocked:            5576 kB
SwapTotal:       3670008 kB
SwapFree:        3670008 kB
Dirty:               204 kB
Writeback:             0 kB
AnonPages:       1105612 kB
Mapped:           816080 kB
Shmem:             21204 kB
KReclaimable:     559076 kB
Slab:             224728 kB
SReclaimable:      68388 kB
SUnreclaim:       156340 kB
KernelStack:       45792 kB
PageTables:        60728 kB
NFS_Unstable:          0 kB
Bounce:                0 kB
WritebackTmp:          0 kB
CommitLimit:     6660208 kB
Committed_AS:   71339540 kB
VmallocTotal:   263061440 kB
VmallocUsed:       86248 kB
VmallocChunk:          0 kB
Percpu:             7648 kB
CmaTotal:         315392 kB
CmaFree:               0 kB
MemTotal:        5980404 kB
MemFree:         1163068 kB
MemAvailable:    2820848 kB
Buffers:            5496 kB
Cached:          1681380 kB
SwapCached:            0 kB
Active:          1321880 kB
Inactive:        1464460 kB
Active(anon):    1106040 kB
Inactive(anon):    19164 kB
Active(file):     215840 kB
Inactive(file):  1445296 kB
Unevictable:        5576 kB
Mlocked:            5576 kB
SwapTotal:       3670008 kB
SwapFree:        3670008 kB
Dirty:               204 kB
Writeback:             0 kB
AnonPages:       1105420 kB
Mapped:           816372 kB
Shmem:             21204 kB
KReclaimable:     559076 kB
Slab:             224744 kB
SReclaimable:      68388 kB
SUnreclaim:       156356 kB
KernelStack:       45792 kB
PageTables:        60748 kB
NFS_Unstable:          0 kB
Bounce:                0 kB
WritebackTmp:          0 kB
CommitLimit:     6660208 kB
Committed_AS:   71343412 kB
VmallocTotal:   263061440 kB
VmallocUsed:       86232 kB
VmallocChunk:          0 kB
Percpu:             7648 kB
CmaTotal:         315392 kB
CmaFree:               0 kB
MemTotal:        5980404 kB
MemFree:         1163720 kB
MemAvailable:    2821492 kB
Buffers:            5496 kB
Cached:          1681372 kB
SwapCached:            0 kB
Active:          1322316 kB
Inactive:        1464456 kB
Active(anon):    1106480 kB
Inactive(anon):    19164 kB
Active(file):     215836 kB
Inactive(file):  1445292 kB
Unevictable:        5576 kB
Mlocked:            5576 kB
SwapTotal:       3670008 kB
SwapFree:        3670008 kB
Dirty:               196 kB
Writeback:             0 kB
AnonPages:       1105736 kB
Mapped:           816256 kB
Shmem:             21204 kB
KReclaimable:     559076 kB
Slab:             224696 kB
SReclaimable:      68388 kB
SUnreclaim:       156308 kB
KernelStack:       45808 kB
PageTables:        60632 kB
NFS_Unstable:          0 kB
Bounce:                0 kB
WritebackTmp:          0 kB
CommitLimit:     6660208 kB
Committed_AS:   71343016 kB
VmallocTotal:   263061440 kB
VmallocUsed:       86184 kB
VmallocChunk:          0 kB
Percpu:             7648 kB
CmaTotal:         315392 kB
CmaFree:               4 kB
MemTotal:        5980404 kB
MemFree:         1163892 kB
MemAvailable:    2821692 kB
Buffers:            5500 kB
Cached:          1681396 kB
SwapCached:            0 kB
Active:          1322612 kB
Inactive:        1464476 kB
Active(anon):    1106768 kB
Inactive(anon):    19164 kB
Active(file):     215844 kB
Inactive(file):  1445312 kB
Unevictable:        5576 kB
Mlocked:            5576 kB
SwapTotal:       3670008 kB
SwapFree:        3670008 kB
Dirty:               208 kB
Writeback:             0 kB
AnonPages:       1105920 kB
Mapped:           816308 kB
Shmem:             21204 kB
KReclaimable:     559076 kB
Slab:             224712 kB
SReclaimable:      68388 kB
SUnreclaim:       156324 kB
KernelStack:       45776 kB
PageTables:        60724 kB
NFS_Unstable:          0 kB
Bounce:                0 kB
WritebackTmp:          0 kB
CommitLimit:     6660208 kB
Committed_AS:   71340476 kB
VmallocTotal:   263061440 kB
VmallocUsed:       86184 kB
VmallocChunk:          0 kB
Percpu:             7648 kB
CmaTotal:         315392 kB
CmaFree:               0 kB
MemTotal:        5980404 kB
MemFree:         1162956 kB
MemAvailable:    2820748 kB
Buffers:            5500 kB
Cached:          1681388 kB
SwapCached:            0 kB
Active:          1322824 kB
Inactive:        1464472 kB
Active(anon):    1106984 kB
Inactive(anon):    19164 kB
Active(file):     215840 kB
Inactive(file):  1445308 kB
Unevictable:        5576 kB
Mlocked:            5576 kB
SwapTotal:       3670008 kB
SwapFree:        3670008 kB
Dirty:               204 kB
Writeback:             0 kB
AnonPages:       1105844 kB
Mapped:           816344 kB
Shmem:             21204 kB
KReclaimable:     559076 kB
Slab:             224664 kB
SReclaimable:      68388 kB
SUnreclaim:       156276 kB
KernelStack:       45756 kB
PageTables:        60564 kB
NFS_Unstable:          0 kB
Bounce:                0 kB
WritebackTmp:          0 kB
CommitLimit:     6660208 kB
Committed_AS:   71343400 kB
VmallocTotal:   263061440 kB
VmallocUsed:       86184 kB
VmallocChunk:          0 kB
Percpu:             7648 kB
CmaTotal:         315392 kB
CmaFree:               0 kB
MemTotal:        5980404 kB
MemFree:         1163616 kB
MemAvailable:    2821416 kB
Buffers:            5500 kB
Cached:          1681400 kB
SwapCached:            0 kB
Active:          1323172 kB
Inactive:        1464480 kB
Active(anon):    1107328 kB
Inactive(anon):    19168 kB
Active(file):     215844 kB
Inactive(file):  1445312 kB
Unevictable:        5576 kB
Mlocked:            5576 kB
SwapTotal:       3670008 kB
SwapFree:        3670008 kB
Dirty:               208 kB
Writeback:             0 kB
AnonPages:       1106424 kB
Mapped:           816148 kB
Shmem:             21208 kB
KReclaimable:     559076 kB
Slab:             224744 kB
SReclaimable:      68388 kB
SUnreclaim:       156356 kB
KernelStack:       45776 kB
PageTables:        60616 kB
NFS_Unstable:          0 kB
Bounce:                0 kB
WritebackTmp:          0 kB
CommitLimit:     6660208 kB
Committed_AS:   71340436 kB
VmallocTotal:   263061440 kB
VmallocUsed:       86216 kB
VmallocChunk:          0 kB
Percpu:             7648 kB
CmaTotal:         315392 kB
CmaFree:               0 kB
MemTotal:        5980404 kB
MemFree:         1162464 kB
MemAvailable:    2820256 kB
Buffers:            5500 kB
Cached:          1681392 kB
SwapCached:            0 kB
Active:          1324040 kB
Inactive:        1464476 kB
Active(anon):    1108200 kB
Inactive(anon):    19168 kB
Active(file):     215840 kB
Inactive(file):  1445308 kB
Unevictable:        5576 kB
Mlocked:            5576 kB
SwapTotal:       3670008 kB
SwapFree:        3670008 kB
Dirty:               200 kB
Writeback:             0 kB
AnonPages:       1107252 kB
Mapped:           816516 kB
Shmem:             21208 kB
KReclaimable:     559076 kB
Slab:             224720 kB
SReclaimable:      68388 kB
SUnreclaim:       156332 kB
KernelStack:       45804 kB
PageTables:        60660 kB
NFS_Unstable:          0 kB
Bounce:                0 kB
WritebackTmp:          0 kB
CommitLimit:     6660208 kB
Committed_AS:   71342316 kB
VmallocTotal:   263061440 kB
VmallocUsed:       86184 kB
VmallocChunk:          0 kB
Percpu:             7648 kB
CmaTotal:         315392 kB
CmaFree:              56 kB
MemTotal:        5980404 kB
MemFree:         1162084 kB
MemAvailable:    2819884 kB
Buffers:            5500 kB
Cached:          1681400 kB
SwapCached:            0 kB
Active:          1323860 kB
Inactive:        1464480 kB
Active(anon):    1108016 kB
Inactive(anon):    19168 kB
Active(file):     215844 kB
Inactive(file):  1445312 kB
Unevictable:        5576 kB
Mlocked:            5576 kB
SwapTotal:       3670008 kB
SwapFree:        3670008 kB
Dirty:               212 kB
Writeback:             0 kB
AnonPages:       1107176 kB
Mapped:           816084 kB
Shmem:             21208 kB
KReclaimable:     559076 kB
Slab:             224720 kB
SReclaimable:      68388 kB
SUnreclaim:       156332 kB
KernelStack:       45776 kB
PageTables:        60724 kB
NFS_Unstable:          0 kB
Bounce:                0 kB
WritebackTmp:          0 kB
CommitLimit:     6660208 kB
Committed_AS:   71339940 kB
VmallocTotal:   263061440 kB
VmallocUsed:       86216 kB
VmallocChunk:          0 kB
Percpu:             7648 kB
CmaTotal:         315392 kB
CmaFree:               0 kB
MemTotal:        5980404 kB
MemFree:         1162060 kB
MemAvailable:    2819860 kB
Buffers:            5500 kB
Cached:          1681400 kB
SwapCached:            0 kB
Active:          1324284 kB
Inactive:        1464480 kB
Active(anon):    1108440 kB
Inactive(anon):    19168 kB
Active(file):     215844 kB
Inactive(file):  1445312 kB
Unevictable:        5576 kB
Mlocked:            5576 kB
SwapTotal:       3670008 kB
SwapFree:        3670008 kB
Dirty:               328 kB
Writeback:             0 kB
AnonPages:       1107400 kB
Mapped:           816268 kB
Shmem:             21208 kB
KReclaimable:     559076 kB
Slab:             224720 kB
SReclaimable:      68388 kB
SUnreclaim:       156332 kB
KernelStack:       45808 kB
PageTables:        60944 kB
NFS_Unstable:          0 kB
Bounce:                0 kB
WritebackTmp:          0 kB
CommitLimit:     6660208 kB
Committed_AS:   71341812 kB
VmallocTotal:   263061440 kB
VmallocUsed:       86216 kB
VmallocChunk:          0 kB
Percpu:             7648 kB
CmaTotal:         315392 kB
CmaFree:               0 kB
MemTotal:        5980404 kB
MemFree:         1161276 kB
MemAvailable:    2819076 kB
Buffers:            5500 kB
Cached:          1681404 kB
SwapCached:            0 kB
Active:          1324572 kB
Inactive:        1464484 kB
Active(anon):    1108728 kB
Inactive(anon):    19172 kB
Active(file):     215844 kB
Inactive(file):  1445312 kB
Unevictable:        5576 kB
Mlocked:            5576 kB
SwapTotal:       3670008 kB
SwapFree:        3670008 kB
Dirty:               288 kB
Writeback:             0 kB
AnonPages:       1107980 kB
Mapped:           816088 kB
Shmem:             21212 kB
KReclaimable:     559076 kB
Slab:             224708 kB
SReclaimable:      68388 kB
SUnreclaim:       156320 kB
KernelStack:       45792 kB
PageTables:        60852 kB
NFS_Unstable:          0 kB
Bounce:                0 kB
WritebackTmp:          0 kB
CommitLimit:     6660208 kB
Committed_AS:   71341260 kB
VmallocTotal:   263061440 kB
VmallocUsed:       86216 kB
VmallocChunk:          0 kB
Percpu:             7648 kB
CmaTotal:         315392 kB
CmaFree:               0 kB
MemTotal:        5980404 kB
MemFree:         1161348 kB
MemAvailable:    2819148 kB
Buffers:            5500 kB
Cached:          1681404 kB
SwapCached:            0 kB
Active:          1325108 kB
Inactive:        1464484 kB
Active(anon):    1109264 kB
Inactive(anon):    19172 kB
Active(file):     215844 kB
Inactive(file):  1445312 kB
Unevictable:        5576 kB
Mlocked:            5576 kB
SwapTotal:       3670008 kB
SwapFree:        3670008 kB
Dirty:               288 kB
Writeback:             0 kB
AnonPages:       1108480 kB
Mapped:           816272 kB
Shmem:             21212 kB
KReclaimable:     559076 kB
Slab:             224780 kB
SReclaimable:      68388 kB
SUnreclaim:       156392 kB
KernelStack:       45764 kB
PageTables:        60672 kB
NFS_Unstable:          0 kB
Bounce:                0 kB
WritebackTmp:          0 kB
CommitLimit:     6660208 kB
Committed_AS:   71344108 kB
VmallocTotal:   263061440 kB
VmallocUsed:       86216 kB
VmallocChunk:          0 kB
Percpu:             7648 kB
CmaTotal:         315392 kB
CmaFree:               0 kB
MemTotal:        5980404 kB
MemFree:         1166800 kB
MemAvailable:    2824600 kB
Buffers:            5500 kB
Cached:          1681416 kB
SwapCached:            0 kB
Active:          1318600 kB
Inactive:        1464496 kB
Active(anon):    1102756 kB
Inactive(anon):    19184 kB
Active(file):     215844 kB
Inactive(file):  1445312 kB
Unevictable:        5576 kB
Mlocked:            5576 kB
SwapTotal:       3670008 kB
SwapFree:        3670008 kB
Dirty:               272 kB
Writeback:             0 kB
AnonPages:       1101968 kB
Mapped:           816408 kB
Shmem:             21224 kB
KReclaimable:     559076 kB
Slab:             224752 kB
SReclaimable:      68388 kB
SUnreclaim:       156364 kB
KernelStack:       45808 kB
PageTables:        60776 kB
NFS_Unstable:          0 kB
Bounce:                0 kB
WritebackTmp:          0 kB
CommitLimit:     6660208 kB
Committed_AS:   71343144 kB
VmallocTotal:   263061440 kB
VmallocUsed:       86232 kB
VmallocChunk:          0 kB
Percpu:             7648 kB
CmaTotal:         315392 kB
CmaFree:               0 kB
MemTotal:        5980404 kB
MemFree:         1166476 kB
MemAvailable:    2824288 kB
Buffers:            5500 kB
Cached:          1681428 kB
SwapCached:            0 kB
Active:          1319056 kB
Inactive:        1464508 kB
Active(anon):    1103212 kB
Inactive(anon):    19184 kB
Active(file):     215844 kB
Inactive(file):  1445324 kB
Unevictable:        5576 kB
Mlocked:            5576 kB
SwapTotal:       3670008 kB
SwapFree:        3670008 kB
Dirty:               296 kB
Writeback:             0 kB
AnonPages:       1102324 kB
Mapped:           815592 kB
Shmem:             21224 kB
KReclaimable:     559076 kB
Slab:             224696 kB
SReclaimable:      68388 kB
SUnreclaim:       156308 kB
KernelStack:       45808 kB
PageTables:        60784 kB
NFS_Unstable:          0 kB
Bounce:                0 kB
WritebackTmp:          0 kB
CommitLimit:     6660208 kB
Committed_AS:   71343192 kB
VmallocTotal:   263061440 kB
VmallocUsed:       86216 kB
VmallocChunk:          0 kB
Percpu:             7648 kB
CmaTotal:         315392 kB
CmaFree:               0 kB
MemTotal:        5980404 kB
MemFree:         1166308 kB
MemAvailable:    2824120 kB
Buffers:            5500 kB
Cached:          1681428 kB
SwapCached:            0 kB
Active:          1319084 kB
Inactive:        1464508 kB
Active(anon):    1103240 kB
Inactive(anon):    19184 kB
Active(file):     215844 kB
Inactive(file):  1445324 kB
Unevictable:        5576 kB
Mlocked:            5576 kB
SwapTotal:       3670008 kB
SwapFree:        3670008 kB
Dirty:               296 kB
Writeback:             0 kB
AnonPages:       1102428 kB
Mapped:           815760 kB
Shmem:             21224 kB
KReclaimable:     559076 kB
Slab:             224744 kB
SReclaimable:      68388 kB
SUnreclaim:       156356 kB
KernelStack:       45776 kB
PageTables:        60724 kB
NFS_Unstable:          0 kB
Bounce:                0 kB
WritebackTmp:          0 kB
CommitLimit:     6660208 kB
Committed_AS:   71342640 kB
VmallocTotal:   263061440 kB
VmallocUsed:       86216 kB
VmallocChunk:          0 kB
Percpu:             7648 kB
CmaTotal:         315392 kB
CmaFree:               0 kB
MemTotal:        5980404 kB
MemFree:         1166128 kB
MemAvailable:    2823940 kB
Buffers:            5500 kB
Cached:          1681428 kB
SwapCached:            0 kB
Active:          1319528 kB
Inactive:        1464508 kB
Active(anon):    1103684 kB
Inactive(anon):    19184 kB
Active(file):     215844 kB
Inactive(file):  1445324 kB
Unevictable:        5576 kB
Mlocked:            5576 kB
SwapTotal:       3670008 kB
SwapFree:        3670008 kB
Dirty:               296 kB
Writeback:             0 kB
AnonPages:       1102840 kB
Mapped:           815636 kB
Shmem:             21224 kB
KReclaimable:     559076 kB
Slab:             224648 kB
SReclaimable:      68388 kB
SUnreclaim:       156260 kB
KernelStack:       45808 kB
PageTables:        60784 kB
NFS_Unstable:          0 kB
Bounce:                0 kB
WritebackTmp:          0 kB
CommitLimit:     6660208 kB
Committed_AS:   71341400 kB
VmallocTotal:   263061440 kB
VmallocUsed:       86248 kB
VmallocChunk:          0 kB
Percpu:             7648 kB
CmaTotal:         315392 kB
CmaFree:               0 kB
MemTotal:        5980404 kB
MemFree:         1165956 kB
MemAvailable:    2823768 kB
Buffers:            5500 kB
Cached:          1681428 kB
SwapCached:            0 kB
Active:          1319864 kB
Inactive:        1464508 kB
Active(anon):    1104020 kB
Inactive(anon):    19184 kB
Active(file):     215844 kB
Inactive(file):  1445324 kB
Unevictable:        5576 kB
Mlocked:            5576 kB
SwapTotal:       3670008 kB
SwapFree:        3670008 kB
Dirty:               296 kB
Writeback:             0 kB
AnonPages:       1102972 kB
Mapped:           815760 kB
Shmem:             21224 kB
KReclaimable:     559076 kB
Slab:             224744 kB
SReclaimable:      68388 kB
SUnreclaim:       156356 kB
KernelStack:       45792 kB
PageTables:        60856 kB
NFS_Unstable:          0 kB
Bounce:                0 kB
WritebackTmp:          0 kB
CommitLimit:     6660208 kB
Committed_AS:   71341832 kB
VmallocTotal:   263061440 kB
VmallocUsed:       86216 kB
VmallocChunk:          0 kB
Percpu:             7648 kB
CmaTotal:         315392 kB
CmaFree:               0 kB
MemTotal:        5980404 kB
MemFree:         1165700 kB
MemAvailable:    2823516 kB
Buffers:            5500 kB
Cached:          1681432 kB
SwapCached:            0 kB
Active:          1320708 kB
Inactive:        1464512 kB
Active(anon):    1104864 kB
Inactive(anon):    19184 kB
Active(file):     215844 kB
Inactive(file):  1445328 kB
Unevictable:        5576 kB
Mlocked:            5576 kB
SwapTotal:       3670008 kB
SwapFree:        3670008 kB
Dirty:               300 kB
Writeback:             0 kB
AnonPages:       1103992 kB
Mapped:           815528 kB
Shmem:             21224 kB
KReclaimable:     559076 kB
Slab:             224728 kB
SReclaimable:      68388 kB
SUnreclaim:       156340 kB
KernelStack:       45772 kB
PageTables:        60692 kB
NFS_Unstable:          0 kB
Bounce:                0 kB
WritebackTmp:          0 kB
CommitLimit:     6660208 kB
Committed_AS:   71341568 kB
VmallocTotal:   263061440 kB
VmallocUsed:       86200 kB
VmallocChunk:          0 kB
Percpu:             7648 kB
CmaTotal:         315392 kB
CmaFree:             176 kB
MemTotal:        5980404 kB
MemFree:         1165560 kB
MemAvailable:    2823376 kB
Buffers:            5500 kB
Cached:          1681432 kB
SwapCached:            0 kB
Active:          1320776 kB
Inactive:        1464512 kB
Active(anon):    1104932 kB
Inactive(anon):    19184 kB
Active(file):     215844 kB
Inactive(file):  1445328 kB
Unevictable:        5576 kB
Mlocked:            5576 kB
SwapTotal:       3670008 kB
SwapFree:        3670008 kB
Dirty:               144 kB
Writeback:             0 kB
AnonPages:       1104076 kB
Mapped:           815760 kB
Shmem:             21224 kB
KReclaimable:     559076 kB
Slab:             224752 kB
SReclaimable:      68388 kB
SUnreclaim:       156364 kB
KernelStack:       45728 kB
PageTables:        60724 kB
NFS_Unstable:          0 kB
Bounce:                0 kB
WritebackTmp:          0 kB
CommitLimit:     6660208 kB
Committed_AS:   71343536 kB
VmallocTotal:   263061440 kB
VmallocUsed:       86152 kB
VmallocChunk:          0 kB
Percpu:             7648 kB
CmaTotal:         315392 kB
CmaFree:               0 kB
MemTotal:        5980404 kB
MemFree:         1166028 kB
MemAvailable:    2823856 kB
Buffers:            5504 kB
Cached:          1681440 kB
SwapCached:            0 kB
Active:          1320804 kB
Inactive:        1464524 kB
Active(anon):    1104960 kB
Inactive(anon):    19184 kB
Active(file):     215844 kB
Inactive(file):  1445340 kB
Unevictable:        5576 kB
Mlocked:            5576 kB
SwapTotal:       3670008 kB
SwapFree:        3670008 kB
Dirty:               112 kB
Writeback:             0 kB
AnonPages:       1103772 kB
Mapped:           815528 kB
Shmem:             21224 kB
KReclaimable:     559076 kB
Slab:             224744 kB
SReclaimable:      68388 kB
SUnreclaim:       156356 kB
KernelStack:       45696 kB
PageTables:        60692 kB
NFS_Unstable:          0 kB
Bounce:                0 kB
WritebackTmp:          0 kB
CommitLimit:     6660208 kB
Committed_AS:   71345052 kB
VmallocTotal:   263061440 kB
VmallocUsed:       86152 kB
VmallocChunk:          0 kB
Percpu:             7648 kB
CmaTotal:         315392 kB
CmaFree:               0 kB
MemTotal:        5980404 kB
MemFree:         1166028 kB
MemAvailable:    2823860 kB
Buffers:            5504 kB
Cached:          1681444 kB
SwapCached:            0 kB
Active:          1321472 kB
Inactive:        1464524 kB
Active(anon):    1105624 kB
Inactive(anon):    19184 kB
Active(file):     215848 kB
Inactive(file):  1445340 kB
Unevictable:        5576 kB
Mlocked:            5576 kB
SwapTotal:       3670008 kB
SwapFree:        3670008 kB
Dirty:               152 kB
Writeback:             0 kB
AnonPages:       1104532 kB
Mapped:           815572 kB
Shmem:             21224 kB
KReclaimable:     559076 kB
Slab:             224728 kB
SReclaimable:      68388 kB
SUnreclaim:       156340 kB
KernelStack:       45728 kB
PageTables:        60648 kB
NFS_Unstable:          0 kB
Bounce:                0 kB
WritebackTmp:          0 kB
CommitLimit:     6660208 kB
Committed_AS:   71346264 kB
VmallocTotal:   263061440 kB
VmallocUsed:       86168 kB
VmallocChunk:          0 kB
Percpu:             7648 kB
CmaTotal:         315392 kB
CmaFree:               0 kB
MemTotal:        5980404 kB
MemFree:         1164964 kB
MemAvailable:    2822796 kB
Buffers:            5504 kB
Cached:          1681444 kB
SwapCached:            0 kB
Active:          1321576 kB
Inactive:        1464524 kB
Active(anon):    1105728 kB
Inactive(anon):    19184 kB
Active(file):     215848 kB
Inactive(file):  1445340 kB
Unevictable:        5576 kB
Mlocked:            5576 kB
SwapTotal:       3670008 kB
SwapFree:        3670008 kB
Dirty:               152 kB
Writeback:             0 kB
AnonPages:       1104584 kB
Mapped:           815556 kB
Shmem:             21224 kB
KReclaimable:     559076 kB
Slab:             224696 kB
SReclaimable:      68388 kB
SUnreclaim:       156308 kB
KernelStack:       45764 kB
PageTables:        60620 kB
NFS_Unstable:          0 kB
Bounce:                0 kB
WritebackTmp:          0 kB
CommitLimit:     6660208 kB
Committed_AS:   71342916 kB
VmallocTotal:   263061440 kB
VmallocUsed:       86136 kB
VmallocChunk:          0 kB
Percpu:             7648 kB
CmaTotal:         315392 kB
CmaFree:               0 kB
MemTotal:        5980404 kB
MemFree:         1164704 kB
MemAvailable:    2822536 kB
Buffers:            5504 kB
Cached:          1681444 kB
SwapCached:            0 kB
Active:          1322172 kB
Inactive:        1464524 kB
Active(anon):    1106324 kB
Inactive(anon):    19184 kB
Active(file):     215848 kB
Inactive(file):  1445340 kB
Unevictable:        5576 kB
Mlocked:            5576 kB
SwapTotal:       3670008 kB
SwapFree:        3670008 kB
Dirty:               180 kB
Writeback:             0 kB
AnonPages:       1105512 kB
Mapped:           815760 kB
Shmem:             21224 kB
KReclaimable:     559076 kB
Slab:             224744 kB
SReclaimable:      68388 kB
SUnreclaim:       156356 kB
KernelStack:       45760 kB
PageTables:        60856 kB
NFS_Unstable:          0 kB
Bounce:                0 kB
WritebackTmp:          0 kB
CommitLimit:     6660208 kB
Committed_AS:   71342624 kB
VmallocTotal:   263061440 kB
VmallocUsed:       86136 kB
VmallocChunk:          0 kB
Percpu:             7648 kB
CmaTotal:         315392 kB
CmaFree:               0 kB
MemTotal:        5980404 kB
MemFree:         1164216 kB
MemAvailable:    2822048 kB
Buffers:            5504 kB
Cached:          1681460 kB
SwapCached:            0 kB
Active:          1322436 kB
Inactive:        1464540 kB
Active(anon):    1106588 kB
Inactive(anon):    19200 kB
Active(file):     215848 kB
Inactive(file):  1445340 kB
Unevictable:        5576 kB
Mlocked:            5576 kB
SwapTotal:       3670008 kB
SwapFree:        3670008 kB
Dirty:               180 kB
Writeback:             0 kB
AnonPages:       1105684 kB
Mapped:           815776 kB
Shmem:             21240 kB
KReclaimable:     559076 kB
Slab:             224720 kB
SReclaimable:      68388 kB
SUnreclaim:       156332 kB
KernelStack:       45712 kB
PageTables:        60928 kB
NFS_Unstable:          0 kB
Bounce:                0 kB
WritebackTmp:          0 kB
CommitLimit:     6660208 kB
Committed_AS:   71341004 kB
VmallocTotal:   263061440 kB
VmallocUsed:       86152 kB
VmallocChunk:          0 kB
Percpu:             7648 kB
CmaTotal:         315392 kB
CmaFree:               4 kB
MemTotal:        5980404 kB
MemFree:         1164500 kB
MemAvailable:    2822332 kB
Buffers:            5504 kB
Cached:          1681460 kB
SwapCached:            0 kB
Active:          1322708 kB
Inactive:        1464540 kB
Active(anon):    1106860 kB
Inactive(anon):    19200 kB
Active(file):     215848 kB
Inactive(file):  1445340 kB
Unevictable:        5576 kB
Mlocked:            5576 kB
SwapTotal:       3670008 kB
SwapFree:        3670008 kB
Dirty:               180 kB
Writeback:             0 kB
AnonPages:       1106108 kB
Mapped:           815776 kB
Shmem:             21240 kB
KReclaimable:     559076 kB
Slab:             224720 kB
SReclaimable:      68388 kB
SUnreclaim:       156332 kB
KernelStack:       45744 kB
PageTables:        60724 kB
NFS_Unstable:          0 kB
Bounce:                0 kB
WritebackTmp:          0 kB
CommitLimit:     6660208 kB
Committed_AS:   71342232 kB
VmallocTotal:   263061440 kB
VmallocUsed:       86168 kB
VmallocChunk:          0 kB
Percpu:             7648 kB
CmaTotal:         315392 kB
CmaFree:               0 kB
MemTotal:        5980404 kB
MemFree:         1164676 kB
MemAvailable:    2822500 kB
Buffers:            5504 kB
Cached:          1681452 kB
SwapCached:            0 kB
Active:          1323116 kB
Inactive:        1464536 kB
Active(anon):    1107272 kB
Inactive(anon):    19200 kB
Active(file):     215844 kB
Inactive(file):  1445336 kB
Unevictable:        5576 kB
Mlocked:            5576 kB
SwapTotal:       3670008 kB
SwapFree:        3670008 kB
Dirty:               172 kB
Writeback:             0 kB
AnonPages:       1106496 kB
Mapped:           815796 kB
Shmem:             21240 kB
KReclaimable:     559076 kB
Slab:             224728 kB
SReclaimable:      68388 kB
SUnreclaim:       156340 kB
KernelStack:       45792 kB
PageTables:        60632 kB
NFS_Unstable:          0 kB
Bounce:                0 kB
WritebackTmp:          0 kB
CommitLimit:     6660208 kB
Committed_AS:   71344748 kB
VmallocTotal:   263061440 kB
VmallocUsed:       86152 kB
VmallocChunk:          0 kB
Percpu:             7648 kB
CmaTotal:         315392 kB
CmaFree:               0 kB
MemTotal:        5980404 kB
MemFree:         1164040 kB
MemAvailable:    2821872 kB
Buffers:            5504 kB
Cached:          1681460 kB
SwapCached:            0 kB
Active:          1323512 kB
Inactive:        1464540 kB
Active(anon):    1107664 kB
Inactive(anon):    19200 kB
Active(file):     215848 kB
Inactive(file):  1445340 kB
Unevictable:        5576 kB
Mlocked:            5576 kB
SwapTotal:       3670008 kB
SwapFree:        3670008 kB
Dirty:               188 kB
Writeback:             0 kB
AnonPages:       1106604 kB
Mapped:           815548 kB
Shmem:             21240 kB
KReclaimable:     559076 kB
Slab:             224712 kB
SReclaimable:      68388 kB
SUnreclaim:       156324 kB
KernelStack:       45760 kB
PageTables:        60728 kB
NFS_Unstable:          0 kB
Bounce:                0 kB
WritebackTmp:          0 kB
CommitLimit:     6660208 kB
Committed_AS:   71339976 kB
VmallocTotal:   263061440 kB
VmallocUsed:       86136 kB
VmallocChunk:          0 kB
Percpu:             7648 kB
CmaTotal:         315392 kB
CmaFree:               0 kB
MemTotal:        5980404 kB
MemFree:         1163092 kB
MemAvailable:    2820924 kB
Buffers:            5504 kB
Cached:          1681460 kB
SwapCached:            0 kB
Active:          1322880 kB
Inactive:        1464540 kB
Active(anon):    1107032 kB
Inactive(anon):    19200 kB
Active(file):     215848 kB
Inactive(file):  1445340 kB
Unevictable:        5576 kB
Mlocked:            5576 kB
SwapTotal:       3670008 kB
SwapFree:        3670008 kB
Dirty:               188 kB
Writeback:             0 kB
AnonPages:       1105960 kB
Mapped:           815784 kB
Shmem:             21240 kB
KReclaimable:     559076 kB
Slab:             224696 kB
SReclaimable:      68388 kB
SUnreclaim:       156308 kB
KernelStack:       45760 kB
PageTables:        60700 kB
NFS_Unstable:          0 kB
Bounce:                0 kB
WritebackTmp:          0 kB
CommitLimit:     6660208 kB
Committed_AS:   71344832 kB
VmallocTotal:   263061440 kB
VmallocUsed:       86152 kB
VmallocChunk:          0 kB
Percpu:             7648 kB
CmaTotal:         315392 kB
CmaFree:              56 kB
MemTotal:        5980404 kB
MemFree:         1162340 kB
MemAvailable:    2820180 kB
Buffers:            5504 kB
Cached:          1681468 kB
SwapCached:            0 kB
Active:          1323156 kB
Inactive:        1464548 kB
Active(anon):    1107308 kB
Inactive(anon):    19200 kB
Active(file):     215848 kB
Inactive(file):  1445348 kB
Unevictable:        5576 kB
Mlocked:            5576 kB
SwapTotal:       3670008 kB
SwapFree:        3670008 kB
Dirty:               220 kB
Writeback:             0 kB
AnonPages:       1106504 kB
Mapped:           815588 kB
Shmem:             21240 kB
KReclaimable:     559076 kB
Slab:             224744 kB
SReclaimable:      68388 kB
SUnreclaim:       156356 kB
KernelStack:       45776 kB
PageTables:        60752 kB
NFS_Unstable:          0 kB
Bounce:                0 kB
WritebackTmp:          0 kB
CommitLimit:     6660208 kB
Committed_AS:   71343436 kB
VmallocTotal:   263061440 kB
VmallocUsed:       86200 kB
VmallocChunk:          0 kB
Percpu:             7648 kB
CmaTotal:         315392 kB
CmaFree:               0 kB
MemTotal:        5980404 kB
MemFree:         1163440 kB
MemAvailable:    2821280 kB
Buffers:            5504 kB
Cached:          1681468 kB
SwapCached:            0 kB
Active:          1323252 kB
Inactive:        1464548 kB
Active(anon):    1107404 kB
Inactive(anon):    19200 kB
Active(file):     215848 kB
Inactive(file):  1445348 kB
Unevictable:        5576 kB
Mlocked:            5576 kB
SwapTotal:       3670008 kB
SwapFree:        3670008 kB
Dirty:               220 kB
Writeback:             0 kB
AnonPages:       1106560 kB
Mapped:           815844 kB
Shmem:             21240 kB
KReclaimable:     559076 kB
Slab:             224712 kB
SReclaimable:      68388 kB
SUnreclaim:       156324 kB
KernelStack:       45732 kB
PageTables:        60984 kB
NFS_Unstable:          0 kB
Bounce:                0 kB
WritebackTmp:          0 kB
CommitLimit:     6660208 kB
Committed_AS:   71345580 kB
VmallocTotal:   263061440 kB
VmallocUsed:       86136 kB
VmallocChunk:          0 kB
Percpu:             7648 kB
CmaTotal:         315392 kB
CmaFree:               0 kB
MemTotal:        5980404 kB
MemFree:         1163740 kB
MemAvailable:    2821580 kB
Buffers:            5504 kB
Cached:          1681468 kB
SwapCached:            0 kB
Active:          1323856 kB
Inactive:        1464548 kB
Active(anon):    1108008 kB
Inactive(anon):    19200 kB
Active(file):     215848 kB
Inactive(file):  1445348 kB
Unevictable:        5576 kB
Mlocked:            5576 kB
SwapTotal:       3670008 kB
SwapFree:        3670008 kB
Dirty:               232 kB
Writeback:             0 kB
AnonPages:       1107052 kB
Mapped:           815756 kB
Shmem:             21240 kB
KReclaimable:     559076 kB
Slab:             224720 kB
SReclaimable:      68388 kB
SUnreclaim:       156332 kB
KernelStack:       45744 kB
PageTables:        60632 kB
NFS_Unstable:          0 kB
Bounce:                0 kB
WritebackTmp:          0 kB
CommitLimit:     6660208 kB
Committed_AS:   71342104 kB
VmallocTotal:   263061440 kB
VmallocUsed:       86152 kB
VmallocChunk:          0 kB
Percpu:             7648 kB
CmaTotal:         315392 kB
CmaFree:               0 kB
MemTotal:        5980404 kB
MemFree:         1161796 kB
MemAvailable:    2819644 kB
Buffers:            5504 kB
Cached:          1681476 kB
SwapCached:            0 kB
Active:          1324308 kB
Inactive:        1464552 kB
Active(anon):    1108456 kB
Inactive(anon):    19200 kB
Active(file):     215852 kB
Inactive(file):  1445352 kB
Unevictable:        5576 kB
Mlocked:            5576 kB
SwapTotal:       3670008 kB
SwapFree:        3670008 kB
Dirty:               240 kB
Writeback:             0 kB
AnonPages:       1107476 kB
Mapped:           815772 kB
Shmem:             21240 kB
KReclaimable:     559076 kB
Slab:             224664 kB
SReclaimable:      68388 kB
SUnreclaim:       156276 kB
KernelStack:       45712 kB
PageTables:        60916 kB
NFS_Unstable:          0 kB
Bounce:                0 kB
WritebackTmp:          0 kB
CommitLimit:     6660208 kB
Committed_AS:   71344940 kB
VmallocTotal:   263061440 kB
VmallocUsed:       86168 kB
VmallocChunk:          0 kB
Percpu:             7648 kB
CmaTotal:         315392 kB
CmaFree:              44 kB
MemTotal:        5980404 kB
MemFree:         1161308 kB
MemAvailable:    2819148 kB
Buffers:            5504 kB
Cached:          1681468 kB
SwapCached:            0 kB
Active:          1324860 kB
Inactive:        1464548 kB
Active(anon):    1109012 kB
Inactive(anon):    19200 kB
Active(file):     215848 kB
Inactive(file):  1445348 kB
Unevictable:        5576 kB
Mlocked:            5576 kB
SwapTotal:       3670008 kB
SwapFree:        3670008 kB
Dirty:               136 kB
Writeback:             0 kB
AnonPages:       1108212 kB
Mapped:           815776 kB
Shmem:             21240 kB
KReclaimable:     559076 kB
Slab:             224800 kB
SReclaimable:      68388 kB
SUnreclaim:       156412 kB
KernelStack:       45840 kB
PageTables:        60728 kB
NFS_Unstable:          0 kB
Bounce:                0 kB
WritebackTmp:          0 kB
CommitLimit:     6660208 kB
Committed_AS:   71340020 kB
VmallocTotal:   263061440 kB
VmallocUsed:       86296 kB
VmallocChunk:          0 kB
Percpu:             7648 kB
CmaTotal:         315392 kB
CmaFree:               0 kB
MemTotal:        5980404 kB
MemFree:         1161196 kB
MemAvailable:    2819036 kB
Buffers:            5504 kB
Cached:          1681468 kB
SwapCached:            0 kB
Active:          1325036 kB
Inactive:        1464548 kB
Active(anon):    1109188 kB
Inactive(anon):    19200 kB
Active(file):     215848 kB
Inactive(file):  1445348 kB
Unevictable:        5576 kB
Mlocked:            5576 kB
SwapTotal:       3670008 kB
SwapFree:        3670008 kB
Dirty:               136 kB
Writeback:             0 kB
AnonPages:       1107948 kB
Mapped:           815692 kB
Shmem:             21240 kB
KReclaimable:     559076 kB
Slab:             224664 kB
SReclaimable:      68388 kB
SUnreclaim:       156276 kB
KernelStack:       45840 kB
PageTables:        60704 kB
NFS_Unstable:          0 kB
Bounce:                0 kB
WritebackTmp:          0 kB
CommitLimit:     6660208 kB
Committed_AS:   71337960 kB
VmallocTotal:   263061440 kB
VmallocUsed:       86264 kB
VmallocChunk:          0 kB
Percpu:             7648 kB
CmaTotal:         315392 kB
CmaFree:               0 kB
MemTotal:        5980404 kB
MemFree:         1160836 kB
MemAvailable:    2818700 kB
Buffers:            5512 kB
Cached:          1681484 kB
SwapCached:            0 kB
Active:          1325156 kB
Inactive:        1464564 kB
Active(anon):    1109300 kB
Inactive(anon):    19200 kB
Active(file):     215856 kB
Inactive(file):  1445364 kB
Unevictable:        5576 kB
Mlocked:            5576 kB
SwapTotal:       3670008 kB
SwapFree:        3670008 kB
Dirty:               152 kB
Writeback:             0 kB
AnonPages:       1108344 kB
Mapped:           815776 kB
Shmem:             21240 kB
KReclaimable:     559076 kB
Slab:             224744 kB
SReclaimable:      68388 kB
SUnreclaim:       156356 kB
KernelStack:       45856 kB
PageTables:        60732 kB
NFS_Unstable:          0 kB
Bounce:                0 kB
WritebackTmp:          0 kB
CommitLimit:     6660208 kB
Committed_AS:   71341964 kB
VmallocTotal:   263061440 kB
VmallocUsed:       86264 kB
VmallocChunk:          0 kB
Percpu:             7648 kB
CmaTotal:         315392 kB
CmaFree:               0 kB
MemTotal:        5980404 kB
MemFree:         1159824 kB
MemAvailable:    2817672 kB
Buffers:            5512 kB
Cached:          1681468 kB
SwapCached:            0 kB
Active:          1325552 kB
Inactive:        1464556 kB
Active(anon):    1109704 kB
Inactive(anon):    19200 kB
Active(file):     215848 kB
Inactive(file):  1445356 kB
Unevictable:        5576 kB
Mlocked:            5576 kB
SwapTotal:       3670008 kB
SwapFree:        3670008 kB
Dirty:               140 kB
Writeback:             0 kB
AnonPages:       1108692 kB
Mapped:           815732 kB
Shmem:             21240 kB
KReclaimable:     559076 kB
Slab:             224744 kB
SReclaimable:      68388 kB
SUnreclaim:       156356 kB
KernelStack:       45872 kB
PageTables:        60892 kB
NFS_Unstable:          0 kB
Bounce:                0 kB
WritebackTmp:          0 kB
CommitLimit:     6660208 kB
Committed_AS:   71342248 kB
VmallocTotal:   263061440 kB
VmallocUsed:       86232 kB
VmallocChunk:          0 kB
Percpu:             7648 kB
CmaTotal:         315392 kB
CmaFree:               0 kB
MemTotal:        5980404 kB
MemFree:         1158416 kB
MemAvailable:    2816280 kB
Buffers:            5512 kB
Cached:          1681484 kB
SwapCached:            0 kB
Active:          1326020 kB
Inactive:        1464564 kB
Active(anon):    1110164 kB
Inactive(anon):    19200 kB
Active(file):     215856 kB
Inactive(file):  1445364 kB
Unevictable:        5576 kB
Mlocked:            5576 kB
SwapTotal:       3670008 kB
SwapFree:        3670008 kB
Dirty:               152 kB
Writeback:             0 kB
AnonPages:       1109296 kB
Mapped:           815612 kB
Shmem:             21240 kB
KReclaimable:     559076 kB
Slab:             224744 kB
SReclaimable:      68388 kB
SUnreclaim:       156356 kB
KernelStack:       45888 kB
PageTables:        60748 kB
NFS_Unstable:          0 kB
Bounce:                0 kB
WritebackTmp:          0 kB
CommitLimit:     6660208 kB
Committed_AS:   71343972 kB
VmallocTotal:   263061440 kB
VmallocUsed:       86296 kB
VmallocChunk:          0 kB
Percpu:             7648 kB
CmaTotal:         315392 kB
CmaFree:               0 kB
MemTotal:        5980404 kB
MemFree:         1158472 kB
MemAvailable:    2816344 kB
Buffers:            5512 kB
Cached:          1681496 kB
SwapCached:            0 kB
Active:          1326872 kB
Inactive:        1464572 kB
Active(anon):    1111012 kB
Inactive(anon):    19204 kB
Active(file):     215860 kB
Inactive(file):  1445368 kB
Unevictable:        5576 kB
Mlocked:            5576 kB
SwapTotal:       3670008 kB
SwapFree:        3670008 kB
Dirty:               156 kB
Writeback:             0 kB
AnonPages:       1110080 kB
Mapped:           815688 kB
Shmem:             21244 kB
KReclaimable:     559076 kB
Slab:             224768 kB
SReclaimable:      68388 kB
SUnreclaim:       156380 kB
KernelStack:       46016 kB
PageTables:        60960 kB
NFS_Unstable:          0 kB
Bounce:                0 kB
WritebackTmp:          0 kB
CommitLimit:     6660208 kB
Committed_AS:   71347388 kB
VmallocTotal:   263061440 kB
VmallocUsed:       86408 kB
VmallocChunk:          0 kB
Percpu:             7648 kB
CmaTotal:         315392 kB
CmaFree:               0 kB
MemTotal:        5980404 kB
MemFree:         1158216 kB
MemAvailable:    2816048 kB
Buffers:            5512 kB
Cached:          1681488 kB
SwapCached:            0 kB
Active:          1326912 kB
Inactive:        1464568 kB
Active(anon):    1111056 kB
Inactive(anon):    19204 kB
Active(file):     215856 kB
Inactive(file):  1445364 kB
Unevictable:        5576 kB
Mlocked:            5576 kB
SwapTotal:       3670008 kB
SwapFree:        3670008 kB
Dirty:               152 kB
Writeback:             0 kB
AnonPages:       1110208 kB
Mapped:           815780 kB
Shmem:             21244 kB
KReclaimable:     559076 kB
Slab:             224704 kB
SReclaimable:      68388 kB
SUnreclaim:       156316 kB
KernelStack:       45968 kB
PageTables:        60744 kB
NFS_Unstable:          0 kB
Bounce:                0 kB
WritebackTmp:          0 kB
CommitLimit:     6660208 kB
Committed_AS:   71342512 kB
VmallocTotal:   263061440 kB
VmallocUsed:       86392 kB
VmallocChunk:          0 kB
Percpu:             7648 kB
CmaTotal:         315392 kB
CmaFree:               0 kB
MemTotal:        5980404 kB
MemFree:         1158268 kB
MemAvailable:    2816132 kB
Buffers:            5512 kB
Cached:          1681488 kB
SwapCached:            0 kB
Active:          1327324 kB
Inactive:        1464568 kB
Active(anon):    1111468 kB
Inactive(anon):    19204 kB
Active(file):     215856 kB
Inactive(file):  1445364 kB
Unevictable:        5576 kB
Mlocked:            5576 kB
SwapTotal:       3670008 kB
SwapFree:        3670008 kB
Dirty:               152 kB
Writeback:             0 kB
AnonPages:       1110436 kB
Mapped:           815732 kB
Shmem:             21244 kB
KReclaimable:     559076 kB
Slab:             224656 kB
SReclaimable:      68388 kB
SUnreclaim:       156268 kB
KernelStack:       45968 kB
PageTables:        60644 kB
NFS_Unstable:          0 kB
Bounce:                0 kB
WritebackTmp:          0 kB
CommitLimit:     6660208 kB
Committed_AS:   71345484 kB
VmallocTotal:   263061440 kB
VmallocUsed:       86360 kB
VmallocChunk:          0 kB
Percpu:             7648 kB
CmaTotal:         315392 kB
CmaFree:               0 kB
MemTotal:        5980404 kB
MemFree:         1158204 kB
MemAvailable:    2816068 kB
Buffers:            5512 kB
Cached:          1681488 kB
SwapCached:            0 kB
Active:          1327360 kB
Inactive:        1464568 kB
Active(anon):    1111504 kB
Inactive(anon):    19204 kB
Active(file):     215856 kB
Inactive(file):  1445364 kB
Unevictable:        5576 kB
Mlocked:            5576 kB
SwapTotal:       3670008 kB
SwapFree:        3670008 kB
Dirty:               152 kB
Writeback:             0 kB
AnonPages:       1110708 kB
Mapped:           815780 kB
Shmem:             21244 kB
KReclaimable:     559076 kB
Slab:             224736 kB
SReclaimable:      68388 kB
SUnreclaim:       156348 kB
KernelStack:       45984 kB
PageTables:        60876 kB
NFS_Unstable:          0 kB
Bounce:                0 kB
WritebackTmp:          0 kB
CommitLimit:     6660208 kB
Committed_AS:   71341848 kB
VmallocTotal:   263061440 kB
VmallocUsed:       86392 kB
VmallocChunk:          0 kB
Percpu:             7648 kB
CmaTotal:         315392 kB
CmaFree:               0 kB
MemTotal:        5980404 kB
MemFree:         1158584 kB
MemAvailable:    2816440 kB
Buffers:            5512 kB
Cached:          1681480 kB
SwapCached:            0 kB
Active:          1327076 kB
Inactive:        1464564 kB
Active(anon):    1111224 kB
Inactive(anon):    19204 kB
Active(file):     215852 kB
Inactive(file):  1445360 kB
Unevictable:        5576 kB
Mlocked:            5576 kB
SwapTotal:       3670008 kB
SwapFree:        3670008 kB
Dirty:               144 kB
Writeback:             0 kB
AnonPages:       1110452 kB
Mapped:           815852 kB
Shmem:             21244 kB
KReclaimable:     559076 kB
Slab:             224744 kB
SReclaimable:      68388 kB
SUnreclaim:       156356 kB
KernelStack:       45920 kB
PageTables:        60896 kB
NFS_Unstable:          0 kB
Bounce:                0 kB
WritebackTmp:          0 kB
CommitLimit:     6660208 kB
Committed_AS:   71345900 kB
VmallocTotal:   263061440 kB
VmallocUsed:       86408 kB
VmallocChunk:          0 kB
Percpu:             7648 kB
CmaTotal:         315392 kB
CmaFree:               0 kB
MemTotal:        5980404 kB
MemFree:         1160024 kB
MemAvailable:    2817888 kB
Buffers:            5512 kB
Cached:          1681492 kB
SwapCached:            0 kB
Active:          1323796 kB
Inactive:        1464572 kB
Active(anon):    1107940 kB
Inactive(anon):    19208 kB
Active(file):     215856 kB
Inactive(file):  1445364 kB
Unevictable:        5576 kB
Mlocked:            5576 kB
SwapTotal:       3670008 kB
SwapFree:        3670008 kB
Dirty:               168 kB
Writeback:             0 kB
AnonPages:       1106984 kB
Mapped:           815784 kB
Shmem:             21248 kB
KReclaimable:     559076 kB
Slab:             224720 kB
SReclaimable:      68388 kB
SUnreclaim:       156332 kB
KernelStack:       45968 kB
PageTables:        60848 kB
NFS_Unstable:          0 kB
Bounce:                0 kB
WritebackTmp:          0 kB
CommitLimit:     6660208 kB
Committed_AS:   71343716 kB
VmallocTotal:   263061440 kB
VmallocUsed:       86424 kB
VmallocChunk:          0 kB
Percpu:             7648 kB
CmaTotal:         315392 kB
CmaFree:             224 kB
MemTotal:        5980404 kB
MemFree:         1160708 kB
MemAvailable:    2818576 kB
Buffers:            5512 kB
Cached:          1681496 kB
SwapCached:            0 kB
Active:          1324208 kB
Inactive:        1464576 kB
Active(anon):    1108352 kB
Inactive(anon):    19208 kB
Active(file):     215856 kB
Inactive(file):  1445368 kB
Unevictable:        5576 kB
Mlocked:            5576 kB
SwapTotal:       3670008 kB
SwapFree:        3670008 kB
Dirty:               184 kB
Writeback:             0 kB
AnonPages:       1107236 kB
Mapped:           815560 kB
Shmem:             21248 kB
KReclaimable:     559076 kB
Slab:             224704 kB
SReclaimable:      68388 kB
SUnreclaim:       156316 kB
KernelStack:       45984 kB
PageTables:        60760 kB
NFS_Unstable:          0 kB
Bounce:                0 kB
WritebackTmp:          0 kB
CommitLimit:     6660208 kB
Committed_AS:   71341472 kB
VmallocTotal:   263061440 kB
VmallocUsed:       86440 kB
VmallocChunk:          0 kB
Percpu:             7648 kB
CmaTotal:         315392 kB
CmaFree:             128 kB
MemTotal:        5980404 kB
MemFree:         1160380 kB
MemAvailable:    2818252 kB
Buffers:            5512 kB
Cached:          1681496 kB
SwapCached:            0 kB
Active:          1324548 kB
Inactive:        1464576 kB
Active(anon):    1108692 kB
Inactive(anon):    19208 kB
Active(file):     215856 kB
Inactive(file):  1445368 kB
Unevictable:        5576 kB
Mlocked:            5576 kB
SwapTotal:       3670008 kB
SwapFree:        3670008 kB
Dirty:               200 kB
Writeback:             0 kB
AnonPages:       1107656 kB
Mapped:           815556 kB
Shmem:             21248 kB
KReclaimable:     559080 kB
Slab:             224740 kB
SReclaimable:      68392 kB
SUnreclaim:       156348 kB
KernelStack:       45952 kB
PageTables:        60744 kB
NFS_Unstable:          0 kB
Bounce:                0 kB
WritebackTmp:          0 kB
CommitLimit:     6660208 kB
Committed_AS:   71344720 kB
VmallocTotal:   263061440 kB
VmallocUsed:       86424 kB
VmallocChunk:          0 kB
Percpu:             7648 kB
CmaTotal:         315392 kB
CmaFree:               0 kB
MemTotal:        5980404 kB
MemFree:         1159908 kB
MemAvailable:    2817780 kB
Buffers:            5512 kB
Cached:          1681496 kB
SwapCached:            0 kB
Active:          1324792 kB
Inactive:        1464576 kB
Active(anon):    1108936 kB
Inactive(anon):    19208 kB
Active(file):     215856 kB
Inactive(file):  1445368 kB
Unevictable:        5576 kB
Mlocked:            5576 kB
SwapTotal:       3670008 kB
SwapFree:        3670008 kB
Dirty:               200 kB
Writeback:             0 kB
AnonPages:       1108024 kB
Mapped:           815788 kB
Shmem:             21248 kB
KReclaimable:     559080 kB
Slab:             224724 kB
SReclaimable:      68392 kB
SUnreclaim:       156332 kB
KernelStack:       45952 kB
PageTables:        61040 kB
NFS_Unstable:          0 kB
Bounce:                0 kB
WritebackTmp:          0 kB
CommitLimit:     6660208 kB
Committed_AS:   71344564 kB
VmallocTotal:   263061440 kB
VmallocUsed:       86392 kB
